******************************************************************************
                  TI ARM Linker Unix v16.9.3                   
******************************************************************************
>> Linked Thu Aug 17 17:21:37 2017

OUTPUT FILE NAME:   <dive_computer.out>
ENTRY POINT SYMBOL: "_c_int00"  address: 000056b9


MEMORY CONFIGURATION

         name            origin    length      used     unused   attr    fill
----------------------  --------  ---------  --------  --------  ----  --------
  MAIN                  00000000   00040000  000088b5  0003774b  R  X
  INFO                  00200000   00004000  00000000  00004000  R  X
  SRAM_CODE             01000000   00010000  00000000  00010000  RW X
  SRAM_DATA             20000000   00010000  00009079  00006f87  RW  


SEGMENT ALLOCATION MAP

run origin  load origin   length   init length attrs members
----------  ----------- ---------- ----------- ----- -------
00000000    00000000    000088c0   000088c0    r-x
  00000000    00000000    0000003c   0000003c    r-- .resetVecs
  00000040    00000040    00007ae2   00007ae2    r-x .text
  00007b24    00007b24    00000b4f   00000b4f    r-- .const
  00008678    00008678    00000248   00000248    r-- .cinit
20000140    20000140    00008000   00000000    r--
  20000140    20000140    00008000   00000000    r-- .priheap
20008140    20008140    00000b3e   00000000    rw-
  20008140    20008140    000005cb   00000000    rw- .data
  20008710    20008710    0000056e   00000000    rw- .bss
2000fc00    2000fc00    00000400   00000000    rw-
  2000fc00    2000fc00    00000400   00000000    rw- .stack


SECTION ALLOCATION MAP

 output                                  attributes/
section   page    origin      length       input sections
--------  ----  ----------  ----------   ----------------
.text      0    00000040    00007ae2     
                  00000040    0000113e     rtsv7M4_T_le_v4SPD16_eabi.lib : _printfi.obj (.text)
                  0000117e    000002d0     grlib.lib : string.o (.text:Graphics_drawString)
                  0000144e    00000002     drivers_msp432p4xx.aem4f : ADCMSP432.oem4f (.text:ADCMSP432_init)
                  00001450    000002d0                              : PowerMSP432.oem4f (.text:Power_sleep)
                  00001720    000002a8     display_task.obj (.text:display_task)
                  000019c8    00000290     main.obj (.text:startup_task)
                  00001c58    000001f4     rtsv7M4_T_le_v4SPD16_eabi.lib : ull_div_t2.obj (.text)
                  00001e4c    000001d8     Crystalfontz128x128_ST7735.obj (.text:Crystalfontz128x128_PixelDrawMultiple)
                  00002024    000001c4     dive_controller.obj (.text:dive_controller_task)
                  000021e8    000001b6     rtsv7M4_T_le_v4SPD16_eabi.lib : fd_add_t2.obj (.text)
                  0000239e    00000002     drivers_msp432p4xx.aem4f : PWMTimerMSP432.oem4f (.text:PWMTimerMSP432_init)
                  000023a0    0000015c                              : GPIOMSP432.oem4f (.text:GPIO_setConfig)
                  000024fc    00000158     alarmtask.obj (.text:alarmTaskFunction)
                  00002654    00000004     grlib.lib : context.o (.text:Graphics_setFont)
                  00002658    00000158     sysbios.aem4f : BIOS.obj (.text:ti_sysbios_knl_Event_pend__E)
                  000027b0    0000014c     drivers_msp432p4xx.aem4f : PowerMSP432.oem4f (.text:initPerfControl)
                  000028fc    00000136     rtsv7M4_T_le_v4SPD16_eabi.lib : fd_div_t2.obj (.text)
                  00002a32    00000002     dpl_msp432p4xx.aem4f : PowerMSP432_tirtos.oem4f (.text:PowerMSP432_initPolicy)
                  00002a34    00000134     Crystalfontz128x128_ST7735.obj (.text:Crystalfontz128x128_SetDrawFrame)
                  00002b68    00000130     sysbios.aem4f : BIOS.obj (.text:ti_sysbios_knl_Semaphore_pend__E)
                  00002c98    0000012c     Crystalfontz128x128_ST7735.obj (.text:Crystalfontz128x128_Init)
                  00002dc4    00000118     drivers_msp432p4xx.aem4f : ADCMSP432.oem4f (.text:ADCMSP432_convert)
                  00002edc    00000004     dpl_msp432p4xx.aem4f : HwiP_tirtos.oem4f (.text:HwiP_disable)
                  00002ee0    00000108     sysbios.aem4f : BIOS.obj (.text:xdc_runtime_Startup_startMods__I)
                  00002fe8    00000100     drivers_msp432p4xx.aem4f : PWMTimerMSP432.oem4f (.text:initHw)
                  000030e8    000000fc     rtsv7M4_T_le_v4SPD16_eabi.lib : fd_mul_t2.obj (.text)
                  000031e4    000000fc                                   : s_scalbn.obj (.text)
                  000032e0    000000fc     sysbios.aem4f : BIOS.obj (.text:ti_sysbios_family_arm_msp432_init_Boot_configureClocksHigh)
                  000033dc    000000ec                   : m3_Hwi_asm.obj (.text:ti_sysbios_family_arm_m3_Hwi_dispatch__I)
                  000034c8    000000e0     msp432p4xx_driverlib.lib : cs.o (.text:CS_initClockSignal)
                  000035a8    000000d8     drivers_msp432p4xx.aem4f : PWMTimerMSP432.oem4f (.text:PWMTimerMSP432_open)
                  00003680    000000d4     sysbios.aem4f : BIOS.obj (.text:ti_sysbios_knl_Mailbox_Instance_init__E)
                  00003754    00000004     drivers_msp432p4xx.aem4f : List.oem4f (.text:List_head)
                  00003758    000000d0     sysbios.aem4f : BIOS.obj (.text:ti_sysbios_heaps_HeapMem_alloc__E)
                  00003828    000000c4                   : BIOS.obj (.text:ti_sysbios_knl_Task_sleep__E)
                  000038ec    00000004     drivers_msp432p4xx.aem4f : List.oem4f (.text:List_next)
                  000038f0    000000c0     sysbios.aem4f : BIOS.obj (.text:ti_sysbios_knl_Task_Instance_init__E)
                  000039b0    000000bc                   : BIOS.obj (.text:ti_sysbios_knl_Task_Instance_finalize__E)
                  00003a6c    00000004     release_pem4f.oem4f (.text:ti_sysbios_BIOS_RtsGateProxy_enter__E)
                  00003a70    000000a8     sysbios.aem4f : BIOS.obj (.text:ti_sysbios_family_arm_msp432_Timer_periodicStub__E)
                  00003b18    000000a8                   : BIOS.obj (.text:xdc_runtime_Core_createObject__I)
                  00003bc0    000000a4                   : BIOS.obj (.text:ti_sysbios_knl_Task_setPri__E)
                  00003c64    000000a0     auto_init.aem4f : auto_init.oem4f (.text)
                  00003d04    000000a0     buttons_dive.obj (.text:button_task)
                  00003da4    0000009c     Crystalfontz128x128_ST7735.obj (.text:Crystalfontz128x128_RectFill)
                  00003e40    0000009c     drivers_msp432p4xx.aem4f : PWMTimerMSP432.oem4f (.text:PWMTimerMSP432_setPeriod)
                  00003edc    0000009c     rtsv7M4_T_le_v4SPD16_eabi.lib : memcpy_t2.obj (.text)
                  00003f78    00000098     drivers_msp432p4xx.aem4f : ADCMSP432.oem4f (.text:ADCMSP432_open)
                  00004010    00000098     sysbios.aem4f : BIOS.obj (.text:ti_sysbios_family_arm_m3_Hwi_Instance_init__E)
                  000040a8    00000094     rtsv7M4_T_le_v4SPD16_eabi.lib : snprintf.obj (.text)
                  0000413c    00000004     release_pem4f.oem4f (.text:ti_sysbios_BIOS_RtsGateProxy_leave__E)
                  00004140    00000094     sysbios.aem4f : BIOS.obj (.text:ti_sysbios_family_arm_m3_Hwi_initNVIC__E)
                  000041d4    00000090     drivers_msp432p4xx.aem4f : PWMTimerMSP432.oem4f (.text:PWMTimerMSP432_setDuty)
                  00004264    0000008c     sysbios.aem4f : m3_TaskSupport_asm.obj (.text:ti_sysbios_family_arm_m3_TaskSupport_buildTaskStack)
                  000042f0    0000008c                   : BIOS.obj (.text:ti_sysbios_gates_GateMutexPri_enter__E)
                  0000437c    00000004     release_pem4f.oem4f (.text:ti_sysbios_family_arm_m3_TaskSupport_Module__startupDone__S)
                  00004380    0000008c     sysbios.aem4f : BIOS.obj (.text:ti_sysbios_knl_Event_post__E)
                  0000440c    00000004     release_pem4f.oem4f (.text:ti_sysbios_heaps_HeapMem_Module_GateProxy_enter__E)
                  00004410    0000008c     sysbios.aem4f : BIOS.obj (.text:ti_sysbios_knl_Task_postInit__I)
                  0000449c    00000088     protectedlcd.obj (.text:protected_lcd_init)
                  00004524    00000004     release_pem4f.oem4f (.text:ti_sysbios_heaps_HeapMem_Module_GateProxy_leave__E)
                  00004528    00000088     sysbios.aem4f : BIOS.obj (.text:ti_sysbios_knl_Mailbox_post__E)
                  000045b0    00000088                   : BIOS.obj (.text:xdc_runtime_Memory_alloc__E)
                  00004638    00000086     rtsv7M4_T_le_v4SPD16_eabi.lib : fd_cmp_t2.obj (.text:__aeabi_cdcmple)
                  000046be    00000086                                   : fd_cmp_t2.obj (.text:__aeabi_cdrcmple)
                  00004744    00000004     release_pem4f.oem4f (.text:ti_sysbios_knl_Clock_TimerProxy_getMaxTicks__E)
                  00004748    00000084     sysbios.aem4f : BIOS.obj (.text:ti_sysbios_family_arm_m3_Hwi_postInit__I)
                  000047cc    00000004     release_pem4f.oem4f (.text:ti_sysbios_knl_Semaphore_delete)
                  000047d0    00000084     sysbios.aem4f : BIOS.obj (.text:ti_sysbios_heaps_HeapMem_free__E)
                  00004854    00000004     release_pem4f.oem4f (.text:ti_sysbios_knl_Task_delete)
                  00004858    00000084     sysbios.aem4f : BIOS.obj (.text:xdc_runtime_Core_constructObject__I)
                  000048dc    0000007c     msp432p4xx_driverlib.lib : spi.o (.text:SPI_initMaster)
                  00004958    0000007c     main.obj (.text:main)
                  000049d4    0000007a     rtsv7M4_T_le_v4SPD16_eabi.lib : memset_t2.obj (.text)
                  00004a4e    00000002     release_pem4f.oem4f (.text:ti_sysbios_BIOS_nullFunc__I)
                  00004a50    00000078     drivers_msp432p4xx.aem4f : PWMTimerMSP432.oem4f (.text:PWMTimerMSP432_close)
                  00004ac8    00000076                              : PWMTimerMSP432.oem4f (.text:PWMTimerMSP432_stop)
                  00004b3e    00000002     --HOLE-- [fill = 0]
                  00004b40    00000074     sysbios.aem4f : BIOS.obj (.text:ti_sysbios_knl_Mailbox_pend__E)
                  00004bb4    00000004     release_pem4f.oem4f (.text:xdc_runtime_System_Module_GateProxy_enter__E)
                  00004bb8    00000070     sysbios.aem4f : BIOS.obj (.text:ti_sysbios_heaps_HeapMem_initPrimary__I)
                  00004c28    00000070                   : BIOS.obj (.text:ti_sysbios_knl_Mailbox_Instance_finalize__E)
                  00004c98    00000070                   : BIOS.obj (.text:ti_sysbios_knl_Semaphore_post__E)
                  00004d08    00000070                   : BIOS.obj (.text:ti_sysbios_knl_Task_exit__E)
                  00004d78    0000006c                   : BIOS.obj (.text:ti_sysbios_gates_GateMutexPri_leave__E)
                  00004de4    00000004     release_pem4f.oem4f (.text:xdc_runtime_System_Module_GateProxy_leave__E)
                  00004de8    0000006c     sysbios.aem4f : BIOS.obj (.text:ti_sysbios_knl_Clock_workFunc__E)
                  00004e54    00000004     --HOLE-- [fill = 0]
                  00004e58    0000006c                   : BIOS.obj (.text:ti_sysbios_knl_Swi_restoreHwi__E)
                  00004ec4    00000068     drivers_msp432p4xx.aem4f : PWMTimerMSP432.oem4f (.text:PWMTimerMSP432_start)
                  00004f2c    00000068     rtsv7M4_T_le_v4SPD16_eabi.lib : copy_decompress_lzss.obj (.text:decompress:lzss)
                  00004f94    00000004     --HOLE-- [fill = 0]
                  00004f98    00000066     sysbios.aem4f : BIOS.obj (.text:xdc_runtime_Core_deleteObject__I)
                  00004ffe    00000002     --HOLE-- [fill = 0]
                  00005000    00000064     drivers_msp432p4xx.aem4f : GPIOMSP432.oem4f (.text:GPIO_hwiIntFxn)
                  00005064    00000064     adc_dive.obj (.text:adc_task)
                  000050c8    00000064     rtsv7M4_T_le_v4SPD16_eabi.lib : s_frexp.obj (.text)
                  0000512c    00000004     --HOLE-- [fill = 0]
                  00005130    00000064     sysbios.aem4f : BIOS.obj (.text:ti_sysbios_family_arm_m3_Hwi_dispatchC__I)
                  00005194    00000060     drivers_msp432p4xx.aem4f : ADCMSP432.oem4f (.text:ADCMSP432_close)
                  000051f4    00000060     Crystalfontz128x128_ST7735.obj (.text:Crystalfontz128x128_LineDrawH)
                  00005254    00000060     Crystalfontz128x128_ST7735.obj (.text:Crystalfontz128x128_LineDrawV)
                  000052b4    0000005c     drivers_msp432p4xx.aem4f : GPIOMSP432.oem4f (.text:GPIO_init)
                  00005310    0000005c                              : GPIOMSP432.oem4f (.text:GPIO_write)
                  0000536c    0000005c                              : PowerMSP432.oem4f (.text:PowerMSP432_getFreqs)
                  000053c8    0000005c     scuba.obj (.text:gas_to_surface_in_cl)
                  00005424    0000005c     alarm.obj (.text:speaker_config)
                  00005480    0000005c     sysbios.aem4f : BIOS.obj (.text:ti_sysbios_knl_Swi_run__I)
                  000054dc    00000004     --HOLE-- [fill = 0]
                  000054e0    0000005c                   : BIOS.obj (.text:ti_sysbios_knl_Swi_schedule__I)
                  0000553c    00000004     --HOLE-- [fill = 0]
                  00005540    0000005c                   : BIOS.obj (.text:ti_sysbios_knl_Task_Module_startup__E)
                  0000559c    00000004     --HOLE-- [fill = 0]
                  000055a0    0000005c                   : BIOS.obj (.text:ti_sysbios_knl_Task_startCore__E)
                  000055fc    00000004     --HOLE-- [fill = 0]
                  00005600    0000005c                   : BIOS.obj (.text:xdc_runtime_Startup_exec__E)
                  0000565c    0000005a     drivers_msp432p4xx.aem4f : ADCMSP432.oem4f (.text:initHw)
                  000056b6    00000002     --HOLE-- [fill = 0]
                  000056b8    00000058     boot.aem4f : boot.oem4f (.text)
                  00005710    00000058     sysbios.aem4f : m3_Hwi_asm_switch.obj (.text:ti_sysbios_family_arm_m3_Hwi_initStacks__E)
                  00005768    00000054     Crystalfontz128x128_ST7735.obj (.text:Crystalfontz128x128_SetOrientation)
                  000057bc    00000054     drivers_msp432p4xx.aem4f : GPIOMSP432.oem4f (.text:GPIO_setCallback)
                  00005810    00000054                              : PowerMSP432.oem4f (.text:Power_init)
                  00005864    00000054     rtsv7M4_T_le_v4SPD16_eabi.lib : ltoa.obj (.text)
                  000058b8    00000054     release_pem4f.oem4f (.text:ti_sysbios_family_arm_m3_Hwi_create)
                  0000590c    00000004     --HOLE-- [fill = 0]
                  00005910    00000054     sysbios.aem4f : BIOS.obj (.text:ti_sysbios_family_arm_msp432_Timer_initDevice__I)
                  00005964    00000054     release_pem4f.oem4f (.text:ti_sysbios_knl_Mailbox_create)
                  000059b8    00000054     sysbios.aem4f : BIOS.obj (.text:xdc_runtime_Core_assignLabel__I)
                  00005a0c    00000052     scuba.obj (.text:adc_to_rate)
                  00005a5e    00000002     --HOLE-- [fill = 0]
                  00005a60    00000050     drivers_msp432p4xx.aem4f : ADCMSP432.oem4f (.text:ADCMSP432_convertRawToMicroVolts)
                  00005ab0    00000050     dpl_msp432p4xx.aem4f : PowerMSP432_tirtos.oem4f (.text:PowerMSP432_sleepPolicy)
                  00005b00    00000050     sysbios.aem4f : BIOS.obj (.text:ti_sysbios_family_arm_m3_Hwi_Module_startup__E)
                  00005b50    00000050     release_pem4f.oem4f (.text:ti_sysbios_knl_Task_create)
                  00005ba0    0000004e     bsp.obj (.text:bsp_btn_read)
                  00005bee    00000002     --HOLE-- [fill = 0]
                  00005bf0    0000004c     msp432p4xx_driverlib.lib : gpio.o (.text:GPIO_setAsPeripheralModuleFunctionOutputPin)
                  00005c3c    0000004c     protectedlcd.obj (.text:protected_lcd_display)
                  00005c88    0000004c     rtsv7M4_T_le_v4SPD16_eabi.lib : atoi.obj (.text)
                  00005cd4    0000004c                                   : cpy_tbl.obj (.text)
                  00005d20    0000004c     sysbios.aem4f : BIOS.obj (.text:ti_sysbios_family_arm_msp432_Timer_start__E)
                  00005d6c    00000004     --HOLE-- [fill = 0]
                  00005d70    0000004c                   : BIOS.obj (.text:ti_sysbios_heaps_HeapMem_getStats__E)
                  00005dbc    00000004     --HOLE-- [fill = 0]
                  00005dc0    0000004c                   : BIOS.obj (.text:ti_sysbios_knl_Swi_runLoop__I)
                  00005e0c    00000004     --HOLE-- [fill = 0]
                  00005e10    0000004c                   : BIOS.obj (.text:ti_sysbios_knl_Task_allBlockedFunction__I)
                  00005e5c    00000004     --HOLE-- [fill = 0]
                  00005e60    0000004c                   : BIOS.obj (.text:ti_sysbios_knl_Task_block__E)
                  00005eac    00000004     --HOLE-- [fill = 0]
                  00005eb0    0000004c                   : BIOS.obj (.text:ti_sysbios_knl_Task_schedule__I)
                  00005efc    0000004a     grlib.lib : line.o (.text:Graphics_drawLineH)
                  00005f46    00000002     --HOLE-- [fill = 0]
                  00005f48    00000048     drivers_msp432p4xx.aem4f : PowerMSP432.oem4f (.text:Power_releaseConstraint)
                  00005f90    00000048     rtsv7M4_T_le_v4SPD16_eabi.lib : fd_toi_t2.obj (.text)
                  00005fd8    00000048     sysbios.aem4f : BIOS.obj (.text:ti_sysbios_family_arm_m3_Hwi_disableInterrupt__E)
                  00006020    00000048                   : BIOS.obj (.text:ti_sysbios_family_arm_m3_Hwi_enableInterrupt__E)
                  00006068    00000048                   : BIOS.obj (.text:ti_sysbios_knl_Mailbox_Module_startup__E)
                  000060b0    00000046                   : BIOS.obj (.text:xdc_runtime_Core_assignParams__I)
                  000060f6    00000002     --HOLE-- [fill = 0]
                  000060f8    00000044     drivers_msp432p4xx.aem4f : ADC.oem4f (.text:ADC_init)
                  0000613c    00000044     dpl_msp432p4xx.aem4f : HwiP_tirtos.oem4f (.text:HwiP_create)
                  00006180    00000044     drivers_msp432p4xx.aem4f : PWM.oem4f (.text:PWM_init)
                  000061c4    00000044     bsp_led.obj (.text:bsp_led_off)
                  00006208    00000044     bsp_led.obj (.text:bsp_led_toggle)
                  0000624c    00000004     --HOLE-- [fill = 0]
                  00006250    00000044     sysbios.aem4f : BIOS.obj (.text:ti_sysbios_family_arm_m3_Hwi_getStackInfo__E)
                  00006294    00000004     --HOLE-- [fill = 0]
                  00006298    00000044                   : BIOS.obj (.text:ti_sysbios_family_arm_msp432_Seconds_Module_startup__E)
                  000062dc    00000004     --HOLE-- [fill = 0]
                  000062e0    00000044                   : BIOS.obj (.text:ti_sysbios_knl_Swi_post__E)
                  00006324    00000040     Crystalfontz128x128_ST7735.obj (.text:Crystalfontz128x128_PixelDraw)
                  00006364    00000040     HAL_MSP_EXP432P401R_Crystalfontz128x128_ST7735.obj (.text:HAL_LCD_SpiInit)
                  000063a4    00000040     dpl_msp432p4xx.aem4f : SemaphoreP_tirtos.oem4f (.text:SemaphoreP_create)
                  000063e4    00000040     drivers_msp432p4xx.aem4f : PowerMSP432.oem4f (.text:notify)
                  00006424    00000040                              : PowerMSP432.oem4f (.text:restartHFXT)
                  00006464    00000004     --HOLE-- [fill = 0]
                  00006468    00000040     sysbios.aem4f : BIOS.obj (.text:ti_sysbios_family_arm_msp432_Timer_Module_startup__E)
                  000064a8    00000040                   : BIOS.obj (.text:ti_sysbios_family_arm_msp432_Timer_startup__E)
                  000064e8    00000040                   : BIOS.obj (.text:ti_sysbios_heaps_HeapMem_Instance_init__E)
                  00006528    0000003c     drivers_msp432p4xx.aem4f : ADC.oem4f (.text:ADC_open)
                  00006564    0000003c                              : PWM.oem4f (.text:PWM_open)
                  000065a0    0000003c                              : PWMTimerMSP432.oem4f (.text:getPeriodCounts)
                  000065dc    00000004     --HOLE-- [fill = 0]
                  000065e0    0000003c     sysbios.aem4f : BIOS.obj (.text:ti_sysbios_family_arm_m3_Hwi_Instance_finalize__E)
                  0000661c    00000004     --HOLE-- [fill = 0]
                  00006620    0000003c                   : BIOS.obj (.text:ti_sysbios_knl_Swi_restore__E)
                  0000665c    00000038     drivers_msp432p4xx.aem4f : GPIOMSP432.oem4f (.text:GPIO_toggle)
                  00006694    00000038     HAL_MSP_EXP432P401R_Crystalfontz128x128_ST7735.obj (.text:HAL_LCD_writeCommand)
                  000066cc    00000038     drivers_msp432p4xx.aem4f : PowerMSP432.oem4f (.text:Power_setConstraint)
                  00006704    00000038                              : TimerMSP432.oem4f (.text:TimerMSP432_allocateTimerResource)
                  0000673c    00000038                              : PWMTimerMSP432.oem4f (.text:getDutyCounts)
                  00006774    00000004     --HOLE-- [fill = 0]
                  00006778    00000038     sysbios.aem4f : BIOS.obj (.text:xdc_runtime_System_atexit__E)
                  000067b0    00000034     release_pem4f.oem4f (.text:ti_sysbios_knl_Semaphore_create)
                  000067e4    00000004     --HOLE-- [fill = 0]
                  000067e8    00000032     sysbios.aem4f : BIOS.obj (.text:ti_sysbios_hal_Hwi_initStack)
                  0000681a    00000030     HAL_MSP_EXP432P401R_Crystalfontz128x128_ST7735.obj (.text:HAL_LCD_PortInit)
                  0000684a    00000002     --HOLE-- [fill = 0]
                  0000684c    00000030     drivers_msp432p4xx.aem4f : TimerMSP432.oem4f (.text:TimerMSP432_freeTimerResource)
                  0000687c    00000030     scuba.obj (.text:gas_rate_in_cl)
                  000068ac    00000030     msp432p4xx_driverlib.lib : spi.o (.text:is_A_Module)
                  000068dc    00000030     drivers_msp432p4xx.aem4f : PWMTimerMSP432.oem4f (.text:mapPin)
                  0000690c    00000030     release_pem4f.oem4f (.text:ti_sysbios_BIOS_atExitFunc__I)
                  0000693c    00000030     release_pem4f.oem4f (.text:ti_sysbios_BIOS_startFunc__I)
                  0000696c    00000004     --HOLE-- [fill = 0]
                  00006970    00000030     sysbios.aem4f : BIOS.obj (.text:ti_sysbios_family_arm_m3_TaskSupport_start__E)
                  000069a0    00000030                   : BIOS.obj (.text:ti_sysbios_family_arm_msp432_Timer_setPeriod__E)
                  000069d0    00000030     release_pem4f.oem4f (.text:ti_sysbios_gates_GateHwi_Object__create__S)
                  00006a00    00000030     release_pem4f.oem4f (.text:ti_sysbios_gates_GateMutexPri_Object__create__S)
                  00006a30    00000030     release_pem4f.oem4f (.text:ti_sysbios_gates_GateMutexPri_create)
                  00006a60    00000030     release_pem4f.oem4f (.text:ti_sysbios_gates_GateMutex_Object__create__S)
                  00006a90    00000030     sysbios.aem4f : BIOS.obj (.text:ti_sysbios_gates_GateMutex_enter__E)
                  00006ac0    00000030     release_pem4f.oem4f (.text:ti_sysbios_heaps_HeapMem_Object__create__S)
                  00006af0    00000030     release_pem4f.oem4f (.text:ti_sysbios_knl_Event_create)
                  00006b20    00000030     sysbios.aem4f : BIOS.obj (.text:ti_sysbios_knl_Event_pendTimeout__I)
                  00006b50    00000030                   : BIOS.obj (.text:ti_sysbios_knl_Mailbox_postInit__I)
                  00006b80    00000030     release_pem4f.oem4f (.text:ti_sysbios_knl_Semaphore_construct)
                  00006bb0    00000030     sysbios.aem4f : BIOS.obj (.text:ti_sysbios_knl_Semaphore_pendTimeout__I)
                  00006be0    00000030                   : BIOS.obj (.text:ti_sysbios_knl_Task_processVitalTaskFlag__I)
                  00006c10    00000030                   : BIOS.obj (.text:ti_sysbios_knl_Task_unblockI__E)
                  00006c40    00000030                   : BIOS.obj (.text:xdc_runtime_System_processAtExit__E)
                  00006c70    0000002e     rtsv7M4_T_le_v4SPD16_eabi.lib : i_tofd_t2.obj (.text)
                  00006c9e    00000002     --HOLE-- [fill = 0]
                  00006ca0    0000002c     Crystalfontz128x128_ST7735.obj (.text:Crystalfontz128x128_ClearScreen)
                  00006ccc    0000002c     HAL_MSP_EXP432P401R_Crystalfontz128x128_ST7735.obj (.text:HAL_LCD_writeData)
                  00006cf8    0000002c     dpl_msp432p4xx.aem4f : PowerMSP432_tirtos.oem4f (.text:PowerMSP432_updateFreqs)
                  00006d24    0000002c     release_pem4f.oem4f (.text:ti_sysbios_knl_Clock_doTick__I)
                  00006d50    0000002c     release_pem4f.oem4f (.text:ti_sysbios_knl_Queue_construct)
                  00006d7c    00000004     --HOLE-- [fill = 0]
                  00006d80    0000002c     sysbios.aem4f : BIOS.obj (.text:ti_sysbios_knl_Task_restore__E)
                  00006dac    00000028     Crystalfontz128x128_ST7735.obj (.text:Crystalfontz128x128_ColorTranslate)
                  00006dd4    00000028     drivers_msp432p4xx.aem4f : PowerMSP432.oem4f (.text:disableHFXT)
                  00006dfc    00000004     --HOLE-- [fill = 0]
                  00006e00    00000028     sysbios.aem4f : BIOS.obj (.text:ti_sysbios_knl_Clock_addI__E)
                  00006e28    00000028                   : BIOS.obj (.text:ti_sysbios_knl_Swi_Module_startup__E)
                  00006e50    00000026                   : m3_Hwi_asm.obj (.text:ti_sysbios_family_arm_m3_Hwi_pendSV__I)
                  00006e76    00000002     --HOLE-- [fill = 0]
                  00006e78    00000024     msp432p4xx_driverlib.lib : cs.o (.text:CS_setDCOCenteredFrequency)
                  00006e9c    00000024                              : gpio.o (.text:GPIO_setAsOutputPin)
                  00006ec0    00000024     bsp.obj (.text:led_blocking_wait)
                  00006ee4    00000024     release_pem4f.oem4f (.text:ti_sysbios_BIOS_registerRTSLock__I)
                  00006f08    00000024     release_pem4f.oem4f (.text:ti_sysbios_BIOS_removeRTSLock__I)
                  00006f2c    00000004     --HOLE-- [fill = 0]
                  00006f30    00000024     sysbios.aem4f : BIOS.obj (.text:ti_sysbios_family_arm_msp432_ClockFreqs_setFrequency__E)
                  00006f54    00000004     --HOLE-- [fill = 0]
                  00006f58    00000024                   : BIOS.obj (.text:ti_sysbios_family_arm_msp432_Timer_postInit__I)
                  00006f7c    00000024     release_pem4f.oem4f (.text:ti_sysbios_gates_GateMutexPri_Object__delete__S)
                  00006fa0    00000024     sysbios.aem4f : BIOS.obj (.text:ti_sysbios_gates_GateMutexPri_insertPri__I)
                  00006fc4    00000024     release_pem4f.oem4f (.text:ti_sysbios_gates_GateMutex_Object__delete__S)
                  00006fe8    00000024     sysbios.aem4f : BIOS.obj (.text:ti_sysbios_knl_Clock_Module_startup__E)
                  0000700c    00000004     --HOLE-- [fill = 0]
                  00007010    00000024                   : BIOS.obj (.text:ti_sysbios_knl_Semaphore_Instance_init__E)
                  00007034    00000024     release_pem4f.oem4f (.text:ti_sysbios_knl_Semaphore_Object__delete__S)
                  00007058    00000024     sysbios.aem4f : BIOS.obj (.text:ti_sysbios_knl_Task_restoreHwi__E)
                  0000707c    00000004     --HOLE-- [fill = 0]
                  00007080    00000024                   : BIOS.obj (.text:xdc_runtime_Error_policyMin__E)
                  000070a4    00000004     --HOLE-- [fill = 0]
                  000070a8    00000024                   : BIOS.obj (.text:xdc_runtime_System_abort__E)
                  000070cc    00000022     grlib.lib : context.o (.text:Graphics_initContext)
                  000070ee    00000002     --HOLE-- [fill = 0]
                  000070f0    00000020     drivers_msp432p4xx.aem4f : GPIOMSP432.oem4f (.text:GPIO_read)
                  00007110    00000020     release_pem4f.oem4f (.text:ti_sysbios_BIOS_rtsLock__I)
                  00007130    00000020     sysbios.aem4f : m3_Hwi_asm.obj (.text:ti_sysbios_family_arm_m3_Hwi_excHandlerAsm__I)
                  00007150    00000020                   : BIOS.obj (.text:ti_sysbios_family_arm_m3_Hwi_excHandler__I)
                  00007170    00000020     release_pem4f.oem4f (.text:ti_sysbios_gates_GateHwi_Object__delete__S)
                  00007190    00000020     release_pem4f.oem4f (.text:ti_sysbios_heaps_HeapMem_Object__delete__S)
                  000071b0    00000020     sysbios.aem4f : BIOS.obj (.text:ti_sysbios_knl_Idle_run__E)
                  000071d0    00000020     release_pem4f.oem4f (.text:ti_sysbios_knl_Semaphore_destruct)
                  000071f0    00000020     release_pem4f.oem4f (.text:ti_sysbios_knl_Task_Object__delete__S)
                  00007210    00000020     timertask.obj (.text:timerTaskFunction)
                  00007230    0000001e     drivers_msp432p4xx.aem4f : PWMTimerMSP432.oem4f (.text:corroboratePeriod)
                  0000724e    0000001e     sysbios.aem4f : m3_Hwi_asm_switch.obj (.text:ti_sysbios_family_xxx_Hwi_switchAndRunFunc)
                  0000726c    0000001c     rtsv7M4_T_le_v4SPD16_eabi.lib : memccpy.obj (.text)
                  00007288    0000001c     sysbios.aem4f : BIOS.obj (.text:ti_sysbios_gates_GateMutexPri_Instance_init__E)
                  000072a4    00000004     --HOLE-- [fill = 0]
                  000072a8    0000001c                   : BIOS.obj (.text:ti_sysbios_gates_GateMutex_Instance_init__E)
                  000072c4    0000001c     release_pem4f.oem4f (.text:ti_sysbios_knl_Queue_destruct)
                  000072e0    0000001c     sysbios.aem4f : BIOS.obj (.text:ti_sysbios_knl_Queue_get__E)
                  000072fc    00000004     --HOLE-- [fill = 0]
                  00007300    0000001c                   : BIOS.obj (.text:ti_sysbios_knl_Queue_put__E)
                  0000731c    00000004     --HOLE-- [fill = 0]
                  00007320    0000001c                   : BIOS.obj (.text:ti_sysbios_knl_Task_enter__I)
                  0000733c    00000004     --HOLE-- [fill = 0]
                  00007340    0000001c                   : BIOS.obj (.text:xdc_runtime_Error_check__E)
                  0000735c    00000004     --HOLE-- [fill = 0]
                  00007360    0000001c                   : BIOS.obj (.text:xdc_runtime_Memory_valloc__E)
                  0000737c    0000001a     grlib.lib : string.o (.text:Graphics_getNumberOfLeadingZeros)
                  00007396    0000001a     msp432p4xx_driverlib.lib : spi.o (.text:SPI_enableModule)
                  000073b0    00000018     release_pem4f.oem4f (.text:.bootCodeSection:ti_sysbios_family_arm_msp432_init_Boot_init__I)
                  000073c8    00000018     msp432p4xx_driverlib.lib : gpio.o (.text:GPIO_setOutputLowOnPin)
                  000073e0    00000018     drivers_msp432p4xx.aem4f : PowerMSP432.oem4f (.text:Power_idleFunc)
                  000073f8    00000018                              : PWMTimerMSP432.oem4f (.text:corroborateDuty)
                  00007410    00000018     rtsv7M4_T_le_v4SPD16_eabi.lib : args_main.obj (.text)
                  00007428    00000018     release_pem4f.oem4f (.text:ti_sysbios_BIOS_rtsUnlock__I)
                  00007440    00000018     release_pem4f.oem4f (.text:ti_sysbios_family_arm_m3_Hwi_Module__startupDone__F)
                  00007458    00000018     sysbios.aem4f : m3_TaskSupport_asm.obj (.text:ti_sysbios_family_arm_m3_TaskSupport_swap__E)
                  00007470    00000018     release_pem4f.oem4f (.text:ti_sysbios_family_arm_msp432_Timer_Module__startupDone__F)
                  00007488    00000018     release_pem4f.oem4f (.text:ti_sysbios_gates_GateHwi_Handle__label__S)
                  000074a0    00000018     release_pem4f.oem4f (.text:ti_sysbios_gates_GateMutexPri_Handle__label__S)
                  000074b8    00000018     release_pem4f.oem4f (.text:ti_sysbios_gates_GateMutex_Handle__label__S)
                  000074d0    00000018     sysbios.aem4f : BIOS.obj (.text:ti_sysbios_gates_GateMutex_leave__E)
                  000074e8    00000018     release_pem4f.oem4f (.text:ti_sysbios_heaps_HeapMem_Handle__label__S)
                  00007500    00000018     sysbios.aem4f : BIOS.obj (.text:ti_sysbios_knl_Task_sleepTimeout__I)
                  00007518    00000018                   : BIOS.obj (.text:xdc_runtime_Error_init__E)
                  00007530    00000018                   : BIOS.obj (.text:xdc_runtime_System_exit__E)
                  00007548    00000016     grlib.lib : display.o (.text:Graphics_drawHorizontalLineOnDisplay)
                  0000755e    00000016     blinkingledtask.obj (.text:led2TaskFunction)
                  00007574    00000016     rtsv7M4_T_le_v4SPD16_eabi.lib : strchr.obj (.text)
                  0000758a    00000016     release_pem4f.oem4f (.text:ti_sysbios_BIOS_exitFunc__I)
                  000075a0    00000016     protectedlcd.obj (.text:ti_sysbios_gates_GateMutexPri_Params_init)
                  000075b6    00000016     main.obj (.text:ti_sysbios_knl_Mailbox_Params_init)
                  000075cc    00000016     main.obj (.text:ti_sysbios_knl_Task_Params_init)
                  000075e2    00000006     drivers_msp432p4xx.aem4f : ADCMSP432.oem4f (.text:ADCMSP432_control)
                  000075e8    00000016     sysbios.aem4f : BIOS.obj (.text:ti_sysbios_knl_Task_unblock__E)
                  000075fe    00000002     --HOLE-- [fill = 0]
                  00007600    00000014     msp432p4xx_driverlib.lib : gpio.o (.text:GPIO_setOutputHighOnPin)
                  00007614    00000014     drivers_msp432p4xx.aem4f : PWM.oem4f (.text:PWM_Params_init)
                  00007628    00000014     rtsv7M4_T_le_v4SPD16_eabi.lib : _lock.obj (.text)
                  0000763c    00000014                                   : s_copysign.obj (.text)
                  00007650    00000014                                   : strlen.obj (.text)
                  00007664    00000014     release_pem4f.oem4f (.text:ti_sysbios_family_arm_m3_Hwi_Object__get__S)
                  00007678    00000014     sysbios.aem4f : BIOS.obj (.text:ti_sysbios_family_arm_m3_Hwi_switchFromBootStack__E)
                  0000768c    00000014     release_pem4f.oem4f (.text:ti_sysbios_heaps_HeapMem_Object__get__S)
                  000076a0    00000014     sysbios.aem4f : BIOS.obj (.text:ti_sysbios_knl_Event_Instance_init__E)
                  000076b4    00000014     release_pem4f.oem4f (.text:ti_sysbios_knl_Swi_Object__get__S)
                  000076c8    00000012     dpl_msp432p4xx.aem4f : SemaphoreP_tirtos.oem4f (.text:SemaphoreP_pend)
                  000076da    00000012     bsp.obj (.text:safe_mode)
                  000076ec    00000004     --HOLE-- [fill = 0]
                  000076f0    00000012     sysbios.aem4f : BIOS.obj (.text:ti_sysbios_hal_Hwi_Module_startup__E)
                  00007702    00000012     release_pem4f.oem4f (.text:xdc_runtime_Startup_exec__I)
                  00007714    00000010     msp432p4xx_driverlib.lib : sysctl.o (.text:SysCtl_disableNMISource)
                  00007724    00000010                              : sysctl.o (.text:SysCtl_enableNMISource)
                  00007734    00000010                              : sysctl.o (.text:SysCtl_getNMISourceStatus)
                  00007744    00000010     bsp_led.obj (.text:bsp_led_init)
                  00007754    00000004     --HOLE-- [fill = 0]
                  00007758    00000010     sysbios.aem4f : BIOS.obj (.text:ti_sysbios_BIOS_exit__E)
                  00007768    00000010                   : BIOS.obj (.text:ti_sysbios_BIOS_setCpuFreq__E)
                  00007778    00000010                   : BIOS.obj (.text:ti_sysbios_BIOS_setThreadType__E)
                  00007788    00000010                   : BIOS.obj (.text:ti_sysbios_BIOS_start__E)
                  00007798    00000010                   : m3_TaskSupport_asm.obj (.text:ti_sysbios_family_arm_m3_TaskSupport_glue)
                  000077a8    00000010                   : BIOS.obj (.text:ti_sysbios_family_arm_msp432_init_Boot_disableWatchdog)
                  000077b8    00000010                   : BIOS.obj (.text:ti_sysbios_gates_GateMutexPri_Instance_finalize__E)
                  000077c8    00000010                   : BIOS.obj (.text:ti_sysbios_gates_GateMutex_Instance_finalize__E)
                  000077d8    00000010     release_pem4f.oem4f (.text:ti_sysbios_knl_Mailbox_Object__get__S)
                  000077e8    00000010     sysbios.aem4f : BIOS.obj (.text:ti_sysbios_knl_Semaphore_Instance_finalize__E)
                  000077f8    00000010                   : BIOS.obj (.text:ti_sysbios_knl_Swi_disable__E)
                  00007808    00000010     release_pem4f.oem4f (.text:ti_sysbios_knl_Task_Object__get__S)
                  00007818    00000010     sysbios.aem4f : BIOS.obj (.text:ti_sysbios_knl_Task_disable__E)
                  00007828    00000010                   : BIOS.obj (.text:xdc_runtime_Gate_leaveSystem__E)
                  00007838    00000010                   : BIOS.obj (.text:xdc_runtime_Memory_free__E)
                  00007848    00000010                   : BIOS.obj (.text:xdc_runtime_SysCallback_abort__E)
                  00007858    00000010                   : BIOS.obj (.text:xdc_runtime_SysCallback_exit__E)
                  00007868    0000000e     grlib.lib : display.o (.text:Graphics_drawPixelOnDisplay)
                  00007876    0000000e               : context.o (.text:Graphics_setBackgroundColor)
                  00007884    0000000e               : context.o (.text:Graphics_setForegroundColor)
                  00007892    0000000e     dpl_msp432p4xx.aem4f : HwiP_tirtos.oem4f (.text:HwiP_Params_init)
                  000078a0    0000000e                          : SemaphoreP_tirtos.oem4f (.text:SemaphoreP_delete)
                  000078ae    0000000e     bsp.obj (.text:bsp_halt)
                  000078bc    0000000e     rtsv7M4_T_le_v4SPD16_eabi.lib : copy_decompress_none.obj (.text:decompress:none)
                  000078ca    00000006     drivers_msp432p4xx.aem4f : PWMTimerMSP432.oem4f (.text:PWMTimerMSP432_control)
                  000078d0    0000000e     sysbios.aem4f : BIOS.obj (.text:ti_sysbios_knl_Idle_loop__E)
                  000078de    00000002     --HOLE-- [fill = 0]
                  000078e0    0000000e                   : BIOS.obj (.text:ti_sysbios_knl_Queue_empty__E)
                  000078ee    0000000c     msp432p4xx_driverlib.lib : cpu.o (.text:CPU_cpsid)
                  000078fa    0000000c                              : cpu.o (.text:CPU_cpsie)
                  00007906    0000000c                              : spi.o (.text:EUSCI_A_SPI_enable)
                  00007912    0000000c                              : spi.o (.text:EUSCI_B_SPI_enable)
                  0000791e    00000002     --HOLE-- [fill = 0]
                  00007920    0000000c     drivers_msp432p4xx.aem4f : PowerMSP432.oem4f (.text:Power_getConstraintMask)
                  0000792c    0000000c                              : PowerMSP432.oem4f (.text:Power_getPerformanceLevel)
                  00007938    0000000c     bsp.obj (.text:bsp_init)
                  00007944    0000000c     bsp.obj (.text:bsp_master_int_disable)
                  00007950    0000000c     rtsv7M4_T_le_v4SPD16_eabi.lib : copy_zero_init.obj (.text:decompress:ZI)
                  0000795c    0000000c     release_pem4f.oem4f (.text:ti_sysbios_family_arm_m3_Hwi_Params__init__S)
                  00007968    0000000c     sysbios.aem4f : BIOS.obj (.text:ti_sysbios_family_arm_m3_Hwi_disableFxn__E)
                  00007974    00000004     --HOLE-- [fill = 0]
                  00007978    0000000c                   : BIOS.obj (.text:ti_sysbios_family_arm_m3_TaskSupport_getStackAlignment__E)
                  00007984    00000004     --HOLE-- [fill = 0]
                  00007988    0000000c                   : BIOS.obj (.text:ti_sysbios_family_arm_msp432_Timer_getMaxTicks__E)
                  00007994    00000004     --HOLE-- [fill = 0]
                  00007998    0000000c                   : BIOS.obj (.text:ti_sysbios_gates_GateHwi_enter__E)
                  000079a4    0000000c     release_pem4f.oem4f (.text:ti_sysbios_gates_GateMutexPri_Params__init__S)
                  000079b0    0000000c     release_pem4f.oem4f (.text:ti_sysbios_knl_Mailbox_Params__init__S)
                  000079bc    0000000c     release_pem4f.oem4f (.text:ti_sysbios_knl_Queue_Object__get__S)
                  000079c8    0000000c     release_pem4f.oem4f (.text:ti_sysbios_knl_Semaphore_Params__init__S)
                  000079d4    0000000c     release_pem4f.oem4f (.text:ti_sysbios_knl_Task_Params__init__S)
                  000079e0    0000000c     sysbios.aem4f : BIOS.obj (.text:xdc_runtime_Gate_enterSystem__E)
                  000079ec    00000004     --HOLE-- [fill = 0]
                  000079f0    0000000c                   : BIOS.obj (.text:xdc_runtime_Startup_rtsDone__E)
                  000079fc    0000000a     drivers_msp432p4xx.aem4f : ADC.oem4f (.text:ADC_Params_init)
                  00007a06    0000000a                              : ADC.oem4f (.text:ADC_close)
                  00007a10    0000000a                              : ADC.oem4f (.text:ADC_convert)
                  00007a1a    0000000a     Crystalfontz128x128_ST7735.obj (.text:Crystalfontz128x128_Flush)
                  00007a24    0000000a     grlib.lib : context.o (.text:Graphics_clearDisplay)
                  00007a2e    0000000a               : display.o (.text:Graphics_clearDisplayOnDisplay)
                  00007a38    0000000a               : display.o (.text:Graphics_translateColorOnDisplay)
                  00007a42    0000000a     drivers_msp432p4xx.aem4f : PWM.oem4f (.text:PWM_setDuty)
                  00007a4c    0000000a                              : PWM.oem4f (.text:PWM_start)
                  00007a56    0000000a     dpl_msp432p4xx.aem4f : SemaphoreP_tirtos.oem4f (.text:SemaphoreP_Params_init)
                  00007a60    0000000a                          : SemaphoreP_tirtos.oem4f (.text:SemaphoreP_post)
                  00007a6a    0000000a     release_pem4f.oem4f (.text:xdc_runtime_IHeap_alloc)
                  00007a74    0000000a     release_pem4f.oem4f (.text:xdc_runtime_IHeap_free)
                  00007a7e    00000008     MSP_EXP432P401R.obj (.text:MSP_EXP432P401R_initGeneral)
                  00007a86    00000002     --HOLE-- [fill = 0]
                  00007a88    00000008     sysbios.aem4f : BIOS.obj (.text:ti_sysbios_family_arm_m3_Hwi_doSwiRestore__I)
                  00007a90    00000008                   : BIOS.obj (.text:ti_sysbios_family_arm_m3_Hwi_startup__E)
                  00007a98    00000006                   : BIOS.obj (.text:ti_sysbios_family_arm_m3_Hwi_doTaskRestore__I)
                  00007a9e    00000002     --HOLE-- [fill = 0]
                  00007aa0    00000006                   : BIOS.obj (.text:ti_sysbios_family_arm_m3_Hwi_restoreFxn__E)
                  00007aa6    00000002     --HOLE-- [fill = 0]
                  00007aa8    00000006                   : BIOS.obj (.text:ti_sysbios_gates_GateHwi_leave__E)
                  00007aae    00000002     --HOLE-- [fill = 0]
                  00007ab0    00000006                   : BIOS.obj (.text:ti_sysbios_heaps_HeapMem_isBlocking__E)
                  00007ab6    00000002     --HOLE-- [fill = 0]
                  00007ab8    00000006                   : BIOS.obj (.text:ti_sysbios_knl_Queue_Instance_init__E)
                  00007abe    00000002     --HOLE-- [fill = 0]
                  00007ac0    00000006                   : BIOS.obj (.text:ti_sysbios_knl_Swi_startup__E)
                  00007ac6    00000002     --HOLE-- [fill = 0]
                  00007ac8    00000006                   : BIOS.obj (.text:xdc_runtime_System_Module_startup__E)
                  00007ace    00000002     --HOLE-- [fill = 0]
                  00007ad0    00000004                   : BIOS.obj (.text:ti_sysbios_gates_GateHwi_query__E)
                  00007ad4    00000004     --HOLE-- [fill = 0]
                  00007ad8    00000004                   : BIOS.obj (.text:ti_sysbios_gates_GateMutexPri_query__E)
                  00007adc    00000004     --HOLE-- [fill = 0]
                  00007ae0    00000004                   : BIOS.obj (.text:ti_sysbios_gates_GateMutex_query__E)
                  00007ae4    00000004     --HOLE-- [fill = 0]
                  00007ae8    00000004                   : BIOS.obj (.text:ti_sysbios_knl_Task_startup__E)
                  00007aec    00000004     --HOLE-- [fill = 0]
                  00007af0    00000002                   : BIOS.obj (.text:ti_sysbios_BIOS_linkedWithIncorrectBootLibrary__E)
                  00007af2    00000006     --HOLE-- [fill = 0]
                  00007af8    00000002                   : BIOS.obj (.text:ti_sysbios_gates_GateHwi_Instance_init__E)
                  00007afa    00000006     --HOLE-- [fill = 0]
                  00007b00    00000002                   : BIOS.obj (.text:ti_sysbios_knl_Clock_logTick__E)
                  00007b02    00000006     --HOLE-- [fill = 0]
                  00007b08    00000002                   : BIOS.obj (.text:xdc_runtime_SysCallback_defaultAbort)
                  00007b0a    00000006     --HOLE-- [fill = 0]
                  00007b10    00000002                   : BIOS.obj (.text:xdc_runtime_SysCallback_defaultExit)
                  00007b12    00000006     --HOLE-- [fill = 0]
                  00007b18    00000002                   : BIOS.obj (.text:xdc_runtime_System_abortSpin__E)
                  00007b1a    00000006     --HOLE-- [fill = 0]
                  00007b20    00000002                   : BIOS.obj (.text:xdc_runtime_System_exitSpin__E)

.const     0    00007b24    00000b4f     
                  00007b24    000002f8     fontfixed6x8.obj (.const:.string:g_pucFontFixed6x8Data)
                  00007e1c    00000101     rtsv7M4_T_le_v4SPD16_eabi.lib : ctype.obj (.const:.string:_ctypes_)
                  00007f1d    00000001     release_pem4f.oem4f (.const:xdc_runtime_Error_policy__C)
                  00007f1e    00000002     release_pem4f.oem4f (.const:ti_sysbios_family_arm_m3_Hwi_Module__id__C)
                  00007f20    000000c8     fontfixed6x8.obj (.const:g_sFontFixed6x8)
                  00007fe8    00000048     release_pem4f.oem4f (.const:.string)
                  00008030    0000003c     release_pem4f.oem4f (.const:ti_sysbios_knl_Task_Object__PARAMS__C)
                  0000806c    00000034     release_pem4f.oem4f (.const:ti_sysbios_knl_Mailbox_Object__PARAMS__C)
                  000080a0    00000030     msp432p4xx_driverlib.lib : gpio.o (.const:GPIO_PORT_TO_BASE)
                  000080d0    00000030     release_pem4f.oem4f (.const:ti_sysbios_family_arm_m3_Hwi_Object__PARAMS__C)
                  00008100    00000028     release_pem4f.oem4f (.const:ti_sysbios_heaps_HeapMem_Module__FXNS__C)
                  00008128    00000024     MSP_EXP432P401R.obj (.const:ADC_config)
                  0000814c    00000024     MSP_EXP432P401R.obj (.const:PWM_config)
                  00008170    00000024     MSP_EXP432P401R.obj (.const:adcMSP432HWAttrs)
                  00008194    00000024     release_pem4f.oem4f (.const:ti_sysbios_gates_GateHwi_Module__FXNS__C)
                  000081b8    00000024     release_pem4f.oem4f (.const:ti_sysbios_gates_GateMutexPri_Module__FXNS__C)
                  000081dc    00000024     release_pem4f.oem4f (.const:ti_sysbios_gates_GateMutex_Module__FXNS__C)
                  00008200    00000024     release_pem4f.oem4f (.const:ti_sysbios_heaps_HeapMem_Object__PARAMS__C)
                  00008224    00000024     release_pem4f.oem4f (.const:ti_sysbios_knl_Semaphore_Object__PARAMS__C)
                  00008248    00000024     release_pem4f.oem4f (.const:xdc_runtime_Startup_sfxnTab__A)
                  0000826c    00000020     drivers_msp432p4xx.aem4f : PWMTimerMSP432.oem4f (.const:PWMTimerMSP432_fxnTable)
                  0000828c    00000020     Crystalfontz128x128_ST7735.obj (.const:g_sCrystalfontz128x128_funcs)
                  000082ac    00000020     release_pem4f.oem4f (.const:ti_sysbios_family_arm_m3_Hwi_Object__DESC__C)
                  000082cc    00000020     release_pem4f.oem4f (.const:ti_sysbios_gates_GateHwi_Object__DESC__C)
                  000082ec    00000020     release_pem4f.oem4f (.const:ti_sysbios_gates_GateMutexPri_Object__DESC__C)
                  0000830c    00000020     release_pem4f.oem4f (.const:ti_sysbios_gates_GateMutex_Object__DESC__C)
                  0000832c    00000020     release_pem4f.oem4f (.const:ti_sysbios_heaps_HeapMem_Object__DESC__C)
                  0000834c    00000020     release_pem4f.oem4f (.const:ti_sysbios_knl_Event_Object__DESC__C)
                  0000836c    00000020     release_pem4f.oem4f (.const:ti_sysbios_knl_Mailbox_Object__DESC__C)
                  0000838c    00000020     release_pem4f.oem4f (.const:ti_sysbios_knl_Queue_Object__DESC__C)
                  000083ac    00000020     release_pem4f.oem4f (.const:ti_sysbios_knl_Semaphore_Object__DESC__C)
                  000083cc    00000020     release_pem4f.oem4f (.const:ti_sysbios_knl_Task_Object__DESC__C)
                  000083ec    0000001c     HAL_MSP_EXP432P401R_Crystalfontz128x128_ST7735.obj (.const:$P$T0$1)
                  00008408    00000018     drivers_msp432p4xx.aem4f : ADCMSP432.oem4f (.const:ADCMSP432_fxnTable)
                  00008420    00000018                              : PWM.oem4f (.const:PWM_defaultParams)
                  00008438    00000018     MSP_EXP432P401R.obj (.const:PowerMSP432_config)
                  00008450    00000018     MSP_EXP432P401R.obj (.const:pwmTimerMSP432HWAttrs)
                  00008468    00000018     release_pem4f.oem4f (.const:ti_sysbios_gates_GateHwi_Object__PARAMS__C)
                  00008480    00000018     release_pem4f.oem4f (.const:ti_sysbios_gates_GateMutexPri_Object__PARAMS__C)
                  00008498    00000018     release_pem4f.oem4f (.const:ti_sysbios_gates_GateMutex_Object__PARAMS__C)
                  000084b0    00000018     release_pem4f.oem4f (.const:ti_sysbios_knl_Event_Object__PARAMS__C)
                  000084c8    00000018     release_pem4f.oem4f (.const:ti_sysbios_knl_Queue_Object__PARAMS__C)
                  000084e0    00000014     MSP_EXP432P401R.obj (.const:GPIOMSP432_config)
                  000084f4    00000012     release_pem4f.oem4f (.const:xdc_runtime_Startup_sfxnRts__A)
                  00008506    00000002     release_pem4f.oem4f (.const:ti_sysbios_family_arm_msp432_init_Boot_bypassHFXT__C)
                  00008508    00000010     drivers_msp432p4xx.aem4f : PWMTimerMSP432.oem4f (.const:pwmTimerBaseAddr)
                  00008518    0000000c     MSP_EXP432P401R.obj (.const)
                  00008524    0000000c     release_pem4f.oem4f (.const:xdc_runtime_Startup_firstFxns__A)
                  00008530    00000008     Crystalfontz128x128_ST7735.obj (.const:$P$T0$1)
                  00008538    00000008     drivers_msp432p4xx.aem4f : ADC.oem4f (.const:ADC_defaultParams)
                  00008540    00000008     alarmtask.obj (.const:alarm_high)
                  00008548    00000008     alarmtask.obj (.const:alarm_low)
                  00008550    00000008     alarmtask.obj (.const:alarm_medium)
                  00008558    00000008     release_pem4f.oem4f (.const:ti_sysbios_knl_Idle_funcList__C)
                  00008560    00000008     release_pem4f.oem4f (.const:xdc_runtime_Startup_firstFxns__C)
                  00008568    00000008     release_pem4f.oem4f (.const:xdc_runtime_Startup_lastFxns__C)
                  00008570    00000006     drivers_msp432p4xx.aem4f : GPIOMSP432.oem4f (.const:.string:interruptType)
                  00008576    00000006                              : GPIOMSP432.oem4f (.const:.string:portInterruptIds)
                  0000857c    00000004     bsp_led.obj (.const:g_led_mapping)
                  00008580    00000004     release_pem4f.oem4f (.const:ti_sysbios_family_arm_m3_Hwi_E_alreadyDefined__C)
                  00008584    00000004     release_pem4f.oem4f (.const:ti_sysbios_family_arm_m3_Hwi_NUM_INTERRUPTS__C)
                  00008588    00000004     release_pem4f.oem4f (.const:ti_sysbios_family_arm_m3_Hwi_Object__count__C)
                  0000858c    00000004     release_pem4f.oem4f (.const:ti_sysbios_family_arm_m3_Hwi_ccr__C)
                  00008590    00000004     release_pem4f.oem4f (.const:ti_sysbios_family_arm_m3_Hwi_excHandlerFunc__C)
                  00008594    00000004     release_pem4f.oem4f (.const:ti_sysbios_family_arm_m3_Hwi_nullIsrFunc__C)
                  00008598    00000004     release_pem4f.oem4f (.const:ti_sysbios_family_arm_m3_Hwi_priGroup__C)
                  0000859c    00000004     release_pem4f.oem4f (.const:ti_sysbios_family_arm_m3_Hwi_swiDisable__C)
                  000085a0    00000004     release_pem4f.oem4f (.const:ti_sysbios_family_arm_m3_Hwi_swiRestoreHwi__C)
                  000085a4    00000004     release_pem4f.oem4f (.const:ti_sysbios_family_arm_m3_TaskSupport_stackAlignment__C)
                  000085a8    00000004     release_pem4f.oem4f (.const:ti_sysbios_family_arm_msp432_Timer_numTimerDevices__C)
                  000085ac    00000004     release_pem4f.oem4f (.const:ti_sysbios_family_arm_msp432_Timer_startupNeeded__C)
                  000085b0    00000004     release_pem4f.oem4f (.const:ti_sysbios_gates_GateMutexPri_Instance_State_pendQ__O)
                  000085b4    00000004     release_pem4f.oem4f (.const:ti_sysbios_gates_GateMutex_Instance_State_sem__O)
                  000085b8    00000004     release_pem4f.oem4f (.const:ti_sysbios_heaps_HeapMem_E_memory__C)
                  000085bc    00000004     release_pem4f.oem4f (.const:ti_sysbios_heaps_HeapMem_Module__gateObj__C)
                  000085c0    00000004     release_pem4f.oem4f (.const:ti_sysbios_heaps_HeapMem_Object__count__C)
                  000085c4    00000004     release_pem4f.oem4f (.const:ti_sysbios_heaps_HeapMem_primaryHeapBaseAddr__C)
                  000085c8    00000004     release_pem4f.oem4f (.const:ti_sysbios_heaps_HeapMem_primaryHeapEndAddr__C)
                  000085cc    00000004     release_pem4f.oem4f (.const:ti_sysbios_heaps_HeapMem_reqAlign__C)
                  000085d0    00000004     release_pem4f.oem4f (.const:ti_sysbios_knl_Clock_Module_State_clockQ__O)
                  000085d4    00000004     release_pem4f.oem4f (.const:ti_sysbios_knl_Event_Instance_State_pendQ__O)
                  000085d8    00000004     release_pem4f.oem4f (.const:ti_sysbios_knl_Idle_funcList__A)
                  000085dc    00000004     release_pem4f.oem4f (.const:ti_sysbios_knl_Mailbox_Instance_State_dataQue__O)
                  000085e0    00000004     release_pem4f.oem4f (.const:ti_sysbios_knl_Mailbox_Instance_State_dataSem__O)
                  000085e4    00000004     release_pem4f.oem4f (.const:ti_sysbios_knl_Mailbox_Instance_State_freeQue__O)
                  000085e8    00000004     release_pem4f.oem4f (.const:ti_sysbios_knl_Mailbox_Instance_State_freeSem__O)
                  000085ec    00000004     release_pem4f.oem4f (.const:ti_sysbios_knl_Mailbox_Object__count__C)
                  000085f0    00000004     release_pem4f.oem4f (.const:ti_sysbios_knl_Mailbox_maxTypeAlign__C)
                  000085f4    00000004     release_pem4f.oem4f (.const:ti_sysbios_knl_Semaphore_Instance_State_pendQ__O)
                  000085f8    00000004     release_pem4f.oem4f (.const:ti_sysbios_knl_Swi_Object__count__C)
                  000085fc    00000004     release_pem4f.oem4f (.const:ti_sysbios_knl_Task_Module_State_inactiveQ__O)
                  00008600    00000004     release_pem4f.oem4f (.const:ti_sysbios_knl_Task_Object__count__C)
                  00008604    00000004     release_pem4f.oem4f (.const:ti_sysbios_knl_Task_allBlockedFunc__C)
                  00008608    00000004     release_pem4f.oem4f (.const:ti_sysbios_knl_Task_defaultStackHeap__C)
                  0000860c    00000004     release_pem4f.oem4f (.const:ti_sysbios_knl_Task_defaultStackSize__C)
                  00008610    00000004     release_pem4f.oem4f (.const:ti_sysbios_knl_Task_numConstructedTasks__C)
                  00008614    00000004     release_pem4f.oem4f (.const:xdc_runtime_Error_E_memory__C)
                  00008618    00000004     release_pem4f.oem4f (.const:xdc_runtime_Error_policyFxn__C)
                  0000861c    00000004     release_pem4f.oem4f (.const:xdc_runtime_IGateProvider_Interface__BASE__C)
                  00008620    00000004     release_pem4f.oem4f (.const:xdc_runtime_IHeap_Interface__BASE__C)
                  00008624    00000004     release_pem4f.oem4f (.const:xdc_runtime_IModule_Interface__BASE__C)
                  00008628    00000004     release_pem4f.oem4f (.const:xdc_runtime_Memory_defaultHeapInstance__C)
                  0000862c    00000004     release_pem4f.oem4f (.const:xdc_runtime_Startup_execImpl__C)
                  00008630    00000004     release_pem4f.oem4f (.const:xdc_runtime_Startup_maxPasses__C)
                  00008634    00000004     release_pem4f.oem4f (.const:xdc_runtime_Startup_sfxnRts__C)
                  00008638    00000004     release_pem4f.oem4f (.const:xdc_runtime_Startup_sfxnTab__C)
                  0000863c    00000004     release_pem4f.oem4f (.const:xdc_runtime_SysCallback_abortFxn__C)
                  00008640    00000004     release_pem4f.oem4f (.const:xdc_runtime_SysCallback_exitFxn__C)
                  00008644    00000004     release_pem4f.oem4f (.const:xdc_runtime_System_Module__gateObj__C)
                  00008648    00000004     release_pem4f.oem4f (.const:xdc_runtime_System_abortFxn__C)
                  0000864c    00000004     release_pem4f.oem4f (.const:xdc_runtime_System_exitFxn__C)
                  00008650    00000004     release_pem4f.oem4f (.const:xdc_runtime_System_maxAtexitHandlers__C)
                  00008654    00000004     release_pem4f.oem4f (.const:xdc_runtime_Text_charTab__C)
                  00008658    00000004     release_pem4f.oem4f (.const:xdc_runtime_Text_nameEmpty__C)
                  0000865c    00000004     release_pem4f.oem4f (.const:xdc_runtime_Text_nameStatic__C)
                  00008660    00000004     release_pem4f.oem4f (.const:xdc_runtime_Text_nameUnknown__C)
                  00008664    00000002     release_pem4f.oem4f (.const:ti_sysbios_family_arm_msp432_init_Boot_bypassLFXT__C)
                  00008666    00000002     release_pem4f.oem4f (.const:ti_sysbios_family_arm_msp432_init_Boot_enableHFXT__C)
                  00008668    00000002     release_pem4f.oem4f (.const:ti_sysbios_family_arm_msp432_init_Boot_enableLFXT__C)
                  0000866a    00000002     release_pem4f.oem4f (.const:ti_sysbios_heaps_HeapMem_Module__id__C)
                  0000866c    00000002     release_pem4f.oem4f (.const:xdc_runtime_Memory_Module__id__C)
                  0000866e    00000002     release_pem4f.oem4f (.const:xdc_runtime_Text_charCnt__C)
                  00008670    00000002     release_pem4f.oem4f (.const:xdc_runtime_Text_isLoaded__C)
                  00008672    00000001     release_pem4f.oem4f (.const:xdc_runtime_Text_charTab__A)

.cinit     0    00008678    00000248     
                  00008678    0000021d     (.cinit..data.load) [load image, compression = lzss]
                  00008895    00000003     --HOLE-- [fill = 0]
                  00008898    0000000c     (__TI_handler_table)
                  000088a4    00000004     --HOLE-- [fill = 0]
                  000088a8    00000008     (.cinit..bss.load) [load image, compression = zero_init]
                  000088b0    00000010     (__TI_cinit_table)

.init_array 
*          0    00000000    00000000     UNINITIALIZED

.data      0    20008140    000005cb     UNINITIALIZED
                  20008140    000000d0     drivers_msp432p4xx.aem4f : PowerMSP432.oem4f (.data:PowerMSP432_perfLevels)
                  20008210    00000080                              : PWMTimerMSP432.oem4f (.data:pwmTimerStatus)
                  20008290    00000080     release_pem4f.oem4f (.data:ti_sysbios_knl_Swi_Module_State_0_readyQ__A)
                  20008310    00000080     release_pem4f.oem4f (.data:ti_sysbios_knl_Task_Module_State_0_readyQ__A)
                  20008390    0000004c     release_pem4f.oem4f (.data:ti_sysbios_family_arm_msp432_Timer_Object__table__V)
                  200083dc    0000004c     release_pem4f.oem4f (.data:ti_sysbios_knl_Task_Object__table__V)
                  20008428    00000044     release_pem4f.oem4f (.data:ti_sysbios_knl_Task_Module__state__V)
                  2000846c    00000038     release_pem4f.oem4f (.data:ti_sysbios_gates_GateMutex_Object__table__V)
                  200084a4    00000034     release_pem4f.oem4f (.data:ti_sysbios_family_arm_m3_Hwi_Module__state__V)
                  200084d8    00000030     release_pem4f.oem4f (.data:ti_sysbios_knl_Swi_Object__table__V)
                  20008508    0000002c     drivers_msp432p4xx.aem4f : PowerMSP432.oem4f (.data:PowerMSP432_module)
                  20008534    0000002c     release_pem4f.oem4f (.data:ti_sysbios_knl_Clock_Module__state__V)
                  20008560    00000024     release_pem4f.oem4f (.data:ti_sysbios_BIOS_Module__state__V)
                  20008584    00000020     MSP_EXP432P401R.obj (.data:gpioPinConfigs)
                  200085a4    00000020     release_pem4f.oem4f (.data:ti_sysbios_family_arm_msp432_Timer_Module_State_0_device__A)
                  200085c4    00000020     release_pem4f.oem4f (.data:xdc_runtime_Error_IgnoreBlock)
                  200085e4    0000001c     release_pem4f.oem4f (.data:ti_sysbios_knl_Swi_Module__state__V)
                  20008600    00000018     release_pem4f.oem4f (.data:ti_sysbios_family_arm_m3_Hwi_Object__table__V)
                  20008618    00000018     release_pem4f.oem4f (.data:ti_sysbios_heaps_HeapMem_Object__table__V)
                  20008630    00000010     Crystalfontz128x128_ST7735.obj (.data:g_sCrystalfontz128x128)
                  20008640    00000010     release_pem4f.oem4f (.data:ti_sysbios_family_arm_msp432_Timer_Module_State_0_handles__A)
                  20008650    0000000c     release_pem4f.oem4f (.data:ti_sysbios_family_arm_msp432_ClockFreqs_Module__state__V)
                  2000865c    0000000c     release_pem4f.oem4f (.data:ti_sysbios_family_arm_msp432_Timer_Module__state__V)
                  20008668    00000008     rtsv7M4_T_le_v4SPD16_eabi.lib : _lock.obj (.data:$O1$$)
                  20008670    00000008     drivers_msp432p4xx.aem4f : ADCMSP432.oem4f (.data)
                  20008678    00000008     MSP_EXP432P401R.obj (.data:gpioCallbackFunctions)
                  20008680    00000008     release_pem4f.oem4f (.data:ti_sysbios_family_arm_m3_Hwi_Module__root__V)
                  20008688    00000008     release_pem4f.oem4f (.data:ti_sysbios_gates_GateHwi_Module__root__V)
                  20008690    00000008     release_pem4f.oem4f (.data:ti_sysbios_gates_GateMutexPri_Module__root__V)
                  20008698    00000008     release_pem4f.oem4f (.data:ti_sysbios_gates_GateMutex_Module__root__V)
                  200086a0    00000008     release_pem4f.oem4f (.data:ti_sysbios_heaps_HeapMem_Module__root__V)
                  200086a8    00000008     release_pem4f.oem4f (.data:ti_sysbios_knl_Event_Module__root__V)
                  200086b0    00000008     release_pem4f.oem4f (.data:ti_sysbios_knl_Mailbox_Module__root__V)
                  200086b8    00000008     release_pem4f.oem4f (.data:ti_sysbios_knl_Queue_Module__root__V)
                  200086c0    00000008     release_pem4f.oem4f (.data:ti_sysbios_knl_Semaphore_Module__root__V)
                  200086c8    00000008     release_pem4f.oem4f (.data:ti_sysbios_knl_Task_Module__root__V)
                  200086d0    00000008     release_pem4f.oem4f (.data:xdc_runtime_Startup_Module__state__V)
                  200086d8    00000008     release_pem4f.oem4f (.data:xdc_runtime_System_Module_State_0_atexitHandlers__A)
                  200086e0    00000008     release_pem4f.oem4f (.data:xdc_runtime_System_Module__state__V)
                  200086e8    00000004     rtsv7M4_T_le_v4SPD16_eabi.lib : errno.obj (.data)
                  200086ec    00000004                                   : stkdepth_vars.obj (.data)
                  200086f0    00000004     release_pem4f.oem4f (.data:ti_sysbios_family_arm_m3_Hwi_Module_State_0_excContext__A)
                  200086f4    00000004     release_pem4f.oem4f (.data:ti_sysbios_family_arm_m3_Hwi_Module_State_0_excStack__A)
                  200086f8    00000004     release_pem4f.oem4f (.data:ti_sysbios_gates_GateHwi_Object__table__V)
                  200086fc    00000004     release_pem4f.oem4f (.data:ti_sysbios_knl_Task_Module_State_0_idleTask__A)
                  20008700    00000004     release_pem4f.oem4f (.data:xdc_runtime_Memory_Module__state__V)
                  20008704    00000002     dive_controller.obj (.data)
                  20008706    00000002     release_pem4f.oem4f (.data:ti_sysbios_family_arm_m3_Hwi_Module_State_0_excActive__A)
                  20008708    00000001     drivers_msp432p4xx.aem4f : ADC.oem4f (.data)
                  20008709    00000001                              : GPIOMSP432.oem4f (.data)
                  2000870a    00000001                              : PWM.oem4f (.data)

.bss       0    20008710    0000056e     UNINITIALIZED
                  20008710    00000200     release_pem4f.oem4f (.bss:taskStackSection)
                  20008910    00000140     (.common:ti_sysbios_family_arm_m3_Hwi_dispatchTable)
                  20008a50    000000b4     (.common:timerMSP432Objects)
                  20008b04    0000003c     main.obj (.bss:task_params$1)
                  20008b40    00000034     main.obj (.bss:mbx_params_adc$4)
                  20008b74    00000034     main.obj (.bss:mbx_params_display$6)
                  20008ba8    00000030     drivers_msp432p4xx.aem4f : GPIOMSP432.oem4f (.bss:gpioCallbackInfo)
                  20008bd8    00000030     (.common:pwmTimerMSP432Objects)
                  20008c08    00000020     main.obj (.bss:eb$3)
                  20008c28    0000001c     protectedlcd.obj (.bss:g_context)
                  20008c44    00000008     main.obj (.bss)
                  20008c4c    00000008     (.common:adcMSP432Objects)
                  20008c54    00000004     protectedlcd.obj (.bss)
                  20008c58    00000004     (.common:alarm_event)
                  20008c5c    00000004     (.common:g_adc_mbox)
                  20008c60    00000004     (.common:g_alarm_event_handle)
                  20008c64    00000004     (.common:g_display_mbox)
                  20008c68    00000004     (.common:g_event_handle)
                  20008c6c    00000004     (.common:g_pwm_buzzer)
                  20008c70    00000004     (.common:p_waveform)
                  20008c74    00000002     (.common:Lcd_ScreenHeigth)
                  20008c76    00000002     (.common:Lcd_ScreenWidth)
                  20008c78    00000002     (.common:Lcd_TouchTrim)
                  20008c7a    00000001     (.common:Lcd_FlagRead)
                  20008c7b    00000001     (.common:Lcd_FontSolid)
                  20008c7c    00000001     (.common:Lcd_Orientation)
                  20008c7d    00000001     (.common:Lcd_PenSolid)

.priheap   0    20000140    00008000     UNINITIALIZED
                  20000140    00008000     --HOLE--

.stack     0    2000fc00    00000400     UNINITIALIZED
                  2000fc00    00000400     --HOLE--

.bootVecs 
*          0    00000000    00000008     DSECT
                  00000000    00000008     boot.aem4f : boot.oem4f (.bootVecs)

.resetVecs 
*          0    00000000    0000003c     
                  00000000    0000003c     release_pem4f.oem4f (.resetVecs)

.vecs      0    20000000    00000140     NOLOAD SECTION
                  20000000    00000140     release_pem4f.oem4f (.vecs)

xdc.meta   0    00000000    00000107     COPY SECTION
                  00000000    00000107     release_pem4f.oem4f (xdc.meta)

xdc.noload 
*          0    00000000    00000000     COPY SECTION

.binit     0    00000000    00000000     

MODULE SUMMARY

       Module                                               code    ro data   rw data
       ------                                               ----    -------   -------
    ./
       main.obj                                             824     0         208    
       display_task.obj                                     680     0         4      
       MSP_EXP432P401R.obj                                  8       188       276    
       dive_controller.obj                                  452     0         2      
       alarmtask.obj                                        344     24        16     
       protectedlcd.obj                                     234     0         32     
       scuba.obj                                            222     0         0      
       bsp.obj                                              170     0         0      
       buttons_dive.obj                                     160     0         0      
       bsp_led.obj                                          152     4         0      
       adc_dive.obj                                         100     0         4      
       alarm.obj                                            92      0         0      
       timertask.obj                                        32      0         0      
       blinkingledtask.obj                                  22      0         0      
    +--+----------------------------------------------------+-------+---------+---------+
       Total:                                               3492    216       542    
                                                                                     
    ./LcdDriver/
       Crystalfontz128x128_ST7735.obj                       1670    40        26     
       HAL_MSP_EXP432P401R_Crystalfontz128x128_ST7735.obj   212     28        0      
    +--+----------------------------------------------------+-------+---------+---------+
       Total:                                               1882    68        26     
                                                                                     
    ./fonts/
       fontfixed6x8.obj                                     0       960       0      
    +--+----------------------------------------------------+-------+---------+---------+
       Total:                                               0       960       0      
                                                                                     
    /Users/munanxu/software_bootcamp/tirtos_builds_MSP_EXP432P401R_release_ccs/Debug/configPkg/package/cfg/
       release_pem4f.oem4f                                  1646    1290      2170   
    +--+----------------------------------------------------+-------+---------+---------+
       Total:                                               1646    1290      2170   
                                                                                     
    /Applications/ti/ccsv7/tools/compiler/ti-cgt-arm_16.9.3.LTS/lib/rtsv7M4_T_le_v4SPD16_eabi.lib
       _printfi.obj                                         4414    0         0      
       ull_div_t2.obj                                       500     0         0      
       fd_add_t2.obj                                        438     0         0      
       fd_div_t2.obj                                        310     0         0      
       fd_cmp_t2.obj                                        268     0         0      
       ctype.obj                                            0       257       0      
       fd_mul_t2.obj                                        252     0         0      
       s_scalbn.obj                                         252     0         0      
       memcpy_t2.obj                                        156     0         0      
       snprintf.obj                                         148     0         0      
       memset_t2.obj                                        122     0         0      
       copy_decompress_lzss.obj                             104     0         0      
       s_frexp.obj                                          100     0         0      
       ltoa.obj                                             84      0         0      
       atoi.obj                                             76      0         0      
       cpy_tbl.obj                                          76      0         0      
       fd_toi_t2.obj                                        72      0         0      
       i_tofd_t2.obj                                        46      0         0      
       _lock.obj                                            20      0         8      
       memccpy.obj                                          28      0         0      
       args_main.obj                                        24      0         0      
       strchr.obj                                           22      0         0      
       s_copysign.obj                                       20      0         0      
       strlen.obj                                           20      0         0      
       copy_decompress_none.obj                             14      0         0      
       copy_zero_init.obj                                   12      0         0      
       errno.obj                                            0       0         4      
       stkdepth_vars.obj                                    0       0         4      
    +--+----------------------------------------------------+-------+---------+---------+
       Total:                                               7578    257       16     
                                                                                     
    /Users/munanxu/software_bootcamp/tirtos_builds_MSP_EXP432P401R_release_ccs/src/sysbios/sysbios.aem4f
       BIOS.obj                                             8902    0         0      
       m3_Hwi_asm.obj                                       306     0         0      
       m3_TaskSupport_asm.obj                               180     0         0      
       m3_Hwi_asm_switch.obj                                118     0         0      
    +--+----------------------------------------------------+-------+---------+---------+
       Total:                                               9506    0         0      
                                                                                     
    /Users/munanxu/ti/simplelink_msp432_sdk_1_30_00_40/kernel/tirtos/packages/ti/dpl/lib/dpl_msp432p4xx.aem4f
       PowerMSP432_tirtos.oem4f                             126     0         0      
       SemaphoreP_tirtos.oem4f                              116     0         0      
       HwiP_tirtos.oem4f                                    86      0         0      
    +--+----------------------------------------------------+-------+---------+---------+
       Total:                                               328     0         0      
                                                                                     
    /Users/munanxu/ti/simplelink_msp432_sdk_1_30_00_40/kernel/tirtos/packages/ti/targets/arm/rtsarm/lib/auto_init.aem4f
       auto_init.oem4f                                      160     0         0      
    +--+----------------------------------------------------+-------+---------+---------+
       Total:                                               160     0         0      
                                                                                     
    /Users/munanxu/ti/simplelink_msp432_sdk_1_30_00_40/kernel/tirtos/packages/ti/targets/arm/rtsarm/lib/boot.aem4f
       boot.oem4f                                           88      0         0      
    +--+----------------------------------------------------+-------+---------+---------+
       Total:                                               88      0         0      
                                                                                     
    /Users/munanxu/ti/simplelink_msp432_sdk_1_30_00_40/source/ti/devices/msp432p4xx/driverlib/ccs/msp432p4xx_driverlib.lib
       cs.o                                                 260     0         0      
       spi.o                                                222     0         0      
       gpio.o                                               156     48        0      
       sysctl.o                                             48      0         0      
       cpu.o                                                24      0         0      
    +--+----------------------------------------------------+-------+---------+---------+
       Total:                                               710     48        0      
                                                                                     
    /Users/munanxu/ti/simplelink_msp432_sdk_1_30_00_40/source/ti/drivers/lib/drivers_msp432p4xx.aem4f
       PowerMSP432.oem4f                                    1572    0         252    
       PWMTimerMSP432.oem4f                                 1340    48        128    
       GPIOMSP432.oem4f                                     804     12        49     
       ADCMSP432.oem4f                                      706     24        8      
       PWM.oem4f                                            168     24        1      
       ADC.oem4f                                            158     8         1      
       TimerMSP432.oem4f                                    104     0         0      
       List.oem4f                                           8       0         0      
    +--+----------------------------------------------------+-------+---------+---------+
       Total:                                               4860    116       439    
                                                                                     
    /Users/munanxu/ti/simplelink_msp432_sdk_1_30_00_40/source/ti/grlib/ccs/grlib.lib
       string.o                                             746     0         0      
       context.o                                            76      0         0      
       line.o                                               74      0         0      
       display.o                                            56      0         0      
    +--+----------------------------------------------------+-------+---------+---------+
       Total:                                               952     0         0      
                                                                                     
       Stack:                                               0       0         1024   
       Linker Generated:                                    0       577       0      
[...]
00007885  Graphics_setForegroundColor                                 
00007893  HwiP_Params_init                                            
000078a1  SemaphoreP_delete                                           
000078af  bsp_halt                                                    
000078bd  __TI_decompress_none                                        
000078cb  PWMTimerMSP432_control                                      
000078d1  ti_sysbios_knl_Idle_loop__E                                 
000078e1  ti_sysbios_knl_Queue_empty__E                               
000078ef  CPU_cpsid                                                   
000078fb  CPU_cpsie                                                   
00007907  EUSCI_A_SPI_enable                                          
00007913  EUSCI_B_SPI_enable                                          
00007921  Power_getConstraintMask                                     
0000792d  Power_getPerformanceLevel                                   
00007939  bsp_init                                                    
00007951  __TI_zero_init                                              
0000795d  ti_sysbios_family_arm_m3_Hwi_Params__init__S                
0000795d  ti_sysbios_hal_Hwi_HwiProxy_Params__init__S                 
00007969  ti_sysbios_family_arm_m3_Hwi_disableFxn__E                  
00007969  ti_sysbios_hal_Hwi_HwiProxy_disable__E                      
00007979  ti_sysbios_family_arm_m3_TaskSupport_getStackAlignment__E   
00007979  ti_sysbios_knl_Task_SupportProxy_getStackAlignment__E       
00007989  ti_sysbios_family_arm_msp432_Timer_getMaxTicks__E           
00007999  ti_sysbios_gates_GateHwi_enter__E                           
000079a5  ti_sysbios_gates_GateMutexPri_Params__init__S               
000079b1  ti_sysbios_knl_Mailbox_Params__init__S                      
000079bd  ti_sysbios_knl_Queue_Object__get__S                         
000079c9  ti_sysbios_knl_Semaphore_Params__init__S                    
000079d5  ti_sysbios_knl_Task_Params__init__S                         
000079e1  xdc_runtime_Gate_enterSystem__E                             
000079f1  xdc_runtime_Startup_rtsDone__E                              
000079fd  ADC_Params_init                                             
00007a07  ADC_close                                                   
00007a11  ADC_convert                                                 
00007a25  Graphics_clearDisplay                                       
00007a2f  Graphics_clearDisplayOnDisplay                              
00007a39  Graphics_translateColorOnDisplay                            
00007a43  PWM_setDuty                                                 
00007a4d  PWM_start                                                   
00007a57  SemaphoreP_Params_init                                      
00007a61  SemaphoreP_post                                             
00007a61  SemaphoreP_postFromClock                                    
00007a6b  xdc_runtime_Memory_HeapProxy_alloc__E                       
00007a75  xdc_runtime_Memory_HeapProxy_free__E                        
00007a7f  MSP_EXP432P401R_initGeneral                                 
00007a89  ti_sysbios_family_arm_m3_Hwi_doSwiRestore__I                
00007a91  ti_sysbios_family_arm_m3_Hwi_startup__E                     
00007a91  ti_sysbios_hal_Hwi_HwiProxy_startup__E                      
00007a99  ti_sysbios_family_arm_m3_Hwi_doTaskRestore__I               
00007aa1  HwiP_restore                                                
00007aa1  ti_sysbios_family_arm_m3_Hwi_restoreFxn__E                  
00007aa1  ti_sysbios_hal_Hwi_HwiProxy_restore__E                      
00007aa9  ti_sysbios_gates_GateHwi_leave__E                           
00007ab1  ti_sysbios_heaps_HeapMem_isBlocking__E                      
00007ab9  ti_sysbios_knl_Queue_Instance_init__E                       
00007ac1  ti_sysbios_knl_Swi_startup__E                               
00007ac9  xdc_runtime_System_Module_startup__E                        
00007ad1  ti_sysbios_gates_GateHwi_query__E                           
00007ad1  xdc_runtime_Main_Module_GateProxy_query__E                  
00007ad1  xdc_runtime_System_Module_GateProxy_query__E                
00007ad9  ti_sysbios_gates_GateMutexPri_query__E                      
00007ae1  ti_sysbios_BIOS_RtsGateProxy_query__E                       
00007ae1  ti_sysbios_gates_GateMutex_query__E                         
00007ae1  ti_sysbios_heaps_HeapMem_Module_GateProxy_query__E          
00007ae9  ti_sysbios_knl_Task_startup__E                              
00007af1  ti_sysbios_BIOS_linkedWithIncorrectBootLibrary__E           
00007af9  ti_sysbios_gates_GateHwi_Instance_init__E                   
00007b01  ti_sysbios_knl_Clock_logTick__E                             
00007b09  xdc_runtime_SysCallback_defaultAbort                        
00007b11  xdc_runtime_SysCallback_defaultExit                         
00007b19  xdc_runtime_System_abortSpin__E                             
00007b21  xdc_runtime_System_exitSpin__E                              
00007e1c  _ctypes_                                                    
00007f1d  xdc_runtime_Error_policy__C                                 
00007f1e  ti_sysbios_family_arm_m3_Hwi_Module__id__C                  
00007f20  g_sFontFixed6x8                                             
00008000  HEAPSIZE                                                    
00008030  ti_sysbios_knl_Task_Object__PARAMS__C                       
0000806c  ti_sysbios_knl_Mailbox_Object__PARAMS__C                    
000080d0  ti_sysbios_family_arm_m3_Hwi_Object__PARAMS__C              
00008100  ti_sysbios_heaps_HeapMem_Module__FXNS__C                    
00008128  ADC_config                                                  
0000814c  PWM_config                                                  
00008170  adcMSP432HWAttrs                                            
00008194  ti_sysbios_gates_GateHwi_Module__FXNS__C                    
000081b8  ti_sysbios_gates_GateMutexPri_Module__FXNS__C               
000081dc  ti_sysbios_gates_GateMutex_Module__FXNS__C                  
00008200  ti_sysbios_heaps_HeapMem_Object__PARAMS__C                  
00008224  ti_sysbios_knl_Semaphore_Object__PARAMS__C                  
00008248  xdc_runtime_Startup_sfxnTab__A                              
0000826c  PWMTimerMSP432_fxnTable                                     
0000828c  g_sCrystalfontz128x128_funcs                                
000082ac  ti_sysbios_family_arm_m3_Hwi_Object__DESC__C                
000082cc  ti_sysbios_gates_GateHwi_Object__DESC__C                    
000082ec  ti_sysbios_gates_GateMutexPri_Object__DESC__C               
0000830c  ti_sysbios_gates_GateMutex_Object__DESC__C                  
0000832c  ti_sysbios_heaps_HeapMem_Object__DESC__C                    
0000834c  ti_sysbios_knl_Event_Object__DESC__C                        
0000836c  ti_sysbios_knl_Mailbox_Object__DESC__C                      
0000838c  ti_sysbios_knl_Queue_Object__DESC__C                        
000083ac  ti_sysbios_knl_Semaphore_Object__DESC__C                    
000083cc  ti_sysbios_knl_Task_Object__DESC__C                         
00008408  ADCMSP432_fxnTable                                          
00008420  PWM_defaultParams                                           
00008438  PowerMSP432_config                                          
00008450  pwmTimerMSP432HWAttrs                                       
00008468  ti_sysbios_gates_GateHwi_Object__PARAMS__C                  
00008480  ti_sysbios_gates_GateMutexPri_Object__PARAMS__C             
00008498  ti_sysbios_gates_GateMutex_Object__PARAMS__C                
000084b0  ti_sysbios_knl_Event_Object__PARAMS__C                      
000084c8  ti_sysbios_knl_Queue_Object__PARAMS__C                      
000084e0  GPIOMSP432_config                                           
000084f4  xdc_runtime_Startup_sfxnRts__A                              
00008506  ti_sysbios_family_arm_msp432_init_Boot_bypassHFXT__C        
00008518  ADC_count                                                   
00008519  ADCBuf_count                                                
0000851a  Capture_count                                               
0000851b  Display_count                                               
0000851c  I2C_count                                                   
0000851d  I2CSlave_count                                              
0000851e  PWM_count                                                   
0000851f  SDSPI_count                                                 
00008520  SPI_count                                                   
00008521  Timer_count                                                 
00008522  UART_count                                                  
00008523  Watchdog_count                                              
00008524  xdc_runtime_Startup_firstFxns__A                            
00008538  ADC_defaultParams                                           
00008558  ti_sysbios_knl_Idle_funcList__C                             
00008560  xdc_runtime_Startup_firstFxns__C                            
00008568  xdc_runtime_Startup_lastFxns__C                             
00008580  ti_sysbios_family_arm_m3_Hwi_E_alreadyDefined__C            
00008584  ti_sysbios_family_arm_m3_Hwi_NUM_INTERRUPTS__C              
00008588  ti_sysbios_family_arm_m3_Hwi_Object__count__C               
0000858c  ti_sysbios_family_arm_m3_Hwi_ccr__C                         
00008590  ti_sysbios_family_arm_m3_Hwi_excHandlerFunc__C              
00008594  ti_sysbios_family_arm_m3_Hwi_nullIsrFunc__C                 
00008598  ti_sysbios_family_arm_m3_Hwi_priGroup__C                    
0000859c  ti_sysbios_family_arm_m3_Hwi_swiDisable__C                  
000085a0  ti_sysbios_family_arm_m3_Hwi_swiRestoreHwi__C               
000085a4  ti_sysbios_family_arm_m3_TaskSupport_stackAlignment__C      
000085a8  ti_sysbios_family_arm_msp432_Timer_numTimerDevices__C       
000085ac  ti_sysbios_family_arm_msp432_Timer_startupNeeded__C         
000085b0  ti_sysbios_gates_GateMutexPri_Instance_State_pendQ__O       
000085b4  ti_sysbios_gates_GateMutex_Instance_State_sem__O            
000085b8  ti_sysbios_heaps_HeapMem_E_memory__C                        
000085bc  ti_sysbios_heaps_HeapMem_Module__gateObj__C                 
000085c0  ti_sysbios_heaps_HeapMem_Object__count__C                   
000085c4  ti_sysbios_heaps_HeapMem_primaryHeapBaseAddr__C             
000085c8  ti_sysbios_heaps_HeapMem_primaryHeapEndAddr__C              
000085cc  ti_sysbios_heaps_HeapMem_reqAlign__C                        
000085d0  ti_sysbios_knl_Clock_Module_State_clockQ__O                 
000085d4  ti_sysbios_knl_Event_Instance_State_pendQ__O                
000085d8  ti_sysbios_knl_Idle_funcList__A                             
000085dc  ti_sysbios_knl_Mailbox_Instance_State_dataQue__O            
000085e0  ti_sysbios_knl_Mailbox_Instance_State_dataSem__O            
000085e4  ti_sysbios_knl_Mailbox_Instance_State_freeQue__O            
000085e8  ti_sysbios_knl_Mailbox_Instance_State_freeSem__O            
000085ec  ti_sysbios_knl_Mailbox_Object__count__C                     
000085f0  ti_sysbios_knl_Mailbox_maxTypeAlign__C                      
000085f4  ti_sysbios_knl_Semaphore_Instance_State_pendQ__O            
000085f8  ti_sysbios_knl_Swi_Object__count__C                         
000085fc  ti_sysbios_knl_Task_Module_State_inactiveQ__O               
00008600  ti_sysbios_knl_Task_Object__count__C                        
00008604  ti_sysbios_knl_Task_allBlockedFunc__C                       
00008608  ti_sysbios_knl_Task_defaultStackHeap__C                     
0000860c  ti_sysbios_knl_Task_defaultStackSize__C                     
00008610  ti_sysbios_knl_Task_numConstructedTasks__C                  
00008614  xdc_runtime_Error_E_memory__C                               
00008618  xdc_runtime_Error_policyFxn__C                              
0000861c  xdc_runtime_IGateProvider_Interface__BASE__C                
00008620  xdc_runtime_IHeap_Interface__BASE__C                        
00008624  xdc_runtime_IModule_Interface__BASE__C                      
00008628  xdc_runtime_Memory_defaultHeapInstance__C                   
0000862c  xdc_runtime_Startup_execImpl__C                             
00008630  xdc_runtime_Startup_maxPasses__C                            
00008634  xdc_runtime_Startup_sfxnRts__C                              
00008638  xdc_runtime_Startup_sfxnTab__C                              
0000863c  xdc_runtime_SysCallback_abortFxn__C                         
00008640  xdc_runtime_SysCallback_exitFxn__C                          
00008644  xdc_runtime_System_Module__gateObj__C                       
00008648  xdc_runtime_System_abortFxn__C                              
0000864c  xdc_runtime_System_exitFxn__C                               
00008650  xdc_runtime_System_maxAtexitHandlers__C                     
00008654  xdc_runtime_Text_charTab__C                                 
00008658  xdc_runtime_Text_nameEmpty__C                               
0000865c  xdc_runtime_Text_nameStatic__C                              
00008660  xdc_runtime_Text_nameUnknown__C                             
00008664  ti_sysbios_family_arm_msp432_init_Boot_bypassLFXT__C        
00008666  ti_sysbios_family_arm_msp432_init_Boot_enableHFXT__C        
00008668  ti_sysbios_family_arm_msp432_init_Boot_enableLFXT__C        
0000866a  ti_sysbios_heaps_HeapMem_Module__id__C                      
0000866c  xdc_runtime_Memory_Module__id__C                            
0000866e  xdc_runtime_Text_charCnt__C                                 
00008670  xdc_runtime_Text_isLoaded__C                                
00008672  xdc_runtime_Text_charTab__A                                 
00008678  __TI_static_base__                                          
00008898  __TI_Handler_Table_Base                                     
000088a4  __TI_Handler_Table_Limit                                    
000088b0  __TI_CINIT_Base                                             
000088c0  __TI_CINIT_Limit                                            
20000000  ti_sysbios_family_arm_m3_Hwi_ramVectors                     
20000140  __primary_heap_start__                                      
20008140  PowerMSP432_perfLevels                                      
20008140  __primary_heap_end__                                        
20008290  ti_sysbios_knl_Swi_Module_State_0_readyQ__A                 
20008310  ti_sysbios_knl_Task_Module_State_0_readyQ__A                
20008390  ti_sysbios_family_arm_msp432_Timer_Object__table__V         
200083dc  ti_sysbios_knl_Task_Object__table__V                        
20008428  ti_sysbios_knl_Task_Module__state__V                        
2000846c  ti_sysbios_gates_GateMutex_Object__table__V                 
200084a4  ti_sysbios_family_arm_m3_Hwi_Module__state__V               
200084d8  ti_sysbios_knl_Swi_Object__table__V                         
20008508  PowerMSP432_module                                          
20008534  ti_sysbios_knl_Clock_Module__state__V                       
20008560  ti_sysbios_BIOS_Module__state__V                            
20008584  gpioPinConfigs                                              
200085a4  ti_sysbios_family_arm_msp432_Timer_Module_State_0_device__A 
200085c4  xdc_runtime_Error_IgnoreBlock                               
200085e4  ti_sysbios_knl_Swi_Module__state__V                         
20008600  ti_sysbios_family_arm_m3_Hwi_Object__table__V               
20008618  ti_sysbios_heaps_HeapMem_Object__table__V                   
20008630  g_sCrystalfontz128x128                                      
20008640  ti_sysbios_family_arm_msp432_Timer_Module_State_0_handles__A
20008650  ti_sysbios_family_arm_msp432_ClockFreqs_Module__state__V    
2000865c  ti_sysbios_family_arm_msp432_Timer_Module__state__V         
20008668  _lock                                                       
2000866c  _unlock                                                     
20008678  gpioCallbackFunctions                                       
20008680  ti_sysbios_family_arm_m3_Hwi_Module__root__V                
20008688  ti_sysbios_gates_GateHwi_Module__root__V                    
20008690  ti_sysbios_gates_GateMutexPri_Module__root__V               
20008698  ti_sysbios_gates_GateMutex_Module__root__V                  
200086a0  ti_sysbios_heaps_HeapMem_Module__root__V                    
200086a8  ti_sysbios_knl_Event_Module__root__V                        
200086b0  ti_sysbios_knl_Mailbox_Module__root__V                      
200086b8  ti_sysbios_knl_Queue_Module__root__V                        
200086c0  ti_sysbios_knl_Semaphore_Module__root__V                    
200086c8  ti_sysbios_knl_Task_Module__root__V                         
200086d0  xdc_runtime_Startup_Module__state__V                        
200086d8  xdc_runtime_System_Module_State_0_atexitHandlers__A         
200086e0  xdc_runtime_System_Module__state__V                         
200086e8  errno                                                       
200086ec  main_func_sp                                                
200086f0  ti_sysbios_family_arm_m3_Hwi_Module_State_0_excContext__A   
200086f4  ti_sysbios_family_arm_m3_Hwi_Module_State_0_excStack__A     
200086f8  ti_sysbios_gates_GateHwi_Object__table__V                   
200086fc  ti_sysbios_knl_Task_Module_State_0_idleTask__A              
20008700  xdc_runtime_Memory_Module__state__V                         
20008706  ti_sysbios_family_arm_m3_Hwi_Module_State_0_excActive__A    
20008710  ti_sysbios_knl_Task_Instance_State_0_stack__A               
20008910  ti_sysbios_family_arm_m3_Hwi_dispatchTable                  
20008a50  timerMSP432Objects                                          
20008bd8  pwmTimerMSP432Objects                                       
20008c4c  adcMSP432Objects                                            
20008c58  alarm_event                                                 
20008c5c  g_adc_mbox                                                  
20008c60  g_alarm_event_handle                                        
20008c64  g_display_mbox                                              
20008c68  g_event_handle                                              
20008c6c  g_pwm_buzzer                                                
20008c70  p_waveform                                                  
20008c74  Lcd_ScreenHeigth                                            
20008c76  Lcd_ScreenWidth                                             
20008c78  Lcd_TouchTrim                                               
20008c7a  Lcd_FlagRead                                                
20008c7b  Lcd_FontSolid                                               
20008c7c  Lcd_Orientation                                             
20008c7d  Lcd_PenSolid                                                
2000fc00  __stack                                                     
20010000  __STACK_END                                                 
4000480c  WDTCTL_SYM                                                  
e000e000  ti_sysbios_family_arm_m3_Hwi_nvic                           
ffffffff  __TI_pprof_out_hndl                                         
ffffffff  __TI_prof_data_size                                         
ffffffff  __TI_prof_data_start                                        
ffffffff  __binit__                                                   
ffffffff  __c_args__                                                  
ffffffff  binit                                                       
UNDEFED   SHT$$INIT_ARRAY$$Base                                       
UNDEFED   SHT$$INIT_ARRAY$$Limit                                      

[612 symbols]
