******************************************************************************
                  TI ARM Linker Unix v16.9.3                   
******************************************************************************
>> Linked Thu Aug 17 17:03:44 2017

OUTPUT FILE NAME:   <dive_computer.out>
ENTRY POINT SYMBOL: "_c_int00"  address: 00005561


MEMORY CONFIGURATION

         name            origin    length      used     unused   attr    fill
----------------------  --------  ---------  --------  --------  ----  --------
  MAIN                  00000000   00040000  00008765  0003789b  R  X
  INFO                  00200000   00004000  00000000  00004000  R  X
  SRAM_CODE             01000000   00010000  00000000  00010000  RW X
  SRAM_DATA             20000000   00010000  00009075  00006f8b  RW  


SEGMENT ALLOCATION MAP

run origin  load origin   length   init length attrs members
----------  ----------- ---------- ----------- ----- -------
00000000    00000000    00008770   00008770    r-x
  00000000    00000000    0000003c   0000003c    r-- .resetVecs
  00000040    00000040    000079aa   000079aa    r-x .text
  000079ec    000079ec    00000b37   00000b37    r-- .const
  00008528    00008528    00000248   00000248    r-- .cinit
20000140    20000140    00008000   00000000    r--
  20000140    20000140    00008000   00000000    r-- .priheap
20008140    20008140    00000b3a   00000000    rw-
  20008140    20008140    000005cb   00000000    rw- .data
  20008710    20008710    0000056a   00000000    rw- .bss
2000fc00    2000fc00    00000400   00000000    rw-
  2000fc00    2000fc00    00000400   00000000    rw- .stack


SECTION ALLOCATION MAP

 output                                  attributes/
section   page    origin      length       input sections
--------  ----  ----------  ----------   ----------------
.text      0    00000040    000079aa     
                  00000040    0000113e     rtsv7M4_T_le_v4SPD16_eabi.lib : _printfi.obj (.text)
                  0000117e    000002d0     grlib.lib : string.o (.text:Graphics_drawString)
                  0000144e    00000002     drivers_msp432p4xx.aem4f : ADCMSP432.oem4f (.text:ADCMSP432_init)
                  00001450    000002d0                              : PowerMSP432.oem4f (.text:Power_sleep)
                  00001720    000002a8     display_task.obj (.text:display_task)
                  000019c8    00000290     main.obj (.text:startup_task)
                  00001c58    000001f4     rtsv7M4_T_le_v4SPD16_eabi.lib : ull_div_t2.obj (.text)
                  00001e4c    000001d8     Crystalfontz128x128_ST7735.obj (.text:Crystalfontz128x128_PixelDrawMultiple)
                  00002024    000001c4     dive_controller.obj (.text:dive_controller_task)
                  000021e8    000001b6     rtsv7M4_T_le_v4SPD16_eabi.lib : fd_add_t2.obj (.text)
                  0000239e    00000002     drivers_msp432p4xx.aem4f : PWMTimerMSP432.oem4f (.text:PWMTimerMSP432_init)
                  000023a0    0000015c                              : GPIOMSP432.oem4f (.text:GPIO_setConfig)
                  000024fc    00000004     grlib.lib : context.o (.text:Graphics_setFont)
                  00002500    00000158     sysbios.aem4f : BIOS.obj (.text:ti_sysbios_knl_Event_pend__E)
                  00002658    0000014c     drivers_msp432p4xx.aem4f : PowerMSP432.oem4f (.text:initPerfControl)
                  000027a4    00000136     rtsv7M4_T_le_v4SPD16_eabi.lib : fd_div_t2.obj (.text)
                  000028da    00000002     dpl_msp432p4xx.aem4f : PowerMSP432_tirtos.oem4f (.text:PowerMSP432_initPolicy)
                  000028dc    00000134     Crystalfontz128x128_ST7735.obj (.text:Crystalfontz128x128_SetDrawFrame)
                  00002a10    00000130     sysbios.aem4f : BIOS.obj (.text:ti_sysbios_knl_Semaphore_pend__E)
                  00002b40    0000012c     Crystalfontz128x128_ST7735.obj (.text:Crystalfontz128x128_Init)
                  00002c6c    00000118     drivers_msp432p4xx.aem4f : ADCMSP432.oem4f (.text:ADCMSP432_convert)
                  00002d84    00000004     dpl_msp432p4xx.aem4f : HwiP_tirtos.oem4f (.text:HwiP_disable)
                  00002d88    00000108     sysbios.aem4f : BIOS.obj (.text:xdc_runtime_Startup_startMods__I)
                  00002e90    00000100     drivers_msp432p4xx.aem4f : PWMTimerMSP432.oem4f (.text:initHw)
                  00002f90    000000fc     rtsv7M4_T_le_v4SPD16_eabi.lib : fd_mul_t2.obj (.text)
                  0000308c    000000fc                                   : s_scalbn.obj (.text)
                  00003188    000000fc     sysbios.aem4f : BIOS.obj (.text:ti_sysbios_family_arm_msp432_init_Boot_configureClocksHigh)
                  00003284    000000ec                   : m3_Hwi_asm.obj (.text:ti_sysbios_family_arm_m3_Hwi_dispatch__I)
                  00003370    000000e0     msp432p4xx_driverlib.lib : cs.o (.text:CS_initClockSignal)
                  00003450    000000d8     drivers_msp432p4xx.aem4f : PWMTimerMSP432.oem4f (.text:PWMTimerMSP432_open)
                  00003528    000000d4     sysbios.aem4f : BIOS.obj (.text:ti_sysbios_knl_Mailbox_Instance_init__E)
                  000035fc    00000004     drivers_msp432p4xx.aem4f : List.oem4f (.text:List_head)
                  00003600    000000d0     sysbios.aem4f : BIOS.obj (.text:ti_sysbios_heaps_HeapMem_alloc__E)
                  000036d0    000000c4                   : BIOS.obj (.text:ti_sysbios_knl_Task_sleep__E)
                  00003794    00000004     drivers_msp432p4xx.aem4f : List.oem4f (.text:List_next)
                  00003798    000000c0     sysbios.aem4f : BIOS.obj (.text:ti_sysbios_knl_Task_Instance_init__E)
                  00003858    000000bc                   : BIOS.obj (.text:ti_sysbios_knl_Task_Instance_finalize__E)
                  00003914    00000004     release_pem4f.oem4f (.text:ti_sysbios_BIOS_RtsGateProxy_enter__E)
                  00003918    000000a8     sysbios.aem4f : BIOS.obj (.text:ti_sysbios_family_arm_msp432_Timer_periodicStub__E)
                  000039c0    000000a8                   : BIOS.obj (.text:xdc_runtime_Core_createObject__I)
                  00003a68    000000a4                   : BIOS.obj (.text:ti_sysbios_knl_Task_setPri__E)
                  00003b0c    000000a0     auto_init.aem4f : auto_init.oem4f (.text)
                  00003bac    000000a0     buttons_dive.obj (.text:button_task)
                  00003c4c    0000009c     Crystalfontz128x128_ST7735.obj (.text:Crystalfontz128x128_RectFill)
                  00003ce8    0000009c     drivers_msp432p4xx.aem4f : PWMTimerMSP432.oem4f (.text:PWMTimerMSP432_setPeriod)
                  00003d84    0000009c     rtsv7M4_T_le_v4SPD16_eabi.lib : memcpy_t2.obj (.text)
                  00003e20    00000098     drivers_msp432p4xx.aem4f : ADCMSP432.oem4f (.text:ADCMSP432_open)
                  00003eb8    00000098     sysbios.aem4f : BIOS.obj (.text:ti_sysbios_family_arm_m3_Hwi_Instance_init__E)
                  00003f50    00000094     rtsv7M4_T_le_v4SPD16_eabi.lib : snprintf.obj (.text)
                  00003fe4    00000004     release_pem4f.oem4f (.text:ti_sysbios_BIOS_RtsGateProxy_leave__E)
                  00003fe8    00000094     sysbios.aem4f : BIOS.obj (.text:ti_sysbios_family_arm_m3_Hwi_initNVIC__E)
                  0000407c    00000090     drivers_msp432p4xx.aem4f : PWMTimerMSP432.oem4f (.text:PWMTimerMSP432_setDuty)
                  0000410c    0000008c     sysbios.aem4f : m3_TaskSupport_asm.obj (.text:ti_sysbios_family_arm_m3_TaskSupport_buildTaskStack)
                  00004198    0000008c                   : BIOS.obj (.text:ti_sysbios_gates_GateMutexPri_enter__E)
                  00004224    00000004     release_pem4f.oem4f (.text:ti_sysbios_family_arm_m3_TaskSupport_Module__startupDone__S)
                  00004228    0000008c     sysbios.aem4f : BIOS.obj (.text:ti_sysbios_knl_Event_post__E)
                  000042b4    00000004     release_pem4f.oem4f (.text:ti_sysbios_heaps_HeapMem_Module_GateProxy_enter__E)
                  000042b8    0000008c     sysbios.aem4f : BIOS.obj (.text:ti_sysbios_knl_Task_postInit__I)
                  00004344    00000088     protectedlcd.obj (.text:protected_lcd_init)
                  000043cc    00000004     release_pem4f.oem4f (.text:ti_sysbios_heaps_HeapMem_Module_GateProxy_leave__E)
                  000043d0    00000088     sysbios.aem4f : BIOS.obj (.text:ti_sysbios_knl_Mailbox_post__E)
                  00004458    00000088                   : BIOS.obj (.text:xdc_runtime_Memory_alloc__E)
                  000044e0    00000086     rtsv7M4_T_le_v4SPD16_eabi.lib : fd_cmp_t2.obj (.text:__aeabi_cdcmple)
                  00004566    00000086                                   : fd_cmp_t2.obj (.text:__aeabi_cdrcmple)
                  000045ec    00000004     release_pem4f.oem4f (.text:ti_sysbios_knl_Clock_TimerProxy_getMaxTicks__E)
                  000045f0    00000084     sysbios.aem4f : BIOS.obj (.text:ti_sysbios_family_arm_m3_Hwi_postInit__I)
                  00004674    00000004     release_pem4f.oem4f (.text:ti_sysbios_knl_Semaphore_delete)
                  00004678    00000084     sysbios.aem4f : BIOS.obj (.text:ti_sysbios_heaps_HeapMem_free__E)
                  000046fc    00000004     release_pem4f.oem4f (.text:ti_sysbios_knl_Task_delete)
                  00004700    00000084     sysbios.aem4f : BIOS.obj (.text:xdc_runtime_Core_constructObject__I)
                  00004784    0000007c     msp432p4xx_driverlib.lib : spi.o (.text:SPI_initMaster)
                  00004800    0000007c     main.obj (.text:main)
                  0000487c    0000007a     rtsv7M4_T_le_v4SPD16_eabi.lib : memset_t2.obj (.text)
                  000048f6    00000002     release_pem4f.oem4f (.text:ti_sysbios_BIOS_nullFunc__I)
                  000048f8    00000078     drivers_msp432p4xx.aem4f : PWMTimerMSP432.oem4f (.text:PWMTimerMSP432_close)
                  00004970    00000076                              : PWMTimerMSP432.oem4f (.text:PWMTimerMSP432_stop)
                  000049e6    00000002     --HOLE-- [fill = 0]
                  000049e8    00000074     sysbios.aem4f : BIOS.obj (.text:ti_sysbios_knl_Mailbox_pend__E)
                  00004a5c    00000004     release_pem4f.oem4f (.text:xdc_runtime_System_Module_GateProxy_enter__E)
                  00004a60    00000070     sysbios.aem4f : BIOS.obj (.text:ti_sysbios_heaps_HeapMem_initPrimary__I)
                  00004ad0    00000070                   : BIOS.obj (.text:ti_sysbios_knl_Mailbox_Instance_finalize__E)
                  00004b40    00000070                   : BIOS.obj (.text:ti_sysbios_knl_Semaphore_post__E)
                  00004bb0    00000070                   : BIOS.obj (.text:ti_sysbios_knl_Task_exit__E)
                  00004c20    0000006c                   : BIOS.obj (.text:ti_sysbios_gates_GateMutexPri_leave__E)
                  00004c8c    00000004     release_pem4f.oem4f (.text:xdc_runtime_System_Module_GateProxy_leave__E)
                  00004c90    0000006c     sysbios.aem4f : BIOS.obj (.text:ti_sysbios_knl_Clock_workFunc__E)
                  00004cfc    00000004     --HOLE-- [fill = 0]
                  00004d00    0000006c                   : BIOS.obj (.text:ti_sysbios_knl_Swi_restoreHwi__E)
                  00004d6c    00000068     drivers_msp432p4xx.aem4f : PWMTimerMSP432.oem4f (.text:PWMTimerMSP432_start)
                  00004dd4    00000068     rtsv7M4_T_le_v4SPD16_eabi.lib : copy_decompress_lzss.obj (.text:decompress:lzss)
                  00004e3c    00000004     --HOLE-- [fill = 0]
                  00004e40    00000066     sysbios.aem4f : BIOS.obj (.text:xdc_runtime_Core_deleteObject__I)
                  00004ea6    00000002     --HOLE-- [fill = 0]
                  00004ea8    00000064     drivers_msp432p4xx.aem4f : GPIOMSP432.oem4f (.text:GPIO_hwiIntFxn)
                  00004f0c    00000064     adc_dive.obj (.text:adc_task)
                  00004f70    00000064     rtsv7M4_T_le_v4SPD16_eabi.lib : s_frexp.obj (.text)
                  00004fd4    00000004     --HOLE-- [fill = 0]
                  00004fd8    00000064     sysbios.aem4f : BIOS.obj (.text:ti_sysbios_family_arm_m3_Hwi_dispatchC__I)
                  0000503c    00000060     drivers_msp432p4xx.aem4f : ADCMSP432.oem4f (.text:ADCMSP432_close)
                  0000509c    00000060     Crystalfontz128x128_ST7735.obj (.text:Crystalfontz128x128_LineDrawH)
                  000050fc    00000060     Crystalfontz128x128_ST7735.obj (.text:Crystalfontz128x128_LineDrawV)
                  0000515c    0000005c     drivers_msp432p4xx.aem4f : GPIOMSP432.oem4f (.text:GPIO_init)
                  000051b8    0000005c                              : GPIOMSP432.oem4f (.text:GPIO_write)
                  00005214    0000005c                              : PowerMSP432.oem4f (.text:PowerMSP432_getFreqs)
                  00005270    0000005c     scuba.obj (.text:gas_to_surface_in_cl)
                  000052cc    0000005c     alarm.obj (.text:speaker_config)
                  00005328    0000005c     sysbios.aem4f : BIOS.obj (.text:ti_sysbios_knl_Swi_run__I)
                  00005384    00000004     --HOLE-- [fill = 0]
                  00005388    0000005c                   : BIOS.obj (.text:ti_sysbios_knl_Swi_schedule__I)
                  000053e4    00000004     --HOLE-- [fill = 0]
                  000053e8    0000005c                   : BIOS.obj (.text:ti_sysbios_knl_Task_Module_startup__E)
                  00005444    00000004     --HOLE-- [fill = 0]
                  00005448    0000005c                   : BIOS.obj (.text:ti_sysbios_knl_Task_startCore__E)
                  000054a4    00000004     --HOLE-- [fill = 0]
                  000054a8    0000005c                   : BIOS.obj (.text:xdc_runtime_Startup_exec__E)
                  00005504    0000005a     drivers_msp432p4xx.aem4f : ADCMSP432.oem4f (.text:initHw)
                  0000555e    00000002     --HOLE-- [fill = 0]
                  00005560    00000058     boot.aem4f : boot.oem4f (.text)
                  000055b8    00000058     sysbios.aem4f : m3_Hwi_asm_switch.obj (.text:ti_sysbios_family_arm_m3_Hwi_initStacks__E)
                  00005610    00000054     Crystalfontz128x128_ST7735.obj (.text:Crystalfontz128x128_SetOrientation)
                  00005664    00000054     drivers_msp432p4xx.aem4f : GPIOMSP432.oem4f (.text:GPIO_setCallback)
                  000056b8    00000054                              : PowerMSP432.oem4f (.text:Power_init)
                  0000570c    00000054     rtsv7M4_T_le_v4SPD16_eabi.lib : ltoa.obj (.text)
                  00005760    00000054     release_pem4f.oem4f (.text:ti_sysbios_family_arm_m3_Hwi_create)
                  000057b4    00000004     --HOLE-- [fill = 0]
                  000057b8    00000054     sysbios.aem4f : BIOS.obj (.text:ti_sysbios_family_arm_msp432_Timer_initDevice__I)
                  0000580c    00000054     release_pem4f.oem4f (.text:ti_sysbios_knl_Mailbox_create)
                  00005860    00000054     sysbios.aem4f : BIOS.obj (.text:xdc_runtime_Core_assignLabel__I)
                  000058b4    00000052     scuba.obj (.text:adc_to_rate)
                  00005906    00000002     --HOLE-- [fill = 0]
                  00005908    00000050     drivers_msp432p4xx.aem4f : ADCMSP432.oem4f (.text:ADCMSP432_convertRawToMicroVolts)
                  00005958    00000050     dpl_msp432p4xx.aem4f : PowerMSP432_tirtos.oem4f (.text:PowerMSP432_sleepPolicy)
                  000059a8    00000050     sysbios.aem4f : BIOS.obj (.text:ti_sysbios_family_arm_m3_Hwi_Module_startup__E)
                  000059f8    00000050     release_pem4f.oem4f (.text:ti_sysbios_knl_Task_create)
                  00005a48    0000004e     bsp.obj (.text:bsp_btn_read)
                  00005a96    00000002     --HOLE-- [fill = 0]
                  00005a98    0000004c     msp432p4xx_driverlib.lib : gpio.o (.text:GPIO_setAsPeripheralModuleFunctionOutputPin)
                  00005ae4    0000004c     protectedlcd.obj (.text:protected_lcd_display)
                  00005b30    0000004c     rtsv7M4_T_le_v4SPD16_eabi.lib : atoi.obj (.text)
                  00005b7c    0000004c                                   : cpy_tbl.obj (.text)
                  00005bc8    0000004c     sysbios.aem4f : BIOS.obj (.text:ti_sysbios_family_arm_msp432_Timer_start__E)
                  00005c14    00000004     --HOLE-- [fill = 0]
                  00005c18    0000004c                   : BIOS.obj (.text:ti_sysbios_heaps_HeapMem_getStats__E)
                  00005c64    00000004     --HOLE-- [fill = 0]
                  00005c68    0000004c                   : BIOS.obj (.text:ti_sysbios_knl_Swi_runLoop__I)
                  00005cb4    00000004     --HOLE-- [fill = 0]
                  00005cb8    0000004c                   : BIOS.obj (.text:ti_sysbios_knl_Task_allBlockedFunction__I)
                  00005d04    00000004     --HOLE-- [fill = 0]
                  00005d08    0000004c                   : BIOS.obj (.text:ti_sysbios_knl_Task_block__E)
                  00005d54    00000004     --HOLE-- [fill = 0]
                  00005d58    0000004c                   : BIOS.obj (.text:ti_sysbios_knl_Task_schedule__I)
                  00005da4    0000004a     grlib.lib : line.o (.text:Graphics_drawLineH)
                  00005dee    00000002     --HOLE-- [fill = 0]
                  00005df0    00000048     drivers_msp432p4xx.aem4f : PowerMSP432.oem4f (.text:Power_releaseConstraint)
                  00005e38    00000048     rtsv7M4_T_le_v4SPD16_eabi.lib : fd_toi_t2.obj (.text)
                  00005e80    00000048     sysbios.aem4f : BIOS.obj (.text:ti_sysbios_family_arm_m3_Hwi_disableInterrupt__E)
                  00005ec8    00000048                   : BIOS.obj (.text:ti_sysbios_family_arm_m3_Hwi_enableInterrupt__E)
                  00005f10    00000048                   : BIOS.obj (.text:ti_sysbios_knl_Mailbox_Module_startup__E)
                  00005f58    00000046                   : BIOS.obj (.text:xdc_runtime_Core_assignParams__I)
                  00005f9e    00000002     --HOLE-- [fill = 0]
                  00005fa0    00000044     drivers_msp432p4xx.aem4f : ADC.oem4f (.text:ADC_init)
                  00005fe4    00000044     dpl_msp432p4xx.aem4f : HwiP_tirtos.oem4f (.text:HwiP_create)
                  00006028    00000044     drivers_msp432p4xx.aem4f : PWM.oem4f (.text:PWM_init)
                  0000606c    00000044     bsp_led.obj (.text:bsp_led_off)
                  000060b0    00000044     bsp_led.obj (.text:bsp_led_toggle)
                  000060f4    00000004     --HOLE-- [fill = 0]
                  000060f8    00000044     sysbios.aem4f : BIOS.obj (.text:ti_sysbios_family_arm_m3_Hwi_getStackInfo__E)
                  0000613c    00000004     --HOLE-- [fill = 0]
                  00006140    00000044                   : BIOS.obj (.text:ti_sysbios_family_arm_msp432_Seconds_Module_startup__E)
                  00006184    00000004     --HOLE-- [fill = 0]
                  00006188    00000044                   : BIOS.obj (.text:ti_sysbios_knl_Swi_post__E)
                  000061cc    00000040     Crystalfontz128x128_ST7735.obj (.text:Crystalfontz128x128_PixelDraw)
                  0000620c    00000040     HAL_MSP_EXP432P401R_Crystalfontz128x128_ST7735.obj (.text:HAL_LCD_SpiInit)
                  0000624c    00000040     dpl_msp432p4xx.aem4f : SemaphoreP_tirtos.oem4f (.text:SemaphoreP_create)
                  0000628c    00000040     drivers_msp432p4xx.aem4f : PowerMSP432.oem4f (.text:notify)
                  000062cc    00000040                              : PowerMSP432.oem4f (.text:restartHFXT)
                  0000630c    00000004     --HOLE-- [fill = 0]
                  00006310    00000040     sysbios.aem4f : BIOS.obj (.text:ti_sysbios_family_arm_msp432_Timer_Module_startup__E)
                  00006350    00000040                   : BIOS.obj (.text:ti_sysbios_family_arm_msp432_Timer_startup__E)
                  00006390    00000040                   : BIOS.obj (.text:ti_sysbios_heaps_HeapMem_Instance_init__E)
                  000063d0    0000003c     drivers_msp432p4xx.aem4f : ADC.oem4f (.text:ADC_open)
                  0000640c    0000003c                              : PWM.oem4f (.text:PWM_open)
                  00006448    0000003c                              : PWMTimerMSP432.oem4f (.text:getPeriodCounts)
                  00006484    00000004     --HOLE-- [fill = 0]
                  00006488    0000003c     sysbios.aem4f : BIOS.obj (.text:ti_sysbios_family_arm_m3_Hwi_Instance_finalize__E)
                  000064c4    00000004     --HOLE-- [fill = 0]
                  000064c8    0000003c                   : BIOS.obj (.text:ti_sysbios_knl_Swi_restore__E)
                  00006504    00000038     drivers_msp432p4xx.aem4f : GPIOMSP432.oem4f (.text:GPIO_toggle)
                  0000653c    00000038     HAL_MSP_EXP432P401R_Crystalfontz128x128_ST7735.obj (.text:HAL_LCD_writeCommand)
                  00006574    00000038     drivers_msp432p4xx.aem4f : PowerMSP432.oem4f (.text:Power_setConstraint)
                  000065ac    00000038                              : TimerMSP432.oem4f (.text:TimerMSP432_allocateTimerResource)
                  000065e4    00000038                              : PWMTimerMSP432.oem4f (.text:getDutyCounts)
                  0000661c    00000004     --HOLE-- [fill = 0]
                  00006620    00000038     sysbios.aem4f : BIOS.obj (.text:xdc_runtime_System_atexit__E)
                  00006658    00000034     release_pem4f.oem4f (.text:ti_sysbios_knl_Semaphore_create)
                  0000668c    00000004     --HOLE-- [fill = 0]
                  00006690    00000032     sysbios.aem4f : BIOS.obj (.text:ti_sysbios_hal_Hwi_initStack)
                  000066c2    00000030     HAL_MSP_EXP432P401R_Crystalfontz128x128_ST7735.obj (.text:HAL_LCD_PortInit)
                  000066f2    00000002     --HOLE-- [fill = 0]
                  000066f4    00000030     drivers_msp432p4xx.aem4f : TimerMSP432.oem4f (.text:TimerMSP432_freeTimerResource)
                  00006724    00000030     scuba.obj (.text:gas_rate_in_cl)
                  00006754    00000030     msp432p4xx_driverlib.lib : spi.o (.text:is_A_Module)
                  00006784    00000030     drivers_msp432p4xx.aem4f : PWMTimerMSP432.oem4f (.text:mapPin)
                  000067b4    00000030     release_pem4f.oem4f (.text:ti_sysbios_BIOS_atExitFunc__I)
                  000067e4    00000030     release_pem4f.oem4f (.text:ti_sysbios_BIOS_startFunc__I)
                  00006814    00000004     --HOLE-- [fill = 0]
                  00006818    00000030     sysbios.aem4f : BIOS.obj (.text:ti_sysbios_family_arm_m3_TaskSupport_start__E)
                  00006848    00000030                   : BIOS.obj (.text:ti_sysbios_family_arm_msp432_Timer_setPeriod__E)
                  00006878    00000030     release_pem4f.oem4f (.text:ti_sysbios_gates_GateHwi_Object__create__S)
                  000068a8    00000030     release_pem4f.oem4f (.text:ti_sysbios_gates_GateMutexPri_Object__create__S)
                  000068d8    00000030     release_pem4f.oem4f (.text:ti_sysbios_gates_GateMutexPri_create)
                  00006908    00000030     release_pem4f.oem4f (.text:ti_sysbios_gates_GateMutex_Object__create__S)
                  00006938    00000030     sysbios.aem4f : BIOS.obj (.text:ti_sysbios_gates_GateMutex_enter__E)
                  00006968    00000030     release_pem4f.oem4f (.text:ti_sysbios_heaps_HeapMem_Object__create__S)
                  00006998    00000030     release_pem4f.oem4f (.text:ti_sysbios_knl_Event_create)
                  000069c8    00000030     sysbios.aem4f : BIOS.obj (.text:ti_sysbios_knl_Event_pendTimeout__I)
                  000069f8    00000030                   : BIOS.obj (.text:ti_sysbios_knl_Mailbox_postInit__I)
                  00006a28    00000030     release_pem4f.oem4f (.text:ti_sysbios_knl_Semaphore_construct)
                  00006a58    00000030     sysbios.aem4f : BIOS.obj (.text:ti_sysbios_knl_Semaphore_pendTimeout__I)
                  00006a88    00000030                   : BIOS.obj (.text:ti_sysbios_knl_Task_processVitalTaskFlag__I)
                  00006ab8    00000030                   : BIOS.obj (.text:ti_sysbios_knl_Task_unblockI__E)
                  00006ae8    00000030                   : BIOS.obj (.text:xdc_runtime_System_processAtExit__E)
                  00006b18    0000002e     rtsv7M4_T_le_v4SPD16_eabi.lib : i_tofd_t2.obj (.text)
                  00006b46    00000002     --HOLE-- [fill = 0]
                  00006b48    0000002c     Crystalfontz128x128_ST7735.obj (.text:Crystalfontz128x128_ClearScreen)
                  00006b74    0000002c     HAL_MSP_EXP432P401R_Crystalfontz128x128_ST7735.obj (.text:HAL_LCD_writeData)
                  00006ba0    0000002c     dpl_msp432p4xx.aem4f : PowerMSP432_tirtos.oem4f (.text:PowerMSP432_updateFreqs)
                  00006bcc    0000002c     release_pem4f.oem4f (.text:ti_sysbios_knl_Clock_doTick__I)
                  00006bf8    0000002c     release_pem4f.oem4f (.text:ti_sysbios_knl_Queue_construct)
                  00006c24    00000004     --HOLE-- [fill = 0]
                  00006c28    0000002c     sysbios.aem4f : BIOS.obj (.text:ti_sysbios_knl_Task_restore__E)
                  00006c54    00000028     Crystalfontz128x128_ST7735.obj (.text:Crystalfontz128x128_ColorTranslate)
                  00006c7c    00000028     alarmtask.obj (.text:alarmTaskFunction)
                  00006ca4    00000028     drivers_msp432p4xx.aem4f : PowerMSP432.oem4f (.text:disableHFXT)
                  00006ccc    00000004     --HOLE-- [fill = 0]
                  00006cd0    00000028     sysbios.aem4f : BIOS.obj (.text:ti_sysbios_knl_Clock_addI__E)
                  00006cf8    00000028                   : BIOS.obj (.text:ti_sysbios_knl_Swi_Module_startup__E)
                  00006d20    00000026                   : m3_Hwi_asm.obj (.text:ti_sysbios_family_arm_m3_Hwi_pendSV__I)
                  00006d46    00000002     --HOLE-- [fill = 0]
                  00006d48    00000024     msp432p4xx_driverlib.lib : cs.o (.text:CS_setDCOCenteredFrequency)
                  00006d6c    00000024                              : gpio.o (.text:GPIO_setAsOutputPin)
                  00006d90    00000024     bsp.obj (.text:led_blocking_wait)
                  00006db4    00000024     release_pem4f.oem4f (.text:ti_sysbios_BIOS_registerRTSLock__I)
                  00006dd8    00000024     release_pem4f.oem4f (.text:ti_sysbios_BIOS_removeRTSLock__I)
                  00006dfc    00000004     --HOLE-- [fill = 0]
                  00006e00    00000024     sysbios.aem4f : BIOS.obj (.text:ti_sysbios_family_arm_msp432_ClockFreqs_setFrequency__E)
                  00006e24    00000004     --HOLE-- [fill = 0]
                  00006e28    00000024                   : BIOS.obj (.text:ti_sysbios_family_arm_msp432_Timer_postInit__I)
                  00006e4c    00000024     release_pem4f.oem4f (.text:ti_sysbios_gates_GateMutexPri_Object__delete__S)
                  00006e70    00000024     sysbios.aem4f : BIOS.obj (.text:ti_sysbios_gates_GateMutexPri_insertPri__I)
                  00006e94    00000024     release_pem4f.oem4f (.text:ti_sysbios_gates_GateMutex_Object__delete__S)
                  00006eb8    00000024     sysbios.aem4f : BIOS.obj (.text:ti_sysbios_knl_Clock_Module_startup__E)
                  00006edc    00000004     --HOLE-- [fill = 0]
                  00006ee0    00000024                   : BIOS.obj (.text:ti_sysbios_knl_Semaphore_Instance_init__E)
                  00006f04    00000024     release_pem4f.oem4f (.text:ti_sysbios_knl_Semaphore_Object__delete__S)
                  00006f28    00000024     sysbios.aem4f : BIOS.obj (.text:ti_sysbios_knl_Task_restoreHwi__E)
                  00006f4c    00000004     --HOLE-- [fill = 0]
                  00006f50    00000024                   : BIOS.obj (.text:xdc_runtime_Error_policyMin__E)
                  00006f74    00000004     --HOLE-- [fill = 0]
                  00006f78    00000024                   : BIOS.obj (.text:xdc_runtime_System_abort__E)
                  00006f9c    00000022     grlib.lib : context.o (.text:Graphics_initContext)
                  00006fbe    00000002     --HOLE-- [fill = 0]
                  00006fc0    00000020     drivers_msp432p4xx.aem4f : GPIOMSP432.oem4f (.text:GPIO_read)
                  00006fe0    00000020     release_pem4f.oem4f (.text:ti_sysbios_BIOS_rtsLock__I)
                  00007000    00000020     sysbios.aem4f : m3_Hwi_asm.obj (.text:ti_sysbios_family_arm_m3_Hwi_excHandlerAsm__I)
                  00007020    00000020                   : BIOS.obj (.text:ti_sysbios_family_arm_m3_Hwi_excHandler__I)
                  00007040    00000020     release_pem4f.oem4f (.text:ti_sysbios_gates_GateHwi_Object__delete__S)
                  00007060    00000020     release_pem4f.oem4f (.text:ti_sysbios_heaps_HeapMem_Object__delete__S)
                  00007080    00000020     sysbios.aem4f : BIOS.obj (.text:ti_sysbios_knl_Idle_run__E)
                  000070a0    00000020     release_pem4f.oem4f (.text:ti_sysbios_knl_Semaphore_destruct)
                  000070c0    00000020     release_pem4f.oem4f (.text:ti_sysbios_knl_Task_Object__delete__S)
                  000070e0    00000020     timertask.obj (.text:timerTaskFunction)
                  00007100    0000001e     drivers_msp432p4xx.aem4f : PWMTimerMSP432.oem4f (.text:corroboratePeriod)
                  0000711e    0000001e     sysbios.aem4f : m3_Hwi_asm_switch.obj (.text:ti_sysbios_family_xxx_Hwi_switchAndRunFunc)
                  0000713c    0000001c     rtsv7M4_T_le_v4SPD16_eabi.lib : memccpy.obj (.text)
                  00007158    0000001c     sysbios.aem4f : BIOS.obj (.text:ti_sysbios_gates_GateMutexPri_Instance_init__E)
                  00007174    00000004     --HOLE-- [fill = 0]
                  00007178    0000001c                   : BIOS.obj (.text:ti_sysbios_gates_GateMutex_Instance_init__E)
                  00007194    0000001c     release_pem4f.oem4f (.text:ti_sysbios_knl_Queue_destruct)
                  000071b0    0000001c     sysbios.aem4f : BIOS.obj (.text:ti_sysbios_knl_Queue_get__E)
                  000071cc    00000004     --HOLE-- [fill = 0]
                  000071d0    0000001c                   : BIOS.obj (.text:ti_sysbios_knl_Queue_put__E)
                  000071ec    00000004     --HOLE-- [fill = 0]
                  000071f0    0000001c                   : BIOS.obj (.text:ti_sysbios_knl_Task_enter__I)
                  0000720c    00000004     --HOLE-- [fill = 0]
                  00007210    0000001c                   : BIOS.obj (.text:xdc_runtime_Error_check__E)
                  0000722c    00000004     --HOLE-- [fill = 0]
                  00007230    0000001c                   : BIOS.obj (.text:xdc_runtime_Memory_valloc__E)
                  0000724c    0000001a     grlib.lib : string.o (.text:Graphics_getNumberOfLeadingZeros)
                  00007266    0000001a     msp432p4xx_driverlib.lib : spi.o (.text:SPI_enableModule)
                  00007280    00000018     release_pem4f.oem4f (.text:.bootCodeSection:ti_sysbios_family_arm_msp432_init_Boot_init__I)
                  00007298    00000018     msp432p4xx_driverlib.lib : gpio.o (.text:GPIO_setOutputLowOnPin)
                  000072b0    00000018     drivers_msp432p4xx.aem4f : PowerMSP432.oem4f (.text:Power_idleFunc)
                  000072c8    00000018                              : PWMTimerMSP432.oem4f (.text:corroborateDuty)
                  000072e0    00000018     rtsv7M4_T_le_v4SPD16_eabi.lib : args_main.obj (.text)
                  000072f8    00000018     release_pem4f.oem4f (.text:ti_sysbios_BIOS_rtsUnlock__I)
                  00007310    00000018     release_pem4f.oem4f (.text:ti_sysbios_family_arm_m3_Hwi_Module__startupDone__F)
                  00007328    00000018     sysbios.aem4f : m3_TaskSupport_asm.obj (.text:ti_sysbios_family_arm_m3_TaskSupport_swap__E)
                  00007340    00000018     release_pem4f.oem4f (.text:ti_sysbios_family_arm_msp432_Timer_Module__startupDone__F)
                  00007358    00000018     release_pem4f.oem4f (.text:ti_sysbios_gates_GateHwi_Handle__label__S)
                  00007370    00000018     release_pem4f.oem4f (.text:ti_sysbios_gates_GateMutexPri_Handle__label__S)
                  00007388    00000018     release_pem4f.oem4f (.text:ti_sysbios_gates_GateMutex_Handle__label__S)
                  000073a0    00000018     sysbios.aem4f : BIOS.obj (.text:ti_sysbios_gates_GateMutex_leave__E)
                  000073b8    00000018     release_pem4f.oem4f (.text:ti_sysbios_heaps_HeapMem_Handle__label__S)
                  000073d0    00000018     sysbios.aem4f : BIOS.obj (.text:ti_sysbios_knl_Task_sleepTimeout__I)
                  000073e8    00000018                   : BIOS.obj (.text:xdc_runtime_Error_init__E)
                  00007400    00000018                   : BIOS.obj (.text:xdc_runtime_System_exit__E)
                  00007418    00000016     grlib.lib : display.o (.text:Graphics_drawHorizontalLineOnDisplay)
                  0000742e    00000016     blinkingledtask.obj (.text:led2TaskFunction)
                  00007444    00000016     rtsv7M4_T_le_v4SPD16_eabi.lib : strchr.obj (.text)
                  0000745a    00000016     release_pem4f.oem4f (.text:ti_sysbios_BIOS_exitFunc__I)
                  00007470    00000016     protectedlcd.obj (.text:ti_sysbios_gates_GateMutexPri_Params_init)
                  00007486    00000016     main.obj (.text:ti_sysbios_knl_Mailbox_Params_init)
                  0000749c    00000016     main.obj (.text:ti_sysbios_knl_Task_Params_init)
                  000074b2    00000006     drivers_msp432p4xx.aem4f : ADCMSP432.oem4f (.text:ADCMSP432_control)
                  000074b8    00000016     sysbios.aem4f : BIOS.obj (.text:ti_sysbios_knl_Task_unblock__E)
                  000074ce    00000002     --HOLE-- [fill = 0]
                  000074d0    00000014     msp432p4xx_driverlib.lib : gpio.o (.text:GPIO_setOutputHighOnPin)
                  000074e4    00000014     drivers_msp432p4xx.aem4f : PWM.oem4f (.text:PWM_Params_init)
                  000074f8    00000014     rtsv7M4_T_le_v4SPD16_eabi.lib : _lock.obj (.text)
                  0000750c    00000014                                   : s_copysign.obj (.text)
                  00007520    00000014                                   : strlen.obj (.text)
                  00007534    00000014     release_pem4f.oem4f (.text:ti_sysbios_family_arm_m3_Hwi_Object__get__S)
                  00007548    00000014     sysbios.aem4f : BIOS.obj (.text:ti_sysbios_family_arm_m3_Hwi_switchFromBootStack__E)
                  0000755c    00000014     release_pem4f.oem4f (.text:ti_sysbios_heaps_HeapMem_Object__get__S)
                  00007570    00000014     sysbios.aem4f : BIOS.obj (.text:ti_sysbios_knl_Event_Instance_init__E)
                  00007584    00000014     release_pem4f.oem4f (.text:ti_sysbios_knl_Swi_Object__get__S)
                  00007598    00000012     dpl_msp432p4xx.aem4f : SemaphoreP_tirtos.oem4f (.text:SemaphoreP_pend)
                  000075aa    00000012     bsp.obj (.text:safe_mode)
                  000075bc    00000004     --HOLE-- [fill = 0]
                  000075c0    00000012     sysbios.aem4f : BIOS.obj (.text:ti_sysbios_hal_Hwi_Module_startup__E)
                  000075d2    00000012     release_pem4f.oem4f (.text:xdc_runtime_Startup_exec__I)
                  000075e4    00000010     msp432p4xx_driverlib.lib : sysctl.o (.text:SysCtl_disableNMISource)
                  000075f4    00000010                              : sysctl.o (.text:SysCtl_enableNMISource)
                  00007604    00000010                              : sysctl.o (.text:SysCtl_getNMISourceStatus)
                  00007614    00000010     bsp_led.obj (.text:bsp_led_init)
                  00007624    00000004     --HOLE-- [fill = 0]
                  00007628    00000010     sysbios.aem4f : BIOS.obj (.text:ti_sysbios_BIOS_exit__E)
                  00007638    00000010                   : BIOS.obj (.text:ti_sysbios_BIOS_setCpuFreq__E)
                  00007648    00000010                   : BIOS.obj (.text:ti_sysbios_BIOS_setThreadType__E)
                  00007658    00000010                   : BIOS.obj (.text:ti_sysbios_BIOS_start__E)
                  00007668    00000010                   : m3_TaskSupport_asm.obj (.text:ti_sysbios_family_arm_m3_TaskSupport_glue)
                  00007678    00000010                   : BIOS.obj (.text:ti_sysbios_family_arm_msp432_init_Boot_disableWatchdog)
                  00007688    00000010                   : BIOS.obj (.text:ti_sysbios_gates_GateMutexPri_Instance_finalize__E)
                  00007698    00000010                   : BIOS.obj (.text:ti_sysbios_gates_GateMutex_Instance_finalize__E)
                  000076a8    00000010     release_pem4f.oem4f (.text:ti_sysbios_knl_Mailbox_Object__get__S)
                  000076b8    00000010     sysbios.aem4f : BIOS.obj (.text:ti_sysbios_knl_Semaphore_Instance_finalize__E)
                  000076c8    00000010                   : BIOS.obj (.text:ti_sysbios_knl_Swi_disable__E)
                  000076d8    00000010     release_pem4f.oem4f (.text:ti_sysbios_knl_Task_Object__get__S)
                  000076e8    00000010     sysbios.aem4f : BIOS.obj (.text:ti_sysbios_knl_Task_disable__E)
                  000076f8    00000010                   : BIOS.obj (.text:xdc_runtime_Gate_leaveSystem__E)
                  00007708    00000010                   : BIOS.obj (.text:xdc_runtime_Memory_free__E)
                  00007718    00000010                   : BIOS.obj (.text:xdc_runtime_SysCallback_abort__E)
                  00007728    00000010                   : BIOS.obj (.text:xdc_runtime_SysCallback_exit__E)
                  00007738    0000000e     grlib.lib : display.o (.text:Graphics_drawPixelOnDisplay)
                  00007746    0000000e               : context.o (.text:Graphics_setBackgroundColor)
                  00007754    0000000e               : context.o (.text:Graphics_setForegroundColor)
                  00007762    0000000e     dpl_msp432p4xx.aem4f : HwiP_tirtos.oem4f (.text:HwiP_Params_init)
                  00007770    0000000e                          : SemaphoreP_tirtos.oem4f (.text:SemaphoreP_delete)
                  0000777e    0000000e     bsp.obj (.text:bsp_halt)
                  0000778c    0000000e     rtsv7M4_T_le_v4SPD16_eabi.lib : copy_decompress_none.obj (.text:decompress:none)
                  0000779a    00000006     drivers_msp432p4xx.aem4f : PWMTimerMSP432.oem4f (.text:PWMTimerMSP432_control)
                  000077a0    0000000e     sysbios.aem4f : BIOS.obj (.text:ti_sysbios_knl_Idle_loop__E)
                  000077ae    00000002     --HOLE-- [fill = 0]
                  000077b0    0000000e                   : BIOS.obj (.text:ti_sysbios_knl_Queue_empty__E)
                  000077be    0000000c     msp432p4xx_driverlib.lib : cpu.o (.text:CPU_cpsid)
                  000077ca    0000000c                              : cpu.o (.text:CPU_cpsie)
                  000077d6    0000000c                              : spi.o (.text:EUSCI_A_SPI_enable)
                  000077e2    0000000c                              : spi.o (.text:EUSCI_B_SPI_enable)
                  000077ee    00000002     --HOLE-- [fill = 0]
                  000077f0    0000000c     drivers_msp432p4xx.aem4f : PowerMSP432.oem4f (.text:Power_getConstraintMask)
                  000077fc    0000000c                              : PowerMSP432.oem4f (.text:Power_getPerformanceLevel)
                  00007808    0000000c     bsp.obj (.text:bsp_init)
                  00007814    0000000c     bsp.obj (.text:bsp_master_int_disable)
                  00007820    0000000c     rtsv7M4_T_le_v4SPD16_eabi.lib : copy_zero_init.obj (.text:decompress:ZI)
                  0000782c    0000000c     release_pem4f.oem4f (.text:ti_sysbios_family_arm_m3_Hwi_Params__init__S)
                  00007838    0000000c     sysbios.aem4f : BIOS.obj (.text:ti_sysbios_family_arm_m3_Hwi_disableFxn__E)
                  00007844    00000004     --HOLE-- [fill = 0]
                  00007848    0000000c                   : BIOS.obj (.text:ti_sysbios_family_arm_m3_TaskSupport_getStackAlignment__E)
                  00007854    00000004     --HOLE-- [fill = 0]
                  00007858    0000000c                   : BIOS.obj (.text:ti_sysbios_family_arm_msp432_Timer_getMaxTicks__E)
                  00007864    00000004     --HOLE-- [fill = 0]
                  00007868    0000000c                   : BIOS.obj (.text:ti_sysbios_gates_GateHwi_enter__E)
                  00007874    0000000c     release_pem4f.oem4f (.text:ti_sysbios_gates_GateMutexPri_Params__init__S)
                  00007880    0000000c     release_pem4f.oem4f (.text:ti_sysbios_knl_Mailbox_Params__init__S)
                  0000788c    0000000c     release_pem4f.oem4f (.text:ti_sysbios_knl_Queue_Object__get__S)
                  00007898    0000000c     release_pem4f.oem4f (.text:ti_sysbios_knl_Semaphore_Params__init__S)
                  000078a4    0000000c     release_pem4f.oem4f (.text:ti_sysbios_knl_Task_Params__init__S)
                  000078b0    0000000c     sysbios.aem4f : BIOS.obj (.text:xdc_runtime_Gate_enterSystem__E)
                  000078bc    00000004     --HOLE-- [fill = 0]
                  000078c0    0000000c                   : BIOS.obj (.text:xdc_runtime_Startup_rtsDone__E)
                  000078cc    0000000a     drivers_msp432p4xx.aem4f : ADC.oem4f (.text:ADC_Params_init)
                  000078d6    0000000a                              : ADC.oem4f (.text:ADC_close)
                  000078e0    0000000a                              : ADC.oem4f (.text:ADC_convert)
                  000078ea    0000000a     Crystalfontz128x128_ST7735.obj (.text:Crystalfontz128x128_Flush)
                  000078f4    0000000a     grlib.lib : context.o (.text:Graphics_clearDisplay)
                  000078fe    0000000a               : display.o (.text:Graphics_clearDisplayOnDisplay)
                  00007908    0000000a               : display.o (.text:Graphics_translateColorOnDisplay)
                  00007912    0000000a     drivers_msp432p4xx.aem4f : PWM.oem4f (.text:PWM_start)
                  0000791c    0000000a     dpl_msp432p4xx.aem4f : SemaphoreP_tirtos.oem4f (.text:SemaphoreP_Params_init)
                  00007926    0000000a                          : SemaphoreP_tirtos.oem4f (.text:SemaphoreP_post)
                  00007930    0000000a     release_pem4f.oem4f (.text:xdc_runtime_IHeap_alloc)
                  0000793a    0000000a     release_pem4f.oem4f (.text:xdc_runtime_IHeap_free)
                  00007944    00000008     MSP_EXP432P401R.obj (.text:MSP_EXP432P401R_initGeneral)
                  0000794c    00000004     --HOLE-- [fill = 0]
                  00007950    00000008     sysbios.aem4f : BIOS.obj (.text:ti_sysbios_family_arm_m3_Hwi_doSwiRestore__I)
                  00007958    00000008                   : BIOS.obj (.text:ti_sysbios_family_arm_m3_Hwi_startup__E)
                  00007960    00000006                   : BIOS.obj (.text:ti_sysbios_family_arm_m3_Hwi_doTaskRestore__I)
                  00007966    00000002     --HOLE-- [fill = 0]
                  00007968    00000006                   : BIOS.obj (.text:ti_sysbios_family_arm_m3_Hwi_restoreFxn__E)
                  0000796e    00000002     --HOLE-- [fill = 0]
                  00007970    00000006                   : BIOS.obj (.text:ti_sysbios_gates_GateHwi_leave__E)
                  00007976    00000002     --HOLE-- [fill = 0]
                  00007978    00000006                   : BIOS.obj (.text:ti_sysbios_heaps_HeapMem_isBlocking__E)
                  0000797e    00000002     --HOLE-- [fill = 0]
                  00007980    00000006                   : BIOS.obj (.text:ti_sysbios_knl_Queue_Instance_init__E)
                  00007986    00000002     --HOLE-- [fill = 0]
                  00007988    00000006                   : BIOS.obj (.text:ti_sysbios_knl_Swi_startup__E)
                  0000798e    00000002     --HOLE-- [fill = 0]
                  00007990    00000006                   : BIOS.obj (.text:xdc_runtime_System_Module_startup__E)
                  00007996    00000002     --HOLE-- [fill = 0]
                  00007998    00000004                   : BIOS.obj (.text:ti_sysbios_gates_GateHwi_query__E)
                  0000799c    00000004     --HOLE-- [fill = 0]
                  000079a0    00000004                   : BIOS.obj (.text:ti_sysbios_gates_GateMutexPri_query__E)
                  000079a4    00000004     --HOLE-- [fill = 0]
                  000079a8    00000004                   : BIOS.obj (.text:ti_sysbios_gates_GateMutex_query__E)
                  000079ac    00000004     --HOLE-- [fill = 0]
                  000079b0    00000004                   : BIOS.obj (.text:ti_sysbios_knl_Task_startup__E)
                  000079b4    00000004     --HOLE-- [fill = 0]
                  000079b8    00000002                   : BIOS.obj (.text:ti_sysbios_BIOS_linkedWithIncorrectBootLibrary__E)
                  000079ba    00000006     --HOLE-- [fill = 0]
                  000079c0    00000002                   : BIOS.obj (.text:ti_sysbios_gates_GateHwi_Instance_init__E)
                  000079c2    00000006     --HOLE-- [fill = 0]
                  000079c8    00000002                   : BIOS.obj (.text:ti_sysbios_knl_Clock_logTick__E)
                  000079ca    00000006     --HOLE-- [fill = 0]
                  000079d0    00000002                   : BIOS.obj (.text:xdc_runtime_SysCallback_defaultAbort)
                  000079d2    00000006     --HOLE-- [fill = 0]
                  000079d8    00000002                   : BIOS.obj (.text:xdc_runtime_SysCallback_defaultExit)
                  000079da    00000006     --HOLE-- [fill = 0]
                  000079e0    00000002                   : BIOS.obj (.text:xdc_runtime_System_abortSpin__E)
                  000079e2    00000006     --HOLE-- [fill = 0]
                  000079e8    00000002                   : BIOS.obj (.text:xdc_runtime_System_exitSpin__E)

.const     0    000079ec    00000b37     
                  000079ec    000002f8     fontfixed6x8.obj (.const:.string:g_pucFontFixed6x8Data)
                  00007ce4    00000101     rtsv7M4_T_le_v4SPD16_eabi.lib : ctype.obj (.const:.string:_ctypes_)
                  00007de5    00000001     release_pem4f.oem4f (.const:xdc_runtime_Error_policy__C)
                  00007de6    00000002     release_pem4f.oem4f (.const:ti_sysbios_family_arm_m3_Hwi_Module__id__C)
                  00007de8    000000c8     fontfixed6x8.obj (.const:g_sFontFixed6x8)
                  00007eb0    00000048     release_pem4f.oem4f (.const:.string)
                  00007ef8    0000003c     release_pem4f.oem4f (.const:ti_sysbios_knl_Task_Object__PARAMS__C)
                  00007f34    00000034     release_pem4f.oem4f (.const:ti_sysbios_knl_Mailbox_Object__PARAMS__C)
                  00007f68    00000030     msp432p4xx_driverlib.lib : gpio.o (.const:GPIO_PORT_TO_BASE)
                  00007f98    00000030     release_pem4f.oem4f (.const:ti_sysbios_family_arm_m3_Hwi_Object__PARAMS__C)
                  00007fc8    00000028     release_pem4f.oem4f (.const:ti_sysbios_heaps_HeapMem_Module__FXNS__C)
                  00007ff0    00000024     MSP_EXP432P401R.obj (.const:ADC_config)
                  00008014    00000024     MSP_EXP432P401R.obj (.const:PWM_config)
                  00008038    00000024     MSP_EXP432P401R.obj (.const:adcMSP432HWAttrs)
                  0000805c    00000024     release_pem4f.oem4f (.const:ti_sysbios_gates_GateHwi_Module__FXNS__C)
                  00008080    00000024     release_pem4f.oem4f (.const:ti_sysbios_gates_GateMutexPri_Module__FXNS__C)
                  000080a4    00000024     release_pem4f.oem4f (.const:ti_sysbios_gates_GateMutex_Module__FXNS__C)
                  000080c8    00000024     release_pem4f.oem4f (.const:ti_sysbios_heaps_HeapMem_Object__PARAMS__C)
                  000080ec    00000024     release_pem4f.oem4f (.const:ti_sysbios_knl_Semaphore_Object__PARAMS__C)
                  00008110    00000024     release_pem4f.oem4f (.const:xdc_runtime_Startup_sfxnTab__A)
                  00008134    00000020     drivers_msp432p4xx.aem4f : PWMTimerMSP432.oem4f (.const:PWMTimerMSP432_fxnTable)
                  00008154    00000020     Crystalfontz128x128_ST7735.obj (.const:g_sCrystalfontz128x128_funcs)
                  00008174    00000020     release_pem4f.oem4f (.const:ti_sysbios_family_arm_m3_Hwi_Object__DESC__C)
                  00008194    00000020     release_pem4f.oem4f (.const:ti_sysbios_gates_GateHwi_Object__DESC__C)
                  000081b4    00000020     release_pem4f.oem4f (.const:ti_sysbios_gates_GateMutexPri_Object__DESC__C)
                  000081d4    00000020     release_pem4f.oem4f (.const:ti_sysbios_gates_GateMutex_Object__DESC__C)
                  000081f4    00000020     release_pem4f.oem4f (.const:ti_sysbios_heaps_HeapMem_Object__DESC__C)
                  00008214    00000020     release_pem4f.oem4f (.const:ti_sysbios_knl_Event_Object__DESC__C)
                  00008234    00000020     release_pem4f.oem4f (.const:ti_sysbios_knl_Mailbox_Object__DESC__C)
                  00008254    00000020     release_pem4f.oem4f (.const:ti_sysbios_knl_Queue_Object__DESC__C)
                  00008274    00000020     release_pem4f.oem4f (.const:ti_sysbios_knl_Semaphore_Object__DESC__C)
                  00008294    00000020     release_pem4f.oem4f (.const:ti_sysbios_knl_Task_Object__DESC__C)
                  000082b4    0000001c     HAL_MSP_EXP432P401R_Crystalfontz128x128_ST7735.obj (.const:$P$T0$1)
                  000082d0    00000018     drivers_msp432p4xx.aem4f : ADCMSP432.oem4f (.const:ADCMSP432_fxnTable)
                  000082e8    00000018                              : PWM.oem4f (.const:PWM_defaultParams)
                  00008300    00000018     MSP_EXP432P401R.obj (.const:PowerMSP432_config)
                  00008318    00000018     MSP_EXP432P401R.obj (.const:pwmTimerMSP432HWAttrs)
                  00008330    00000018     release_pem4f.oem4f (.const:ti_sysbios_gates_GateHwi_Object__PARAMS__C)
                  00008348    00000018     release_pem4f.oem4f (.const:ti_sysbios_gates_GateMutexPri_Object__PARAMS__C)
                  00008360    00000018     release_pem4f.oem4f (.const:ti_sysbios_gates_GateMutex_Object__PARAMS__C)
                  00008378    00000018     release_pem4f.oem4f (.const:ti_sysbios_knl_Event_Object__PARAMS__C)
                  00008390    00000018     release_pem4f.oem4f (.const:ti_sysbios_knl_Queue_Object__PARAMS__C)
                  000083a8    00000014     MSP_EXP432P401R.obj (.const:GPIOMSP432_config)
                  000083bc    00000012     release_pem4f.oem4f (.const:xdc_runtime_Startup_sfxnRts__A)
                  000083ce    00000002     release_pem4f.oem4f (.const:ti_sysbios_family_arm_msp432_init_Boot_bypassHFXT__C)
                  000083d0    00000010     drivers_msp432p4xx.aem4f : PWMTimerMSP432.oem4f (.const:pwmTimerBaseAddr)
                  000083e0    0000000c     MSP_EXP432P401R.obj (.const)
                  000083ec    0000000c     release_pem4f.oem4f (.const:xdc_runtime_Startup_firstFxns__A)
                  000083f8    00000008     Crystalfontz128x128_ST7735.obj (.const:$P$T0$1)
                  00008400    00000008     drivers_msp432p4xx.aem4f : ADC.oem4f (.const:ADC_defaultParams)
                  00008408    00000008     release_pem4f.oem4f (.const:ti_sysbios_knl_Idle_funcList__C)
                  00008410    00000008     release_pem4f.oem4f (.const:xdc_runtime_Startup_firstFxns__C)
                  00008418    00000008     release_pem4f.oem4f (.const:xdc_runtime_Startup_lastFxns__C)
                  00008420    00000006     drivers_msp432p4xx.aem4f : GPIOMSP432.oem4f (.const:.string:interruptType)
                  00008426    00000006                              : GPIOMSP432.oem4f (.const:.string:portInterruptIds)
                  0000842c    00000004     bsp_led.obj (.const:g_led_mapping)
                  00008430    00000004     release_pem4f.oem4f (.const:ti_sysbios_family_arm_m3_Hwi_E_alreadyDefined__C)
                  00008434    00000004     release_pem4f.oem4f (.const:ti_sysbios_family_arm_m3_Hwi_NUM_INTERRUPTS__C)
                  00008438    00000004     release_pem4f.oem4f (.const:ti_sysbios_family_arm_m3_Hwi_Object__count__C)
                  0000843c    00000004     release_pem4f.oem4f (.const:ti_sysbios_family_arm_m3_Hwi_ccr__C)
                  00008440    00000004     release_pem4f.oem4f (.const:ti_sysbios_family_arm_m3_Hwi_excHandlerFunc__C)
                  00008444    00000004     release_pem4f.oem4f (.const:ti_sysbios_family_arm_m3_Hwi_nullIsrFunc__C)
                  00008448    00000004     release_pem4f.oem4f (.const:ti_sysbios_family_arm_m3_Hwi_priGroup__C)
                  0000844c    00000004     release_pem4f.oem4f (.const:ti_sysbios_family_arm_m3_Hwi_swiDisable__C)
                  00008450    00000004     release_pem4f.oem4f (.const:ti_sysbios_family_arm_m3_Hwi_swiRestoreHwi__C)
                  00008454    00000004     release_pem4f.oem4f (.const:ti_sysbios_family_arm_m3_TaskSupport_stackAlignment__C)
                  00008458    00000004     release_pem4f.oem4f (.const:ti_sysbios_family_arm_msp432_Timer_numTimerDevices__C)
                  0000845c    00000004     release_pem4f.oem4f (.const:ti_sysbios_family_arm_msp432_Timer_startupNeeded__C)
                  00008460    00000004     release_pem4f.oem4f (.const:ti_sysbios_gates_GateMutexPri_Instance_State_pendQ__O)
                  00008464    00000004     release_pem4f.oem4f (.const:ti_sysbios_gates_GateMutex_Instance_State_sem__O)
                  00008468    00000004     release_pem4f.oem4f (.const:ti_sysbios_heaps_HeapMem_E_memory__C)
                  0000846c    00000004     release_pem4f.oem4f (.const:ti_sysbios_heaps_HeapMem_Module__gateObj__C)
                  00008470    00000004     release_pem4f.oem4f (.const:ti_sysbios_heaps_HeapMem_Object__count__C)
                  00008474    00000004     release_pem4f.oem4f (.const:ti_sysbios_heaps_HeapMem_primaryHeapBaseAddr__C)
                  00008478    00000004     release_pem4f.oem4f (.const:ti_sysbios_heaps_HeapMem_primaryHeapEndAddr__C)
                  0000847c    00000004     release_pem4f.oem4f (.const:ti_sysbios_heaps_HeapMem_reqAlign__C)
                  00008480    00000004     release_pem4f.oem4f (.const:ti_sysbios_knl_Clock_Module_State_clockQ__O)
                  00008484    00000004     release_pem4f.oem4f (.const:ti_sysbios_knl_Event_Instance_State_pendQ__O)
                  00008488    00000004     release_pem4f.oem4f (.const:ti_sysbios_knl_Idle_funcList__A)
                  0000848c    00000004     release_pem4f.oem4f (.const:ti_sysbios_knl_Mailbox_Instance_State_dataQue__O)
                  00008490    00000004     release_pem4f.oem4f (.const:ti_sysbios_knl_Mailbox_Instance_State_dataSem__O)
                  00008494    00000004     release_pem4f.oem4f (.const:ti_sysbios_knl_Mailbox_Instance_State_freeQue__O)
                  00008498    00000004     release_pem4f.oem4f (.const:ti_sysbios_knl_Mailbox_Instance_State_freeSem__O)
                  0000849c    00000004     release_pem4f.oem4f (.const:ti_sysbios_knl_Mailbox_Object__count__C)
                  000084a0    00000004     release_pem4f.oem4f (.const:ti_sysbios_knl_Mailbox_maxTypeAlign__C)
                  000084a4    00000004     release_pem4f.oem4f (.const:ti_sysbios_knl_Semaphore_Instance_State_pendQ__O)
                  000084a8    00000004     release_pem4f.oem4f (.const:ti_sysbios_knl_Swi_Object__count__C)
                  000084ac    00000004     release_pem4f.oem4f (.const:ti_sysbios_knl_Task_Module_State_inactiveQ__O)
                  000084b0    00000004     release_pem4f.oem4f (.const:ti_sysbios_knl_Task_Object__count__C)
                  000084b4    00000004     release_pem4f.oem4f (.const:ti_sysbios_knl_Task_allBlockedFunc__C)
                  000084b8    00000004     release_pem4f.oem4f (.const:ti_sysbios_knl_Task_defaultStackHeap__C)
                  000084bc    00000004     release_pem4f.oem4f (.const:ti_sysbios_knl_Task_defaultStackSize__C)
                  000084c0    00000004     release_pem4f.oem4f (.const:ti_sysbios_knl_Task_numConstructedTasks__C)
                  000084c4    00000004     release_pem4f.oem4f (.const:xdc_runtime_Error_E_memory__C)
                  000084c8    00000004     release_pem4f.oem4f (.const:xdc_runtime_Error_policyFxn__C)
                  000084cc    00000004     release_pem4f.oem4f (.const:xdc_runtime_IGateProvider_Interface__BASE__C)
                  000084d0    00000004     release_pem4f.oem4f (.const:xdc_runtime_IHeap_Interface__BASE__C)
                  000084d4    00000004     release_pem4f.oem4f (.const:xdc_runtime_IModule_Interface__BASE__C)
                  000084d8    00000004     release_pem4f.oem4f (.const:xdc_runtime_Memory_defaultHeapInstance__C)
                  000084dc    00000004     release_pem4f.oem4f (.const:xdc_runtime_Startup_execImpl__C)
                  000084e0    00000004     release_pem4f.oem4f (.const:xdc_runtime_Startup_maxPasses__C)
                  000084e4    00000004     release_pem4f.oem4f (.const:xdc_runtime_Startup_sfxnRts__C)
                  000084e8    00000004     release_pem4f.oem4f (.const:xdc_runtime_Startup_sfxnTab__C)
                  000084ec    00000004     release_pem4f.oem4f (.const:xdc_runtime_SysCallback_abortFxn__C)
                  000084f0    00000004     release_pem4f.oem4f (.const:xdc_runtime_SysCallback_exitFxn__C)
                  000084f4    00000004     release_pem4f.oem4f (.const:xdc_runtime_System_Module__gateObj__C)
                  000084f8    00000004     release_pem4f.oem4f (.const:xdc_runtime_System_abortFxn__C)
                  000084fc    00000004     release_pem4f.oem4f (.const:xdc_runtime_System_exitFxn__C)
                  00008500    00000004     release_pem4f.oem4f (.const:xdc_runtime_System_maxAtexitHandlers__C)
                  00008504    00000004     release_pem4f.oem4f (.const:xdc_runtime_Text_charTab__C)
                  00008508    00000004     release_pem4f.oem4f (.const:xdc_runtime_Text_nameEmpty__C)
                  0000850c    00000004     release_pem4f.oem4f (.const:xdc_runtime_Text_nameStatic__C)
                  00008510    00000004     release_pem4f.oem4f (.const:xdc_runtime_Text_nameUnknown__C)
                  00008514    00000002     release_pem4f.oem4f (.const:ti_sysbios_family_arm_msp432_init_Boot_bypassLFXT__C)
                  00008516    00000002     release_pem4f.oem4f (.const:ti_sysbios_family_arm_msp432_init_Boot_enableHFXT__C)
                  00008518    00000002     release_pem4f.oem4f (.const:ti_sysbios_family_arm_msp432_init_Boot_enableLFXT__C)
                  0000851a    00000002     release_pem4f.oem4f (.const:ti_sysbios_heaps_HeapMem_Module__id__C)
                  0000851c    00000002     release_pem4f.oem4f (.const:xdc_runtime_Memory_Module__id__C)
                  0000851e    00000002     release_pem4f.oem4f (.const:xdc_runtime_Text_charCnt__C)
                  00008520    00000002     release_pem4f.oem4f (.const:xdc_runtime_Text_isLoaded__C)
                  00008522    00000001     release_pem4f.oem4f (.const:xdc_runtime_Text_charTab__A)

.cinit     0    00008528    00000248     
                  00008528    0000021d     (.cinit..data.load) [load image, compression = lzss]
                  00008745    00000003     --HOLE-- [fill = 0]
                  00008748    0000000c     (__TI_handler_table)
                  00008754    00000004     --HOLE-- [fill = 0]
                  00008758    00000008     (.cinit..bss.load) [load image, compression = zero_init]
                  00008760    00000010     (__TI_cinit_table)

.init_array 
*          0    00000000    00000000     UNINITIALIZED

.data      0    20008140    000005cb     UNINITIALIZED
                  20008140    000000d0     drivers_msp432p4xx.aem4f : PowerMSP432.oem4f (.data:PowerMSP432_perfLevels)
                  20008210    00000080                              : PWMTimerMSP432.oem4f (.data:pwmTimerStatus)
                  20008290    00000080     release_pem4f.oem4f (.data:ti_sysbios_knl_Swi_Module_State_0_readyQ__A)
                  20008310    00000080     release_pem4f.oem4f (.data:ti_sysbios_knl_Task_Module_State_0_readyQ__A)
                  20008390    0000004c     release_pem4f.oem4f (.data:ti_sysbios_family_arm_msp432_Timer_Object__table__V)
                  200083dc    0000004c     release_pem4f.oem4f (.data:ti_sysbios_knl_Task_Object__table__V)
                  20008428    00000044     release_pem4f.oem4f (.data:ti_sysbios_knl_Task_Module__state__V)
                  2000846c    00000038     release_pem4f.oem4f (.data:ti_sysbios_gates_GateMutex_Object__table__V)
                  200084a4    00000034     release_pem4f.oem4f (.data:ti_sysbios_family_arm_m3_Hwi_Module__state__V)
                  200084d8    00000030     release_pem4f.oem4f (.data:ti_sysbios_knl_Swi_Object__table__V)
                  20008508    0000002c     drivers_msp432p4xx.aem4f : PowerMSP432.oem4f (.data:PowerMSP432_module)
                  20008534    0000002c     release_pem4f.oem4f (.data:ti_sysbios_knl_Clock_Module__state__V)
                  20008560    00000024     release_pem4f.oem4f (.data:ti_sysbios_BIOS_Module__state__V)
                  20008584    00000020     MSP_EXP432P401R.obj (.data:gpioPinConfigs)
                  200085a4    00000020     release_pem4f.oem4f (.data:ti_sysbios_family_arm_msp432_Timer_Module_State_0_device__A)
                  200085c4    00000020     release_pem4f.oem4f (.data:xdc_runtime_Error_IgnoreBlock)
                  200085e4    0000001c     release_pem4f.oem4f (.data:ti_sysbios_knl_Swi_Module__state__V)
                  20008600    00000018     release_pem4f.oem4f (.data:ti_sysbios_family_arm_m3_Hwi_Object__table__V)
                  20008618    00000018     release_pem4f.oem4f (.data:ti_sysbios_heaps_HeapMem_Object__table__V)
                  20008630    00000010     Crystalfontz128x128_ST7735.obj (.data:g_sCrystalfontz128x128)
                  20008640    00000010     release_pem4f.oem4f (.data:ti_sysbios_family_arm_msp432_Timer_Module_State_0_handles__A)
                  20008650    0000000c     release_pem4f.oem4f (.data:ti_sysbios_family_arm_msp432_ClockFreqs_Module__state__V)
                  2000865c    0000000c     release_pem4f.oem4f (.data:ti_sysbios_family_arm_msp432_Timer_Module__state__V)
                  20008668    00000008     rtsv7M4_T_le_v4SPD16_eabi.lib : _lock.obj (.data:$O1$$)
                  20008670    00000008     drivers_msp432p4xx.aem4f : ADCMSP432.oem4f (.data)
                  20008678    00000008     MSP_EXP432P401R.obj (.data:gpioCallbackFunctions)
                  20008680    00000008     release_pem4f.oem4f (.data:ti_sysbios_family_arm_m3_Hwi_Module__root__V)
                  20008688    00000008     release_pem4f.oem4f (.data:ti_sysbios_gates_GateHwi_Module__root__V)
                  20008690    00000008     release_pem4f.oem4f (.data:ti_sysbios_gates_GateMutexPri_Module__root__V)
                  20008698    00000008     release_pem4f.oem4f (.data:ti_sysbios_gates_GateMutex_Module__root__V)
                  200086a0    00000008     release_pem4f.oem4f (.data:ti_sysbios_heaps_HeapMem_Module__root__V)
                  200086a8    00000008     release_pem4f.oem4f (.data:ti_sysbios_knl_Event_Module__root__V)
                  200086b0    00000008     release_pem4f.oem4f (.data:ti_sysbios_knl_Mailbox_Module__root__V)
                  200086b8    00000008     release_pem4f.oem4f (.data:ti_sysbios_knl_Queue_Module__root__V)
                  200086c0    00000008     release_pem4f.oem4f (.data:ti_sysbios_knl_Semaphore_Module__root__V)
                  200086c8    00000008     release_pem4f.oem4f (.data:ti_sysbios_knl_Task_Module__root__V)
                  200086d0    00000008     release_pem4f.oem4f (.data:xdc_runtime_Startup_Module__state__V)
                  200086d8    00000008     release_pem4f.oem4f (.data:xdc_runtime_System_Module_State_0_atexitHandlers__A)
                  200086e0    00000008     release_pem4f.oem4f (.data:xdc_runtime_System_Module__state__V)
                  200086e8    00000004     rtsv7M4_T_le_v4SPD16_eabi.lib : errno.obj (.data)
                  200086ec    00000004                                   : stkdepth_vars.obj (.data)
                  200086f0    00000004     release_pem4f.oem4f (.data:ti_sysbios_family_arm_m3_Hwi_Module_State_0_excContext__A)
                  200086f4    00000004     release_pem4f.oem4f (.data:ti_sysbios_family_arm_m3_Hwi_Module_State_0_excStack__A)
                  200086f8    00000004     release_pem4f.oem4f (.data:ti_sysbios_gates_GateHwi_Object__table__V)
                  200086fc    00000004     release_pem4f.oem4f (.data:ti_sysbios_knl_Task_Module_State_0_idleTask__A)
                  20008700    00000004     release_pem4f.oem4f (.data:xdc_runtime_Memory_Module__state__V)
                  20008704    00000002     dive_controller.obj (.data)
                  20008706    00000002     release_pem4f.oem4f (.data:ti_sysbios_family_arm_m3_Hwi_Module_State_0_excActive__A)
                  20008708    00000001     drivers_msp432p4xx.aem4f : ADC.oem4f (.data)
                  20008709    00000001                              : GPIOMSP432.oem4f (.data)
                  2000870a    00000001                              : PWM.oem4f (.data)

.bss       0    20008710    0000056a     UNINITIALIZED
                  20008710    00000200     release_pem4f.oem4f (.bss:taskStackSection)
                  20008910    00000140     (.common:ti_sysbios_family_arm_m3_Hwi_dispatchTable)
                  20008a50    000000b4     (.common:timerMSP432Objects)
                  20008b04    0000003c     main.obj (.bss:task_params$1)
                  20008b40    00000034     main.obj (.bss:mbx_params_adc$4)
                  20008b74    00000034     main.obj (.bss:mbx_params_display$6)
                  20008ba8    00000030     drivers_msp432p4xx.aem4f : GPIOMSP432.oem4f (.bss:gpioCallbackInfo)
                  20008bd8    00000030     (.common:pwmTimerMSP432Objects)
                  20008c08    00000020     main.obj (.bss:eb$3)
                  20008c28    0000001c     protectedlcd.obj (.bss:g_context)
                  20008c44    00000008     main.obj (.bss)
                  20008c4c    00000008     (.common:adcMSP432Objects)
                  20008c54    00000004     protectedlcd.obj (.bss)
                  20008c58    00000004     (.common:alarm_event)
                  20008c5c    00000004     (.common:g_adc_mbox)
                  20008c60    00000004     (.common:g_alarm_event_handle)
                  20008c64    00000004     (.common:g_display_mbox)
                  20008c68    00000004     (.common:g_event_handle)
                  20008c6c    00000004     (.common:g_pwm_buzzer)
                  20008c70    00000002     (.common:Lcd_ScreenHeigth)
                  20008c72    00000002     (.common:Lcd_ScreenWidth)
                  20008c74    00000002     (.common:Lcd_TouchTrim)
                  20008c76    00000001     (.common:Lcd_FlagRead)
                  20008c77    00000001     (.common:Lcd_FontSolid)
                  20008c78    00000001     (.common:Lcd_Orientation)
                  20008c79    00000001     (.common:Lcd_PenSolid)

.priheap   0    20000140    00008000     UNINITIALIZED
                  20000140    00008000     --HOLE--

.stack     0    2000fc00    00000400     UNINITIALIZED
                  2000fc00    00000400     --HOLE--

.bootVecs 
*          0    00000000    00000008     DSECT
                  00000000    00000008     boot.aem4f : boot.oem4f (.bootVecs)

.resetVecs 
*          0    00000000    0000003c     
                  00000000    0000003c     release_pem4f.oem4f (.resetVecs)

.vecs      0    20000000    00000140     NOLOAD SECTION
                  20000000    00000140     release_pem4f.oem4f (.vecs)

xdc.meta   0    00000000    00000107     COPY SECTION
                  00000000    00000107     release_pem4f.oem4f (xdc.meta)

xdc.noload 
*          0    00000000    00000000     COPY SECTION

.binit     0    00000000    00000000     

MODULE SUMMARY

       Module                                               code    ro data   rw data
       ------                                               ----    -------   -------
    ./
       main.obj                                             824     0         208    
       display_task.obj                                     680     0         4      
       MSP_EXP432P401R.obj                                  8       188       276    
       dive_controller.obj                                  452     0         2      
       protectedlcd.obj                                     234     0         32     
       scuba.obj                                            222     0         0      
       bsp.obj                                              170     0         0      
       buttons_dive.obj                                     160     0         0      
       bsp_led.obj                                          152     4         0      
       adc_dive.obj                                         100     0         4      
       alarm.obj                                            92      0         0      
       alarmtask.obj                                        40      0         12     
       timertask.obj                                        32      0         0      
       blinkingledtask.obj                                  22      0         0      
    +--+----------------------------------------------------+-------+---------+---------+
       Total:                                               3188    192       538    
                                                                                     
    ./LcdDriver/
       Crystalfontz128x128_ST7735.obj                       1670    40        26     
       HAL_MSP_EXP432P401R_Crystalfontz128x128_ST7735.obj   212     28        0      
    +--+----------------------------------------------------+-------+---------+---------+
       Total:                                               1882    68        26     
                                                                                     
    ./fonts/
       fontfixed6x8.obj                                     0       960       0      
    +--+----------------------------------------------------+-------+---------+---------+
       Total:                                               0       960       0      
                                                                                     
    /Users/munanxu/software_bootcamp/tirtos_builds_MSP_EXP432P401R_release_ccs/Debug/configPkg/package/cfg/
       release_pem4f.oem4f                                  1646    1290      2170   
    +--+----------------------------------------------------+-------+---------+---------+
       Total:                                               1646    1290      2170   
                                                                                     
    /Applications/ti/ccsv7/tools/compiler/ti-cgt-arm_16.9.3.LTS/lib/rtsv7M4_T_le_v4SPD16_eabi.lib
       _printfi.obj                                         4414    0         0      
       ull_div_t2.obj                                       500     0         0      
       fd_add_t2.obj                                        438     0         0      
       fd_div_t2.obj                                        310     0         0      
       fd_cmp_t2.obj                                        268     0         0      
       ctype.obj                                            0       257       0      
       fd_mul_t2.obj                                        252     0         0      
       s_scalbn.obj                                         252     0         0      
       memcpy_t2.obj                                        156     0         0      
       snprintf.obj                                         148     0         0      
       memset_t2.obj                                        122     0         0      
       copy_decompress_lzss.obj                             104     0         0      
       s_frexp.obj                                          100     0         0      
       ltoa.obj                                             84      0         0      
       atoi.obj                                             76      0         0      
       cpy_tbl.obj                                          76      0         0      
       fd_toi_t2.obj                                        72      0         0      
       i_tofd_t2.obj                                        46      0         0      
       _lock.obj                                            20      0         8      
       memccpy.obj                                          28      0         0      
       args_main.obj                                        24      0         0      
       strchr.obj                                           22      0         0      
       s_copysign.obj                                       20      0         0      
       strlen.obj                                           20      0         0      
       copy_decompress_none.obj                             14      0         0      
       copy_zero_init.obj                                   12      0         0      
       errno.obj                                            0       0         4      
       stkdepth_vars.obj                                    0       0         4      
    +--+----------------------------------------------------+-------+---------+---------+
       Total:                                               7578    257       16     
                                                                                     
    /Users/munanxu/software_bootcamp/tirtos_builds_MSP_EXP432P401R_release_ccs/src/sysbios/sysbios.aem4f
       BIOS.obj                                             8902    0         0      
       m3_Hwi_asm.obj                                       306     0         0      
       m3_TaskSupport_asm.obj                               180     0         0      
       m3_Hwi_asm_switch.obj                                118     0         0      
    +--+----------------------------------------------------+-------+---------+---------+
       Total:                                               9506    0         0      
                                                                                     
    /Users/munanxu/ti/simplelink_msp432_sdk_1_30_00_40/kernel/tirtos/packages/ti/dpl/lib/dpl_msp432p4xx.aem4f
       PowerMSP432_tirtos.oem4f                             126     0         0      
       SemaphoreP_tirtos.oem4f                              116     0         0      
       HwiP_tirtos.oem4f                                    86      0         0      
    +--+----------------------------------------------------+-------+---------+---------+
       Total:                                               328     0         0      
                                                                                     
    /Users/munanxu/ti/simplelink_msp432_sdk_1_30_00_40/kernel/tirtos/packages/ti/targets/arm/rtsarm/lib/auto_init.aem4f
       auto_init.oem4f                                      160     0         0      
    +--+----------------------------------------------------+-------+---------+---------+
       Total:                                               160     0         0      
                                                                                     
    /Users/munanxu/ti/simplelink_msp432_sdk_1_30_00_40/kernel/tirtos/packages/ti/targets/arm/rtsarm/lib/boot.aem4f
       boot.oem4f                                           88      0         0      
    +--+----------------------------------------------------+-------+---------+---------+
       Total:                                               88      0         0      
                                                                                     
    /Users/munanxu/ti/simplelink_msp432_sdk_1_30_00_40/source/ti/devices/msp432p4xx/driverlib/ccs/msp432p4xx_driverlib.lib
       cs.o                                                 260     0         0      
       spi.o                                                222     0         0      
       gpio.o                                               156     48        0      
       sysctl.o                                             48      0         0      
       cpu.o                                                24      0         0      
    +--+----------------------------------------------------+-------+---------+---------+
       Total:                                               710     48        0      
                                                                                     
    /Users/munanxu/ti/simplelink_msp432_sdk_1_30_00_40/source/ti/drivers/lib/drivers_msp432p4xx.aem4f
       PowerMSP432.oem4f                                    1572    0         252    
       PWMTimerMSP432.oem4f                                 1340    48        128    
       GPIOMSP432.oem4f                                     804     12        49     
       ADCMSP432.oem4f                                      706     24        8      
       PWM.oem4f                                            158     24        1      
       ADC.oem4f                                            158     8         1      
       TimerMSP432.oem4f                                    104     0         0      
       List.oem4f                                           8       0         0      
    +--+----------------------------------------------------+-------+---------+---------+
       Total:                                               4850    116       439    
                                                                                     
    /Users/munanxu/ti/simplelink_msp432_sdk_1_30_00_40/source/ti/grlib/ccs/grlib.lib
       string.o                                             746     0         0      
       context.o                                            76      0         0      
       line.o                                               74      0         0      
       display.o                                            56      0         0      
    +--+----------------------------------------------------+-------+---------+---------+
       Total:                                               952     0         0      
                                                                                     
       Stack:                                               0       0         1024   
       Linker Generated:                                    0       577       0      
    +--+----------------------------------------------------+-------+---------+---------+
       Grand Total:                                         30888   3508      4213   


LINKER GENERATED COPY TABLES

__TI_cinit_table @ 00008760 records: 2, size/record: 8, table size: 16
	.data: load addr=00008528, load size=0000021d bytes, run addr=20008140, run size=000005cb bytes, compression=lzss
[...]
00007739  Graphics_drawPixelOnDisplay                                 
00007747  Graphics_setBackgroundColor                                 
00007755  Graphics_setForegroundColor                                 
00007763  HwiP_Params_init                                            
00007771  SemaphoreP_delete                                           
0000777f  bsp_halt                                                    
0000778d  __TI_decompress_none                                        
0000779b  PWMTimerMSP432_control                                      
000077a1  ti_sysbios_knl_Idle_loop__E                                 
000077b1  ti_sysbios_knl_Queue_empty__E                               
000077bf  CPU_cpsid                                                   
000077cb  CPU_cpsie                                                   
000077d7  EUSCI_A_SPI_enable                                          
000077e3  EUSCI_B_SPI_enable                                          
000077f1  Power_getConstraintMask                                     
000077fd  Power_getPerformanceLevel                                   
00007809  bsp_init                                                    
00007821  __TI_zero_init                                              
0000782d  ti_sysbios_family_arm_m3_Hwi_Params__init__S                
0000782d  ti_sysbios_hal_Hwi_HwiProxy_Params__init__S                 
00007839  ti_sysbios_family_arm_m3_Hwi_disableFxn__E                  
00007839  ti_sysbios_hal_Hwi_HwiProxy_disable__E                      
00007849  ti_sysbios_family_arm_m3_TaskSupport_getStackAlignment__E   
00007849  ti_sysbios_knl_Task_SupportProxy_getStackAlignment__E       
00007859  ti_sysbios_family_arm_msp432_Timer_getMaxTicks__E           
00007869  ti_sysbios_gates_GateHwi_enter__E                           
00007875  ti_sysbios_gates_GateMutexPri_Params__init__S               
00007881  ti_sysbios_knl_Mailbox_Params__init__S                      
0000788d  ti_sysbios_knl_Queue_Object__get__S                         
00007899  ti_sysbios_knl_Semaphore_Params__init__S                    
000078a5  ti_sysbios_knl_Task_Params__init__S                         
000078b1  xdc_runtime_Gate_enterSystem__E                             
000078c1  xdc_runtime_Startup_rtsDone__E                              
000078cd  ADC_Params_init                                             
000078d7  ADC_close                                                   
000078e1  ADC_convert                                                 
000078f5  Graphics_clearDisplay                                       
000078ff  Graphics_clearDisplayOnDisplay                              
00007909  Graphics_translateColorOnDisplay                            
00007913  PWM_start                                                   
0000791d  SemaphoreP_Params_init                                      
00007927  SemaphoreP_post                                             
00007927  SemaphoreP_postFromClock                                    
00007931  xdc_runtime_Memory_HeapProxy_alloc__E                       
0000793b  xdc_runtime_Memory_HeapProxy_free__E                        
00007945  MSP_EXP432P401R_initGeneral                                 
00007951  ti_sysbios_family_arm_m3_Hwi_doSwiRestore__I                
00007959  ti_sysbios_family_arm_m3_Hwi_startup__E                     
00007959  ti_sysbios_hal_Hwi_HwiProxy_startup__E                      
00007961  ti_sysbios_family_arm_m3_Hwi_doTaskRestore__I               
00007969  HwiP_restore                                                
00007969  ti_sysbios_family_arm_m3_Hwi_restoreFxn__E                  
00007969  ti_sysbios_hal_Hwi_HwiProxy_restore__E                      
00007971  ti_sysbios_gates_GateHwi_leave__E                           
00007979  ti_sysbios_heaps_HeapMem_isBlocking__E                      
00007981  ti_sysbios_knl_Queue_Instance_init__E                       
00007989  ti_sysbios_knl_Swi_startup__E                               
00007991  xdc_runtime_System_Module_startup__E                        
00007999  ti_sysbios_gates_GateHwi_query__E                           
00007999  xdc_runtime_Main_Module_GateProxy_query__E                  
00007999  xdc_runtime_System_Module_GateProxy_query__E                
000079a1  ti_sysbios_gates_GateMutexPri_query__E                      
000079a9  ti_sysbios_BIOS_RtsGateProxy_query__E                       
000079a9  ti_sysbios_gates_GateMutex_query__E                         
000079a9  ti_sysbios_heaps_HeapMem_Module_GateProxy_query__E          
000079b1  ti_sysbios_knl_Task_startup__E                              
000079b9  ti_sysbios_BIOS_linkedWithIncorrectBootLibrary__E           
000079c1  ti_sysbios_gates_GateHwi_Instance_init__E                   
000079c9  ti_sysbios_knl_Clock_logTick__E                             
000079d1  xdc_runtime_SysCallback_defaultAbort                        
000079d9  xdc_runtime_SysCallback_defaultExit                         
000079e1  xdc_runtime_System_abortSpin__E                             
000079e9  xdc_runtime_System_exitSpin__E                              
00007ce4  _ctypes_                                                    
00007de5  xdc_runtime_Error_policy__C                                 
00007de6  ti_sysbios_family_arm_m3_Hwi_Module__id__C                  
00007de8  g_sFontFixed6x8                                             
00007ef8  ti_sysbios_knl_Task_Object__PARAMS__C                       
00007f34  ti_sysbios_knl_Mailbox_Object__PARAMS__C                    
00007f98  ti_sysbios_family_arm_m3_Hwi_Object__PARAMS__C              
00007fc8  ti_sysbios_heaps_HeapMem_Module__FXNS__C                    
00007ff0  ADC_config                                                  
00008000  HEAPSIZE                                                    
00008014  PWM_config                                                  
00008038  adcMSP432HWAttrs                                            
0000805c  ti_sysbios_gates_GateHwi_Module__FXNS__C                    
00008080  ti_sysbios_gates_GateMutexPri_Module__FXNS__C               
000080a4  ti_sysbios_gates_GateMutex_Module__FXNS__C                  
000080c8  ti_sysbios_heaps_HeapMem_Object__PARAMS__C                  
000080ec  ti_sysbios_knl_Semaphore_Object__PARAMS__C                  
00008110  xdc_runtime_Startup_sfxnTab__A                              
00008134  PWMTimerMSP432_fxnTable                                     
00008154  g_sCrystalfontz128x128_funcs                                
00008174  ti_sysbios_family_arm_m3_Hwi_Object__DESC__C                
00008194  ti_sysbios_gates_GateHwi_Object__DESC__C                    
000081b4  ti_sysbios_gates_GateMutexPri_Object__DESC__C               
000081d4  ti_sysbios_gates_GateMutex_Object__DESC__C                  
000081f4  ti_sysbios_heaps_HeapMem_Object__DESC__C                    
00008214  ti_sysbios_knl_Event_Object__DESC__C                        
00008234  ti_sysbios_knl_Mailbox_Object__DESC__C                      
00008254  ti_sysbios_knl_Queue_Object__DESC__C                        
00008274  ti_sysbios_knl_Semaphore_Object__DESC__C                    
00008294  ti_sysbios_knl_Task_Object__DESC__C                         
000082d0  ADCMSP432_fxnTable                                          
000082e8  PWM_defaultParams                                           
00008300  PowerMSP432_config                                          
00008318  pwmTimerMSP432HWAttrs                                       
00008330  ti_sysbios_gates_GateHwi_Object__PARAMS__C                  
00008348  ti_sysbios_gates_GateMutexPri_Object__PARAMS__C             
00008360  ti_sysbios_gates_GateMutex_Object__PARAMS__C                
00008378  ti_sysbios_knl_Event_Object__PARAMS__C                      
00008390  ti_sysbios_knl_Queue_Object__PARAMS__C                      
000083a8  GPIOMSP432_config                                           
000083bc  xdc_runtime_Startup_sfxnRts__A                              
000083ce  ti_sysbios_family_arm_msp432_init_Boot_bypassHFXT__C        
000083e0  ADC_count                                                   
000083e1  ADCBuf_count                                                
000083e2  Capture_count                                               
000083e3  Display_count                                               
000083e4  I2C_count                                                   
000083e5  I2CSlave_count                                              
000083e6  PWM_count                                                   
000083e7  SDSPI_count                                                 
000083e8  SPI_count                                                   
000083e9  Timer_count                                                 
000083ea  UART_count                                                  
000083eb  Watchdog_count                                              
000083ec  xdc_runtime_Startup_firstFxns__A                            
00008400  ADC_defaultParams                                           
00008408  ti_sysbios_knl_Idle_funcList__C                             
00008410  xdc_runtime_Startup_firstFxns__C                            
00008418  xdc_runtime_Startup_lastFxns__C                             
00008430  ti_sysbios_family_arm_m3_Hwi_E_alreadyDefined__C            
00008434  ti_sysbios_family_arm_m3_Hwi_NUM_INTERRUPTS__C              
00008438  ti_sysbios_family_arm_m3_Hwi_Object__count__C               
0000843c  ti_sysbios_family_arm_m3_Hwi_ccr__C                         
00008440  ti_sysbios_family_arm_m3_Hwi_excHandlerFunc__C              
00008444  ti_sysbios_family_arm_m3_Hwi_nullIsrFunc__C                 
00008448  ti_sysbios_family_arm_m3_Hwi_priGroup__C                    
0000844c  ti_sysbios_family_arm_m3_Hwi_swiDisable__C                  
00008450  ti_sysbios_family_arm_m3_Hwi_swiRestoreHwi__C               
00008454  ti_sysbios_family_arm_m3_TaskSupport_stackAlignment__C      
00008458  ti_sysbios_family_arm_msp432_Timer_numTimerDevices__C       
0000845c  ti_sysbios_family_arm_msp432_Timer_startupNeeded__C         
00008460  ti_sysbios_gates_GateMutexPri_Instance_State_pendQ__O       
00008464  ti_sysbios_gates_GateMutex_Instance_State_sem__O            
00008468  ti_sysbios_heaps_HeapMem_E_memory__C                        
0000846c  ti_sysbios_heaps_HeapMem_Module__gateObj__C                 
00008470  ti_sysbios_heaps_HeapMem_Object__count__C                   
00008474  ti_sysbios_heaps_HeapMem_primaryHeapBaseAddr__C             
00008478  ti_sysbios_heaps_HeapMem_primaryHeapEndAddr__C              
0000847c  ti_sysbios_heaps_HeapMem_reqAlign__C                        
00008480  ti_sysbios_knl_Clock_Module_State_clockQ__O                 
00008484  ti_sysbios_knl_Event_Instance_State_pendQ__O                
00008488  ti_sysbios_knl_Idle_funcList__A                             
0000848c  ti_sysbios_knl_Mailbox_Instance_State_dataQue__O            
00008490  ti_sysbios_knl_Mailbox_Instance_State_dataSem__O            
00008494  ti_sysbios_knl_Mailbox_Instance_State_freeQue__O            
00008498  ti_sysbios_knl_Mailbox_Instance_State_freeSem__O            
0000849c  ti_sysbios_knl_Mailbox_Object__count__C                     
000084a0  ti_sysbios_knl_Mailbox_maxTypeAlign__C                      
000084a4  ti_sysbios_knl_Semaphore_Instance_State_pendQ__O            
000084a8  ti_sysbios_knl_Swi_Object__count__C                         
000084ac  ti_sysbios_knl_Task_Module_State_inactiveQ__O               
000084b0  ti_sysbios_knl_Task_Object__count__C                        
000084b4  ti_sysbios_knl_Task_allBlockedFunc__C                       
000084b8  ti_sysbios_knl_Task_defaultStackHeap__C                     
000084bc  ti_sysbios_knl_Task_defaultStackSize__C                     
000084c0  ti_sysbios_knl_Task_numConstructedTasks__C                  
000084c4  xdc_runtime_Error_E_memory__C                               
000084c8  xdc_runtime_Error_policyFxn__C                              
000084cc  xdc_runtime_IGateProvider_Interface__BASE__C                
000084d0  xdc_runtime_IHeap_Interface__BASE__C                        
000084d4  xdc_runtime_IModule_Interface__BASE__C                      
000084d8  xdc_runtime_Memory_defaultHeapInstance__C                   
000084dc  xdc_runtime_Startup_execImpl__C                             
000084e0  xdc_runtime_Startup_maxPasses__C                            
000084e4  xdc_runtime_Startup_sfxnRts__C                              
000084e8  xdc_runtime_Startup_sfxnTab__C                              
000084ec  xdc_runtime_SysCallback_abortFxn__C                         
000084f0  xdc_runtime_SysCallback_exitFxn__C                          
000084f4  xdc_runtime_System_Module__gateObj__C                       
000084f8  xdc_runtime_System_abortFxn__C                              
000084fc  xdc_runtime_System_exitFxn__C                               
00008500  xdc_runtime_System_maxAtexitHandlers__C                     
00008504  xdc_runtime_Text_charTab__C                                 
00008508  xdc_runtime_Text_nameEmpty__C                               
0000850c  xdc_runtime_Text_nameStatic__C                              
00008510  xdc_runtime_Text_nameUnknown__C                             
00008514  ti_sysbios_family_arm_msp432_init_Boot_bypassLFXT__C        
00008516  ti_sysbios_family_arm_msp432_init_Boot_enableHFXT__C        
00008518  ti_sysbios_family_arm_msp432_init_Boot_enableLFXT__C        
0000851a  ti_sysbios_heaps_HeapMem_Module__id__C                      
0000851c  xdc_runtime_Memory_Module__id__C                            
0000851e  xdc_runtime_Text_charCnt__C                                 
00008520  xdc_runtime_Text_isLoaded__C                                
00008522  xdc_runtime_Text_charTab__A                                 
00008528  __TI_static_base__                                          
00008748  __TI_Handler_Table_Base                                     
00008754  __TI_Handler_Table_Limit                                    
00008760  __TI_CINIT_Base                                             
00008770  __TI_CINIT_Limit                                            
20000000  ti_sysbios_family_arm_m3_Hwi_ramVectors                     
20000140  __primary_heap_start__                                      
20008140  PowerMSP432_perfLevels                                      
20008140  __primary_heap_end__                                        
20008290  ti_sysbios_knl_Swi_Module_State_0_readyQ__A                 
20008310  ti_sysbios_knl_Task_Module_State_0_readyQ__A                
20008390  ti_sysbios_family_arm_msp432_Timer_Object__table__V         
200083dc  ti_sysbios_knl_Task_Object__table__V                        
20008428  ti_sysbios_knl_Task_Module__state__V                        
2000846c  ti_sysbios_gates_GateMutex_Object__table__V                 
200084a4  ti_sysbios_family_arm_m3_Hwi_Module__state__V               
200084d8  ti_sysbios_knl_Swi_Object__table__V                         
20008508  PowerMSP432_module                                          
20008534  ti_sysbios_knl_Clock_Module__state__V                       
20008560  ti_sysbios_BIOS_Module__state__V                            
20008584  gpioPinConfigs                                              
200085a4  ti_sysbios_family_arm_msp432_Timer_Module_State_0_device__A 
200085c4  xdc_runtime_Error_IgnoreBlock                               
200085e4  ti_sysbios_knl_Swi_Module__state__V                         
20008600  ti_sysbios_family_arm_m3_Hwi_Object__table__V               
20008618  ti_sysbios_heaps_HeapMem_Object__table__V                   
20008630  g_sCrystalfontz128x128                                      
20008640  ti_sysbios_family_arm_msp432_Timer_Module_State_0_handles__A
20008650  ti_sysbios_family_arm_msp432_ClockFreqs_Module__state__V    
2000865c  ti_sysbios_family_arm_msp432_Timer_Module__state__V         
20008668  _lock                                                       
2000866c  _unlock                                                     
20008678  gpioCallbackFunctions                                       
20008680  ti_sysbios_family_arm_m3_Hwi_Module__root__V                
20008688  ti_sysbios_gates_GateHwi_Module__root__V                    
20008690  ti_sysbios_gates_GateMutexPri_Module__root__V               
20008698  ti_sysbios_gates_GateMutex_Module__root__V                  
200086a0  ti_sysbios_heaps_HeapMem_Module__root__V                    
200086a8  ti_sysbios_knl_Event_Module__root__V                        
200086b0  ti_sysbios_knl_Mailbox_Module__root__V                      
200086b8  ti_sysbios_knl_Queue_Module__root__V                        
200086c0  ti_sysbios_knl_Semaphore_Module__root__V                    
200086c8  ti_sysbios_knl_Task_Module__root__V                         
200086d0  xdc_runtime_Startup_Module__state__V                        
200086d8  xdc_runtime_System_Module_State_0_atexitHandlers__A         
200086e0  xdc_runtime_System_Module__state__V                         
200086e8  errno                                                       
200086ec  main_func_sp                                                
200086f0  ti_sysbios_family_arm_m3_Hwi_Module_State_0_excContext__A   
200086f4  ti_sysbios_family_arm_m3_Hwi_Module_State_0_excStack__A     
200086f8  ti_sysbios_gates_GateHwi_Object__table__V                   
200086fc  ti_sysbios_knl_Task_Module_State_0_idleTask__A              
20008700  xdc_runtime_Memory_Module__state__V                         
20008706  ti_sysbios_family_arm_m3_Hwi_Module_State_0_excActive__A    
20008710  ti_sysbios_knl_Task_Instance_State_0_stack__A               
20008910  ti_sysbios_family_arm_m3_Hwi_dispatchTable                  
20008a50  timerMSP432Objects                                          
20008bd8  pwmTimerMSP432Objects                                       
20008c4c  adcMSP432Objects                                            
20008c58  alarm_event                                                 
20008c5c  g_adc_mbox                                                  
20008c60  g_alarm_event_handle                                        
20008c64  g_display_mbox                                              
20008c68  g_event_handle                                              
20008c6c  g_pwm_buzzer                                                
20008c70  Lcd_ScreenHeigth                                            
20008c72  Lcd_ScreenWidth                                             
20008c74  Lcd_TouchTrim                                               
20008c76  Lcd_FlagRead                                                
20008c77  Lcd_FontSolid                                               
20008c78  Lcd_Orientation                                             
20008c79  Lcd_PenSolid                                                
2000fc00  __stack                                                     
20010000  __STACK_END                                                 
4000480c  WDTCTL_SYM                                                  
e000e000  ti_sysbios_family_arm_m3_Hwi_nvic                           
ffffffff  __TI_pprof_out_hndl                                         
ffffffff  __TI_prof_data_size                                         
ffffffff  __TI_prof_data_start                                        
ffffffff  __binit__                                                   
ffffffff  __c_args__                                                  
ffffffff  binit                                                       
UNDEFED   SHT$$INIT_ARRAY$$Base                                       
UNDEFED   SHT$$INIT_ARRAY$$Limit                                      

[610 symbols]
