******************************************************************************
                  TI ARM Linker Unix v16.9.3                   
******************************************************************************
>> Linked Thu Aug 17 17:00:13 2017

OUTPUT FILE NAME:   <dive_computer.out>
ENTRY POINT SYMBOL: "_c_int00"  address: 000054d1


MEMORY CONFIGURATION

         name            origin    length      used     unused   attr    fill
----------------------  --------  ---------  --------  --------  ----  --------
  MAIN                  00000000   00040000  000086cd  00037933  R  X
  INFO                  00200000   00004000  00000000  00004000  R  X
  SRAM_CODE             01000000   00010000  00000000  00010000  RW X
  SRAM_DATA             20000000   00010000  00009075  00006f8b  RW  


SEGMENT ALLOCATION MAP

run origin  load origin   length   init length attrs members
----------  ----------- ---------- ----------- ----- -------
00000000    00000000    000086d8   000086d8    r-x
  00000000    00000000    0000003c   0000003c    r-- .resetVecs
  00000040    00000040    0000791a   0000791a    r-x .text
  0000795c    0000795c    00000b37   00000b37    r-- .const
  00008498    00008498    00000240   00000240    r-- .cinit
20000140    20000140    00008000   00000000    r--
  20000140    20000140    00008000   00000000    r-- .priheap
20008140    20008140    00000b3a   00000000    rw-
  20008140    20008140    000005cb   00000000    rw- .data
  20008710    20008710    0000056a   00000000    rw- .bss
2000fc00    2000fc00    00000400   00000000    rw-
  2000fc00    2000fc00    00000400   00000000    rw- .stack


SECTION ALLOCATION MAP

 output                                  attributes/
section   page    origin      length       input sections
--------  ----  ----------  ----------   ----------------
.text      0    00000040    0000791a     
                  00000040    0000113e     rtsv7M4_T_le_v4SPD16_eabi.lib : _printfi.obj (.text)
                  0000117e    000002d0     grlib.lib : string.o (.text:Graphics_drawString)
                  0000144e    00000002     drivers_msp432p4xx.aem4f : ADCMSP432.oem4f (.text:ADCMSP432_init)
                  00001450    000002d0                              : PowerMSP432.oem4f (.text:Power_sleep)
                  00001720    00000290     main.obj (.text:startup_task)
                  000019b0    0000021c     display_task.obj (.text:display_task)
                  00001bcc    000001f4     rtsv7M4_T_le_v4SPD16_eabi.lib : ull_div_t2.obj (.text)
                  00001dc0    000001d8     Crystalfontz128x128_ST7735.obj (.text:Crystalfontz128x128_PixelDrawMultiple)
                  00001f98    000001c4     dive_controller.obj (.text:dive_controller_task)
                  0000215c    000001b6     rtsv7M4_T_le_v4SPD16_eabi.lib : fd_add_t2.obj (.text)
                  00002312    00000002     drivers_msp432p4xx.aem4f : PWMTimerMSP432.oem4f (.text:PWMTimerMSP432_init)
                  00002314    0000015c                              : GPIOMSP432.oem4f (.text:GPIO_setConfig)
                  00002470    00000158     sysbios.aem4f : BIOS.obj (.text:ti_sysbios_knl_Event_pend__E)
                  000025c8    0000014c     drivers_msp432p4xx.aem4f : PowerMSP432.oem4f (.text:initPerfControl)
                  00002714    00000136     rtsv7M4_T_le_v4SPD16_eabi.lib : fd_div_t2.obj (.text)
                  0000284a    00000002     dpl_msp432p4xx.aem4f : PowerMSP432_tirtos.oem4f (.text:PowerMSP432_initPolicy)
                  0000284c    00000134     Crystalfontz128x128_ST7735.obj (.text:Crystalfontz128x128_SetDrawFrame)
                  00002980    00000130     sysbios.aem4f : BIOS.obj (.text:ti_sysbios_knl_Semaphore_pend__E)
                  00002ab0    0000012c     Crystalfontz128x128_ST7735.obj (.text:Crystalfontz128x128_Init)
                  00002bdc    00000118     drivers_msp432p4xx.aem4f : ADCMSP432.oem4f (.text:ADCMSP432_convert)
                  00002cf4    00000004     grlib.lib : context.o (.text:Graphics_setFont)
                  00002cf8    00000108     sysbios.aem4f : BIOS.obj (.text:xdc_runtime_Startup_startMods__I)
                  00002e00    00000100     drivers_msp432p4xx.aem4f : PWMTimerMSP432.oem4f (.text:initHw)
                  00002f00    000000fc     rtsv7M4_T_le_v4SPD16_eabi.lib : fd_mul_t2.obj (.text)
                  00002ffc    000000fc                                   : s_scalbn.obj (.text)
                  000030f8    000000fc     sysbios.aem4f : BIOS.obj (.text:ti_sysbios_family_arm_msp432_init_Boot_configureClocksHigh)
                  000031f4    000000ec                   : m3_Hwi_asm.obj (.text:ti_sysbios_family_arm_m3_Hwi_dispatch__I)
                  000032e0    000000e0     msp432p4xx_driverlib.lib : cs.o (.text:CS_initClockSignal)
                  000033c0    000000d8     drivers_msp432p4xx.aem4f : PWMTimerMSP432.oem4f (.text:PWMTimerMSP432_open)
                  00003498    000000d4     sysbios.aem4f : BIOS.obj (.text:ti_sysbios_knl_Mailbox_Instance_init__E)
                  0000356c    00000004     dpl_msp432p4xx.aem4f : HwiP_tirtos.oem4f (.text:HwiP_disable)
                  00003570    000000d0     sysbios.aem4f : BIOS.obj (.text:ti_sysbios_heaps_HeapMem_alloc__E)
                  00003640    000000c4                   : BIOS.obj (.text:ti_sysbios_knl_Task_sleep__E)
                  00003704    00000004     drivers_msp432p4xx.aem4f : List.oem4f (.text:List_head)
                  00003708    000000c0     sysbios.aem4f : BIOS.obj (.text:ti_sysbios_knl_Task_Instance_init__E)
                  000037c8    000000bc                   : BIOS.obj (.text:ti_sysbios_knl_Task_Instance_finalize__E)
                  00003884    00000004     drivers_msp432p4xx.aem4f : List.oem4f (.text:List_next)
                  00003888    000000a8     sysbios.aem4f : BIOS.obj (.text:ti_sysbios_family_arm_msp432_Timer_periodicStub__E)
                  00003930    000000a8                   : BIOS.obj (.text:xdc_runtime_Core_createObject__I)
                  000039d8    000000a4                   : BIOS.obj (.text:ti_sysbios_knl_Task_setPri__E)
                  00003a7c    000000a0     auto_init.aem4f : auto_init.oem4f (.text)
                  00003b1c    000000a0     buttons_dive.obj (.text:button_task)
                  00003bbc    0000009c     Crystalfontz128x128_ST7735.obj (.text:Crystalfontz128x128_RectFill)
                  00003c58    0000009c     drivers_msp432p4xx.aem4f : PWMTimerMSP432.oem4f (.text:PWMTimerMSP432_setPeriod)
                  00003cf4    0000009c     rtsv7M4_T_le_v4SPD16_eabi.lib : memcpy_t2.obj (.text)
                  00003d90    00000098     drivers_msp432p4xx.aem4f : ADCMSP432.oem4f (.text:ADCMSP432_open)
                  00003e28    00000098     sysbios.aem4f : BIOS.obj (.text:ti_sysbios_family_arm_m3_Hwi_Instance_init__E)
                  00003ec0    00000094     rtsv7M4_T_le_v4SPD16_eabi.lib : snprintf.obj (.text)
                  00003f54    00000004     release_pem4f.oem4f (.text:ti_sysbios_BIOS_RtsGateProxy_enter__E)
                  00003f58    00000094     sysbios.aem4f : BIOS.obj (.text:ti_sysbios_family_arm_m3_Hwi_initNVIC__E)
                  00003fec    00000090     drivers_msp432p4xx.aem4f : PWMTimerMSP432.oem4f (.text:PWMTimerMSP432_setDuty)
                  0000407c    0000008c     sysbios.aem4f : m3_TaskSupport_asm.obj (.text:ti_sysbios_family_arm_m3_TaskSupport_buildTaskStack)
                  00004108    0000008c                   : BIOS.obj (.text:ti_sysbios_gates_GateMutexPri_enter__E)
                  00004194    00000004     release_pem4f.oem4f (.text:ti_sysbios_BIOS_RtsGateProxy_leave__E)
                  00004198    0000008c     sysbios.aem4f : BIOS.obj (.text:ti_sysbios_knl_Event_post__E)
                  00004224    00000004     release_pem4f.oem4f (.text:ti_sysbios_family_arm_m3_TaskSupport_Module__startupDone__S)
                  00004228    0000008c     sysbios.aem4f : BIOS.obj (.text:ti_sysbios_knl_Task_postInit__I)
                  000042b4    00000088     protectedlcd.obj (.text:protected_lcd_init)
                  0000433c    00000004     release_pem4f.oem4f (.text:ti_sysbios_heaps_HeapMem_Module_GateProxy_enter__E)
                  00004340    00000088     sysbios.aem4f : BIOS.obj (.text:ti_sysbios_knl_Mailbox_post__E)
                  000043c8    00000088                   : BIOS.obj (.text:xdc_runtime_Memory_alloc__E)
                  00004450    00000086     rtsv7M4_T_le_v4SPD16_eabi.lib : fd_cmp_t2.obj (.text:__aeabi_cdcmple)
                  000044d6    00000086                                   : fd_cmp_t2.obj (.text:__aeabi_cdrcmple)
                  0000455c    00000004     release_pem4f.oem4f (.text:ti_sysbios_heaps_HeapMem_Module_GateProxy_leave__E)
                  00004560    00000084     sysbios.aem4f : BIOS.obj (.text:ti_sysbios_family_arm_m3_Hwi_postInit__I)
                  000045e4    00000004     release_pem4f.oem4f (.text:ti_sysbios_knl_Clock_TimerProxy_getMaxTicks__E)
                  000045e8    00000084     sysbios.aem4f : BIOS.obj (.text:ti_sysbios_heaps_HeapMem_free__E)
                  0000466c    00000004     release_pem4f.oem4f (.text:ti_sysbios_knl_Semaphore_delete)
                  00004670    00000084     sysbios.aem4f : BIOS.obj (.text:xdc_runtime_Core_constructObject__I)
                  000046f4    0000007c     msp432p4xx_driverlib.lib : spi.o (.text:SPI_initMaster)
                  00004770    0000007c     main.obj (.text:main)
                  000047ec    0000007a     rtsv7M4_T_le_v4SPD16_eabi.lib : memset_t2.obj (.text)
                  00004866    00000002     release_pem4f.oem4f (.text:ti_sysbios_BIOS_nullFunc__I)
                  00004868    00000078     drivers_msp432p4xx.aem4f : PWMTimerMSP432.oem4f (.text:PWMTimerMSP432_close)
                  000048e0    00000076                              : PWMTimerMSP432.oem4f (.text:PWMTimerMSP432_stop)
                  00004956    00000002     --HOLE-- [fill = 0]
                  00004958    00000074     sysbios.aem4f : BIOS.obj (.text:ti_sysbios_knl_Mailbox_pend__E)
                  000049cc    00000004     release_pem4f.oem4f (.text:ti_sysbios_knl_Task_delete)
                  000049d0    00000070     sysbios.aem4f : BIOS.obj (.text:ti_sysbios_heaps_HeapMem_initPrimary__I)
                  00004a40    00000070                   : BIOS.obj (.text:ti_sysbios_knl_Mailbox_Instance_finalize__E)
                  00004ab0    00000070                   : BIOS.obj (.text:ti_sysbios_knl_Semaphore_post__E)
                  00004b20    00000070                   : BIOS.obj (.text:ti_sysbios_knl_Task_exit__E)
                  00004b90    0000006c                   : BIOS.obj (.text:ti_sysbios_gates_GateMutexPri_leave__E)
                  00004bfc    00000004     release_pem4f.oem4f (.text:xdc_runtime_System_Module_GateProxy_enter__E)
                  00004c00    0000006c     sysbios.aem4f : BIOS.obj (.text:ti_sysbios_knl_Clock_workFunc__E)
                  00004c6c    00000004     release_pem4f.oem4f (.text:xdc_runtime_System_Module_GateProxy_leave__E)
                  00004c70    0000006c     sysbios.aem4f : BIOS.obj (.text:ti_sysbios_knl_Swi_restoreHwi__E)
                  00004cdc    00000068     drivers_msp432p4xx.aem4f : PWMTimerMSP432.oem4f (.text:PWMTimerMSP432_start)
                  00004d44    00000068     rtsv7M4_T_le_v4SPD16_eabi.lib : copy_decompress_lzss.obj (.text:decompress:lzss)
                  00004dac    00000004     --HOLE-- [fill = 0]
                  00004db0    00000066     sysbios.aem4f : BIOS.obj (.text:xdc_runtime_Core_deleteObject__I)
                  00004e16    00000002     --HOLE-- [fill = 0]
                  00004e18    00000064     drivers_msp432p4xx.aem4f : GPIOMSP432.oem4f (.text:GPIO_hwiIntFxn)
                  00004e7c    00000064     adc_dive.obj (.text:adc_task)
                  00004ee0    00000064     rtsv7M4_T_le_v4SPD16_eabi.lib : s_frexp.obj (.text)
                  00004f44    00000004     --HOLE-- [fill = 0]
                  00004f48    00000064     sysbios.aem4f : BIOS.obj (.text:ti_sysbios_family_arm_m3_Hwi_dispatchC__I)
                  00004fac    00000060     drivers_msp432p4xx.aem4f : ADCMSP432.oem4f (.text:ADCMSP432_close)
                  0000500c    00000060     Crystalfontz128x128_ST7735.obj (.text:Crystalfontz128x128_LineDrawH)
                  0000506c    00000060     Crystalfontz128x128_ST7735.obj (.text:Crystalfontz128x128_LineDrawV)
                  000050cc    0000005c     drivers_msp432p4xx.aem4f : GPIOMSP432.oem4f (.text:GPIO_init)
                  00005128    0000005c                              : GPIOMSP432.oem4f (.text:GPIO_write)
                  00005184    0000005c                              : PowerMSP432.oem4f (.text:PowerMSP432_getFreqs)
                  000051e0    0000005c     scuba.obj (.text:gas_to_surface_in_cl)
                  0000523c    0000005c     alarm.obj (.text:speaker_config)
                  00005298    0000005c     sysbios.aem4f : BIOS.obj (.text:ti_sysbios_knl_Swi_run__I)
                  000052f4    00000004     --HOLE-- [fill = 0]
                  000052f8    0000005c                   : BIOS.obj (.text:ti_sysbios_knl_Swi_schedule__I)
                  00005354    00000004     --HOLE-- [fill = 0]
                  00005358    0000005c                   : BIOS.obj (.text:ti_sysbios_knl_Task_Module_startup__E)
                  000053b4    00000004     --HOLE-- [fill = 0]
                  000053b8    0000005c                   : BIOS.obj (.text:ti_sysbios_knl_Task_startCore__E)
                  00005414    00000004     --HOLE-- [fill = 0]
                  00005418    0000005c                   : BIOS.obj (.text:xdc_runtime_Startup_exec__E)
                  00005474    0000005a     drivers_msp432p4xx.aem4f : ADCMSP432.oem4f (.text:initHw)
                  000054ce    00000002     --HOLE-- [fill = 0]
                  000054d0    00000058     boot.aem4f : boot.oem4f (.text)
                  00005528    00000058     sysbios.aem4f : m3_Hwi_asm_switch.obj (.text:ti_sysbios_family_arm_m3_Hwi_initStacks__E)
                  00005580    00000054     Crystalfontz128x128_ST7735.obj (.text:Crystalfontz128x128_SetOrientation)
                  000055d4    00000054     drivers_msp432p4xx.aem4f : GPIOMSP432.oem4f (.text:GPIO_setCallback)
                  00005628    00000054                              : PowerMSP432.oem4f (.text:Power_init)
                  0000567c    00000054     rtsv7M4_T_le_v4SPD16_eabi.lib : ltoa.obj (.text)
                  000056d0    00000054     release_pem4f.oem4f (.text:ti_sysbios_family_arm_m3_Hwi_create)
                  00005724    00000004     --HOLE-- [fill = 0]
                  00005728    00000054     sysbios.aem4f : BIOS.obj (.text:ti_sysbios_family_arm_msp432_Timer_initDevice__I)
                  0000577c    00000054     release_pem4f.oem4f (.text:ti_sysbios_knl_Mailbox_create)
                  000057d0    00000054     sysbios.aem4f : BIOS.obj (.text:xdc_runtime_Core_assignLabel__I)
                  00005824    00000052     scuba.obj (.text:adc_to_rate)
                  00005876    00000002     --HOLE-- [fill = 0]
                  00005878    00000050     drivers_msp432p4xx.aem4f : ADCMSP432.oem4f (.text:ADCMSP432_convertRawToMicroVolts)
                  000058c8    00000050     dpl_msp432p4xx.aem4f : PowerMSP432_tirtos.oem4f (.text:PowerMSP432_sleepPolicy)
                  00005918    00000050     sysbios.aem4f : BIOS.obj (.text:ti_sysbios_family_arm_m3_Hwi_Module_startup__E)
                  00005968    00000050     release_pem4f.oem4f (.text:ti_sysbios_knl_Task_create)
                  000059b8    0000004e     bsp.obj (.text:bsp_btn_read)
                  00005a06    00000002     --HOLE-- [fill = 0]
                  00005a08    0000004c     msp432p4xx_driverlib.lib : gpio.o (.text:GPIO_setAsPeripheralModuleFunctionOutputPin)
                  00005a54    0000004c     protectedlcd.obj (.text:protected_lcd_display)
                  00005aa0    0000004c     rtsv7M4_T_le_v4SPD16_eabi.lib : atoi.obj (.text)
                  00005aec    0000004c                                   : cpy_tbl.obj (.text)
                  00005b38    0000004c     sysbios.aem4f : BIOS.obj (.text:ti_sysbios_family_arm_msp432_Timer_start__E)
                  00005b84    00000004     --HOLE-- [fill = 0]
                  00005b88    0000004c                   : BIOS.obj (.text:ti_sysbios_heaps_HeapMem_getStats__E)
                  00005bd4    00000004     --HOLE-- [fill = 0]
                  00005bd8    0000004c                   : BIOS.obj (.text:ti_sysbios_knl_Swi_runLoop__I)
                  00005c24    00000004     --HOLE-- [fill = 0]
                  00005c28    0000004c                   : BIOS.obj (.text:ti_sysbios_knl_Task_allBlockedFunction__I)
                  00005c74    00000004     --HOLE-- [fill = 0]
                  00005c78    0000004c                   : BIOS.obj (.text:ti_sysbios_knl_Task_block__E)
                  00005cc4    00000004     --HOLE-- [fill = 0]
                  00005cc8    0000004c                   : BIOS.obj (.text:ti_sysbios_knl_Task_schedule__I)
                  00005d14    0000004a     grlib.lib : line.o (.text:Graphics_drawLineH)
                  00005d5e    00000002     --HOLE-- [fill = 0]
                  00005d60    00000048     drivers_msp432p4xx.aem4f : PowerMSP432.oem4f (.text:Power_releaseConstraint)
                  00005da8    00000048     rtsv7M4_T_le_v4SPD16_eabi.lib : fd_toi_t2.obj (.text)
                  00005df0    00000048     sysbios.aem4f : BIOS.obj (.text:ti_sysbios_family_arm_m3_Hwi_disableInterrupt__E)
                  00005e38    00000048                   : BIOS.obj (.text:ti_sysbios_family_arm_m3_Hwi_enableInterrupt__E)
                  00005e80    00000048                   : BIOS.obj (.text:ti_sysbios_knl_Mailbox_Module_startup__E)
                  00005ec8    00000046                   : BIOS.obj (.text:xdc_runtime_Core_assignParams__I)
                  00005f0e    00000002     --HOLE-- [fill = 0]
                  00005f10    00000044     drivers_msp432p4xx.aem4f : ADC.oem4f (.text:ADC_init)
                  00005f54    00000044     dpl_msp432p4xx.aem4f : HwiP_tirtos.oem4f (.text:HwiP_create)
                  00005f98    00000044     drivers_msp432p4xx.aem4f : PWM.oem4f (.text:PWM_init)
                  00005fdc    00000044     bsp_led.obj (.text:bsp_led_off)
                  00006020    00000044     bsp_led.obj (.text:bsp_led_toggle)
                  00006064    00000004     --HOLE-- [fill = 0]
                  00006068    00000044     sysbios.aem4f : BIOS.obj (.text:ti_sysbios_family_arm_m3_Hwi_getStackInfo__E)
                  000060ac    00000004     --HOLE-- [fill = 0]
                  000060b0    00000044                   : BIOS.obj (.text:ti_sysbios_family_arm_msp432_Seconds_Module_startup__E)
                  000060f4    00000004     --HOLE-- [fill = 0]
                  000060f8    00000044                   : BIOS.obj (.text:ti_sysbios_knl_Swi_post__E)
                  0000613c    00000040     Crystalfontz128x128_ST7735.obj (.text:Crystalfontz128x128_PixelDraw)
                  0000617c    00000040     HAL_MSP_EXP432P401R_Crystalfontz128x128_ST7735.obj (.text:HAL_LCD_SpiInit)
                  000061bc    00000040     dpl_msp432p4xx.aem4f : SemaphoreP_tirtos.oem4f (.text:SemaphoreP_create)
                  000061fc    00000040     drivers_msp432p4xx.aem4f : PowerMSP432.oem4f (.text:notify)
                  0000623c    00000040                              : PowerMSP432.oem4f (.text:restartHFXT)
                  0000627c    00000004     --HOLE-- [fill = 0]
                  00006280    00000040     sysbios.aem4f : BIOS.obj (.text:ti_sysbios_family_arm_msp432_Timer_Module_startup__E)
                  000062c0    00000040                   : BIOS.obj (.text:ti_sysbios_family_arm_msp432_Timer_startup__E)
                  00006300    00000040                   : BIOS.obj (.text:ti_sysbios_heaps_HeapMem_Instance_init__E)
                  00006340    0000003c     drivers_msp432p4xx.aem4f : ADC.oem4f (.text:ADC_open)
                  0000637c    0000003c                              : PWM.oem4f (.text:PWM_open)
                  000063b8    0000003c                              : PWMTimerMSP432.oem4f (.text:getPeriodCounts)
                  000063f4    00000004     --HOLE-- [fill = 0]
                  000063f8    0000003c     sysbios.aem4f : BIOS.obj (.text:ti_sysbios_family_arm_m3_Hwi_Instance_finalize__E)
                  00006434    00000004     --HOLE-- [fill = 0]
                  00006438    0000003c                   : BIOS.obj (.text:ti_sysbios_knl_Swi_restore__E)
                  00006474    00000038     drivers_msp432p4xx.aem4f : GPIOMSP432.oem4f (.text:GPIO_toggle)
                  000064ac    00000038     HAL_MSP_EXP432P401R_Crystalfontz128x128_ST7735.obj (.text:HAL_LCD_writeCommand)
                  000064e4    00000038     drivers_msp432p4xx.aem4f : PowerMSP432.oem4f (.text:Power_setConstraint)
                  0000651c    00000038                              : TimerMSP432.oem4f (.text:TimerMSP432_allocateTimerResource)
                  00006554    00000038                              : PWMTimerMSP432.oem4f (.text:getDutyCounts)
                  0000658c    00000004     --HOLE-- [fill = 0]
                  00006590    00000038     sysbios.aem4f : BIOS.obj (.text:xdc_runtime_System_atexit__E)
                  000065c8    00000034     release_pem4f.oem4f (.text:ti_sysbios_knl_Semaphore_create)
                  000065fc    00000004     --HOLE-- [fill = 0]
                  00006600    00000032     sysbios.aem4f : BIOS.obj (.text:ti_sysbios_hal_Hwi_initStack)
                  00006632    00000030     HAL_MSP_EXP432P401R_Crystalfontz128x128_ST7735.obj (.text:HAL_LCD_PortInit)
                  00006662    00000002     --HOLE-- [fill = 0]
                  00006664    00000030     drivers_msp432p4xx.aem4f : TimerMSP432.oem4f (.text:TimerMSP432_freeTimerResource)
                  00006694    00000030     scuba.obj (.text:gas_rate_in_cl)
                  000066c4    00000030     msp432p4xx_driverlib.lib : spi.o (.text:is_A_Module)
                  000066f4    00000030     drivers_msp432p4xx.aem4f : PWMTimerMSP432.oem4f (.text:mapPin)
                  00006724    00000030     release_pem4f.oem4f (.text:ti_sysbios_BIOS_atExitFunc__I)
                  00006754    00000030     release_pem4f.oem4f (.text:ti_sysbios_BIOS_startFunc__I)
                  00006784    00000004     --HOLE-- [fill = 0]
                  00006788    00000030     sysbios.aem4f : BIOS.obj (.text:ti_sysbios_family_arm_m3_TaskSupport_start__E)
                  000067b8    00000030                   : BIOS.obj (.text:ti_sysbios_family_arm_msp432_Timer_setPeriod__E)
                  000067e8    00000030     release_pem4f.oem4f (.text:ti_sysbios_gates_GateHwi_Object__create__S)
                  00006818    00000030     release_pem4f.oem4f (.text:ti_sysbios_gates_GateMutexPri_Object__create__S)
                  00006848    00000030     release_pem4f.oem4f (.text:ti_sysbios_gates_GateMutexPri_create)
                  00006878    00000030     release_pem4f.oem4f (.text:ti_sysbios_gates_GateMutex_Object__create__S)
                  000068a8    00000030     sysbios.aem4f : BIOS.obj (.text:ti_sysbios_gates_GateMutex_enter__E)
                  000068d8    00000030     release_pem4f.oem4f (.text:ti_sysbios_heaps_HeapMem_Object__create__S)
                  00006908    00000030     release_pem4f.oem4f (.text:ti_sysbios_knl_Event_create)
                  00006938    00000030     sysbios.aem4f : BIOS.obj (.text:ti_sysbios_knl_Event_pendTimeout__I)
                  00006968    00000030                   : BIOS.obj (.text:ti_sysbios_knl_Mailbox_postInit__I)
                  00006998    00000030     release_pem4f.oem4f (.text:ti_sysbios_knl_Semaphore_construct)
                  000069c8    00000030     sysbios.aem4f : BIOS.obj (.text:ti_sysbios_knl_Semaphore_pendTimeout__I)
                  000069f8    00000030                   : BIOS.obj (.text:ti_sysbios_knl_Task_processVitalTaskFlag__I)
                  00006a28    00000030                   : BIOS.obj (.text:ti_sysbios_knl_Task_unblockI__E)
                  00006a58    00000030                   : BIOS.obj (.text:xdc_runtime_System_processAtExit__E)
                  00006a88    0000002e     rtsv7M4_T_le_v4SPD16_eabi.lib : i_tofd_t2.obj (.text)
                  00006ab6    00000002     --HOLE-- [fill = 0]
                  00006ab8    0000002c     Crystalfontz128x128_ST7735.obj (.text:Crystalfontz128x128_ClearScreen)
                  00006ae4    0000002c     HAL_MSP_EXP432P401R_Crystalfontz128x128_ST7735.obj (.text:HAL_LCD_writeData)
                  00006b10    0000002c     dpl_msp432p4xx.aem4f : PowerMSP432_tirtos.oem4f (.text:PowerMSP432_updateFreqs)
                  00006b3c    0000002c     release_pem4f.oem4f (.text:ti_sysbios_knl_Clock_doTick__I)
                  00006b68    0000002c     release_pem4f.oem4f (.text:ti_sysbios_knl_Queue_construct)
                  00006b94    00000004     --HOLE-- [fill = 0]
                  00006b98    0000002c     sysbios.aem4f : BIOS.obj (.text:ti_sysbios_knl_Task_restore__E)
                  00006bc4    00000028     Crystalfontz128x128_ST7735.obj (.text:Crystalfontz128x128_ColorTranslate)
                  00006bec    00000028     alarmtask.obj (.text:alarmTaskFunction)
                  00006c14    00000028     drivers_msp432p4xx.aem4f : PowerMSP432.oem4f (.text:disableHFXT)
                  00006c3c    00000004     --HOLE-- [fill = 0]
                  00006c40    00000028     sysbios.aem4f : BIOS.obj (.text:ti_sysbios_knl_Clock_addI__E)
                  00006c68    00000028                   : BIOS.obj (.text:ti_sysbios_knl_Swi_Module_startup__E)
                  00006c90    00000026                   : m3_Hwi_asm.obj (.text:ti_sysbios_family_arm_m3_Hwi_pendSV__I)
                  00006cb6    00000002     --HOLE-- [fill = 0]
                  00006cb8    00000024     msp432p4xx_driverlib.lib : cs.o (.text:CS_setDCOCenteredFrequency)
                  00006cdc    00000024                              : gpio.o (.text:GPIO_setAsOutputPin)
                  00006d00    00000024     bsp.obj (.text:led_blocking_wait)
                  00006d24    00000024     release_pem4f.oem4f (.text:ti_sysbios_BIOS_registerRTSLock__I)
                  00006d48    00000024     release_pem4f.oem4f (.text:ti_sysbios_BIOS_removeRTSLock__I)
                  00006d6c    00000004     --HOLE-- [fill = 0]
                  00006d70    00000024     sysbios.aem4f : BIOS.obj (.text:ti_sysbios_family_arm_msp432_ClockFreqs_setFrequency__E)
                  00006d94    00000004     --HOLE-- [fill = 0]
                  00006d98    00000024                   : BIOS.obj (.text:ti_sysbios_family_arm_msp432_Timer_postInit__I)
                  00006dbc    00000024     release_pem4f.oem4f (.text:ti_sysbios_gates_GateMutexPri_Object__delete__S)
                  00006de0    00000024     sysbios.aem4f : BIOS.obj (.text:ti_sysbios_gates_GateMutexPri_insertPri__I)
                  00006e04    00000024     release_pem4f.oem4f (.text:ti_sysbios_gates_GateMutex_Object__delete__S)
                  00006e28    00000024     sysbios.aem4f : BIOS.obj (.text:ti_sysbios_knl_Clock_Module_startup__E)
                  00006e4c    00000004     --HOLE-- [fill = 0]
                  00006e50    00000024                   : BIOS.obj (.text:ti_sysbios_knl_Semaphore_Instance_init__E)
                  00006e74    00000024     release_pem4f.oem4f (.text:ti_sysbios_knl_Semaphore_Object__delete__S)
                  00006e98    00000024     sysbios.aem4f : BIOS.obj (.text:ti_sysbios_knl_Task_restoreHwi__E)
                  00006ebc    00000004     --HOLE-- [fill = 0]
                  00006ec0    00000024                   : BIOS.obj (.text:xdc_runtime_Error_policyMin__E)
                  00006ee4    00000004     --HOLE-- [fill = 0]
                  00006ee8    00000024                   : BIOS.obj (.text:xdc_runtime_System_abort__E)
                  00006f0c    00000022     grlib.lib : context.o (.text:Graphics_initContext)
                  00006f2e    00000002     --HOLE-- [fill = 0]
                  00006f30    00000020     drivers_msp432p4xx.aem4f : GPIOMSP432.oem4f (.text:GPIO_read)
                  00006f50    00000020     release_pem4f.oem4f (.text:ti_sysbios_BIOS_rtsLock__I)
                  00006f70    00000020     sysbios.aem4f : m3_Hwi_asm.obj (.text:ti_sysbios_family_arm_m3_Hwi_excHandlerAsm__I)
                  00006f90    00000020                   : BIOS.obj (.text:ti_sysbios_family_arm_m3_Hwi_excHandler__I)
                  00006fb0    00000020     release_pem4f.oem4f (.text:ti_sysbios_gates_GateHwi_Object__delete__S)
                  00006fd0    00000020     release_pem4f.oem4f (.text:ti_sysbios_heaps_HeapMem_Object__delete__S)
                  00006ff0    00000020     sysbios.aem4f : BIOS.obj (.text:ti_sysbios_knl_Idle_run__E)
                  00007010    00000020     release_pem4f.oem4f (.text:ti_sysbios_knl_Semaphore_destruct)
                  00007030    00000020     release_pem4f.oem4f (.text:ti_sysbios_knl_Task_Object__delete__S)
                  00007050    00000020     timertask.obj (.text:timerTaskFunction)
                  00007070    0000001e     drivers_msp432p4xx.aem4f : PWMTimerMSP432.oem4f (.text:corroboratePeriod)
                  0000708e    0000001e     sysbios.aem4f : m3_Hwi_asm_switch.obj (.text:ti_sysbios_family_xxx_Hwi_switchAndRunFunc)
                  000070ac    0000001c     rtsv7M4_T_le_v4SPD16_eabi.lib : memccpy.obj (.text)
                  000070c8    0000001c     sysbios.aem4f : BIOS.obj (.text:ti_sysbios_gates_GateMutexPri_Instance_init__E)
                  000070e4    00000004     --HOLE-- [fill = 0]
                  000070e8    0000001c                   : BIOS.obj (.text:ti_sysbios_gates_GateMutex_Instance_init__E)
                  00007104    0000001c     release_pem4f.oem4f (.text:ti_sysbios_knl_Queue_destruct)
                  00007120    0000001c     sysbios.aem4f : BIOS.obj (.text:ti_sysbios_knl_Queue_get__E)
                  0000713c    00000004     --HOLE-- [fill = 0]
                  00007140    0000001c                   : BIOS.obj (.text:ti_sysbios_knl_Queue_put__E)
                  0000715c    00000004     --HOLE-- [fill = 0]
                  00007160    0000001c                   : BIOS.obj (.text:ti_sysbios_knl_Task_enter__I)
                  0000717c    00000004     --HOLE-- [fill = 0]
                  00007180    0000001c                   : BIOS.obj (.text:xdc_runtime_Error_check__E)
                  0000719c    00000004     --HOLE-- [fill = 0]
                  000071a0    0000001c                   : BIOS.obj (.text:xdc_runtime_Memory_valloc__E)
                  000071bc    0000001a     grlib.lib : string.o (.text:Graphics_getNumberOfLeadingZeros)
                  000071d6    0000001a     msp432p4xx_driverlib.lib : spi.o (.text:SPI_enableModule)
                  000071f0    00000018     release_pem4f.oem4f (.text:.bootCodeSection:ti_sysbios_family_arm_msp432_init_Boot_init__I)
                  00007208    00000018     msp432p4xx_driverlib.lib : gpio.o (.text:GPIO_setOutputLowOnPin)
                  00007220    00000018     drivers_msp432p4xx.aem4f : PowerMSP432.oem4f (.text:Power_idleFunc)
                  00007238    00000018                              : PWMTimerMSP432.oem4f (.text:corroborateDuty)
                  00007250    00000018     rtsv7M4_T_le_v4SPD16_eabi.lib : args_main.obj (.text)
                  00007268    00000018     release_pem4f.oem4f (.text:ti_sysbios_BIOS_rtsUnlock__I)
                  00007280    00000018     release_pem4f.oem4f (.text:ti_sysbios_family_arm_m3_Hwi_Module__startupDone__F)
                  00007298    00000018     sysbios.aem4f : m3_TaskSupport_asm.obj (.text:ti_sysbios_family_arm_m3_TaskSupport_swap__E)
                  000072b0    00000018     release_pem4f.oem4f (.text:ti_sysbios_family_arm_msp432_Timer_Module__startupDone__F)
                  000072c8    00000018     release_pem4f.oem4f (.text:ti_sysbios_gates_GateHwi_Handle__label__S)
                  000072e0    00000018     release_pem4f.oem4f (.text:ti_sysbios_gates_GateMutexPri_Handle__label__S)
                  000072f8    00000018     release_pem4f.oem4f (.text:ti_sysbios_gates_GateMutex_Handle__label__S)
                  00007310    00000018     sysbios.aem4f : BIOS.obj (.text:ti_sysbios_gates_GateMutex_leave__E)
                  00007328    00000018     release_pem4f.oem4f (.text:ti_sysbios_heaps_HeapMem_Handle__label__S)
                  00007340    00000018     sysbios.aem4f : BIOS.obj (.text:ti_sysbios_knl_Task_sleepTimeout__I)
                  00007358    00000018                   : BIOS.obj (.text:xdc_runtime_Error_init__E)
                  00007370    00000018                   : BIOS.obj (.text:xdc_runtime_System_exit__E)
                  00007388    00000016     grlib.lib : display.o (.text:Graphics_drawHorizontalLineOnDisplay)
                  0000739e    00000016     blinkingledtask.obj (.text:led2TaskFunction)
                  000073b4    00000016     rtsv7M4_T_le_v4SPD16_eabi.lib : strchr.obj (.text)
                  000073ca    00000016     release_pem4f.oem4f (.text:ti_sysbios_BIOS_exitFunc__I)
                  000073e0    00000016     protectedlcd.obj (.text:ti_sysbios_gates_GateMutexPri_Params_init)
                  000073f6    00000016     main.obj (.text:ti_sysbios_knl_Mailbox_Params_init)
                  0000740c    00000016     main.obj (.text:ti_sysbios_knl_Task_Params_init)
                  00007422    00000006     drivers_msp432p4xx.aem4f : ADCMSP432.oem4f (.text:ADCMSP432_control)
                  00007428    00000016     sysbios.aem4f : BIOS.obj (.text:ti_sysbios_knl_Task_unblock__E)
                  0000743e    00000002     --HOLE-- [fill = 0]
                  00007440    00000014     msp432p4xx_driverlib.lib : gpio.o (.text:GPIO_setOutputHighOnPin)
                  00007454    00000014     drivers_msp432p4xx.aem4f : PWM.oem4f (.text:PWM_Params_init)
                  00007468    00000014     rtsv7M4_T_le_v4SPD16_eabi.lib : _lock.obj (.text)
                  0000747c    00000014                                   : s_copysign.obj (.text)
                  00007490    00000014                                   : strlen.obj (.text)
                  000074a4    00000014     release_pem4f.oem4f (.text:ti_sysbios_family_arm_m3_Hwi_Object__get__S)
                  000074b8    00000014     sysbios.aem4f : BIOS.obj (.text:ti_sysbios_family_arm_m3_Hwi_switchFromBootStack__E)
                  000074cc    00000014     release_pem4f.oem4f (.text:ti_sysbios_heaps_HeapMem_Object__get__S)
                  000074e0    00000014     sysbios.aem4f : BIOS.obj (.text:ti_sysbios_knl_Event_Instance_init__E)
                  000074f4    00000014     release_pem4f.oem4f (.text:ti_sysbios_knl_Swi_Object__get__S)
                  00007508    00000012     dpl_msp432p4xx.aem4f : SemaphoreP_tirtos.oem4f (.text:SemaphoreP_pend)
                  0000751a    00000012     bsp.obj (.text:safe_mode)
                  0000752c    00000004     --HOLE-- [fill = 0]
                  00007530    00000012     sysbios.aem4f : BIOS.obj (.text:ti_sysbios_hal_Hwi_Module_startup__E)
                  00007542    00000012     release_pem4f.oem4f (.text:xdc_runtime_Startup_exec__I)
                  00007554    00000010     msp432p4xx_driverlib.lib : sysctl.o (.text:SysCtl_disableNMISource)
                  00007564    00000010                              : sysctl.o (.text:SysCtl_enableNMISource)
                  00007574    00000010                              : sysctl.o (.text:SysCtl_getNMISourceStatus)
                  00007584    00000010     bsp_led.obj (.text:bsp_led_init)
                  00007594    00000004     --HOLE-- [fill = 0]
                  00007598    00000010     sysbios.aem4f : BIOS.obj (.text:ti_sysbios_BIOS_exit__E)
                  000075a8    00000010                   : BIOS.obj (.text:ti_sysbios_BIOS_setCpuFreq__E)
                  000075b8    00000010                   : BIOS.obj (.text:ti_sysbios_BIOS_setThreadType__E)
                  000075c8    00000010                   : BIOS.obj (.text:ti_sysbios_BIOS_start__E)
                  000075d8    00000010                   : m3_TaskSupport_asm.obj (.text:ti_sysbios_family_arm_m3_TaskSupport_glue)
                  000075e8    00000010                   : BIOS.obj (.text:ti_sysbios_family_arm_msp432_init_Boot_disableWatchdog)
                  000075f8    00000010                   : BIOS.obj (.text:ti_sysbios_gates_GateMutexPri_Instance_finalize__E)
                  00007608    00000010                   : BIOS.obj (.text:ti_sysbios_gates_GateMutex_Instance_finalize__E)
                  00007618    00000010     release_pem4f.oem4f (.text:ti_sysbios_knl_Mailbox_Object__get__S)
                  00007628    00000010     sysbios.aem4f : BIOS.obj (.text:ti_sysbios_knl_Semaphore_Instance_finalize__E)
                  00007638    00000010                   : BIOS.obj (.text:ti_sysbios_knl_Swi_disable__E)
                  00007648    00000010     release_pem4f.oem4f (.text:ti_sysbios_knl_Task_Object__get__S)
                  00007658    00000010     sysbios.aem4f : BIOS.obj (.text:ti_sysbios_knl_Task_disable__E)
                  00007668    00000010                   : BIOS.obj (.text:xdc_runtime_Gate_leaveSystem__E)
                  00007678    00000010                   : BIOS.obj (.text:xdc_runtime_Memory_free__E)
                  00007688    00000010                   : BIOS.obj (.text:xdc_runtime_SysCallback_abort__E)
                  00007698    00000010                   : BIOS.obj (.text:xdc_runtime_SysCallback_exit__E)
                  000076a8    0000000e     grlib.lib : display.o (.text:Graphics_drawPixelOnDisplay)
                  000076b6    0000000e               : context.o (.text:Graphics_setBackgroundColor)
                  000076c4    0000000e               : context.o (.text:Graphics_setForegroundColor)
                  000076d2    0000000e     dpl_msp432p4xx.aem4f : HwiP_tirtos.oem4f (.text:HwiP_Params_init)
                  000076e0    0000000e                          : SemaphoreP_tirtos.oem4f (.text:SemaphoreP_delete)
                  000076ee    0000000e     bsp.obj (.text:bsp_halt)
                  000076fc    0000000e     rtsv7M4_T_le_v4SPD16_eabi.lib : copy_decompress_none.obj (.text:decompress:none)
                  0000770a    00000006     drivers_msp432p4xx.aem4f : PWMTimerMSP432.oem4f (.text:PWMTimerMSP432_control)
                  00007710    0000000e     sysbios.aem4f : BIOS.obj (.text:ti_sysbios_knl_Idle_loop__E)
                  0000771e    00000002     --HOLE-- [fill = 0]
                  00007720    0000000e                   : BIOS.obj (.text:ti_sysbios_knl_Queue_empty__E)
                  0000772e    0000000c     msp432p4xx_driverlib.lib : cpu.o (.text:CPU_cpsid)
                  0000773a    0000000c                              : cpu.o (.text:CPU_cpsie)
                  00007746    0000000c                              : spi.o (.text:EUSCI_A_SPI_enable)
                  00007752    0000000c                              : spi.o (.text:EUSCI_B_SPI_enable)
                  0000775e    00000002     --HOLE-- [fill = 0]
                  00007760    0000000c     drivers_msp432p4xx.aem4f : PowerMSP432.oem4f (.text:Power_getConstraintMask)
                  0000776c    0000000c                              : PowerMSP432.oem4f (.text:Power_getPerformanceLevel)
                  00007778    0000000c     bsp.obj (.text:bsp_init)
                  00007784    0000000c     bsp.obj (.text:bsp_master_int_disable)
                  00007790    0000000c     rtsv7M4_T_le_v4SPD16_eabi.lib : copy_zero_init.obj (.text:decompress:ZI)
                  0000779c    0000000c     release_pem4f.oem4f (.text:ti_sysbios_family_arm_m3_Hwi_Params__init__S)
                  000077a8    0000000c     sysbios.aem4f : BIOS.obj (.text:ti_sysbios_family_arm_m3_Hwi_disableFxn__E)
                  000077b4    00000004     --HOLE-- [fill = 0]
                  000077b8    0000000c                   : BIOS.obj (.text:ti_sysbios_family_arm_m3_TaskSupport_getStackAlignment__E)
                  000077c4    00000004     --HOLE-- [fill = 0]
                  000077c8    0000000c                   : BIOS.obj (.text:ti_sysbios_family_arm_msp432_Timer_getMaxTicks__E)
                  000077d4    00000004     --HOLE-- [fill = 0]
                  000077d8    0000000c                   : BIOS.obj (.text:ti_sysbios_gates_GateHwi_enter__E)
                  000077e4    0000000c     release_pem4f.oem4f (.text:ti_sysbios_gates_GateMutexPri_Params__init__S)
                  000077f0    0000000c     release_pem4f.oem4f (.text:ti_sysbios_knl_Mailbox_Params__init__S)
                  000077fc    0000000c     release_pem4f.oem4f (.text:ti_sysbios_knl_Queue_Object__get__S)
                  00007808    0000000c     release_pem4f.oem4f (.text:ti_sysbios_knl_Semaphore_Params__init__S)
                  00007814    0000000c     release_pem4f.oem4f (.text:ti_sysbios_knl_Task_Params__init__S)
                  00007820    0000000c     sysbios.aem4f : BIOS.obj (.text:xdc_runtime_Gate_enterSystem__E)
                  0000782c    00000004     --HOLE-- [fill = 0]
                  00007830    0000000c                   : BIOS.obj (.text:xdc_runtime_Startup_rtsDone__E)
                  0000783c    0000000a     drivers_msp432p4xx.aem4f : ADC.oem4f (.text:ADC_Params_init)
                  00007846    0000000a                              : ADC.oem4f (.text:ADC_close)
                  00007850    0000000a                              : ADC.oem4f (.text:ADC_convert)
                  0000785a    0000000a     Crystalfontz128x128_ST7735.obj (.text:Crystalfontz128x128_Flush)
                  00007864    0000000a     grlib.lib : context.o (.text:Graphics_clearDisplay)
                  0000786e    0000000a               : display.o (.text:Graphics_clearDisplayOnDisplay)
                  00007878    0000000a               : display.o (.text:Graphics_translateColorOnDisplay)
                  00007882    0000000a     drivers_msp432p4xx.aem4f : PWM.oem4f (.text:PWM_start)
                  0000788c    0000000a     dpl_msp432p4xx.aem4f : SemaphoreP_tirtos.oem4f (.text:SemaphoreP_Params_init)
                  00007896    0000000a                          : SemaphoreP_tirtos.oem4f (.text:SemaphoreP_post)
                  000078a0    0000000a     release_pem4f.oem4f (.text:xdc_runtime_IHeap_alloc)
                  000078aa    0000000a     release_pem4f.oem4f (.text:xdc_runtime_IHeap_free)
                  000078b4    00000008     MSP_EXP432P401R.obj (.text:MSP_EXP432P401R_initGeneral)
                  000078bc    00000004     --HOLE-- [fill = 0]
                  000078c0    00000008     sysbios.aem4f : BIOS.obj (.text:ti_sysbios_family_arm_m3_Hwi_doSwiRestore__I)
                  000078c8    00000008                   : BIOS.obj (.text:ti_sysbios_family_arm_m3_Hwi_startup__E)
                  000078d0    00000006                   : BIOS.obj (.text:ti_sysbios_family_arm_m3_Hwi_doTaskRestore__I)
                  000078d6    00000002     --HOLE-- [fill = 0]
                  000078d8    00000006                   : BIOS.obj (.text:ti_sysbios_family_arm_m3_Hwi_restoreFxn__E)
                  000078de    00000002     --HOLE-- [fill = 0]
                  000078e0    00000006                   : BIOS.obj (.text:ti_sysbios_gates_GateHwi_leave__E)
                  000078e6    00000002     --HOLE-- [fill = 0]
                  000078e8    00000006                   : BIOS.obj (.text:ti_sysbios_heaps_HeapMem_isBlocking__E)
                  000078ee    00000002     --HOLE-- [fill = 0]
                  000078f0    00000006                   : BIOS.obj (.text:ti_sysbios_knl_Queue_Instance_init__E)
                  000078f6    00000002     --HOLE-- [fill = 0]
                  000078f8    00000006                   : BIOS.obj (.text:ti_sysbios_knl_Swi_startup__E)
                  000078fe    00000002     --HOLE-- [fill = 0]
                  00007900    00000006                   : BIOS.obj (.text:xdc_runtime_System_Module_startup__E)
                  00007906    00000002     --HOLE-- [fill = 0]
                  00007908    00000004                   : BIOS.obj (.text:ti_sysbios_gates_GateHwi_query__E)
                  0000790c    00000004     --HOLE-- [fill = 0]
                  00007910    00000004                   : BIOS.obj (.text:ti_sysbios_gates_GateMutexPri_query__E)
                  00007914    00000004     --HOLE-- [fill = 0]
                  00007918    00000004                   : BIOS.obj (.text:ti_sysbios_gates_GateMutex_query__E)
                  0000791c    00000004     --HOLE-- [fill = 0]
                  00007920    00000004                   : BIOS.obj (.text:ti_sysbios_knl_Task_startup__E)
                  00007924    00000004     --HOLE-- [fill = 0]
                  00007928    00000002                   : BIOS.obj (.text:ti_sysbios_BIOS_linkedWithIncorrectBootLibrary__E)
                  0000792a    00000006     --HOLE-- [fill = 0]
                  00007930    00000002                   : BIOS.obj (.text:ti_sysbios_gates_GateHwi_Instance_init__E)
                  00007932    00000006     --HOLE-- [fill = 0]
                  00007938    00000002                   : BIOS.obj (.text:ti_sysbios_knl_Clock_logTick__E)
                  0000793a    00000006     --HOLE-- [fill = 0]
                  00007940    00000002                   : BIOS.obj (.text:xdc_runtime_SysCallback_defaultAbort)
                  00007942    00000006     --HOLE-- [fill = 0]
                  00007948    00000002                   : BIOS.obj (.text:xdc_runtime_SysCallback_defaultExit)
                  0000794a    00000006     --HOLE-- [fill = 0]
                  00007950    00000002                   : BIOS.obj (.text:xdc_runtime_System_abortSpin__E)
                  00007952    00000006     --HOLE-- [fill = 0]
                  00007958    00000002                   : BIOS.obj (.text:xdc_runtime_System_exitSpin__E)

.const     0    0000795c    00000b37     
                  0000795c    000002f8     fontfixed6x8.obj (.const:.string:g_pucFontFixed6x8Data)
                  00007c54    00000101     rtsv7M4_T_le_v4SPD16_eabi.lib : ctype.obj (.const:.string:_ctypes_)
                  00007d55    00000001     release_pem4f.oem4f (.const:xdc_runtime_Error_policy__C)
                  00007d56    00000002     release_pem4f.oem4f (.const:ti_sysbios_family_arm_m3_Hwi_Module__id__C)
                  00007d58    000000c8     fontfixed6x8.obj (.const:g_sFontFixed6x8)
                  00007e20    00000048     release_pem4f.oem4f (.const:.string)
                  00007e68    0000003c     release_pem4f.oem4f (.const:ti_sysbios_knl_Task_Object__PARAMS__C)
                  00007ea4    00000034     release_pem4f.oem4f (.const:ti_sysbios_knl_Mailbox_Object__PARAMS__C)
                  00007ed8    00000030     msp432p4xx_driverlib.lib : gpio.o (.const:GPIO_PORT_TO_BASE)
                  00007f08    00000030     release_pem4f.oem4f (.const:ti_sysbios_family_arm_m3_Hwi_Object__PARAMS__C)
                  00007f38    00000028     release_pem4f.oem4f (.const:ti_sysbios_heaps_HeapMem_Module__FXNS__C)
                  00007f60    00000024     MSP_EXP432P401R.obj (.const:ADC_config)
                  00007f84    00000024     MSP_EXP432P401R.obj (.const:PWM_config)
                  00007fa8    00000024     MSP_EXP432P401R.obj (.const:adcMSP432HWAttrs)
                  00007fcc    00000024     release_pem4f.oem4f (.const:ti_sysbios_gates_GateHwi_Module__FXNS__C)
                  00007ff0    00000024     release_pem4f.oem4f (.const:ti_sysbios_gates_GateMutexPri_Module__FXNS__C)
                  00008014    00000024     release_pem4f.oem4f (.const:ti_sysbios_gates_GateMutex_Module__FXNS__C)
                  00008038    00000024     release_pem4f.oem4f (.const:ti_sysbios_heaps_HeapMem_Object__PARAMS__C)
                  0000805c    00000024     release_pem4f.oem4f (.const:ti_sysbios_knl_Semaphore_Object__PARAMS__C)
                  00008080    00000024     release_pem4f.oem4f (.const:xdc_runtime_Startup_sfxnTab__A)
                  000080a4    00000020     drivers_msp432p4xx.aem4f : PWMTimerMSP432.oem4f (.const:PWMTimerMSP432_fxnTable)
                  000080c4    00000020     Crystalfontz128x128_ST7735.obj (.const:g_sCrystalfontz128x128_funcs)
                  000080e4    00000020     release_pem4f.oem4f (.const:ti_sysbios_family_arm_m3_Hwi_Object__DESC__C)
                  00008104    00000020     release_pem4f.oem4f (.const:ti_sysbios_gates_GateHwi_Object__DESC__C)
                  00008124    00000020     release_pem4f.oem4f (.const:ti_sysbios_gates_GateMutexPri_Object__DESC__C)
                  00008144    00000020     release_pem4f.oem4f (.const:ti_sysbios_gates_GateMutex_Object__DESC__C)
                  00008164    00000020     release_pem4f.oem4f (.const:ti_sysbios_heaps_HeapMem_Object__DESC__C)
                  00008184    00000020     release_pem4f.oem4f (.const:ti_sysbios_knl_Event_Object__DESC__C)
                  000081a4    00000020     release_pem4f.oem4f (.const:ti_sysbios_knl_Mailbox_Object__DESC__C)
                  000081c4    00000020     release_pem4f.oem4f (.const:ti_sysbios_knl_Queue_Object__DESC__C)
                  000081e4    00000020     release_pem4f.oem4f (.const:ti_sysbios_knl_Semaphore_Object__DESC__C)
                  00008204    00000020     release_pem4f.oem4f (.const:ti_sysbios_knl_Task_Object__DESC__C)
                  00008224    0000001c     HAL_MSP_EXP432P401R_Crystalfontz128x128_ST7735.obj (.const:$P$T0$1)
                  00008240    00000018     drivers_msp432p4xx.aem4f : ADCMSP432.oem4f (.const:ADCMSP432_fxnTable)
                  00008258    00000018                              : PWM.oem4f (.const:PWM_defaultParams)
                  00008270    00000018     MSP_EXP432P401R.obj (.const:PowerMSP432_config)
                  00008288    00000018     MSP_EXP432P401R.obj (.const:pwmTimerMSP432HWAttrs)
                  000082a0    00000018     release_pem4f.oem4f (.const:ti_sysbios_gates_GateHwi_Object__PARAMS__C)
                  000082b8    00000018     release_pem4f.oem4f (.const:ti_sysbios_gates_GateMutexPri_Object__PARAMS__C)
                  000082d0    00000018     release_pem4f.oem4f (.const:ti_sysbios_gates_GateMutex_Object__PARAMS__C)
                  000082e8    00000018     release_pem4f.oem4f (.const:ti_sysbios_knl_Event_Object__PARAMS__C)
                  00008300    00000018     release_pem4f.oem4f (.const:ti_sysbios_knl_Queue_Object__PARAMS__C)
                  00008318    00000014     MSP_EXP432P401R.obj (.const:GPIOMSP432_config)
                  0000832c    00000012     release_pem4f.oem4f (.const:xdc_runtime_Startup_sfxnRts__A)
                  0000833e    00000002     release_pem4f.oem4f (.const:ti_sysbios_family_arm_msp432_init_Boot_bypassHFXT__C)
                  00008340    00000010     drivers_msp432p4xx.aem4f : PWMTimerMSP432.oem4f (.const:pwmTimerBaseAddr)
                  00008350    0000000c     MSP_EXP432P401R.obj (.const)
                  0000835c    0000000c     release_pem4f.oem4f (.const:xdc_runtime_Startup_firstFxns__A)
                  00008368    00000008     Crystalfontz128x128_ST7735.obj (.const:$P$T0$1)
                  00008370    00000008     drivers_msp432p4xx.aem4f : ADC.oem4f (.const:ADC_defaultParams)
                  00008378    00000008     release_pem4f.oem4f (.const:ti_sysbios_knl_Idle_funcList__C)
                  00008380    00000008     release_pem4f.oem4f (.const:xdc_runtime_Startup_firstFxns__C)
                  00008388    00000008     release_pem4f.oem4f (.const:xdc_runtime_Startup_lastFxns__C)
                  00008390    00000006     drivers_msp432p4xx.aem4f : GPIOMSP432.oem4f (.const:.string:interruptType)
                  00008396    00000006                              : GPIOMSP432.oem4f (.const:.string:portInterruptIds)
                  0000839c    00000004     bsp_led.obj (.const:g_led_mapping)
                  000083a0    00000004     release_pem4f.oem4f (.const:ti_sysbios_family_arm_m3_Hwi_E_alreadyDefined__C)
                  000083a4    00000004     release_pem4f.oem4f (.const:ti_sysbios_family_arm_m3_Hwi_NUM_INTERRUPTS__C)
                  000083a8    00000004     release_pem4f.oem4f (.const:ti_sysbios_family_arm_m3_Hwi_Object__count__C)
                  000083ac    00000004     release_pem4f.oem4f (.const:ti_sysbios_family_arm_m3_Hwi_ccr__C)
                  000083b0    00000004     release_pem4f.oem4f (.const:ti_sysbios_family_arm_m3_Hwi_excHandlerFunc__C)
                  000083b4    00000004     release_pem4f.oem4f (.const:ti_sysbios_family_arm_m3_Hwi_nullIsrFunc__C)
                  000083b8    00000004     release_pem4f.oem4f (.const:ti_sysbios_family_arm_m3_Hwi_priGroup__C)
                  000083bc    00000004     release_pem4f.oem4f (.const:ti_sysbios_family_arm_m3_Hwi_swiDisable__C)
                  000083c0    00000004     release_pem4f.oem4f (.const:ti_sysbios_family_arm_m3_Hwi_swiRestoreHwi__C)
                  000083c4    00000004     release_pem4f.oem4f (.const:ti_sysbios_family_arm_m3_TaskSupport_stackAlignment__C)
                  000083c8    00000004     release_pem4f.oem4f (.const:ti_sysbios_family_arm_msp432_Timer_numTimerDevices__C)
                  000083cc    00000004     release_pem4f.oem4f (.const:ti_sysbios_family_arm_msp432_Timer_startupNeeded__C)
                  000083d0    00000004     release_pem4f.oem4f (.const:ti_sysbios_gates_GateMutexPri_Instance_State_pendQ__O)
                  000083d4    00000004     release_pem4f.oem4f (.const:ti_sysbios_gates_GateMutex_Instance_State_sem__O)
                  000083d8    00000004     release_pem4f.oem4f (.const:ti_sysbios_heaps_HeapMem_E_memory__C)
                  000083dc    00000004     release_pem4f.oem4f (.const:ti_sysbios_heaps_HeapMem_Module__gateObj__C)
                  000083e0    00000004     release_pem4f.oem4f (.const:ti_sysbios_heaps_HeapMem_Object__count__C)
                  000083e4    00000004     release_pem4f.oem4f (.const:ti_sysbios_heaps_HeapMem_primaryHeapBaseAddr__C)
                  000083e8    00000004     release_pem4f.oem4f (.const:ti_sysbios_heaps_HeapMem_primaryHeapEndAddr__C)
                  000083ec    00000004     release_pem4f.oem4f (.const:ti_sysbios_heaps_HeapMem_reqAlign__C)
                  000083f0    00000004     release_pem4f.oem4f (.const:ti_sysbios_knl_Clock_Module_State_clockQ__O)
                  000083f4    00000004     release_pem4f.oem4f (.const:ti_sysbios_knl_Event_Instance_State_pendQ__O)
                  000083f8    00000004     release_pem4f.oem4f (.const:ti_sysbios_knl_Idle_funcList__A)
                  000083fc    00000004     release_pem4f.oem4f (.const:ti_sysbios_knl_Mailbox_Instance_State_dataQue__O)
                  00008400    00000004     release_pem4f.oem4f (.const:ti_sysbios_knl_Mailbox_Instance_State_dataSem__O)
                  00008404    00000004     release_pem4f.oem4f (.const:ti_sysbios_knl_Mailbox_Instance_State_freeQue__O)
                  00008408    00000004     release_pem4f.oem4f (.const:ti_sysbios_knl_Mailbox_Instance_State_freeSem__O)
                  0000840c    00000004     release_pem4f.oem4f (.const:ti_sysbios_knl_Mailbox_Object__count__C)
                  00008410    00000004     release_pem4f.oem4f (.const:ti_sysbios_knl_Mailbox_maxTypeAlign__C)
                  00008414    00000004     release_pem4f.oem4f (.const:ti_sysbios_knl_Semaphore_Instance_State_pendQ__O)
                  00008418    00000004     release_pem4f.oem4f (.const:ti_sysbios_knl_Swi_Object__count__C)
                  0000841c    00000004     release_pem4f.oem4f (.const:ti_sysbios_knl_Task_Module_State_inactiveQ__O)
                  00008420    00000004     release_pem4f.oem4f (.const:ti_sysbios_knl_Task_Object__count__C)
                  00008424    00000004     release_pem4f.oem4f (.const:ti_sysbios_knl_Task_allBlockedFunc__C)
                  00008428    00000004     release_pem4f.oem4f (.const:ti_sysbios_knl_Task_defaultStackHeap__C)
                  0000842c    00000004     release_pem4f.oem4f (.const:ti_sysbios_knl_Task_defaultStackSize__C)
                  00008430    00000004     release_pem4f.oem4f (.const:ti_sysbios_knl_Task_numConstructedTasks__C)
                  00008434    00000004     release_pem4f.oem4f (.const:xdc_runtime_Error_E_memory__C)
                  00008438    00000004     release_pem4f.oem4f (.const:xdc_runtime_Error_policyFxn__C)
                  0000843c    00000004     release_pem4f.oem4f (.const:xdc_runtime_IGateProvider_Interface__BASE__C)
                  00008440    00000004     release_pem4f.oem4f (.const:xdc_runtime_IHeap_Interface__BASE__C)
                  00008444    00000004     release_pem4f.oem4f (.const:xdc_runtime_IModule_Interface__BASE__C)
                  00008448    00000004     release_pem4f.oem4f (.const:xdc_runtime_Memory_defaultHeapInstance__C)
                  0000844c    00000004     release_pem4f.oem4f (.const:xdc_runtime_Startup_execImpl__C)
                  00008450    00000004     release_pem4f.oem4f (.const:xdc_runtime_Startup_maxPasses__C)
                  00008454    00000004     release_pem4f.oem4f (.const:xdc_runtime_Startup_sfxnRts__C)
                  00008458    00000004     release_pem4f.oem4f (.const:xdc_runtime_Startup_sfxnTab__C)
                  0000845c    00000004     release_pem4f.oem4f (.const:xdc_runtime_SysCallback_abortFxn__C)
                  00008460    00000004     release_pem4f.oem4f (.const:xdc_runtime_SysCallback_exitFxn__C)
                  00008464    00000004     release_pem4f.oem4f (.const:xdc_runtime_System_Module__gateObj__C)
                  00008468    00000004     release_pem4f.oem4f (.const:xdc_runtime_System_abortFxn__C)
                  0000846c    00000004     release_pem4f.oem4f (.const:xdc_runtime_System_exitFxn__C)
                  00008470    00000004     release_pem4f.oem4f (.const:xdc_runtime_System_maxAtexitHandlers__C)
                  00008474    00000004     release_pem4f.oem4f (.const:xdc_runtime_Text_charTab__C)
                  00008478    00000004     release_pem4f.oem4f (.const:xdc_runtime_Text_nameEmpty__C)
                  0000847c    00000004     release_pem4f.oem4f (.const:xdc_runtime_Text_nameStatic__C)
                  00008480    00000004     release_pem4f.oem4f (.const:xdc_runtime_Text_nameUnknown__C)
                  00008484    00000002     release_pem4f.oem4f (.const:ti_sysbios_family_arm_msp432_init_Boot_bypassLFXT__C)
                  00008486    00000002     release_pem4f.oem4f (.const:ti_sysbios_family_arm_msp432_init_Boot_enableHFXT__C)
                  00008488    00000002     release_pem4f.oem4f (.const:ti_sysbios_family_arm_msp432_init_Boot_enableLFXT__C)
                  0000848a    00000002     release_pem4f.oem4f (.const:ti_sysbios_heaps_HeapMem_Module__id__C)
                  0000848c    00000002     release_pem4f.oem4f (.const:xdc_runtime_Memory_Module__id__C)
                  0000848e    00000002     release_pem4f.oem4f (.const:xdc_runtime_Text_charCnt__C)
                  00008490    00000002     release_pem4f.oem4f (.const:xdc_runtime_Text_isLoaded__C)
                  00008492    00000001     release_pem4f.oem4f (.const:xdc_runtime_Text_charTab__A)

.cinit     0    00008498    00000240     
                  00008498    0000021c     (.cinit..data.load) [load image, compression = lzss]
                  000086b4    0000000c     (__TI_handler_table)
                  000086c0    00000008     (.cinit..bss.load) [load image, compression = zero_init]
                  000086c8    00000010     (__TI_cinit_table)

.init_array 
*          0    00000000    00000000     UNINITIALIZED

.data      0    20008140    000005cb     UNINITIALIZED
                  20008140    000000d0     drivers_msp432p4xx.aem4f : PowerMSP432.oem4f (.data:PowerMSP432_perfLevels)
                  20008210    00000080                              : PWMTimerMSP432.oem4f (.data:pwmTimerStatus)
                  20008290    00000080     release_pem4f.oem4f (.data:ti_sysbios_knl_Swi_Module_State_0_readyQ__A)
                  20008310    00000080     release_pem4f.oem4f (.data:ti_sysbios_knl_Task_Module_State_0_readyQ__A)
                  20008390    0000004c     release_pem4f.oem4f (.data:ti_sysbios_family_arm_msp432_Timer_Object__table__V)
                  200083dc    0000004c     release_pem4f.oem4f (.data:ti_sysbios_knl_Task_Object__table__V)
                  20008428    00000044     release_pem4f.oem4f (.data:ti_sysbios_knl_Task_Module__state__V)
                  2000846c    00000038     release_pem4f.oem4f (.data:ti_sysbios_gates_GateMutex_Object__table__V)
                  200084a4    00000034     release_pem4f.oem4f (.data:ti_sysbios_family_arm_m3_Hwi_Module__state__V)
                  200084d8    00000030     release_pem4f.oem4f (.data:ti_sysbios_knl_Swi_Object__table__V)
                  20008508    0000002c     drivers_msp432p4xx.aem4f : PowerMSP432.oem4f (.data:PowerMSP432_module)
                  20008534    0000002c     release_pem4f.oem4f (.data:ti_sysbios_knl_Clock_Module__state__V)
                  20008560    00000024     release_pem4f.oem4f (.data:ti_sysbios_BIOS_Module__state__V)
                  20008584    00000020     MSP_EXP432P401R.obj (.data:gpioPinConfigs)
                  200085a4    00000020     release_pem4f.oem4f (.data:ti_sysbios_family_arm_msp432_Timer_Module_State_0_device__A)
                  200085c4    00000020     release_pem4f.oem4f (.data:xdc_runtime_Error_IgnoreBlock)
                  200085e4    0000001c     release_pem4f.oem4f (.data:ti_sysbios_knl_Swi_Module__state__V)
                  20008600    00000018     release_pem4f.oem4f (.data:ti_sysbios_family_arm_m3_Hwi_Object__table__V)
                  20008618    00000018     release_pem4f.oem4f (.data:ti_sysbios_heaps_HeapMem_Object__table__V)
                  20008630    00000010     Crystalfontz128x128_ST7735.obj (.data:g_sCrystalfontz128x128)
                  20008640    00000010     release_pem4f.oem4f (.data:ti_sysbios_family_arm_msp432_Timer_Module_State_0_handles__A)
                  20008650    0000000c     release_pem4f.oem4f (.data:ti_sysbios_family_arm_msp432_ClockFreqs_Module__state__V)
                  2000865c    0000000c     release_pem4f.oem4f (.data:ti_sysbios_family_arm_msp432_Timer_Module__state__V)
                  20008668    00000008     rtsv7M4_T_le_v4SPD16_eabi.lib : _lock.obj (.data:$O1$$)
                  20008670    00000008     drivers_msp432p4xx.aem4f : ADCMSP432.oem4f (.data)
                  20008678    00000008     MSP_EXP432P401R.obj (.data:gpioCallbackFunctions)
                  20008680    00000008     release_pem4f.oem4f (.data:ti_sysbios_family_arm_m3_Hwi_Module__root__V)
                  20008688    00000008     release_pem4f.oem4f (.data:ti_sysbios_gates_GateHwi_Module__root__V)
                  20008690    00000008     release_pem4f.oem4f (.data:ti_sysbios_gates_GateMutexPri_Module__root__V)
                  20008698    00000008     release_pem4f.oem4f (.data:ti_sysbios_gates_GateMutex_Module__root__V)
                  200086a0    00000008     release_pem4f.oem4f (.data:ti_sysbios_heaps_HeapMem_Module__root__V)
                  200086a8    00000008     release_pem4f.oem4f (.data:ti_sysbios_knl_Event_Module__root__V)
                  200086b0    00000008     release_pem4f.oem4f (.data:ti_sysbios_knl_Mailbox_Module__root__V)
                  200086b8    00000008     release_pem4f.oem4f (.data:ti_sysbios_knl_Queue_Module__root__V)
                  200086c0    00000008     release_pem4f.oem4f (.data:ti_sysbios_knl_Semaphore_Module__root__V)
                  200086c8    00000008     release_pem4f.oem4f (.data:ti_sysbios_knl_Task_Module__root__V)
                  200086d0    00000008     release_pem4f.oem4f (.data:xdc_runtime_Startup_Module__state__V)
                  200086d8    00000008     release_pem4f.oem4f (.data:xdc_runtime_System_Module_State_0_atexitHandlers__A)
                  200086e0    00000008     release_pem4f.oem4f (.data:xdc_runtime_System_Module__state__V)
                  200086e8    00000004     rtsv7M4_T_le_v4SPD16_eabi.lib : errno.obj (.data)
                  200086ec    00000004                                   : stkdepth_vars.obj (.data)
                  200086f0    00000004     release_pem4f.oem4f (.data:ti_sysbios_family_arm_m3_Hwi_Module_State_0_excContext__A)
                  200086f4    00000004     release_pem4f.oem4f (.data:ti_sysbios_family_arm_m3_Hwi_Module_State_0_excStack__A)
                  200086f8    00000004     release_pem4f.oem4f (.data:ti_sysbios_gates_GateHwi_Object__table__V)
                  200086fc    00000004     release_pem4f.oem4f (.data:ti_sysbios_knl_Task_Module_State_0_idleTask__A)
                  20008700    00000004     release_pem4f.oem4f (.data:xdc_runtime_Memory_Module__state__V)
                  20008704    00000002     dive_controller.obj (.data)
                  20008706    00000002     release_pem4f.oem4f (.data:ti_sysbios_family_arm_m3_Hwi_Module_State_0_excActive__A)
                  20008708    00000001     drivers_msp432p4xx.aem4f : ADC.oem4f (.data)
                  20008709    00000001                              : GPIOMSP432.oem4f (.data)
                  2000870a    00000001                              : PWM.oem4f (.data)

.bss       0    20008710    0000056a     UNINITIALIZED
                  20008710    00000200     release_pem4f.oem4f (.bss:taskStackSection)
                  20008910    00000140     (.common:ti_sysbios_family_arm_m3_Hwi_dispatchTable)
                  20008a50    000000b4     (.common:timerMSP432Objects)
                  20008b04    0000003c     main.obj (.bss:task_params$1)
                  20008b40    00000034     main.obj (.bss:mbx_params_adc$4)
                  20008b74    00000034     main.obj (.bss:mbx_params_display$6)
                  20008ba8    00000030     drivers_msp432p4xx.aem4f : GPIOMSP432.oem4f (.bss:gpioCallbackInfo)
                  20008bd8    00000030     (.common:pwmTimerMSP432Objects)
                  20008c08    00000020     main.obj (.bss:eb$3)
                  20008c28    0000001c     protectedlcd.obj (.bss:g_context)
                  20008c44    00000008     main.obj (.bss)
                  20008c4c    00000008     (.common:adcMSP432Objects)
                  20008c54    00000004     protectedlcd.obj (.bss)
                  20008c58    00000004     (.common:alarm_event)
                  20008c5c    00000004     (.common:g_adc_mbox)
                  20008c60    00000004     (.common:g_alarm_event_handle)
                  20008c64    00000004     (.common:g_display_mbox)
                  20008c68    00000004     (.common:g_event_handle)
                  20008c6c    00000004     (.common:g_pwm_buzzer)
                  20008c70    00000002     (.common:Lcd_ScreenHeigth)
                  20008c72    00000002     (.common:Lcd_ScreenWidth)
                  20008c74    00000002     (.common:Lcd_TouchTrim)
                  20008c76    00000001     (.common:Lcd_FlagRead)
                  20008c77    00000001     (.common:Lcd_FontSolid)
                  20008c78    00000001     (.common:Lcd_Orientation)
                  20008c79    00000001     (.common:Lcd_PenSolid)

.priheap   0    20000140    00008000     UNINITIALIZED
                  20000140    00008000     --HOLE--

.stack     0    2000fc00    00000400     UNINITIALIZED
                  2000fc00    00000400     --HOLE--

.bootVecs 
*          0    00000000    00000008     DSECT
                  00000000    00000008     boot.aem4f : boot.oem4f (.bootVecs)

.resetVecs 
*          0    00000000    0000003c     
                  00000000    0000003c     release_pem4f.oem4f (.resetVecs)

.vecs      0    20000000    00000140     NOLOAD SECTION
                  20000000    00000140     release_pem4f.oem4f (.vecs)

xdc.meta   0    00000000    00000107     COPY SECTION
                  00000000    00000107     release_pem4f.oem4f (xdc.meta)

xdc.noload 
*          0    00000000    00000000     COPY SECTION

.binit     0    00000000    00000000     

MODULE SUMMARY

       Module                                               code    ro data   rw data
       ------                                               ----    -------   -------
    ./
       main.obj                                             824     0         208    
       display_task.obj                                     540     0         4      
       MSP_EXP432P401R.obj                                  8       188       276    
       dive_controller.obj                                  452     0         2      
       protectedlcd.obj                                     234     0         32     
       scuba.obj                                            222     0         0      
       bsp.obj                                              170     0         0      
       buttons_dive.obj                                     160     0         0      
       bsp_led.obj                                          152     4         0      
       adc_dive.obj                                         100     0         4      
       alarm.obj                                            92      0         0      
       alarmtask.obj                                        40      0         12     
       timertask.obj                                        32      0         0      
       blinkingledtask.obj                                  22      0         0      
    +--+----------------------------------------------------+-------+---------+---------+
       Total:                                               3048    192       538    
                                                                                     
    ./LcdDriver/
       Crystalfontz128x128_ST7735.obj                       1670    40        26     
       HAL_MSP_EXP432P401R_Crystalfontz128x128_ST7735.obj   212     28        0      
    +--+----------------------------------------------------+-------+---------+---------+
       Total:                                               1882    68        26     
                                                                                     
    ./fonts/
       fontfixed6x8.obj                                     0       960       0      
    +--+----------------------------------------------------+-------+---------+---------+
       Total:                                               0       960       0      
                                                                                     
    /Users/munanxu/software_bootcamp/tirtos_builds_MSP_EXP432P401R_release_ccs/Debug/configPkg/package/cfg/
       release_pem4f.oem4f                                  1646    1290      2170   
    +--+----------------------------------------------------+-------+---------+---------+
       Total:                                               1646    1290      2170   
                                                                                     
    /Applications/ti/ccsv7/tools/compiler/ti-cgt-arm_16.9.3.LTS/lib/rtsv7M4_T_le_v4SPD16_eabi.lib
       _printfi.obj                                         4414    0         0      
       ull_div_t2.obj                                       500     0         0      
       fd_add_t2.obj                                        438     0         0      
       fd_div_t2.obj                                        310     0         0      
       fd_cmp_t2.obj                                        268     0         0      
       ctype.obj                                            0       257       0      
       fd_mul_t2.obj                                        252     0         0      
       s_scalbn.obj                                         252     0         0      
       memcpy_t2.obj                                        156     0         0      
       snprintf.obj                                         148     0         0      
       memset_t2.obj                                        122     0         0      
       copy_decompress_lzss.obj                             104     0         0      
       s_frexp.obj                                          100     0         0      
       ltoa.obj                                             84      0         0      
       atoi.obj                                             76      0         0      
       cpy_tbl.obj                                          76      0         0      
       fd_toi_t2.obj                                        72      0         0      
       i_tofd_t2.obj                                        46      0         0      
       _lock.obj                                            20      0         8      
       memccpy.obj                                          28      0         0      
       args_main.obj                                        24      0         0      
       strchr.obj                                           22      0         0      
       s_copysign.obj                                       20      0         0      
       strlen.obj                                           20      0         0      
       copy_decompress_none.obj                             14      0         0      
       copy_zero_init.obj                                   12      0         0      
       errno.obj                                            0       0         4      
       stkdepth_vars.obj                                    0       0         4      
    +--+----------------------------------------------------+-------+---------+---------+
       Total:                                               7578    257       16     
                                                                                     
    /Users/munanxu/software_bootcamp/tirtos_builds_MSP_EXP432P401R_release_ccs/src/sysbios/sysbios.aem4f
       BIOS.obj                                             8902    0         0      
       m3_Hwi_asm.obj                                       306     0         0      
       m3_TaskSupport_asm.obj                               180     0         0      
       m3_Hwi_asm_switch.obj                                118     0         0      
    +--+----------------------------------------------------+-------+---------+---------+
       Total:                                               9506    0         0      
                                                                                     
    /Users/munanxu/ti/simplelink_msp432_sdk_1_30_00_40/kernel/tirtos/packages/ti/dpl/lib/dpl_msp432p4xx.aem4f
       PowerMSP432_tirtos.oem4f                             126     0         0      
       SemaphoreP_tirtos.oem4f                              116     0         0      
       HwiP_tirtos.oem4f                                    86      0         0      
    +--+----------------------------------------------------+-------+---------+---------+
       Total:                                               328     0         0      
                                                                                     
    /Users/munanxu/ti/simplelink_msp432_sdk_1_30_00_40/kernel/tirtos/packages/ti/targets/arm/rtsarm/lib/auto_init.aem4f
       auto_init.oem4f                                      160     0         0      
    +--+----------------------------------------------------+-------+---------+---------+
       Total:                                               160     0         0      
                                                                                     
    /Users/munanxu/ti/simplelink_msp432_sdk_1_30_00_40/kernel/tirtos/packages/ti/targets/arm/rtsarm/lib/boot.aem4f
       boot.oem4f                                           88      0         0      
    +--+----------------------------------------------------+-------+---------+---------+
       Total:                                               88      0         0      
                                                                                     
    /Users/munanxu/ti/simplelink_msp432_sdk_1_30_00_40/source/ti/devices/msp432p4xx/driverlib/ccs/msp432p4xx_driverlib.lib
       cs.o                                                 260     0         0      
       spi.o                                                222     0         0      
       gpio.o                                               156     48        0      
       sysctl.o                                             48      0         0      
       cpu.o                                                24      0         0      
    +--+----------------------------------------------------+-------+---------+---------+
       Total:                                               710     48        0      
                                                                                     
    /Users/munanxu/ti/simplelink_msp432_sdk_1_30_00_40/source/ti/drivers/lib/drivers_msp432p4xx.aem4f
       PowerMSP432.oem4f                                    1572    0         252    
       PWMTimerMSP432.oem4f                                 1340    48        128    
       GPIOMSP432.oem4f                                     804     12        49     
       ADCMSP432.oem4f                                      706     24        8      
       PWM.oem4f                                            158     24        1      
       ADC.oem4f                                            158     8         1      
       TimerMSP432.oem4f                                    104     0         0      
       List.oem4f                                           8       0         0      
    +--+----------------------------------------------------+-------+---------+---------+
       Total:                                               4850    116       439    
                                                                                     
    /Users/munanxu/ti/simplelink_msp432_sdk_1_30_00_40/source/ti/grlib/ccs/grlib.lib
       string.o                                             746     0         0      
       context.o                                            76      0         0      
       line.o                                               74      0         0      
       display.o                                            56      0         0      
    +--+----------------------------------------------------+-------+---------+---------+
       Total:                                               952     0         0      
                                                                                     
       Stack:                                               0       0         1024   
       Linker Generated:                                    0       576       0      
    +--+----------------------------------------------------+-------+---------+---------+
       Grand Total:                                         30748   3507      4213   


LINKER GENERATED COPY TABLES

__TI_cinit_table @ 000086c8 records: 2, size/record: 8, table size: 16
	.data: load addr=00008498, load size=0000021c bytes, run addr=20008140, run size=000005cb bytes, compression=lzss
	.bss: load addr=000086c0, load size=00000008 bytes, run addr=20008710, run size=0000056a bytes, compression=zero_init


LINKER GENERATED HANDLER TABLE

[...]
000076a9  Graphics_drawPixelOnDisplay                                 
000076b7  Graphics_setBackgroundColor                                 
000076c5  Graphics_setForegroundColor                                 
000076d3  HwiP_Params_init                                            
000076e1  SemaphoreP_delete                                           
000076ef  bsp_halt                                                    
000076fd  __TI_decompress_none                                        
0000770b  PWMTimerMSP432_control                                      
00007711  ti_sysbios_knl_Idle_loop__E                                 
00007721  ti_sysbios_knl_Queue_empty__E                               
0000772f  CPU_cpsid                                                   
0000773b  CPU_cpsie                                                   
00007747  EUSCI_A_SPI_enable                                          
00007753  EUSCI_B_SPI_enable                                          
00007761  Power_getConstraintMask                                     
0000776d  Power_getPerformanceLevel                                   
00007779  bsp_init                                                    
00007791  __TI_zero_init                                              
0000779d  ti_sysbios_family_arm_m3_Hwi_Params__init__S                
0000779d  ti_sysbios_hal_Hwi_HwiProxy_Params__init__S                 
000077a9  ti_sysbios_family_arm_m3_Hwi_disableFxn__E                  
000077a9  ti_sysbios_hal_Hwi_HwiProxy_disable__E                      
000077b9  ti_sysbios_family_arm_m3_TaskSupport_getStackAlignment__E   
000077b9  ti_sysbios_knl_Task_SupportProxy_getStackAlignment__E       
000077c9  ti_sysbios_family_arm_msp432_Timer_getMaxTicks__E           
000077d9  ti_sysbios_gates_GateHwi_enter__E                           
000077e5  ti_sysbios_gates_GateMutexPri_Params__init__S               
000077f1  ti_sysbios_knl_Mailbox_Params__init__S                      
000077fd  ti_sysbios_knl_Queue_Object__get__S                         
00007809  ti_sysbios_knl_Semaphore_Params__init__S                    
00007815  ti_sysbios_knl_Task_Params__init__S                         
00007821  xdc_runtime_Gate_enterSystem__E                             
00007831  xdc_runtime_Startup_rtsDone__E                              
0000783d  ADC_Params_init                                             
00007847  ADC_close                                                   
00007851  ADC_convert                                                 
00007865  Graphics_clearDisplay                                       
0000786f  Graphics_clearDisplayOnDisplay                              
00007879  Graphics_translateColorOnDisplay                            
00007883  PWM_start                                                   
0000788d  SemaphoreP_Params_init                                      
00007897  SemaphoreP_post                                             
00007897  SemaphoreP_postFromClock                                    
000078a1  xdc_runtime_Memory_HeapProxy_alloc__E                       
000078ab  xdc_runtime_Memory_HeapProxy_free__E                        
000078b5  MSP_EXP432P401R_initGeneral                                 
000078c1  ti_sysbios_family_arm_m3_Hwi_doSwiRestore__I                
000078c9  ti_sysbios_family_arm_m3_Hwi_startup__E                     
000078c9  ti_sysbios_hal_Hwi_HwiProxy_startup__E                      
000078d1  ti_sysbios_family_arm_m3_Hwi_doTaskRestore__I               
000078d9  HwiP_restore                                                
000078d9  ti_sysbios_family_arm_m3_Hwi_restoreFxn__E                  
000078d9  ti_sysbios_hal_Hwi_HwiProxy_restore__E                      
000078e1  ti_sysbios_gates_GateHwi_leave__E                           
000078e9  ti_sysbios_heaps_HeapMem_isBlocking__E                      
000078f1  ti_sysbios_knl_Queue_Instance_init__E                       
000078f9  ti_sysbios_knl_Swi_startup__E                               
00007901  xdc_runtime_System_Module_startup__E                        
00007909  ti_sysbios_gates_GateHwi_query__E                           
00007909  xdc_runtime_Main_Module_GateProxy_query__E                  
00007909  xdc_runtime_System_Module_GateProxy_query__E                
00007911  ti_sysbios_gates_GateMutexPri_query__E                      
00007919  ti_sysbios_BIOS_RtsGateProxy_query__E                       
00007919  ti_sysbios_gates_GateMutex_query__E                         
00007919  ti_sysbios_heaps_HeapMem_Module_GateProxy_query__E          
00007921  ti_sysbios_knl_Task_startup__E                              
00007929  ti_sysbios_BIOS_linkedWithIncorrectBootLibrary__E           
00007931  ti_sysbios_gates_GateHwi_Instance_init__E                   
00007939  ti_sysbios_knl_Clock_logTick__E                             
00007941  xdc_runtime_SysCallback_defaultAbort                        
00007949  xdc_runtime_SysCallback_defaultExit                         
00007951  xdc_runtime_System_abortSpin__E                             
00007959  xdc_runtime_System_exitSpin__E                              
00007c54  _ctypes_                                                    
00007d55  xdc_runtime_Error_policy__C                                 
00007d56  ti_sysbios_family_arm_m3_Hwi_Module__id__C                  
00007d58  g_sFontFixed6x8                                             
00007e68  ti_sysbios_knl_Task_Object__PARAMS__C                       
00007ea4  ti_sysbios_knl_Mailbox_Object__PARAMS__C                    
00007f08  ti_sysbios_family_arm_m3_Hwi_Object__PARAMS__C              
00007f38  ti_sysbios_heaps_HeapMem_Module__FXNS__C                    
00007f60  ADC_config                                                  
00007f84  PWM_config                                                  
00007fa8  adcMSP432HWAttrs                                            
00007fcc  ti_sysbios_gates_GateHwi_Module__FXNS__C                    
00007ff0  ti_sysbios_gates_GateMutexPri_Module__FXNS__C               
00008000  HEAPSIZE                                                    
00008014  ti_sysbios_gates_GateMutex_Module__FXNS__C                  
00008038  ti_sysbios_heaps_HeapMem_Object__PARAMS__C                  
0000805c  ti_sysbios_knl_Semaphore_Object__PARAMS__C                  
00008080  xdc_runtime_Startup_sfxnTab__A                              
000080a4  PWMTimerMSP432_fxnTable                                     
000080c4  g_sCrystalfontz128x128_funcs                                
000080e4  ti_sysbios_family_arm_m3_Hwi_Object__DESC__C                
00008104  ti_sysbios_gates_GateHwi_Object__DESC__C                    
00008124  ti_sysbios_gates_GateMutexPri_Object__DESC__C               
00008144  ti_sysbios_gates_GateMutex_Object__DESC__C                  
00008164  ti_sysbios_heaps_HeapMem_Object__DESC__C                    
00008184  ti_sysbios_knl_Event_Object__DESC__C                        
000081a4  ti_sysbios_knl_Mailbox_Object__DESC__C                      
000081c4  ti_sysbios_knl_Queue_Object__DESC__C                        
000081e4  ti_sysbios_knl_Semaphore_Object__DESC__C                    
00008204  ti_sysbios_knl_Task_Object__DESC__C                         
00008240  ADCMSP432_fxnTable                                          
00008258  PWM_defaultParams                                           
00008270  PowerMSP432_config                                          
00008288  pwmTimerMSP432HWAttrs                                       
000082a0  ti_sysbios_gates_GateHwi_Object__PARAMS__C                  
000082b8  ti_sysbios_gates_GateMutexPri_Object__PARAMS__C             
000082d0  ti_sysbios_gates_GateMutex_Object__PARAMS__C                
000082e8  ti_sysbios_knl_Event_Object__PARAMS__C                      
00008300  ti_sysbios_knl_Queue_Object__PARAMS__C                      
00008318  GPIOMSP432_config                                           
0000832c  xdc_runtime_Startup_sfxnRts__A                              
0000833e  ti_sysbios_family_arm_msp432_init_Boot_bypassHFXT__C        
00008350  ADC_count                                                   
00008351  ADCBuf_count                                                
00008352  Capture_count                                               
00008353  Display_count                                               
00008354  I2C_count                                                   
00008355  I2CSlave_count                                              
00008356  PWM_count                                                   
00008357  SDSPI_count                                                 
00008358  SPI_count                                                   
00008359  Timer_count                                                 
0000835a  UART_count                                                  
0000835b  Watchdog_count                                              
0000835c  xdc_runtime_Startup_firstFxns__A                            
00008370  ADC_defaultParams                                           
00008378  ti_sysbios_knl_Idle_funcList__C                             
00008380  xdc_runtime_Startup_firstFxns__C                            
00008388  xdc_runtime_Startup_lastFxns__C                             
000083a0  ti_sysbios_family_arm_m3_Hwi_E_alreadyDefined__C            
000083a4  ti_sysbios_family_arm_m3_Hwi_NUM_INTERRUPTS__C              
000083a8  ti_sysbios_family_arm_m3_Hwi_Object__count__C               
000083ac  ti_sysbios_family_arm_m3_Hwi_ccr__C                         
000083b0  ti_sysbios_family_arm_m3_Hwi_excHandlerFunc__C              
000083b4  ti_sysbios_family_arm_m3_Hwi_nullIsrFunc__C                 
000083b8  ti_sysbios_family_arm_m3_Hwi_priGroup__C                    
000083bc  ti_sysbios_family_arm_m3_Hwi_swiDisable__C                  
000083c0  ti_sysbios_family_arm_m3_Hwi_swiRestoreHwi__C               
000083c4  ti_sysbios_family_arm_m3_TaskSupport_stackAlignment__C      
000083c8  ti_sysbios_family_arm_msp432_Timer_numTimerDevices__C       
000083cc  ti_sysbios_family_arm_msp432_Timer_startupNeeded__C         
000083d0  ti_sysbios_gates_GateMutexPri_Instance_State_pendQ__O       
000083d4  ti_sysbios_gates_GateMutex_Instance_State_sem__O            
000083d8  ti_sysbios_heaps_HeapMem_E_memory__C                        
000083dc  ti_sysbios_heaps_HeapMem_Module__gateObj__C                 
000083e0  ti_sysbios_heaps_HeapMem_Object__count__C                   
000083e4  ti_sysbios_heaps_HeapMem_primaryHeapBaseAddr__C             
000083e8  ti_sysbios_heaps_HeapMem_primaryHeapEndAddr__C              
000083ec  ti_sysbios_heaps_HeapMem_reqAlign__C                        
000083f0  ti_sysbios_knl_Clock_Module_State_clockQ__O                 
000083f4  ti_sysbios_knl_Event_Instance_State_pendQ__O                
000083f8  ti_sysbios_knl_Idle_funcList__A                             
000083fc  ti_sysbios_knl_Mailbox_Instance_State_dataQue__O            
00008400  ti_sysbios_knl_Mailbox_Instance_State_dataSem__O            
00008404  ti_sysbios_knl_Mailbox_Instance_State_freeQue__O            
00008408  ti_sysbios_knl_Mailbox_Instance_State_freeSem__O            
0000840c  ti_sysbios_knl_Mailbox_Object__count__C                     
00008410  ti_sysbios_knl_Mailbox_maxTypeAlign__C                      
00008414  ti_sysbios_knl_Semaphore_Instance_State_pendQ__O            
00008418  ti_sysbios_knl_Swi_Object__count__C                         
0000841c  ti_sysbios_knl_Task_Module_State_inactiveQ__O               
00008420  ti_sysbios_knl_Task_Object__count__C                        
00008424  ti_sysbios_knl_Task_allBlockedFunc__C                       
00008428  ti_sysbios_knl_Task_defaultStackHeap__C                     
0000842c  ti_sysbios_knl_Task_defaultStackSize__C                     
00008430  ti_sysbios_knl_Task_numConstructedTasks__C                  
00008434  xdc_runtime_Error_E_memory__C                               
00008438  xdc_runtime_Error_policyFxn__C                              
0000843c  xdc_runtime_IGateProvider_Interface__BASE__C                
00008440  xdc_runtime_IHeap_Interface__BASE__C                        
00008444  xdc_runtime_IModule_Interface__BASE__C                      
00008448  xdc_runtime_Memory_defaultHeapInstance__C                   
0000844c  xdc_runtime_Startup_execImpl__C                             
00008450  xdc_runtime_Startup_maxPasses__C                            
00008454  xdc_runtime_Startup_sfxnRts__C                              
00008458  xdc_runtime_Startup_sfxnTab__C                              
0000845c  xdc_runtime_SysCallback_abortFxn__C                         
00008460  xdc_runtime_SysCallback_exitFxn__C                          
00008464  xdc_runtime_System_Module__gateObj__C                       
00008468  xdc_runtime_System_abortFxn__C                              
0000846c  xdc_runtime_System_exitFxn__C                               
00008470  xdc_runtime_System_maxAtexitHandlers__C                     
00008474  xdc_runtime_Text_charTab__C                                 
00008478  xdc_runtime_Text_nameEmpty__C                               
0000847c  xdc_runtime_Text_nameStatic__C                              
00008480  xdc_runtime_Text_nameUnknown__C                             
00008484  ti_sysbios_family_arm_msp432_init_Boot_bypassLFXT__C        
00008486  ti_sysbios_family_arm_msp432_init_Boot_enableHFXT__C        
00008488  ti_sysbios_family_arm_msp432_init_Boot_enableLFXT__C        
0000848a  ti_sysbios_heaps_HeapMem_Module__id__C                      
0000848c  xdc_runtime_Memory_Module__id__C                            
0000848e  xdc_runtime_Text_charCnt__C                                 
00008490  xdc_runtime_Text_isLoaded__C                                
00008492  xdc_runtime_Text_charTab__A                                 
00008498  __TI_static_base__                                          
000086b4  __TI_Handler_Table_Base                                     
000086c0  __TI_Handler_Table_Limit                                    
000086c8  __TI_CINIT_Base                                             
000086d8  __TI_CINIT_Limit                                            
20000000  ti_sysbios_family_arm_m3_Hwi_ramVectors                     
20000140  __primary_heap_start__                                      
20008140  PowerMSP432_perfLevels                                      
20008140  __primary_heap_end__                                        
20008290  ti_sysbios_knl_Swi_Module_State_0_readyQ__A                 
20008310  ti_sysbios_knl_Task_Module_State_0_readyQ__A                
20008390  ti_sysbios_family_arm_msp432_Timer_Object__table__V         
200083dc  ti_sysbios_knl_Task_Object__table__V                        
20008428  ti_sysbios_knl_Task_Module__state__V                        
2000846c  ti_sysbios_gates_GateMutex_Object__table__V                 
200084a4  ti_sysbios_family_arm_m3_Hwi_Module__state__V               
200084d8  ti_sysbios_knl_Swi_Object__table__V                         
20008508  PowerMSP432_module                                          
20008534  ti_sysbios_knl_Clock_Module__state__V                       
20008560  ti_sysbios_BIOS_Module__state__V                            
20008584  gpioPinConfigs                                              
200085a4  ti_sysbios_family_arm_msp432_Timer_Module_State_0_device__A 
200085c4  xdc_runtime_Error_IgnoreBlock                               
200085e4  ti_sysbios_knl_Swi_Module__state__V                         
20008600  ti_sysbios_family_arm_m3_Hwi_Object__table__V               
20008618  ti_sysbios_heaps_HeapMem_Object__table__V                   
20008630  g_sCrystalfontz128x128                                      
20008640  ti_sysbios_family_arm_msp432_Timer_Module_State_0_handles__A
20008650  ti_sysbios_family_arm_msp432_ClockFreqs_Module__state__V    
2000865c  ti_sysbios_family_arm_msp432_Timer_Module__state__V         
20008668  _lock                                                       
2000866c  _unlock                                                     
20008678  gpioCallbackFunctions                                       
20008680  ti_sysbios_family_arm_m3_Hwi_Module__root__V                
20008688  ti_sysbios_gates_GateHwi_Module__root__V                    
20008690  ti_sysbios_gates_GateMutexPri_Module__root__V               
20008698  ti_sysbios_gates_GateMutex_Module__root__V                  
200086a0  ti_sysbios_heaps_HeapMem_Module__root__V                    
200086a8  ti_sysbios_knl_Event_Module__root__V                        
200086b0  ti_sysbios_knl_Mailbox_Module__root__V                      
200086b8  ti_sysbios_knl_Queue_Module__root__V                        
200086c0  ti_sysbios_knl_Semaphore_Module__root__V                    
200086c8  ti_sysbios_knl_Task_Module__root__V                         
200086d0  xdc_runtime_Startup_Module__state__V                        
200086d8  xdc_runtime_System_Module_State_0_atexitHandlers__A         
200086e0  xdc_runtime_System_Module__state__V                         
200086e8  errno                                                       
200086ec  main_func_sp                                                
200086f0  ti_sysbios_family_arm_m3_Hwi_Module_State_0_excContext__A   
200086f4  ti_sysbios_family_arm_m3_Hwi_Module_State_0_excStack__A     
200086f8  ti_sysbios_gates_GateHwi_Object__table__V                   
200086fc  ti_sysbios_knl_Task_Module_State_0_idleTask__A              
20008700  xdc_runtime_Memory_Module__state__V                         
20008706  ti_sysbios_family_arm_m3_Hwi_Module_State_0_excActive__A    
20008710  ti_sysbios_knl_Task_Instance_State_0_stack__A               
20008910  ti_sysbios_family_arm_m3_Hwi_dispatchTable                  
20008a50  timerMSP432Objects                                          
20008bd8  pwmTimerMSP432Objects                                       
20008c4c  adcMSP432Objects                                            
20008c58  alarm_event                                                 
20008c5c  g_adc_mbox                                                  
20008c60  g_alarm_event_handle                                        
20008c64  g_display_mbox                                              
20008c68  g_event_handle                                              
20008c6c  g_pwm_buzzer                                                
20008c70  Lcd_ScreenHeigth                                            
20008c72  Lcd_ScreenWidth                                             
20008c74  Lcd_TouchTrim                                               
20008c76  Lcd_FlagRead                                                
20008c77  Lcd_FontSolid                                               
20008c78  Lcd_Orientation                                             
20008c79  Lcd_PenSolid                                                
2000fc00  __stack                                                     
20010000  __STACK_END                                                 
4000480c  WDTCTL_SYM                                                  
e000e000  ti_sysbios_family_arm_m3_Hwi_nvic                           
ffffffff  __TI_pprof_out_hndl                                         
ffffffff  __TI_prof_data_size                                         
ffffffff  __TI_prof_data_start                                        
ffffffff  __binit__                                                   
ffffffff  __c_args__                                                  
ffffffff  binit                                                       
UNDEFED   SHT$$INIT_ARRAY$$Base                                       
UNDEFED   SHT$$INIT_ARRAY$$Limit                                      

[610 symbols]
