******************************************************************************
                  TI ARM Linker Unix v16.9.3                   
******************************************************************************
>> Linked Thu Aug 17 14:40:21 2017

OUTPUT FILE NAME:   <dive_computer.out>
ENTRY POINT SYMBOL: "_c_int00"  address: 000055a1


MEMORY CONFIGURATION

         name            origin    length      used     unused   attr    fill
----------------------  --------  ---------  --------  --------  ----  --------
  MAIN                  00000000   00040000  00008795  0003786b  R  X
  INFO                  00200000   00004000  00000000  00004000  R  X
  SRAM_CODE             01000000   00010000  00000000  00010000  RW X
  SRAM_DATA             20000000   00010000  0000907b  00006f85  RW  


SEGMENT ALLOCATION MAP

run origin  load origin   length   init length attrs members
----------  ----------- ---------- ----------- ----- -------
00000000    00000000    000087a0   000087a0    r-x
  00000000    00000000    0000003c   0000003c    r-- .resetVecs
  00000040    00000040    000079ca   000079ca    r-x .text
  00007a0c    00007a0c    00000b4f   00000b4f    r-- .const
  00008560    00008560    00000240   00000240    r-- .cinit
20000140    20000140    00008000   00000000    r--
  20000140    20000140    00008000   00000000    r-- .priheap
20008140    20008140    00000b42   00000000    rw-
  20008140    20008140    000005d1   00000000    rw- .data
  20008718    20008718    0000056a   00000000    rw- .bss
2000fc00    2000fc00    00000400   00000000    rw-
  2000fc00    2000fc00    00000400   00000000    rw- .stack


SECTION ALLOCATION MAP

 output                                  attributes/
section   page    origin      length       input sections
--------  ----  ----------  ----------   ----------------
.text      0    00000040    000079ca     
                  00000040    0000113e     rtsv7M4_T_le_v4SPD16_eabi.lib : _printfi.obj (.text)
                  0000117e    000002d0     grlib.lib : string.o (.text:Graphics_drawString)
                  0000144e    00000002     drivers_msp432p4xx.aem4f : ADCMSP432.oem4f (.text:ADCMSP432_init)
                  00001450    000002d0                              : PowerMSP432.oem4f (.text:Power_sleep)
                  00001720    00000290     main.obj (.text:startup_task)
                  000019b0    000001f4     rtsv7M4_T_le_v4SPD16_eabi.lib : ull_div_t2.obj (.text)
                  00001ba4    000001e4     display_task.obj (.text:display_task)
                  00001d88    000001d8     Crystalfontz128x128_ST7735.obj (.text:Crystalfontz128x128_PixelDrawMultiple)
                  00001f60    000001b6     rtsv7M4_T_le_v4SPD16_eabi.lib : fd_add_t2.obj (.text)
                  00002116    00000002     drivers_msp432p4xx.aem4f : PWMTimerMSP432.oem4f (.text:PWMTimerMSP432_init)
                  00002118    00000178     dive_controller.obj (.text:dive_controller_task)
                  00002290    0000015c     drivers_msp432p4xx.aem4f : GPIOMSP432.oem4f (.text:GPIO_setConfig)
                  000023ec    00000158     alarmtask.obj (.text:alarmTaskFunction)
                  00002544    00000004     grlib.lib : context.o (.text:Graphics_setFont)
                  00002548    00000158     sysbios.aem4f : BIOS.obj (.text:ti_sysbios_knl_Event_pend__E)
                  000026a0    0000014c     drivers_msp432p4xx.aem4f : PowerMSP432.oem4f (.text:initPerfControl)
                  000027ec    00000136     rtsv7M4_T_le_v4SPD16_eabi.lib : fd_div_t2.obj (.text)
                  00002922    00000002     dpl_msp432p4xx.aem4f : PowerMSP432_tirtos.oem4f (.text:PowerMSP432_initPolicy)
                  00002924    00000134     Crystalfontz128x128_ST7735.obj (.text:Crystalfontz128x128_SetDrawFrame)
                  00002a58    00000130     sysbios.aem4f : BIOS.obj (.text:ti_sysbios_knl_Semaphore_pend__E)
                  00002b88    0000012c     Crystalfontz128x128_ST7735.obj (.text:Crystalfontz128x128_Init)
                  00002cb4    00000118     drivers_msp432p4xx.aem4f : ADCMSP432.oem4f (.text:ADCMSP432_convert)
                  00002dcc    00000004     dpl_msp432p4xx.aem4f : HwiP_tirtos.oem4f (.text:HwiP_disable)
                  00002dd0    00000108     sysbios.aem4f : BIOS.obj (.text:xdc_runtime_Startup_startMods__I)
                  00002ed8    00000100     drivers_msp432p4xx.aem4f : PWMTimerMSP432.oem4f (.text:initHw)
                  00002fd8    000000fc     rtsv7M4_T_le_v4SPD16_eabi.lib : fd_mul_t2.obj (.text)
                  000030d4    000000fc                                   : s_scalbn.obj (.text)
                  000031d0    000000fc     sysbios.aem4f : BIOS.obj (.text:ti_sysbios_family_arm_msp432_init_Boot_configureClocksHigh)
                  000032cc    000000ec                   : m3_Hwi_asm.obj (.text:ti_sysbios_family_arm_m3_Hwi_dispatch__I)
                  000033b8    000000e0     msp432p4xx_driverlib.lib : cs.o (.text:CS_initClockSignal)
                  00003498    000000d8     drivers_msp432p4xx.aem4f : PWMTimerMSP432.oem4f (.text:PWMTimerMSP432_open)
                  00003570    000000d4     sysbios.aem4f : BIOS.obj (.text:ti_sysbios_knl_Mailbox_Instance_init__E)
                  00003644    00000004     drivers_msp432p4xx.aem4f : List.oem4f (.text:List_head)
                  00003648    000000d0     sysbios.aem4f : BIOS.obj (.text:ti_sysbios_heaps_HeapMem_alloc__E)
                  00003718    000000c4                   : BIOS.obj (.text:ti_sysbios_knl_Task_sleep__E)
                  000037dc    00000004     drivers_msp432p4xx.aem4f : List.oem4f (.text:List_next)
                  000037e0    000000c0     sysbios.aem4f : BIOS.obj (.text:ti_sysbios_knl_Task_Instance_init__E)
                  000038a0    000000bc                   : BIOS.obj (.text:ti_sysbios_knl_Task_Instance_finalize__E)
                  0000395c    00000004     release_pem4f.oem4f (.text:ti_sysbios_BIOS_RtsGateProxy_enter__E)
                  00003960    000000a8     sysbios.aem4f : BIOS.obj (.text:ti_sysbios_family_arm_msp432_Timer_periodicStub__E)
                  00003a08    000000a8                   : BIOS.obj (.text:xdc_runtime_Core_createObject__I)
                  00003ab0    000000a4                   : BIOS.obj (.text:ti_sysbios_knl_Task_setPri__E)
                  00003b54    000000a0     auto_init.aem4f : auto_init.oem4f (.text)
                  00003bf4    000000a0     buttons_dive.obj (.text:button_task)
                  00003c94    0000009c     Crystalfontz128x128_ST7735.obj (.text:Crystalfontz128x128_RectFill)
                  00003d30    0000009c     drivers_msp432p4xx.aem4f : PWMTimerMSP432.oem4f (.text:PWMTimerMSP432_setPeriod)
                  00003dcc    0000009c     rtsv7M4_T_le_v4SPD16_eabi.lib : memcpy_t2.obj (.text)
                  00003e68    00000098     drivers_msp432p4xx.aem4f : ADCMSP432.oem4f (.text:ADCMSP432_open)
                  00003f00    00000098     sysbios.aem4f : BIOS.obj (.text:ti_sysbios_family_arm_m3_Hwi_Instance_init__E)
                  00003f98    00000094     rtsv7M4_T_le_v4SPD16_eabi.lib : snprintf.obj (.text)
                  0000402c    00000004     release_pem4f.oem4f (.text:ti_sysbios_BIOS_RtsGateProxy_leave__E)
                  00004030    00000094     sysbios.aem4f : BIOS.obj (.text:ti_sysbios_family_arm_m3_Hwi_initNVIC__E)
                  000040c4    00000090     drivers_msp432p4xx.aem4f : PWMTimerMSP432.oem4f (.text:PWMTimerMSP432_setDuty)
                  00004154    0000008c     sysbios.aem4f : m3_TaskSupport_asm.obj (.text:ti_sysbios_family_arm_m3_TaskSupport_buildTaskStack)
                  000041e0    0000008c                   : BIOS.obj (.text:ti_sysbios_gates_GateMutexPri_enter__E)
                  0000426c    00000004     release_pem4f.oem4f (.text:ti_sysbios_family_arm_m3_TaskSupport_Module__startupDone__S)
                  00004270    0000008c     sysbios.aem4f : BIOS.obj (.text:ti_sysbios_knl_Event_post__E)
                  000042fc    00000004     release_pem4f.oem4f (.text:ti_sysbios_heaps_HeapMem_Module_GateProxy_enter__E)
                  00004300    0000008c     sysbios.aem4f : BIOS.obj (.text:ti_sysbios_knl_Task_postInit__I)
                  0000438c    00000088     protectedlcd.obj (.text:protected_lcd_init)
                  00004414    00000004     release_pem4f.oem4f (.text:ti_sysbios_heaps_HeapMem_Module_GateProxy_leave__E)
                  00004418    00000088     sysbios.aem4f : BIOS.obj (.text:ti_sysbios_knl_Mailbox_post__E)
                  000044a0    00000088                   : BIOS.obj (.text:xdc_runtime_Memory_alloc__E)
                  00004528    00000086     rtsv7M4_T_le_v4SPD16_eabi.lib : fd_cmp_t2.obj (.text:__aeabi_cdcmple)
                  000045ae    00000086                                   : fd_cmp_t2.obj (.text:__aeabi_cdrcmple)
                  00004634    00000004     release_pem4f.oem4f (.text:ti_sysbios_knl_Clock_TimerProxy_getMaxTicks__E)
                  00004638    00000084     sysbios.aem4f : BIOS.obj (.text:ti_sysbios_family_arm_m3_Hwi_postInit__I)
                  000046bc    00000004     release_pem4f.oem4f (.text:ti_sysbios_knl_Semaphore_delete)
                  000046c0    00000084     sysbios.aem4f : BIOS.obj (.text:ti_sysbios_heaps_HeapMem_free__E)
                  00004744    00000004     release_pem4f.oem4f (.text:ti_sysbios_knl_Task_delete)
                  00004748    00000084     sysbios.aem4f : BIOS.obj (.text:xdc_runtime_Core_constructObject__I)
                  000047cc    0000007c     msp432p4xx_driverlib.lib : spi.o (.text:SPI_initMaster)
                  00004848    0000007c     main.obj (.text:main)
                  000048c4    0000007a     rtsv7M4_T_le_v4SPD16_eabi.lib : memset_t2.obj (.text)
                  0000493e    00000002     release_pem4f.oem4f (.text:ti_sysbios_BIOS_nullFunc__I)
                  00004940    00000078     drivers_msp432p4xx.aem4f : PWMTimerMSP432.oem4f (.text:PWMTimerMSP432_close)
                  000049b8    00000076                              : PWMTimerMSP432.oem4f (.text:PWMTimerMSP432_stop)
                  00004a2e    00000002     --HOLE-- [fill = 0]
                  00004a30    00000074     sysbios.aem4f : BIOS.obj (.text:ti_sysbios_knl_Mailbox_pend__E)
                  00004aa4    00000004     release_pem4f.oem4f (.text:xdc_runtime_System_Module_GateProxy_enter__E)
                  00004aa8    00000070     sysbios.aem4f : BIOS.obj (.text:ti_sysbios_heaps_HeapMem_initPrimary__I)
                  00004b18    00000070                   : BIOS.obj (.text:ti_sysbios_knl_Mailbox_Instance_finalize__E)
                  00004b88    00000070                   : BIOS.obj (.text:ti_sysbios_knl_Semaphore_post__E)
                  00004bf8    00000070                   : BIOS.obj (.text:ti_sysbios_knl_Task_exit__E)
                  00004c68    0000006c                   : BIOS.obj (.text:ti_sysbios_gates_GateMutexPri_leave__E)
                  00004cd4    00000004     release_pem4f.oem4f (.text:xdc_runtime_System_Module_GateProxy_leave__E)
                  00004cd8    0000006c     sysbios.aem4f : BIOS.obj (.text:ti_sysbios_knl_Clock_workFunc__E)
                  00004d44    00000004     --HOLE-- [fill = 0]
                  00004d48    0000006c                   : BIOS.obj (.text:ti_sysbios_knl_Swi_restoreHwi__E)
                  00004db4    00000068     drivers_msp432p4xx.aem4f : PWMTimerMSP432.oem4f (.text:PWMTimerMSP432_start)
                  00004e1c    00000068     rtsv7M4_T_le_v4SPD16_eabi.lib : copy_decompress_lzss.obj (.text:decompress:lzss)
                  00004e84    00000004     --HOLE-- [fill = 0]
                  00004e88    00000066     sysbios.aem4f : BIOS.obj (.text:xdc_runtime_Core_deleteObject__I)
                  00004eee    00000002     --HOLE-- [fill = 0]
                  00004ef0    00000064     drivers_msp432p4xx.aem4f : GPIOMSP432.oem4f (.text:GPIO_hwiIntFxn)
                  00004f54    00000064     rtsv7M4_T_le_v4SPD16_eabi.lib : s_frexp.obj (.text)
                  00004fb8    00000064     sysbios.aem4f : BIOS.obj (.text:ti_sysbios_family_arm_m3_Hwi_dispatchC__I)
                  0000501c    00000060     drivers_msp432p4xx.aem4f : ADCMSP432.oem4f (.text:ADCMSP432_close)
                  0000507c    00000060     Crystalfontz128x128_ST7735.obj (.text:Crystalfontz128x128_LineDrawH)
                  000050dc    00000060     Crystalfontz128x128_ST7735.obj (.text:Crystalfontz128x128_LineDrawV)
                  0000513c    0000005c     drivers_msp432p4xx.aem4f : GPIOMSP432.oem4f (.text:GPIO_init)
                  00005198    0000005c                              : GPIOMSP432.oem4f (.text:GPIO_write)
                  000051f4    0000005c                              : PowerMSP432.oem4f (.text:PowerMSP432_getFreqs)
                  00005250    0000005c     adc_dive.obj (.text:adc_task)
                  000052ac    0000005c     scuba.obj (.text:gas_to_surface_in_cl)
                  00005308    0000005c     alarm.obj (.text:speaker_config)
                  00005364    00000004     --HOLE-- [fill = 0]
                  00005368    0000005c     sysbios.aem4f : BIOS.obj (.text:ti_sysbios_knl_Swi_run__I)
                  000053c4    00000004     --HOLE-- [fill = 0]
                  000053c8    0000005c                   : BIOS.obj (.text:ti_sysbios_knl_Swi_schedule__I)
                  00005424    00000004     --HOLE-- [fill = 0]
                  00005428    0000005c                   : BIOS.obj (.text:ti_sysbios_knl_Task_Module_startup__E)
                  00005484    00000004     --HOLE-- [fill = 0]
                  00005488    0000005c                   : BIOS.obj (.text:ti_sysbios_knl_Task_startCore__E)
                  000054e4    00000004     --HOLE-- [fill = 0]
                  000054e8    0000005c                   : BIOS.obj (.text:xdc_runtime_Startup_exec__E)
                  00005544    0000005a     drivers_msp432p4xx.aem4f : ADCMSP432.oem4f (.text:initHw)
                  0000559e    00000002     --HOLE-- [fill = 0]
                  000055a0    00000058     boot.aem4f : boot.oem4f (.text)
                  000055f8    00000058     sysbios.aem4f : m3_Hwi_asm_switch.obj (.text:ti_sysbios_family_arm_m3_Hwi_initStacks__E)
                  00005650    00000054     Crystalfontz128x128_ST7735.obj (.text:Crystalfontz128x128_SetOrientation)
                  000056a4    00000054     drivers_msp432p4xx.aem4f : GPIOMSP432.oem4f (.text:GPIO_setCallback)
                  000056f8    00000054                              : PowerMSP432.oem4f (.text:Power_init)
                  0000574c    00000054     rtsv7M4_T_le_v4SPD16_eabi.lib : ltoa.obj (.text)
                  000057a0    00000054     release_pem4f.oem4f (.text:ti_sysbios_family_arm_m3_Hwi_create)
                  000057f4    00000004     --HOLE-- [fill = 0]
                  000057f8    00000054     sysbios.aem4f : BIOS.obj (.text:ti_sysbios_family_arm_msp432_Timer_initDevice__I)
                  0000584c    00000054     release_pem4f.oem4f (.text:ti_sysbios_knl_Mailbox_create)
                  000058a0    00000054     sysbios.aem4f : BIOS.obj (.text:xdc_runtime_Core_assignLabel__I)
                  000058f4    00000052     scuba.obj (.text:adc_to_rate)
                  00005946    00000002     --HOLE-- [fill = 0]
                  00005948    00000050     drivers_msp432p4xx.aem4f : ADCMSP432.oem4f (.text:ADCMSP432_convertRawToMicroVolts)
                  00005998    00000050     dpl_msp432p4xx.aem4f : PowerMSP432_tirtos.oem4f (.text:PowerMSP432_sleepPolicy)
                  000059e8    00000050     sysbios.aem4f : BIOS.obj (.text:ti_sysbios_family_arm_m3_Hwi_Module_startup__E)
                  00005a38    00000050     release_pem4f.oem4f (.text:ti_sysbios_knl_Task_create)
                  00005a88    0000004e     bsp.obj (.text:bsp_btn_read)
                  00005ad6    00000002     --HOLE-- [fill = 0]
                  00005ad8    0000004c     msp432p4xx_driverlib.lib : gpio.o (.text:GPIO_setAsPeripheralModuleFunctionOutputPin)
                  00005b24    0000004c     protectedlcd.obj (.text:protected_lcd_display)
                  00005b70    0000004c     rtsv7M4_T_le_v4SPD16_eabi.lib : atoi.obj (.text)
                  00005bbc    0000004c                                   : cpy_tbl.obj (.text)
                  00005c08    0000004c     sysbios.aem4f : BIOS.obj (.text:ti_sysbios_family_arm_msp432_Timer_start__E)
                  00005c54    00000004     --HOLE-- [fill = 0]
                  00005c58    0000004c                   : BIOS.obj (.text:ti_sysbios_heaps_HeapMem_getStats__E)
                  00005ca4    00000004     --HOLE-- [fill = 0]
                  00005ca8    0000004c                   : BIOS.obj (.text:ti_sysbios_knl_Swi_runLoop__I)
                  00005cf4    00000004     --HOLE-- [fill = 0]
                  00005cf8    0000004c                   : BIOS.obj (.text:ti_sysbios_knl_Task_allBlockedFunction__I)
                  00005d44    00000004     --HOLE-- [fill = 0]
                  00005d48    0000004c                   : BIOS.obj (.text:ti_sysbios_knl_Task_block__E)
                  00005d94    00000004     --HOLE-- [fill = 0]
                  00005d98    0000004c                   : BIOS.obj (.text:ti_sysbios_knl_Task_schedule__I)
                  00005de4    0000004a     grlib.lib : line.o (.text:Graphics_drawLineH)
                  00005e2e    00000002     --HOLE-- [fill = 0]
                  00005e30    00000048     drivers_msp432p4xx.aem4f : PowerMSP432.oem4f (.text:Power_releaseConstraint)
                  00005e78    00000048     rtsv7M4_T_le_v4SPD16_eabi.lib : fd_toi_t2.obj (.text)
                  00005ec0    00000048     sysbios.aem4f : BIOS.obj (.text:ti_sysbios_family_arm_m3_Hwi_disableInterrupt__E)
                  00005f08    00000048                   : BIOS.obj (.text:ti_sysbios_family_arm_m3_Hwi_enableInterrupt__E)
                  00005f50    00000048                   : BIOS.obj (.text:ti_sysbios_knl_Mailbox_Module_startup__E)
                  00005f98    00000046                   : BIOS.obj (.text:xdc_runtime_Core_assignParams__I)
                  00005fde    00000002     --HOLE-- [fill = 0]
                  00005fe0    00000044     drivers_msp432p4xx.aem4f : ADC.oem4f (.text:ADC_init)
                  00006024    00000044     dpl_msp432p4xx.aem4f : HwiP_tirtos.oem4f (.text:HwiP_create)
                  00006068    00000044     drivers_msp432p4xx.aem4f : PWM.oem4f (.text:PWM_init)
                  000060ac    00000044     bsp_led.obj (.text:bsp_led_off)
                  000060f0    00000044     bsp_led.obj (.text:bsp_led_toggle)
                  00006134    00000004     --HOLE-- [fill = 0]
                  00006138    00000044     sysbios.aem4f : BIOS.obj (.text:ti_sysbios_family_arm_m3_Hwi_getStackInfo__E)
                  0000617c    00000004     --HOLE-- [fill = 0]
                  00006180    00000044                   : BIOS.obj (.text:ti_sysbios_family_arm_msp432_Seconds_Module_startup__E)
                  000061c4    00000004     --HOLE-- [fill = 0]
                  000061c8    00000044                   : BIOS.obj (.text:ti_sysbios_knl_Swi_post__E)
                  0000620c    00000040     Crystalfontz128x128_ST7735.obj (.text:Crystalfontz128x128_PixelDraw)
                  0000624c    00000040     HAL_MSP_EXP432P401R_Crystalfontz128x128_ST7735.obj (.text:HAL_LCD_SpiInit)
                  0000628c    00000040     dpl_msp432p4xx.aem4f : SemaphoreP_tirtos.oem4f (.text:SemaphoreP_create)
                  000062cc    00000040     drivers_msp432p4xx.aem4f : PowerMSP432.oem4f (.text:notify)
                  0000630c    00000040                              : PowerMSP432.oem4f (.text:restartHFXT)
                  0000634c    00000004     --HOLE-- [fill = 0]
                  00006350    00000040     sysbios.aem4f : BIOS.obj (.text:ti_sysbios_family_arm_msp432_Timer_Module_startup__E)
                  00006390    00000040                   : BIOS.obj (.text:ti_sysbios_family_arm_msp432_Timer_startup__E)
                  000063d0    00000040                   : BIOS.obj (.text:ti_sysbios_heaps_HeapMem_Instance_init__E)
                  00006410    0000003c     drivers_msp432p4xx.aem4f : ADC.oem4f (.text:ADC_open)
                  0000644c    0000003c                              : PWM.oem4f (.text:PWM_open)
                  00006488    0000003c                              : PWMTimerMSP432.oem4f (.text:getPeriodCounts)
                  000064c4    00000004     --HOLE-- [fill = 0]
                  000064c8    0000003c     sysbios.aem4f : BIOS.obj (.text:ti_sysbios_family_arm_m3_Hwi_Instance_finalize__E)
                  00006504    00000004     --HOLE-- [fill = 0]
                  00006508    0000003c                   : BIOS.obj (.text:ti_sysbios_knl_Swi_restore__E)
                  00006544    00000038     drivers_msp432p4xx.aem4f : GPIOMSP432.oem4f (.text:GPIO_toggle)
                  0000657c    00000038     HAL_MSP_EXP432P401R_Crystalfontz128x128_ST7735.obj (.text:HAL_LCD_writeCommand)
                  000065b4    00000038     drivers_msp432p4xx.aem4f : PowerMSP432.oem4f (.text:Power_setConstraint)
                  000065ec    00000038                              : TimerMSP432.oem4f (.text:TimerMSP432_allocateTimerResource)
                  00006624    00000038                              : PWMTimerMSP432.oem4f (.text:getDutyCounts)
                  0000665c    00000004     --HOLE-- [fill = 0]
                  00006660    00000038     sysbios.aem4f : BIOS.obj (.text:xdc_runtime_System_atexit__E)
                  00006698    00000034     release_pem4f.oem4f (.text:ti_sysbios_knl_Semaphore_create)
                  000066cc    00000004     --HOLE-- [fill = 0]
                  000066d0    00000032     sysbios.aem4f : BIOS.obj (.text:ti_sysbios_hal_Hwi_initStack)
                  00006702    00000030     HAL_MSP_EXP432P401R_Crystalfontz128x128_ST7735.obj (.text:HAL_LCD_PortInit)
                  00006732    00000002     --HOLE-- [fill = 0]
                  00006734    00000030     drivers_msp432p4xx.aem4f : TimerMSP432.oem4f (.text:TimerMSP432_freeTimerResource)
                  00006764    00000030     scuba.obj (.text:gas_rate_in_cl)
                  00006794    00000030     msp432p4xx_driverlib.lib : spi.o (.text:is_A_Module)
                  000067c4    00000030     drivers_msp432p4xx.aem4f : PWMTimerMSP432.oem4f (.text:mapPin)
                  000067f4    00000030     release_pem4f.oem4f (.text:ti_sysbios_BIOS_atExitFunc__I)
                  00006824    00000030     release_pem4f.oem4f (.text:ti_sysbios_BIOS_startFunc__I)
                  00006854    00000004     --HOLE-- [fill = 0]
                  00006858    00000030     sysbios.aem4f : BIOS.obj (.text:ti_sysbios_family_arm_m3_TaskSupport_start__E)
                  00006888    00000030                   : BIOS.obj (.text:ti_sysbios_family_arm_msp432_Timer_setPeriod__E)
                  000068b8    00000030     release_pem4f.oem4f (.text:ti_sysbios_gates_GateHwi_Object__create__S)
                  000068e8    00000030     release_pem4f.oem4f (.text:ti_sysbios_gates_GateMutexPri_Object__create__S)
                  00006918    00000030     release_pem4f.oem4f (.text:ti_sysbios_gates_GateMutexPri_create)
                  00006948    00000030     release_pem4f.oem4f (.text:ti_sysbios_gates_GateMutex_Object__create__S)
                  00006978    00000030     sysbios.aem4f : BIOS.obj (.text:ti_sysbios_gates_GateMutex_enter__E)
                  000069a8    00000030     release_pem4f.oem4f (.text:ti_sysbios_heaps_HeapMem_Object__create__S)
                  000069d8    00000030     release_pem4f.oem4f (.text:ti_sysbios_knl_Event_create)
                  00006a08    00000030     sysbios.aem4f : BIOS.obj (.text:ti_sysbios_knl_Event_pendTimeout__I)
                  00006a38    00000030                   : BIOS.obj (.text:ti_sysbios_knl_Mailbox_postInit__I)
                  00006a68    00000030     release_pem4f.oem4f (.text:ti_sysbios_knl_Semaphore_construct)
                  00006a98    00000030     sysbios.aem4f : BIOS.obj (.text:ti_sysbios_knl_Semaphore_pendTimeout__I)
                  00006ac8    00000030                   : BIOS.obj (.text:ti_sysbios_knl_Task_processVitalTaskFlag__I)
                  00006af8    00000030                   : BIOS.obj (.text:ti_sysbios_knl_Task_unblockI__E)
                  00006b28    00000030                   : BIOS.obj (.text:xdc_runtime_System_processAtExit__E)
                  00006b58    0000002e     rtsv7M4_T_le_v4SPD16_eabi.lib : i_tofd_t2.obj (.text)
                  00006b86    00000002     --HOLE-- [fill = 0]
                  00006b88    0000002c     Crystalfontz128x128_ST7735.obj (.text:Crystalfontz128x128_ClearScreen)
                  00006bb4    0000002c     HAL_MSP_EXP432P401R_Crystalfontz128x128_ST7735.obj (.text:HAL_LCD_writeData)
                  00006be0    0000002c     dpl_msp432p4xx.aem4f : PowerMSP432_tirtos.oem4f (.text:PowerMSP432_updateFreqs)
                  00006c0c    0000002c     release_pem4f.oem4f (.text:ti_sysbios_knl_Clock_doTick__I)
                  00006c38    0000002c     release_pem4f.oem4f (.text:ti_sysbios_knl_Queue_construct)
                  00006c64    00000004     --HOLE-- [fill = 0]
                  00006c68    0000002c     sysbios.aem4f : BIOS.obj (.text:ti_sysbios_knl_Task_restore__E)
                  00006c94    00000028     Crystalfontz128x128_ST7735.obj (.text:Crystalfontz128x128_ColorTranslate)
                  00006cbc    00000028     drivers_msp432p4xx.aem4f : PowerMSP432.oem4f (.text:disableHFXT)
                  00006ce4    00000004     --HOLE-- [fill = 0]
                  00006ce8    00000028     sysbios.aem4f : BIOS.obj (.text:ti_sysbios_knl_Clock_addI__E)
                  00006d10    00000028                   : BIOS.obj (.text:ti_sysbios_knl_Swi_Module_startup__E)
                  00006d38    00000026                   : m3_Hwi_asm.obj (.text:ti_sysbios_family_arm_m3_Hwi_pendSV__I)
                  00006d5e    00000002     --HOLE-- [fill = 0]
                  00006d60    00000024     msp432p4xx_driverlib.lib : cs.o (.text:CS_setDCOCenteredFrequency)
                  00006d84    00000024                              : gpio.o (.text:GPIO_setAsOutputPin)
                  00006da8    00000024     bsp.obj (.text:led_blocking_wait)
                  00006dcc    00000024     release_pem4f.oem4f (.text:ti_sysbios_BIOS_registerRTSLock__I)
                  00006df0    00000024     release_pem4f.oem4f (.text:ti_sysbios_BIOS_removeRTSLock__I)
                  00006e14    00000004     --HOLE-- [fill = 0]
                  00006e18    00000024     sysbios.aem4f : BIOS.obj (.text:ti_sysbios_family_arm_msp432_ClockFreqs_setFrequency__E)
                  00006e3c    00000004     --HOLE-- [fill = 0]
                  00006e40    00000024                   : BIOS.obj (.text:ti_sysbios_family_arm_msp432_Timer_postInit__I)
                  00006e64    00000024     release_pem4f.oem4f (.text:ti_sysbios_gates_GateMutexPri_Object__delete__S)
                  00006e88    00000024     sysbios.aem4f : BIOS.obj (.text:ti_sysbios_gates_GateMutexPri_insertPri__I)
                  00006eac    00000024     release_pem4f.oem4f (.text:ti_sysbios_gates_GateMutex_Object__delete__S)
                  00006ed0    00000024     sysbios.aem4f : BIOS.obj (.text:ti_sysbios_knl_Clock_Module_startup__E)
                  00006ef4    00000004     --HOLE-- [fill = 0]
                  00006ef8    00000024                   : BIOS.obj (.text:ti_sysbios_knl_Semaphore_Instance_init__E)
                  00006f1c    00000024     release_pem4f.oem4f (.text:ti_sysbios_knl_Semaphore_Object__delete__S)
                  00006f40    00000024     sysbios.aem4f : BIOS.obj (.text:ti_sysbios_knl_Task_restoreHwi__E)
                  00006f64    00000004     --HOLE-- [fill = 0]
                  00006f68    00000024                   : BIOS.obj (.text:xdc_runtime_Error_policyMin__E)
                  00006f8c    00000004     --HOLE-- [fill = 0]
                  00006f90    00000024                   : BIOS.obj (.text:xdc_runtime_System_abort__E)
                  00006fb4    00000022     grlib.lib : context.o (.text:Graphics_initContext)
                  00006fd6    00000002     --HOLE-- [fill = 0]
                  00006fd8    00000020     drivers_msp432p4xx.aem4f : GPIOMSP432.oem4f (.text:GPIO_read)
                  00006ff8    00000020     release_pem4f.oem4f (.text:ti_sysbios_BIOS_rtsLock__I)
                  00007018    00000020     sysbios.aem4f : m3_Hwi_asm.obj (.text:ti_sysbios_family_arm_m3_Hwi_excHandlerAsm__I)
                  00007038    00000020                   : BIOS.obj (.text:ti_sysbios_family_arm_m3_Hwi_excHandler__I)
                  00007058    00000020     release_pem4f.oem4f (.text:ti_sysbios_gates_GateHwi_Object__delete__S)
                  00007078    00000020     release_pem4f.oem4f (.text:ti_sysbios_heaps_HeapMem_Object__delete__S)
                  00007098    00000020     sysbios.aem4f : BIOS.obj (.text:ti_sysbios_knl_Idle_run__E)
                  000070b8    00000020     release_pem4f.oem4f (.text:ti_sysbios_knl_Semaphore_destruct)
                  000070d8    00000020     release_pem4f.oem4f (.text:ti_sysbios_knl_Task_Object__delete__S)
                  000070f8    00000020     timertask.obj (.text:timerTaskFunction)
                  00007118    0000001e     drivers_msp432p4xx.aem4f : PWMTimerMSP432.oem4f (.text:corroboratePeriod)
                  00007136    0000001e     sysbios.aem4f : m3_Hwi_asm_switch.obj (.text:ti_sysbios_family_xxx_Hwi_switchAndRunFunc)
                  00007154    0000001c     rtsv7M4_T_le_v4SPD16_eabi.lib : memccpy.obj (.text)
                  00007170    0000001c     sysbios.aem4f : BIOS.obj (.text:ti_sysbios_gates_GateMutexPri_Instance_init__E)
                  0000718c    00000004     --HOLE-- [fill = 0]
                  00007190    0000001c                   : BIOS.obj (.text:ti_sysbios_gates_GateMutex_Instance_init__E)
                  000071ac    0000001c     release_pem4f.oem4f (.text:ti_sysbios_knl_Queue_destruct)
                  000071c8    0000001c     sysbios.aem4f : BIOS.obj (.text:ti_sysbios_knl_Queue_get__E)
                  000071e4    00000004     --HOLE-- [fill = 0]
                  000071e8    0000001c                   : BIOS.obj (.text:ti_sysbios_knl_Queue_put__E)
                  00007204    00000004     --HOLE-- [fill = 0]
                  00007208    0000001c                   : BIOS.obj (.text:ti_sysbios_knl_Task_enter__I)
                  00007224    00000004     --HOLE-- [fill = 0]
                  00007228    0000001c                   : BIOS.obj (.text:xdc_runtime_Error_check__E)
                  00007244    00000004     --HOLE-- [fill = 0]
                  00007248    0000001c                   : BIOS.obj (.text:xdc_runtime_Memory_valloc__E)
                  00007264    0000001a     grlib.lib : string.o (.text:Graphics_getNumberOfLeadingZeros)
                  0000727e    0000001a     msp432p4xx_driverlib.lib : spi.o (.text:SPI_enableModule)
                  00007298    00000018     release_pem4f.oem4f (.text:.bootCodeSection:ti_sysbios_family_arm_msp432_init_Boot_init__I)
                  000072b0    00000018     msp432p4xx_driverlib.lib : gpio.o (.text:GPIO_setOutputLowOnPin)
                  000072c8    00000018     drivers_msp432p4xx.aem4f : PowerMSP432.oem4f (.text:Power_idleFunc)
                  000072e0    00000018                              : PWMTimerMSP432.oem4f (.text:corroborateDuty)
                  000072f8    00000018     rtsv7M4_T_le_v4SPD16_eabi.lib : args_main.obj (.text)
                  00007310    00000018     release_pem4f.oem4f (.text:ti_sysbios_BIOS_rtsUnlock__I)
                  00007328    00000018     release_pem4f.oem4f (.text:ti_sysbios_family_arm_m3_Hwi_Module__startupDone__F)
                  00007340    00000018     sysbios.aem4f : m3_TaskSupport_asm.obj (.text:ti_sysbios_family_arm_m3_TaskSupport_swap__E)
                  00007358    00000018     release_pem4f.oem4f (.text:ti_sysbios_family_arm_msp432_Timer_Module__startupDone__F)
                  00007370    00000018     release_pem4f.oem4f (.text:ti_sysbios_gates_GateHwi_Handle__label__S)
                  00007388    00000018     release_pem4f.oem4f (.text:ti_sysbios_gates_GateMutexPri_Handle__label__S)
                  000073a0    00000018     release_pem4f.oem4f (.text:ti_sysbios_gates_GateMutex_Handle__label__S)
                  000073b8    00000018     sysbios.aem4f : BIOS.obj (.text:ti_sysbios_gates_GateMutex_leave__E)
                  000073d0    00000018     release_pem4f.oem4f (.text:ti_sysbios_heaps_HeapMem_Handle__label__S)
                  000073e8    00000018     sysbios.aem4f : BIOS.obj (.text:ti_sysbios_knl_Task_sleepTimeout__I)
                  00007400    00000018                   : BIOS.obj (.text:xdc_runtime_Error_init__E)
                  00007418    00000018                   : BIOS.obj (.text:xdc_runtime_System_exit__E)
                  00007430    00000016     grlib.lib : display.o (.text:Graphics_drawHorizontalLineOnDisplay)
                  00007446    00000016     blinkingledtask.obj (.text:led2TaskFunction)
                  0000745c    00000016     rtsv7M4_T_le_v4SPD16_eabi.lib : strchr.obj (.text)
                  00007472    00000016     release_pem4f.oem4f (.text:ti_sysbios_BIOS_exitFunc__I)
                  00007488    00000016     protectedlcd.obj (.text:ti_sysbios_gates_GateMutexPri_Params_init)
                  0000749e    00000016     main.obj (.text:ti_sysbios_knl_Mailbox_Params_init)
                  000074b4    00000016     main.obj (.text:ti_sysbios_knl_Task_Params_init)
                  000074ca    00000006     drivers_msp432p4xx.aem4f : ADCMSP432.oem4f (.text:ADCMSP432_control)
                  000074d0    00000016     sysbios.aem4f : BIOS.obj (.text:ti_sysbios_knl_Task_unblock__E)
                  000074e6    00000002     --HOLE-- [fill = 0]
                  000074e8    00000014     msp432p4xx_driverlib.lib : gpio.o (.text:GPIO_setOutputHighOnPin)
                  000074fc    00000014     drivers_msp432p4xx.aem4f : PWM.oem4f (.text:PWM_Params_init)
                  00007510    00000014     rtsv7M4_T_le_v4SPD16_eabi.lib : _lock.obj (.text)
                  00007524    00000014                                   : s_copysign.obj (.text)
                  00007538    00000014                                   : strlen.obj (.text)
                  0000754c    00000014     release_pem4f.oem4f (.text:ti_sysbios_family_arm_m3_Hwi_Object__get__S)
                  00007560    00000014     sysbios.aem4f : BIOS.obj (.text:ti_sysbios_family_arm_m3_Hwi_switchFromBootStack__E)
                  00007574    00000014     release_pem4f.oem4f (.text:ti_sysbios_heaps_HeapMem_Object__get__S)
                  00007588    00000014     sysbios.aem4f : BIOS.obj (.text:ti_sysbios_knl_Event_Instance_init__E)
                  0000759c    00000014     release_pem4f.oem4f (.text:ti_sysbios_knl_Swi_Object__get__S)
                  000075b0    00000012     dpl_msp432p4xx.aem4f : SemaphoreP_tirtos.oem4f (.text:SemaphoreP_pend)
                  000075c2    00000012     bsp.obj (.text:safe_mode)
                  000075d4    00000004     --HOLE-- [fill = 0]
                  000075d8    00000012     sysbios.aem4f : BIOS.obj (.text:ti_sysbios_hal_Hwi_Module_startup__E)
                  000075ea    00000012     release_pem4f.oem4f (.text:xdc_runtime_Startup_exec__I)
                  000075fc    00000010     msp432p4xx_driverlib.lib : sysctl.o (.text:SysCtl_disableNMISource)
                  0000760c    00000010                              : sysctl.o (.text:SysCtl_enableNMISource)
                  0000761c    00000010                              : sysctl.o (.text:SysCtl_getNMISourceStatus)
                  0000762c    00000010     bsp_led.obj (.text:bsp_led_init)
                  0000763c    00000004     --HOLE-- [fill = 0]
                  00007640    00000010     sysbios.aem4f : BIOS.obj (.text:ti_sysbios_BIOS_exit__E)
                  00007650    00000010                   : BIOS.obj (.text:ti_sysbios_BIOS_setCpuFreq__E)
                  00007660    00000010                   : BIOS.obj (.text:ti_sysbios_BIOS_setThreadType__E)
                  00007670    00000010                   : BIOS.obj (.text:ti_sysbios_BIOS_start__E)
                  00007680    00000010                   : m3_TaskSupport_asm.obj (.text:ti_sysbios_family_arm_m3_TaskSupport_glue)
                  00007690    00000010                   : BIOS.obj (.text:ti_sysbios_family_arm_msp432_init_Boot_disableWatchdog)
                  000076a0    00000010                   : BIOS.obj (.text:ti_sysbios_gates_GateMutexPri_Instance_finalize__E)
                  000076b0    00000010                   : BIOS.obj (.text:ti_sysbios_gates_GateMutex_Instance_finalize__E)
                  000076c0    00000010     release_pem4f.oem4f (.text:ti_sysbios_knl_Mailbox_Object__get__S)
                  000076d0    00000010     sysbios.aem4f : BIOS.obj (.text:ti_sysbios_knl_Semaphore_Instance_finalize__E)
                  000076e0    00000010                   : BIOS.obj (.text:ti_sysbios_knl_Swi_disable__E)
                  000076f0    00000010     release_pem4f.oem4f (.text:ti_sysbios_knl_Task_Object__get__S)
                  00007700    00000010     sysbios.aem4f : BIOS.obj (.text:ti_sysbios_knl_Task_disable__E)
                  00007710    00000010                   : BIOS.obj (.text:xdc_runtime_Gate_leaveSystem__E)
                  00007720    00000010                   : BIOS.obj (.text:xdc_runtime_Memory_free__E)
                  00007730    00000010                   : BIOS.obj (.text:xdc_runtime_SysCallback_abort__E)
                  00007740    00000010                   : BIOS.obj (.text:xdc_runtime_SysCallback_exit__E)
                  00007750    0000000e     grlib.lib : display.o (.text:Graphics_drawPixelOnDisplay)
                  0000775e    0000000e               : context.o (.text:Graphics_setBackgroundColor)
                  0000776c    0000000e               : context.o (.text:Graphics_setForegroundColor)
                  0000777a    0000000e     dpl_msp432p4xx.aem4f : HwiP_tirtos.oem4f (.text:HwiP_Params_init)
                  00007788    0000000e                          : SemaphoreP_tirtos.oem4f (.text:SemaphoreP_delete)
                  00007796    0000000e     bsp.obj (.text:bsp_halt)
                  000077a4    0000000e     rtsv7M4_T_le_v4SPD16_eabi.lib : copy_decompress_none.obj (.text:decompress:none)
                  000077b2    00000006     drivers_msp432p4xx.aem4f : PWMTimerMSP432.oem4f (.text:PWMTimerMSP432_control)
                  000077b8    0000000e     sysbios.aem4f : BIOS.obj (.text:ti_sysbios_knl_Idle_loop__E)
                  000077c6    00000002     --HOLE-- [fill = 0]
                  000077c8    0000000e                   : BIOS.obj (.text:ti_sysbios_knl_Queue_empty__E)
                  000077d6    0000000c     msp432p4xx_driverlib.lib : cpu.o (.text:CPU_cpsid)
                  000077e2    0000000c                              : cpu.o (.text:CPU_cpsie)
                  000077ee    0000000c                              : spi.o (.text:EUSCI_A_SPI_enable)
                  000077fa    0000000c                              : spi.o (.text:EUSCI_B_SPI_enable)
                  00007806    00000002     --HOLE-- [fill = 0]
                  00007808    0000000c     drivers_msp432p4xx.aem4f : PowerMSP432.oem4f (.text:Power_getConstraintMask)
                  00007814    0000000c                              : PowerMSP432.oem4f (.text:Power_getPerformanceLevel)
                  00007820    0000000c     bsp.obj (.text:bsp_init)
                  0000782c    0000000c     bsp.obj (.text:bsp_master_int_disable)
                  00007838    0000000c     rtsv7M4_T_le_v4SPD16_eabi.lib : copy_zero_init.obj (.text:decompress:ZI)
                  00007844    0000000c     release_pem4f.oem4f (.text:ti_sysbios_family_arm_m3_Hwi_Params__init__S)
                  00007850    0000000c     sysbios.aem4f : BIOS.obj (.text:ti_sysbios_family_arm_m3_Hwi_disableFxn__E)
                  0000785c    00000004     --HOLE-- [fill = 0]
                  00007860    0000000c                   : BIOS.obj (.text:ti_sysbios_family_arm_m3_TaskSupport_getStackAlignment__E)
                  0000786c    00000004     --HOLE-- [fill = 0]
                  00007870    0000000c                   : BIOS.obj (.text:ti_sysbios_family_arm_msp432_Timer_getMaxTicks__E)
                  0000787c    00000004     --HOLE-- [fill = 0]
                  00007880    0000000c                   : BIOS.obj (.text:ti_sysbios_gates_GateHwi_enter__E)
                  0000788c    0000000c     release_pem4f.oem4f (.text:ti_sysbios_gates_GateMutexPri_Params__init__S)
                  00007898    0000000c     release_pem4f.oem4f (.text:ti_sysbios_knl_Mailbox_Params__init__S)
                  000078a4    0000000c     release_pem4f.oem4f (.text:ti_sysbios_knl_Queue_Object__get__S)
                  000078b0    0000000c     release_pem4f.oem4f (.text:ti_sysbios_knl_Semaphore_Params__init__S)
                  000078bc    0000000c     release_pem4f.oem4f (.text:ti_sysbios_knl_Task_Params__init__S)
                  000078c8    0000000c     sysbios.aem4f : BIOS.obj (.text:xdc_runtime_Gate_enterSystem__E)
                  000078d4    00000004     --HOLE-- [fill = 0]
                  000078d8    0000000c                   : BIOS.obj (.text:xdc_runtime_Startup_rtsDone__E)
                  000078e4    0000000a     drivers_msp432p4xx.aem4f : ADC.oem4f (.text:ADC_Params_init)
                  000078ee    0000000a                              : ADC.oem4f (.text:ADC_close)
                  000078f8    0000000a                              : ADC.oem4f (.text:ADC_convert)
                  00007902    0000000a     Crystalfontz128x128_ST7735.obj (.text:Crystalfontz128x128_Flush)
                  0000790c    0000000a     grlib.lib : context.o (.text:Graphics_clearDisplay)
                  00007916    0000000a               : display.o (.text:Graphics_clearDisplayOnDisplay)
                  00007920    0000000a               : display.o (.text:Graphics_translateColorOnDisplay)
                  0000792a    0000000a     drivers_msp432p4xx.aem4f : PWM.oem4f (.text:PWM_setDuty)
                  00007934    0000000a                              : PWM.oem4f (.text:PWM_start)
                  0000793e    0000000a     dpl_msp432p4xx.aem4f : SemaphoreP_tirtos.oem4f (.text:SemaphoreP_Params_init)
                  00007948    0000000a                          : SemaphoreP_tirtos.oem4f (.text:SemaphoreP_post)
                  00007952    0000000a     release_pem4f.oem4f (.text:xdc_runtime_IHeap_alloc)
                  0000795c    0000000a     release_pem4f.oem4f (.text:xdc_runtime_IHeap_free)
                  00007966    00000008     MSP_EXP432P401R.obj (.text:MSP_EXP432P401R_initGeneral)
                  0000796e    00000002     --HOLE-- [fill = 0]
                  00007970    00000008     sysbios.aem4f : BIOS.obj (.text:ti_sysbios_family_arm_m3_Hwi_doSwiRestore__I)
                  00007978    00000008                   : BIOS.obj (.text:ti_sysbios_family_arm_m3_Hwi_startup__E)
                  00007980    00000006                   : BIOS.obj (.text:ti_sysbios_family_arm_m3_Hwi_doTaskRestore__I)
                  00007986    00000002     --HOLE-- [fill = 0]
                  00007988    00000006                   : BIOS.obj (.text:ti_sysbios_family_arm_m3_Hwi_restoreFxn__E)
                  0000798e    00000002     --HOLE-- [fill = 0]
                  00007990    00000006                   : BIOS.obj (.text:ti_sysbios_gates_GateHwi_leave__E)
                  00007996    00000002     --HOLE-- [fill = 0]
                  00007998    00000006                   : BIOS.obj (.text:ti_sysbios_heaps_HeapMem_isBlocking__E)
                  0000799e    00000002     --HOLE-- [fill = 0]
                  000079a0    00000006                   : BIOS.obj (.text:ti_sysbios_knl_Queue_Instance_init__E)
                  000079a6    00000002     --HOLE-- [fill = 0]
                  000079a8    00000006                   : BIOS.obj (.text:ti_sysbios_knl_Swi_startup__E)
                  000079ae    00000002     --HOLE-- [fill = 0]
                  000079b0    00000006                   : BIOS.obj (.text:xdc_runtime_System_Module_startup__E)
                  000079b6    00000002     --HOLE-- [fill = 0]
                  000079b8    00000004                   : BIOS.obj (.text:ti_sysbios_gates_GateHwi_query__E)
                  000079bc    00000004     --HOLE-- [fill = 0]
                  000079c0    00000004                   : BIOS.obj (.text:ti_sysbios_gates_GateMutexPri_query__E)
                  000079c4    00000004     --HOLE-- [fill = 0]
                  000079c8    00000004                   : BIOS.obj (.text:ti_sysbios_gates_GateMutex_query__E)
                  000079cc    00000004     --HOLE-- [fill = 0]
                  000079d0    00000004                   : BIOS.obj (.text:ti_sysbios_knl_Task_startup__E)
                  000079d4    00000004     --HOLE-- [fill = 0]
                  000079d8    00000002                   : BIOS.obj (.text:ti_sysbios_BIOS_linkedWithIncorrectBootLibrary__E)
                  000079da    00000006     --HOLE-- [fill = 0]
                  000079e0    00000002                   : BIOS.obj (.text:ti_sysbios_gates_GateHwi_Instance_init__E)
                  000079e2    00000006     --HOLE-- [fill = 0]
                  000079e8    00000002                   : BIOS.obj (.text:ti_sysbios_knl_Clock_logTick__E)
                  000079ea    00000006     --HOLE-- [fill = 0]
                  000079f0    00000002                   : BIOS.obj (.text:xdc_runtime_SysCallback_defaultAbort)
                  000079f2    00000006     --HOLE-- [fill = 0]
                  000079f8    00000002                   : BIOS.obj (.text:xdc_runtime_SysCallback_defaultExit)
                  000079fa    00000006     --HOLE-- [fill = 0]
                  00007a00    00000002                   : BIOS.obj (.text:xdc_runtime_System_abortSpin__E)
                  00007a02    00000006     --HOLE-- [fill = 0]
                  00007a08    00000002                   : BIOS.obj (.text:xdc_runtime_System_exitSpin__E)

.const     0    00007a0c    00000b4f     
                  00007a0c    000002f8     fontfixed6x8.obj (.const:.string:g_pucFontFixed6x8Data)
                  00007d04    00000101     rtsv7M4_T_le_v4SPD16_eabi.lib : ctype.obj (.const:.string:_ctypes_)
                  00007e05    00000001     release_pem4f.oem4f (.const:xdc_runtime_Error_policy__C)
                  00007e06    00000002     release_pem4f.oem4f (.const:ti_sysbios_family_arm_m3_Hwi_Module__id__C)
                  00007e08    000000c8     fontfixed6x8.obj (.const:g_sFontFixed6x8)
                  00007ed0    00000048     release_pem4f.oem4f (.const:.string)
                  00007f18    0000003c     release_pem4f.oem4f (.const:ti_sysbios_knl_Task_Object__PARAMS__C)
                  00007f54    00000034     release_pem4f.oem4f (.const:ti_sysbios_knl_Mailbox_Object__PARAMS__C)
                  00007f88    00000030     msp432p4xx_driverlib.lib : gpio.o (.const:GPIO_PORT_TO_BASE)
                  00007fb8    00000030     release_pem4f.oem4f (.const:ti_sysbios_family_arm_m3_Hwi_Object__PARAMS__C)
                  00007fe8    00000028     release_pem4f.oem4f (.const:ti_sysbios_heaps_HeapMem_Module__FXNS__C)
                  00008010    00000024     MSP_EXP432P401R.obj (.const:ADC_config)
                  00008034    00000024     MSP_EXP432P401R.obj (.const:PWM_config)
                  00008058    00000024     MSP_EXP432P401R.obj (.const:adcMSP432HWAttrs)
                  0000807c    00000024     release_pem4f.oem4f (.const:ti_sysbios_gates_GateHwi_Module__FXNS__C)
                  000080a0    00000024     release_pem4f.oem4f (.const:ti_sysbios_gates_GateMutexPri_Module__FXNS__C)
                  000080c4    00000024     release_pem4f.oem4f (.const:ti_sysbios_gates_GateMutex_Module__FXNS__C)
                  000080e8    00000024     release_pem4f.oem4f (.const:ti_sysbios_heaps_HeapMem_Object__PARAMS__C)
                  0000810c    00000024     release_pem4f.oem4f (.const:ti_sysbios_knl_Semaphore_Object__PARAMS__C)
                  00008130    00000024     release_pem4f.oem4f (.const:xdc_runtime_Startup_sfxnTab__A)
                  00008154    00000020     drivers_msp432p4xx.aem4f : PWMTimerMSP432.oem4f (.const:PWMTimerMSP432_fxnTable)
                  00008174    00000020     Crystalfontz128x128_ST7735.obj (.const:g_sCrystalfontz128x128_funcs)
                  00008194    00000020     release_pem4f.oem4f (.const:ti_sysbios_family_arm_m3_Hwi_Object__DESC__C)
                  000081b4    00000020     release_pem4f.oem4f (.const:ti_sysbios_gates_GateHwi_Object__DESC__C)
                  000081d4    00000020     release_pem4f.oem4f (.const:ti_sysbios_gates_GateMutexPri_Object__DESC__C)
                  000081f4    00000020     release_pem4f.oem4f (.const:ti_sysbios_gates_GateMutex_Object__DESC__C)
                  00008214    00000020     release_pem4f.oem4f (.const:ti_sysbios_heaps_HeapMem_Object__DESC__C)
                  00008234    00000020     release_pem4f.oem4f (.const:ti_sysbios_knl_Event_Object__DESC__C)
                  00008254    00000020     release_pem4f.oem4f (.const:ti_sysbios_knl_Mailbox_Object__DESC__C)
                  00008274    00000020     release_pem4f.oem4f (.const:ti_sysbios_knl_Queue_Object__DESC__C)
                  00008294    00000020     release_pem4f.oem4f (.const:ti_sysbios_knl_Semaphore_Object__DESC__C)
                  000082b4    00000020     release_pem4f.oem4f (.const:ti_sysbios_knl_Task_Object__DESC__C)
                  000082d4    0000001c     HAL_MSP_EXP432P401R_Crystalfontz128x128_ST7735.obj (.const:$P$T0$1)
                  000082f0    00000018     drivers_msp432p4xx.aem4f : ADCMSP432.oem4f (.const:ADCMSP432_fxnTable)
                  00008308    00000018                              : PWM.oem4f (.const:PWM_defaultParams)
                  00008320    00000018     MSP_EXP432P401R.obj (.const:PowerMSP432_config)
                  00008338    00000018     MSP_EXP432P401R.obj (.const:pwmTimerMSP432HWAttrs)
                  00008350    00000018     release_pem4f.oem4f (.const:ti_sysbios_gates_GateHwi_Object__PARAMS__C)
                  00008368    00000018     release_pem4f.oem4f (.const:ti_sysbios_gates_GateMutexPri_Object__PARAMS__C)
                  00008380    00000018     release_pem4f.oem4f (.const:ti_sysbios_gates_GateMutex_Object__PARAMS__C)
                  00008398    00000018     release_pem4f.oem4f (.const:ti_sysbios_knl_Event_Object__PARAMS__C)
                  000083b0    00000018     release_pem4f.oem4f (.const:ti_sysbios_knl_Queue_Object__PARAMS__C)
                  000083c8    00000014     MSP_EXP432P401R.obj (.const:GPIOMSP432_config)
                  000083dc    00000012     release_pem4f.oem4f (.const:xdc_runtime_Startup_sfxnRts__A)
                  000083ee    00000002     release_pem4f.oem4f (.const:ti_sysbios_family_arm_msp432_init_Boot_bypassHFXT__C)
                  000083f0    00000010     drivers_msp432p4xx.aem4f : PWMTimerMSP432.oem4f (.const:pwmTimerBaseAddr)
                  00008400    0000000c     MSP_EXP432P401R.obj (.const)
                  0000840c    0000000c     release_pem4f.oem4f (.const:xdc_runtime_Startup_firstFxns__A)
                  00008418    00000008     Crystalfontz128x128_ST7735.obj (.const:$P$T0$1)
                  00008420    00000008     drivers_msp432p4xx.aem4f : ADC.oem4f (.const:ADC_defaultParams)
                  00008428    00000008     alarmtask.obj (.const:alarm_high)
                  00008430    00000008     alarmtask.obj (.const:alarm_low)
                  00008438    00000008     alarmtask.obj (.const:alarm_medium)
                  00008440    00000008     release_pem4f.oem4f (.const:ti_sysbios_knl_Idle_funcList__C)
                  00008448    00000008     release_pem4f.oem4f (.const:xdc_runtime_Startup_firstFxns__C)
                  00008450    00000008     release_pem4f.oem4f (.const:xdc_runtime_Startup_lastFxns__C)
                  00008458    00000006     drivers_msp432p4xx.aem4f : GPIOMSP432.oem4f (.const:.string:interruptType)
                  0000845e    00000006                              : GPIOMSP432.oem4f (.const:.string:portInterruptIds)
                  00008464    00000004     bsp_led.obj (.const:g_led_mapping)
                  00008468    00000004     release_pem4f.oem4f (.const:ti_sysbios_family_arm_m3_Hwi_E_alreadyDefined__C)
                  0000846c    00000004     release_pem4f.oem4f (.const:ti_sysbios_family_arm_m3_Hwi_NUM_INTERRUPTS__C)
                  00008470    00000004     release_pem4f.oem4f (.const:ti_sysbios_family_arm_m3_Hwi_Object__count__C)
                  00008474    00000004     release_pem4f.oem4f (.const:ti_sysbios_family_arm_m3_Hwi_ccr__C)
                  00008478    00000004     release_pem4f.oem4f (.const:ti_sysbios_family_arm_m3_Hwi_excHandlerFunc__C)
                  0000847c    00000004     release_pem4f.oem4f (.const:ti_sysbios_family_arm_m3_Hwi_nullIsrFunc__C)
                  00008480    00000004     release_pem4f.oem4f (.const:ti_sysbios_family_arm_m3_Hwi_priGroup__C)
                  00008484    00000004     release_pem4f.oem4f (.const:ti_sysbios_family_arm_m3_Hwi_swiDisable__C)
                  00008488    00000004     release_pem4f.oem4f (.const:ti_sysbios_family_arm_m3_Hwi_swiRestoreHwi__C)
                  0000848c    00000004     release_pem4f.oem4f (.const:ti_sysbios_family_arm_m3_TaskSupport_stackAlignment__C)
                  00008490    00000004     release_pem4f.oem4f (.const:ti_sysbios_family_arm_msp432_Timer_numTimerDevices__C)
                  00008494    00000004     release_pem4f.oem4f (.const:ti_sysbios_family_arm_msp432_Timer_startupNeeded__C)
                  00008498    00000004     release_pem4f.oem4f (.const:ti_sysbios_gates_GateMutexPri_Instance_State_pendQ__O)
                  0000849c    00000004     release_pem4f.oem4f (.const:ti_sysbios_gates_GateMutex_Instance_State_sem__O)
                  000084a0    00000004     release_pem4f.oem4f (.const:ti_sysbios_heaps_HeapMem_E_memory__C)
                  000084a4    00000004     release_pem4f.oem4f (.const:ti_sysbios_heaps_HeapMem_Module__gateObj__C)
                  000084a8    00000004     release_pem4f.oem4f (.const:ti_sysbios_heaps_HeapMem_Object__count__C)
                  000084ac    00000004     release_pem4f.oem4f (.const:ti_sysbios_heaps_HeapMem_primaryHeapBaseAddr__C)
                  000084b0    00000004     release_pem4f.oem4f (.const:ti_sysbios_heaps_HeapMem_primaryHeapEndAddr__C)
                  000084b4    00000004     release_pem4f.oem4f (.const:ti_sysbios_heaps_HeapMem_reqAlign__C)
                  000084b8    00000004     release_pem4f.oem4f (.const:ti_sysbios_knl_Clock_Module_State_clockQ__O)
                  000084bc    00000004     release_pem4f.oem4f (.const:ti_sysbios_knl_Event_Instance_State_pendQ__O)
                  000084c0    00000004     release_pem4f.oem4f (.const:ti_sysbios_knl_Idle_funcList__A)
                  000084c4    00000004     release_pem4f.oem4f (.const:ti_sysbios_knl_Mailbox_Instance_State_dataQue__O)
                  000084c8    00000004     release_pem4f.oem4f (.const:ti_sysbios_knl_Mailbox_Instance_State_dataSem__O)
                  000084cc    00000004     release_pem4f.oem4f (.const:ti_sysbios_knl_Mailbox_Instance_State_freeQue__O)
                  000084d0    00000004     release_pem4f.oem4f (.const:ti_sysbios_knl_Mailbox_Instance_State_freeSem__O)
                  000084d4    00000004     release_pem4f.oem4f (.const:ti_sysbios_knl_Mailbox_Object__count__C)
                  000084d8    00000004     release_pem4f.oem4f (.const:ti_sysbios_knl_Mailbox_maxTypeAlign__C)
                  000084dc    00000004     release_pem4f.oem4f (.const:ti_sysbios_knl_Semaphore_Instance_State_pendQ__O)
                  000084e0    00000004     release_pem4f.oem4f (.const:ti_sysbios_knl_Swi_Object__count__C)
                  000084e4    00000004     release_pem4f.oem4f (.const:ti_sysbios_knl_Task_Module_State_inactiveQ__O)
                  000084e8    00000004     release_pem4f.oem4f (.const:ti_sysbios_knl_Task_Object__count__C)
                  000084ec    00000004     release_pem4f.oem4f (.const:ti_sysbios_knl_Task_allBlockedFunc__C)
                  000084f0    00000004     release_pem4f.oem4f (.const:ti_sysbios_knl_Task_defaultStackHeap__C)
                  000084f4    00000004     release_pem4f.oem4f (.const:ti_sysbios_knl_Task_defaultStackSize__C)
                  000084f8    00000004     release_pem4f.oem4f (.const:ti_sysbios_knl_Task_numConstructedTasks__C)
                  000084fc    00000004     release_pem4f.oem4f (.const:xdc_runtime_Error_E_memory__C)
                  00008500    00000004     release_pem4f.oem4f (.const:xdc_runtime_Error_policyFxn__C)
                  00008504    00000004     release_pem4f.oem4f (.const:xdc_runtime_IGateProvider_Interface__BASE__C)
                  00008508    00000004     release_pem4f.oem4f (.const:xdc_runtime_IHeap_Interface__BASE__C)
                  0000850c    00000004     release_pem4f.oem4f (.const:xdc_runtime_IModule_Interface__BASE__C)
                  00008510    00000004     release_pem4f.oem4f (.const:xdc_runtime_Memory_defaultHeapInstance__C)
                  00008514    00000004     release_pem4f.oem4f (.const:xdc_runtime_Startup_execImpl__C)
                  00008518    00000004     release_pem4f.oem4f (.const:xdc_runtime_Startup_maxPasses__C)
                  0000851c    00000004     release_pem4f.oem4f (.const:xdc_runtime_Startup_sfxnRts__C)
                  00008520    00000004     release_pem4f.oem4f (.const:xdc_runtime_Startup_sfxnTab__C)
                  00008524    00000004     release_pem4f.oem4f (.const:xdc_runtime_SysCallback_abortFxn__C)
                  00008528    00000004     release_pem4f.oem4f (.const:xdc_runtime_SysCallback_exitFxn__C)
                  0000852c    00000004     release_pem4f.oem4f (.const:xdc_runtime_System_Module__gateObj__C)
                  00008530    00000004     release_pem4f.oem4f (.const:xdc_runtime_System_abortFxn__C)
                  00008534    00000004     release_pem4f.oem4f (.const:xdc_runtime_System_exitFxn__C)
                  00008538    00000004     release_pem4f.oem4f (.const:xdc_runtime_System_maxAtexitHandlers__C)
                  0000853c    00000004     release_pem4f.oem4f (.const:xdc_runtime_Text_charTab__C)
                  00008540    00000004     release_pem4f.oem4f (.const:xdc_runtime_Text_nameEmpty__C)
                  00008544    00000004     release_pem4f.oem4f (.const:xdc_runtime_Text_nameStatic__C)
                  00008548    00000004     release_pem4f.oem4f (.const:xdc_runtime_Text_nameUnknown__C)
                  0000854c    00000002     release_pem4f.oem4f (.const:ti_sysbios_family_arm_msp432_init_Boot_bypassLFXT__C)
                  0000854e    00000002     release_pem4f.oem4f (.const:ti_sysbios_family_arm_msp432_init_Boot_enableHFXT__C)
                  00008550    00000002     release_pem4f.oem4f (.const:ti_sysbios_family_arm_msp432_init_Boot_enableLFXT__C)
                  00008552    00000002     release_pem4f.oem4f (.const:ti_sysbios_heaps_HeapMem_Module__id__C)
                  00008554    00000002     release_pem4f.oem4f (.const:xdc_runtime_Memory_Module__id__C)
                  00008556    00000002     release_pem4f.oem4f (.const:xdc_runtime_Text_charCnt__C)
                  00008558    00000002     release_pem4f.oem4f (.const:xdc_runtime_Text_isLoaded__C)
                  0000855a    00000001     release_pem4f.oem4f (.const:xdc_runtime_Text_charTab__A)

.cinit     0    00008560    00000240     
                  00008560    00000219     (.cinit..data.load) [load image, compression = lzss]
                  00008779    00000003     --HOLE-- [fill = 0]
                  0000877c    0000000c     (__TI_handler_table)
                  00008788    00000008     (.cinit..bss.load) [load image, compression = zero_init]
                  00008790    00000010     (__TI_cinit_table)

.init_array 
*          0    00000000    00000000     UNINITIALIZED

.data      0    20008140    000005d1     UNINITIALIZED
                  20008140    000000d0     drivers_msp432p4xx.aem4f : PowerMSP432.oem4f (.data:PowerMSP432_perfLevels)
                  20008210    00000080                              : PWMTimerMSP432.oem4f (.data:pwmTimerStatus)
                  20008290    00000080     release_pem4f.oem4f (.data:ti_sysbios_knl_Swi_Module_State_0_readyQ__A)
                  20008310    00000080     release_pem4f.oem4f (.data:ti_sysbios_knl_Task_Module_State_0_readyQ__A)
                  20008390    0000004c     release_pem4f.oem4f (.data:ti_sysbios_family_arm_msp432_Timer_Object__table__V)
                  200083dc    0000004c     release_pem4f.oem4f (.data:ti_sysbios_knl_Task_Object__table__V)
                  20008428    00000044     release_pem4f.oem4f (.data:ti_sysbios_knl_Task_Module__state__V)
                  2000846c    00000038     release_pem4f.oem4f (.data:ti_sysbios_gates_GateMutex_Object__table__V)
                  200084a4    00000034     release_pem4f.oem4f (.data:ti_sysbios_family_arm_m3_Hwi_Module__state__V)
                  200084d8    00000030     release_pem4f.oem4f (.data:ti_sysbios_knl_Swi_Object__table__V)
                  20008508    0000002c     drivers_msp432p4xx.aem4f : PowerMSP432.oem4f (.data:PowerMSP432_module)
                  20008534    0000002c     release_pem4f.oem4f (.data:ti_sysbios_knl_Clock_Module__state__V)
                  20008560    00000024     release_pem4f.oem4f (.data:ti_sysbios_BIOS_Module__state__V)
                  20008584    00000020     MSP_EXP432P401R.obj (.data:gpioPinConfigs)
                  200085a4    00000020     release_pem4f.oem4f (.data:ti_sysbios_family_arm_msp432_Timer_Module_State_0_device__A)
                  200085c4    00000020     release_pem4f.oem4f (.data:xdc_runtime_Error_IgnoreBlock)
                  200085e4    0000001c     release_pem4f.oem4f (.data:ti_sysbios_knl_Swi_Module__state__V)
                  20008600    00000018     release_pem4f.oem4f (.data:ti_sysbios_family_arm_m3_Hwi_Object__table__V)
                  20008618    00000018     release_pem4f.oem4f (.data:ti_sysbios_heaps_HeapMem_Object__table__V)
                  20008630    00000010     Crystalfontz128x128_ST7735.obj (.data:g_sCrystalfontz128x128)
                  20008640    00000010     release_pem4f.oem4f (.data:ti_sysbios_family_arm_msp432_Timer_Module_State_0_handles__A)
                  20008650    0000000c     release_pem4f.oem4f (.data:ti_sysbios_family_arm_msp432_ClockFreqs_Module__state__V)
                  2000865c    0000000c     release_pem4f.oem4f (.data:ti_sysbios_family_arm_msp432_Timer_Module__state__V)
                  20008668    00000008     rtsv7M4_T_le_v4SPD16_eabi.lib : _lock.obj (.data:$O1$$)
                  20008670    00000008     drivers_msp432p4xx.aem4f : ADCMSP432.oem4f (.data)
                  20008678    00000008     MSP_EXP432P401R.obj (.data:gpioCallbackFunctions)
                  20008680    00000008     release_pem4f.oem4f (.data:ti_sysbios_family_arm_m3_Hwi_Module__root__V)
                  20008688    00000008     release_pem4f.oem4f (.data:ti_sysbios_gates_GateHwi_Module__root__V)
                  20008690    00000008     release_pem4f.oem4f (.data:ti_sysbios_gates_GateMutexPri_Module__root__V)
                  20008698    00000008     release_pem4f.oem4f (.data:ti_sysbios_gates_GateMutex_Module__root__V)
                  200086a0    00000008     release_pem4f.oem4f (.data:ti_sysbios_heaps_HeapMem_Module__root__V)
                  200086a8    00000008     release_pem4f.oem4f (.data:ti_sysbios_knl_Event_Module__root__V)
                  200086b0    00000008     release_pem4f.oem4f (.data:ti_sysbios_knl_Mailbox_Module__root__V)
                  200086b8    00000008     release_pem4f.oem4f (.data:ti_sysbios_knl_Queue_Module__root__V)
                  200086c0    00000008     release_pem4f.oem4f (.data:ti_sysbios_knl_Semaphore_Module__root__V)
                  200086c8    00000008     release_pem4f.oem4f (.data:ti_sysbios_knl_Task_Module__root__V)
                  200086d0    00000008     release_pem4f.oem4f (.data:xdc_runtime_Startup_Module__state__V)
                  200086d8    00000008     release_pem4f.oem4f (.data:xdc_runtime_System_Module_State_0_atexitHandlers__A)
                  200086e0    00000008     release_pem4f.oem4f (.data:xdc_runtime_System_Module__state__V)
                  200086e8    00000004     alarm.obj (.data)
                  200086ec    00000004     alarmtask.obj (.data)
                  200086f0    00000004     rtsv7M4_T_le_v4SPD16_eabi.lib : errno.obj (.data)
                  200086f4    00000004                                   : stkdepth_vars.obj (.data)
                  200086f8    00000004     release_pem4f.oem4f (.data:ti_sysbios_family_arm_m3_Hwi_Module_State_0_excContext__A)
                  200086fc    00000004     release_pem4f.oem4f (.data:ti_sysbios_family_arm_m3_Hwi_Module_State_0_excStack__A)
                  20008700    00000004     release_pem4f.oem4f (.data:ti_sysbios_gates_GateHwi_Object__table__V)
                  20008704    00000004     release_pem4f.oem4f (.data:ti_sysbios_knl_Task_Module_State_0_idleTask__A)
                  20008708    00000004     release_pem4f.oem4f (.data:xdc_runtime_Memory_Module__state__V)
                  2000870c    00000002     release_pem4f.oem4f (.data:ti_sysbios_family_arm_m3_Hwi_Module_State_0_excActive__A)
                  2000870e    00000001     drivers_msp432p4xx.aem4f : ADC.oem4f (.data)
                  2000870f    00000001                              : GPIOMSP432.oem4f (.data)
                  20008710    00000001                              : PWM.oem4f (.data)

.bss       0    20008718    0000056a     UNINITIALIZED
                  20008718    00000200     release_pem4f.oem4f (.bss:taskStackSection)
                  20008918    00000140     (.common:ti_sysbios_family_arm_m3_Hwi_dispatchTable)
                  20008a58    000000b4     (.common:timerMSP432Objects)
                  20008b0c    0000003c     main.obj (.bss:task_params$1)
                  20008b48    00000034     main.obj (.bss:mbx_params_adc$4)
                  20008b7c    00000034     main.obj (.bss:mbx_params_display$6)
                  20008bb0    00000030     drivers_msp432p4xx.aem4f : GPIOMSP432.oem4f (.bss:gpioCallbackInfo)
                  20008be0    00000030     (.common:pwmTimerMSP432Objects)
                  20008c10    00000020     main.obj (.bss:eb$3)
                  20008c30    0000001c     protectedlcd.obj (.bss:g_context)
                  20008c4c    00000008     main.obj (.bss)
                  20008c54    00000008     (.common:adcMSP432Objects)
                  20008c5c    00000004     protectedlcd.obj (.bss)
                  20008c60    00000004     (.common:alarm_event)
                  20008c64    00000004     (.common:g_adc_mbox)
                  20008c68    00000004     (.common:g_alarm_event_handle)
                  20008c6c    00000004     (.common:g_display_mbox)
                  20008c70    00000004     (.common:g_event_handle)
                  20008c74    00000004     (.common:p_waveform)
                  20008c78    00000002     (.common:Lcd_ScreenHeigth)
                  20008c7a    00000002     (.common:Lcd_ScreenWidth)
                  20008c7c    00000002     (.common:Lcd_TouchTrim)
                  20008c7e    00000001     (.common:Lcd_FlagRead)
                  20008c7f    00000001     (.common:Lcd_FontSolid)
                  20008c80    00000001     (.common:Lcd_Orientation)
                  20008c81    00000001     (.common:Lcd_PenSolid)

.priheap   0    20000140    00008000     UNINITIALIZED
                  20000140    00008000     --HOLE--

.stack     0    2000fc00    00000400     UNINITIALIZED
                  2000fc00    00000400     --HOLE--

.bootVecs 
*          0    00000000    00000008     DSECT
                  00000000    00000008     boot.aem4f : boot.oem4f (.bootVecs)

.resetVecs 
*          0    00000000    0000003c     
                  00000000    0000003c     release_pem4f.oem4f (.resetVecs)

.vecs      0    20000000    00000140     NOLOAD SECTION
                  20000000    00000140     release_pem4f.oem4f (.vecs)

xdc.meta   0    00000000    00000107     COPY SECTION
                  00000000    00000107     release_pem4f.oem4f (xdc.meta)

xdc.noload 
*          0    00000000    00000000     COPY SECTION

.binit     0    00000000    00000000     

MODULE SUMMARY

       Module                                               code    ro data   rw data
       ------                                               ----    -------   -------
    ./
       main.obj                                             824     0         208    
       display_task.obj                                     484     0         4      
       MSP_EXP432P401R.obj                                  8       188       276    
       alarmtask.obj                                        344     24        16     
       dive_controller.obj                                  376     0         0      
       protectedlcd.obj                                     234     0         32     
       scuba.obj                                            222     0         0      
       bsp.obj                                              170     0         0      
       buttons_dive.obj                                     160     0         0      
       bsp_led.obj                                          152     4         0      
       adc_dive.obj                                         92      0         4      
       alarm.obj                                            92      0         4      
       timertask.obj                                        32      0         0      
       blinkingledtask.obj                                  22      0         0      
    +--+----------------------------------------------------+-------+---------+---------+
       Total:                                               3212    216       544    
                                                                                     
    ./LcdDriver/
       Crystalfontz128x128_ST7735.obj                       1670    40        26     
       HAL_MSP_EXP432P401R_Crystalfontz128x128_ST7735.obj   212     28        0      
    +--+----------------------------------------------------+-------+---------+---------+
       Total:                                               1882    68        26     
                                                                                     
    ./fonts/
       fontfixed6x8.obj                                     0       960       0      
    +--+----------------------------------------------------+-------+---------+---------+
       Total:                                               0       960       0      
                                                                                     
    /Users/munanxu/software_bootcamp/tirtos_builds_MSP_EXP432P401R_release_ccs/Debug/configPkg/package/cfg/
       release_pem4f.oem4f                                  1646    1290      2170   
    +--+----------------------------------------------------+-------+---------+---------+
       Total:                                               1646    1290      2170   
                                                                                     
    /Applications/ti/ccsv7/tools/compiler/ti-cgt-arm_16.9.3.LTS/lib/rtsv7M4_T_le_v4SPD16_eabi.lib
       _printfi.obj                                         4414    0         0      
       ull_div_t2.obj                                       500     0         0      
       fd_add_t2.obj                                        438     0         0      
       fd_div_t2.obj                                        310     0         0      
       fd_cmp_t2.obj                                        268     0         0      
       ctype.obj                                            0       257       0      
       fd_mul_t2.obj                                        252     0         0      
       s_scalbn.obj                                         252     0         0      
       memcpy_t2.obj                                        156     0         0      
       snprintf.obj                                         148     0         0      
       memset_t2.obj                                        122     0         0      
       copy_decompress_lzss.obj                             104     0         0      
       s_frexp.obj                                          100     0         0      
       ltoa.obj                                             84      0         0      
       atoi.obj                                             76      0         0      
       cpy_tbl.obj                                          76      0         0      
       fd_toi_t2.obj                                        72      0         0      
       i_tofd_t2.obj                                        46      0         0      
       _lock.obj                                            20      0         8      
       memccpy.obj                                          28      0         0      
       args_main.obj                                        24      0         0      
       strchr.obj                                           22      0         0      
       s_copysign.obj                                       20      0         0      
       strlen.obj                                           20      0         0      
       copy_decompress_none.obj                             14      0         0      
       copy_zero_init.obj                                   12      0         0      
       errno.obj                                            0       0         4      
       stkdepth_vars.obj                                    0       0         4      
    +--+----------------------------------------------------+-------+---------+---------+
       Total:                                               7578    257       16     
                                                                                     
    /Users/munanxu/software_bootcamp/tirtos_builds_MSP_EXP432P401R_release_ccs/src/sysbios/sysbios.aem4f
       BIOS.obj                                             8902    0         0      
       m3_Hwi_asm.obj                                       306     0         0      
       m3_TaskSupport_asm.obj                               180     0         0      
       m3_Hwi_asm_switch.obj                                118     0         0      
    +--+----------------------------------------------------+-------+---------+---------+
       Total:                                               9506    0         0      
                                                                                     
    /Users/munanxu/ti/simplelink_msp432_sdk_1_30_00_40/kernel/tirtos/packages/ti/dpl/lib/dpl_msp432p4xx.aem4f
       PowerMSP432_tirtos.oem4f                             126     0         0      
       SemaphoreP_tirtos.oem4f                              116     0         0      
       HwiP_tirtos.oem4f                                    86      0         0      
    +--+----------------------------------------------------+-------+---------+---------+
       Total:                                               328     0         0      
                                                                                     
    /Users/munanxu/ti/simplelink_msp432_sdk_1_30_00_40/kernel/tirtos/packages/ti/targets/arm/rtsarm/lib/auto_init.aem4f
       auto_init.oem4f                                      160     0         0      
    +--+----------------------------------------------------+-------+---------+---------+
       Total:                                               160     0         0      
                                                                                     
    /Users/munanxu/ti/simplelink_msp432_sdk_1_30_00_40/kernel/tirtos/packages/ti/targets/arm/rtsarm/lib/boot.aem4f
       boot.oem4f                                           88      0         0      
    +--+----------------------------------------------------+-------+---------+---------+
       Total:                                               88      0         0      
                                                                                     
    /Users/munanxu/ti/simplelink_msp432_sdk_1_30_00_40/source/ti/devices/msp432p4xx/driverlib/ccs/msp432p4xx_driverlib.lib
       cs.o                                                 260     0         0      
       spi.o                                                222     0         0      
       gpio.o                                               156     48        0      
       sysctl.o                                             48      0         0      
       cpu.o                                                24      0         0      
    +--+----------------------------------------------------+-------+---------+---------+
       Total:                                               710     48        0      
                                                                                     
    /Users/munanxu/ti/simplelink_msp432_sdk_1_30_00_40/source/ti/drivers/lib/drivers_msp432p4xx.aem4f
       PowerMSP432.oem4f                                    1572    0         252    
       PWMTimerMSP432.oem4f                                 1340    48        128    
       GPIOMSP432.oem4f                                     804     12        49     
       ADCMSP432.oem4f                                      706     24        8      
       PWM.oem4f                                            168     24        1      
       ADC.oem4f                                            158     8         1      
       TimerMSP432.oem4f                                    104     0         0      
       List.oem4f                                           8       0         0      
    +--+----------------------------------------------------+-------+---------+---------+
       Total:                                               4860    116       439    
                                                                                     
    /Users/munanxu/ti/simplelink_msp432_sdk_1_30_00_40/source/ti/grlib/ccs/grlib.lib
       string.o                                             746     0         0      
       context.o                                            76      0         0      
       line.o                                               74      0         0      
       display.o                                            56      0         0      
    +--+----------------------------------------------------+-------+---------+---------+
       Total:                                               952     0         0      
                                                                                     
       Stack:                                               0       0         1024   
       Linker Generated:                                    0       573       0      
    +--+----------------------------------------------------+-------+---------+---------+
[...]
0000775f  Graphics_setBackgroundColor                                 
0000776d  Graphics_setForegroundColor                                 
0000777b  HwiP_Params_init                                            
00007789  SemaphoreP_delete                                           
00007797  bsp_halt                                                    
000077a5  __TI_decompress_none                                        
000077b3  PWMTimerMSP432_control                                      
000077b9  ti_sysbios_knl_Idle_loop__E                                 
000077c9  ti_sysbios_knl_Queue_empty__E                               
000077d7  CPU_cpsid                                                   
000077e3  CPU_cpsie                                                   
000077ef  EUSCI_A_SPI_enable                                          
000077fb  EUSCI_B_SPI_enable                                          
00007809  Power_getConstraintMask                                     
00007815  Power_getPerformanceLevel                                   
00007821  bsp_init                                                    
00007839  __TI_zero_init                                              
00007845  ti_sysbios_family_arm_m3_Hwi_Params__init__S                
00007845  ti_sysbios_hal_Hwi_HwiProxy_Params__init__S                 
00007851  ti_sysbios_family_arm_m3_Hwi_disableFxn__E                  
00007851  ti_sysbios_hal_Hwi_HwiProxy_disable__E                      
00007861  ti_sysbios_family_arm_m3_TaskSupport_getStackAlignment__E   
00007861  ti_sysbios_knl_Task_SupportProxy_getStackAlignment__E       
00007871  ti_sysbios_family_arm_msp432_Timer_getMaxTicks__E           
00007881  ti_sysbios_gates_GateHwi_enter__E                           
0000788d  ti_sysbios_gates_GateMutexPri_Params__init__S               
00007899  ti_sysbios_knl_Mailbox_Params__init__S                      
000078a5  ti_sysbios_knl_Queue_Object__get__S                         
000078b1  ti_sysbios_knl_Semaphore_Params__init__S                    
000078bd  ti_sysbios_knl_Task_Params__init__S                         
000078c9  xdc_runtime_Gate_enterSystem__E                             
000078d9  xdc_runtime_Startup_rtsDone__E                              
000078e5  ADC_Params_init                                             
000078ef  ADC_close                                                   
000078f9  ADC_convert                                                 
0000790d  Graphics_clearDisplay                                       
00007917  Graphics_clearDisplayOnDisplay                              
00007921  Graphics_translateColorOnDisplay                            
0000792b  PWM_setDuty                                                 
00007935  PWM_start                                                   
0000793f  SemaphoreP_Params_init                                      
00007949  SemaphoreP_post                                             
00007949  SemaphoreP_postFromClock                                    
00007953  xdc_runtime_Memory_HeapProxy_alloc__E                       
0000795d  xdc_runtime_Memory_HeapProxy_free__E                        
00007967  MSP_EXP432P401R_initGeneral                                 
00007971  ti_sysbios_family_arm_m3_Hwi_doSwiRestore__I                
00007979  ti_sysbios_family_arm_m3_Hwi_startup__E                     
00007979  ti_sysbios_hal_Hwi_HwiProxy_startup__E                      
00007981  ti_sysbios_family_arm_m3_Hwi_doTaskRestore__I               
00007989  HwiP_restore                                                
00007989  ti_sysbios_family_arm_m3_Hwi_restoreFxn__E                  
00007989  ti_sysbios_hal_Hwi_HwiProxy_restore__E                      
00007991  ti_sysbios_gates_GateHwi_leave__E                           
00007999  ti_sysbios_heaps_HeapMem_isBlocking__E                      
000079a1  ti_sysbios_knl_Queue_Instance_init__E                       
000079a9  ti_sysbios_knl_Swi_startup__E                               
000079b1  xdc_runtime_System_Module_startup__E                        
000079b9  ti_sysbios_gates_GateHwi_query__E                           
000079b9  xdc_runtime_Main_Module_GateProxy_query__E                  
000079b9  xdc_runtime_System_Module_GateProxy_query__E                
000079c1  ti_sysbios_gates_GateMutexPri_query__E                      
000079c9  ti_sysbios_BIOS_RtsGateProxy_query__E                       
000079c9  ti_sysbios_gates_GateMutex_query__E                         
000079c9  ti_sysbios_heaps_HeapMem_Module_GateProxy_query__E          
000079d1  ti_sysbios_knl_Task_startup__E                              
000079d9  ti_sysbios_BIOS_linkedWithIncorrectBootLibrary__E           
000079e1  ti_sysbios_gates_GateHwi_Instance_init__E                   
000079e9  ti_sysbios_knl_Clock_logTick__E                             
000079f1  xdc_runtime_SysCallback_defaultAbort                        
000079f9  xdc_runtime_SysCallback_defaultExit                         
00007a01  xdc_runtime_System_abortSpin__E                             
00007a09  xdc_runtime_System_exitSpin__E                              
00007d04  _ctypes_                                                    
00007e05  xdc_runtime_Error_policy__C                                 
00007e06  ti_sysbios_family_arm_m3_Hwi_Module__id__C                  
00007e08  g_sFontFixed6x8                                             
00007f18  ti_sysbios_knl_Task_Object__PARAMS__C                       
00007f54  ti_sysbios_knl_Mailbox_Object__PARAMS__C                    
00007fb8  ti_sysbios_family_arm_m3_Hwi_Object__PARAMS__C              
00007fe8  ti_sysbios_heaps_HeapMem_Module__FXNS__C                    
00008000  HEAPSIZE                                                    
00008010  ADC_config                                                  
00008034  PWM_config                                                  
00008058  adcMSP432HWAttrs                                            
0000807c  ti_sysbios_gates_GateHwi_Module__FXNS__C                    
000080a0  ti_sysbios_gates_GateMutexPri_Module__FXNS__C               
000080c4  ti_sysbios_gates_GateMutex_Module__FXNS__C                  
000080e8  ti_sysbios_heaps_HeapMem_Object__PARAMS__C                  
0000810c  ti_sysbios_knl_Semaphore_Object__PARAMS__C                  
00008130  xdc_runtime_Startup_sfxnTab__A                              
00008154  PWMTimerMSP432_fxnTable                                     
00008174  g_sCrystalfontz128x128_funcs                                
00008194  ti_sysbios_family_arm_m3_Hwi_Object__DESC__C                
000081b4  ti_sysbios_gates_GateHwi_Object__DESC__C                    
000081d4  ti_sysbios_gates_GateMutexPri_Object__DESC__C               
000081f4  ti_sysbios_gates_GateMutex_Object__DESC__C                  
00008214  ti_sysbios_heaps_HeapMem_Object__DESC__C                    
00008234  ti_sysbios_knl_Event_Object__DESC__C                        
00008254  ti_sysbios_knl_Mailbox_Object__DESC__C                      
00008274  ti_sysbios_knl_Queue_Object__DESC__C                        
00008294  ti_sysbios_knl_Semaphore_Object__DESC__C                    
000082b4  ti_sysbios_knl_Task_Object__DESC__C                         
000082f0  ADCMSP432_fxnTable                                          
00008308  PWM_defaultParams                                           
00008320  PowerMSP432_config                                          
00008338  pwmTimerMSP432HWAttrs                                       
00008350  ti_sysbios_gates_GateHwi_Object__PARAMS__C                  
00008368  ti_sysbios_gates_GateMutexPri_Object__PARAMS__C             
00008380  ti_sysbios_gates_GateMutex_Object__PARAMS__C                
00008398  ti_sysbios_knl_Event_Object__PARAMS__C                      
000083b0  ti_sysbios_knl_Queue_Object__PARAMS__C                      
000083c8  GPIOMSP432_config                                           
000083dc  xdc_runtime_Startup_sfxnRts__A                              
000083ee  ti_sysbios_family_arm_msp432_init_Boot_bypassHFXT__C        
00008400  ADC_count                                                   
00008401  ADCBuf_count                                                
00008402  Capture_count                                               
00008403  Display_count                                               
00008404  I2C_count                                                   
00008405  I2CSlave_count                                              
00008406  PWM_count                                                   
00008407  SDSPI_count                                                 
00008408  SPI_count                                                   
00008409  Timer_count                                                 
0000840a  UART_count                                                  
0000840b  Watchdog_count                                              
0000840c  xdc_runtime_Startup_firstFxns__A                            
00008420  ADC_defaultParams                                           
00008440  ti_sysbios_knl_Idle_funcList__C                             
00008448  xdc_runtime_Startup_firstFxns__C                            
00008450  xdc_runtime_Startup_lastFxns__C                             
00008468  ti_sysbios_family_arm_m3_Hwi_E_alreadyDefined__C            
0000846c  ti_sysbios_family_arm_m3_Hwi_NUM_INTERRUPTS__C              
00008470  ti_sysbios_family_arm_m3_Hwi_Object__count__C               
00008474  ti_sysbios_family_arm_m3_Hwi_ccr__C                         
00008478  ti_sysbios_family_arm_m3_Hwi_excHandlerFunc__C              
0000847c  ti_sysbios_family_arm_m3_Hwi_nullIsrFunc__C                 
00008480  ti_sysbios_family_arm_m3_Hwi_priGroup__C                    
00008484  ti_sysbios_family_arm_m3_Hwi_swiDisable__C                  
00008488  ti_sysbios_family_arm_m3_Hwi_swiRestoreHwi__C               
0000848c  ti_sysbios_family_arm_m3_TaskSupport_stackAlignment__C      
00008490  ti_sysbios_family_arm_msp432_Timer_numTimerDevices__C       
00008494  ti_sysbios_family_arm_msp432_Timer_startupNeeded__C         
00008498  ti_sysbios_gates_GateMutexPri_Instance_State_pendQ__O       
0000849c  ti_sysbios_gates_GateMutex_Instance_State_sem__O            
000084a0  ti_sysbios_heaps_HeapMem_E_memory__C                        
000084a4  ti_sysbios_heaps_HeapMem_Module__gateObj__C                 
000084a8  ti_sysbios_heaps_HeapMem_Object__count__C                   
000084ac  ti_sysbios_heaps_HeapMem_primaryHeapBaseAddr__C             
000084b0  ti_sysbios_heaps_HeapMem_primaryHeapEndAddr__C              
000084b4  ti_sysbios_heaps_HeapMem_reqAlign__C                        
000084b8  ti_sysbios_knl_Clock_Module_State_clockQ__O                 
000084bc  ti_sysbios_knl_Event_Instance_State_pendQ__O                
000084c0  ti_sysbios_knl_Idle_funcList__A                             
000084c4  ti_sysbios_knl_Mailbox_Instance_State_dataQue__O            
000084c8  ti_sysbios_knl_Mailbox_Instance_State_dataSem__O            
000084cc  ti_sysbios_knl_Mailbox_Instance_State_freeQue__O            
000084d0  ti_sysbios_knl_Mailbox_Instance_State_freeSem__O            
000084d4  ti_sysbios_knl_Mailbox_Object__count__C                     
000084d8  ti_sysbios_knl_Mailbox_maxTypeAlign__C                      
000084dc  ti_sysbios_knl_Semaphore_Instance_State_pendQ__O            
000084e0  ti_sysbios_knl_Swi_Object__count__C                         
000084e4  ti_sysbios_knl_Task_Module_State_inactiveQ__O               
000084e8  ti_sysbios_knl_Task_Object__count__C                        
000084ec  ti_sysbios_knl_Task_allBlockedFunc__C                       
000084f0  ti_sysbios_knl_Task_defaultStackHeap__C                     
000084f4  ti_sysbios_knl_Task_defaultStackSize__C                     
000084f8  ti_sysbios_knl_Task_numConstructedTasks__C                  
000084fc  xdc_runtime_Error_E_memory__C                               
00008500  xdc_runtime_Error_policyFxn__C                              
00008504  xdc_runtime_IGateProvider_Interface__BASE__C                
00008508  xdc_runtime_IHeap_Interface__BASE__C                        
0000850c  xdc_runtime_IModule_Interface__BASE__C                      
00008510  xdc_runtime_Memory_defaultHeapInstance__C                   
00008514  xdc_runtime_Startup_execImpl__C                             
00008518  xdc_runtime_Startup_maxPasses__C                            
0000851c  xdc_runtime_Startup_sfxnRts__C                              
00008520  xdc_runtime_Startup_sfxnTab__C                              
00008524  xdc_runtime_SysCallback_abortFxn__C                         
00008528  xdc_runtime_SysCallback_exitFxn__C                          
0000852c  xdc_runtime_System_Module__gateObj__C                       
00008530  xdc_runtime_System_abortFxn__C                              
00008534  xdc_runtime_System_exitFxn__C                               
00008538  xdc_runtime_System_maxAtexitHandlers__C                     
0000853c  xdc_runtime_Text_charTab__C                                 
00008540  xdc_runtime_Text_nameEmpty__C                               
00008544  xdc_runtime_Text_nameStatic__C                              
00008548  xdc_runtime_Text_nameUnknown__C                             
0000854c  ti_sysbios_family_arm_msp432_init_Boot_bypassLFXT__C        
0000854e  ti_sysbios_family_arm_msp432_init_Boot_enableHFXT__C        
00008550  ti_sysbios_family_arm_msp432_init_Boot_enableLFXT__C        
00008552  ti_sysbios_heaps_HeapMem_Module__id__C                      
00008554  xdc_runtime_Memory_Module__id__C                            
00008556  xdc_runtime_Text_charCnt__C                                 
00008558  xdc_runtime_Text_isLoaded__C                                
0000855a  xdc_runtime_Text_charTab__A                                 
00008560  __TI_static_base__                                          
0000877c  __TI_Handler_Table_Base                                     
00008788  __TI_Handler_Table_Limit                                    
00008790  __TI_CINIT_Base                                             
000087a0  __TI_CINIT_Limit                                            
20000000  ti_sysbios_family_arm_m3_Hwi_ramVectors                     
20000140  __primary_heap_start__                                      
20008140  PowerMSP432_perfLevels                                      
20008140  __primary_heap_end__                                        
20008290  ti_sysbios_knl_Swi_Module_State_0_readyQ__A                 
20008310  ti_sysbios_knl_Task_Module_State_0_readyQ__A                
20008390  ti_sysbios_family_arm_msp432_Timer_Object__table__V         
200083dc  ti_sysbios_knl_Task_Object__table__V                        
20008428  ti_sysbios_knl_Task_Module__state__V                        
2000846c  ti_sysbios_gates_GateMutex_Object__table__V                 
200084a4  ti_sysbios_family_arm_m3_Hwi_Module__state__V               
200084d8  ti_sysbios_knl_Swi_Object__table__V                         
20008508  PowerMSP432_module                                          
20008534  ti_sysbios_knl_Clock_Module__state__V                       
20008560  ti_sysbios_BIOS_Module__state__V                            
20008584  gpioPinConfigs                                              
200085a4  ti_sysbios_family_arm_msp432_Timer_Module_State_0_device__A 
200085c4  xdc_runtime_Error_IgnoreBlock                               
200085e4  ti_sysbios_knl_Swi_Module__state__V                         
20008600  ti_sysbios_family_arm_m3_Hwi_Object__table__V               
20008618  ti_sysbios_heaps_HeapMem_Object__table__V                   
20008630  g_sCrystalfontz128x128                                      
20008640  ti_sysbios_family_arm_msp432_Timer_Module_State_0_handles__A
20008650  ti_sysbios_family_arm_msp432_ClockFreqs_Module__state__V    
2000865c  ti_sysbios_family_arm_msp432_Timer_Module__state__V         
20008668  _lock                                                       
2000866c  _unlock                                                     
20008678  gpioCallbackFunctions                                       
20008680  ti_sysbios_family_arm_m3_Hwi_Module__root__V                
20008688  ti_sysbios_gates_GateHwi_Module__root__V                    
20008690  ti_sysbios_gates_GateMutexPri_Module__root__V               
20008698  ti_sysbios_gates_GateMutex_Module__root__V                  
200086a0  ti_sysbios_heaps_HeapMem_Module__root__V                    
200086a8  ti_sysbios_knl_Event_Module__root__V                        
200086b0  ti_sysbios_knl_Mailbox_Module__root__V                      
200086b8  ti_sysbios_knl_Queue_Module__root__V                        
200086c0  ti_sysbios_knl_Semaphore_Module__root__V                    
200086c8  ti_sysbios_knl_Task_Module__root__V                         
200086d0  xdc_runtime_Startup_Module__state__V                        
200086d8  xdc_runtime_System_Module_State_0_atexitHandlers__A         
200086e0  xdc_runtime_System_Module__state__V                         
200086f0  errno                                                       
200086f4  main_func_sp                                                
200086f8  ti_sysbios_family_arm_m3_Hwi_Module_State_0_excContext__A   
200086fc  ti_sysbios_family_arm_m3_Hwi_Module_State_0_excStack__A     
20008700  ti_sysbios_gates_GateHwi_Object__table__V                   
20008704  ti_sysbios_knl_Task_Module_State_0_idleTask__A              
20008708  xdc_runtime_Memory_Module__state__V                         
2000870c  ti_sysbios_family_arm_m3_Hwi_Module_State_0_excActive__A    
20008718  ti_sysbios_knl_Task_Instance_State_0_stack__A               
20008918  ti_sysbios_family_arm_m3_Hwi_dispatchTable                  
20008a58  timerMSP432Objects                                          
20008be0  pwmTimerMSP432Objects                                       
20008c54  adcMSP432Objects                                            
20008c60  alarm_event                                                 
20008c64  g_adc_mbox                                                  
20008c68  g_alarm_event_handle                                        
20008c6c  g_display_mbox                                              
20008c70  g_event_handle                                              
20008c74  p_waveform                                                  
20008c78  Lcd_ScreenHeigth                                            
20008c7a  Lcd_ScreenWidth                                             
20008c7c  Lcd_TouchTrim                                               
20008c7e  Lcd_FlagRead                                                
20008c7f  Lcd_FontSolid                                               
20008c80  Lcd_Orientation                                             
20008c81  Lcd_PenSolid                                                
2000fc00  __stack                                                     
20010000  __STACK_END                                                 
4000480c  WDTCTL_SYM                                                  
e000e000  ti_sysbios_family_arm_m3_Hwi_nvic                           
ffffffff  __TI_pprof_out_hndl                                         
ffffffff  __TI_prof_data_size                                         
ffffffff  __TI_prof_data_start                                        
ffffffff  __binit__                                                   
ffffffff  __c_args__                                                  
ffffffff  binit                                                       
UNDEFED   SHT$$INIT_ARRAY$$Base                                       
UNDEFED   SHT$$INIT_ARRAY$$Limit                                      

[611 symbols]
