******************************************************************************
                  TI ARM Linker Unix v16.9.3                   
******************************************************************************
>> Linked Thu Aug 17 16:40:22 2017

OUTPUT FILE NAME:   <dive_computer.out>
ENTRY POINT SYMBOL: "_c_int00"  address: 000054b1


MEMORY CONFIGURATION

         name            origin    length      used     unused   attr    fill
----------------------  --------  ---------  --------  --------  ----  --------
  MAIN                  00000000   00040000  000086b5  0003794b  R  X
  INFO                  00200000   00004000  00000000  00004000  R  X
  SRAM_CODE             01000000   00010000  00000000  00010000  RW X
  SRAM_DATA             20000000   00010000  00009075  00006f8b  RW  


SEGMENT ALLOCATION MAP

run origin  load origin   length   init length attrs members
----------  ----------- ---------- ----------- ----- -------
00000000    00000000    000086c0   000086c0    r-x
  00000000    00000000    0000003c   0000003c    r-- .resetVecs
  00000040    00000040    000078fa   000078fa    r-x .text
  0000793c    0000793c    00000b37   00000b37    r-- .const
  00008478    00008478    00000248   00000248    r-- .cinit
20000140    20000140    00008000   00000000    r--
  20000140    20000140    00008000   00000000    r-- .priheap
20008140    20008140    00000b3a   00000000    rw-
  20008140    20008140    000005cb   00000000    rw- .data
  20008710    20008710    0000056a   00000000    rw- .bss
2000fc00    2000fc00    00000400   00000000    rw-
  2000fc00    2000fc00    00000400   00000000    rw- .stack


SECTION ALLOCATION MAP

 output                                  attributes/
section   page    origin      length       input sections
--------  ----  ----------  ----------   ----------------
.text      0    00000040    000078fa     
                  00000040    0000113e     rtsv7M4_T_le_v4SPD16_eabi.lib : _printfi.obj (.text)
                  0000117e    000002d0     grlib.lib : string.o (.text:Graphics_drawString)
                  0000144e    00000002     drivers_msp432p4xx.aem4f : ADCMSP432.oem4f (.text:ADCMSP432_init)
                  00001450    000002d0                              : PowerMSP432.oem4f (.text:Power_sleep)
                  00001720    00000290     main.obj (.text:startup_task)
                  000019b0    0000021c     display_task.obj (.text:display_task)
                  00001bcc    000001f4     rtsv7M4_T_le_v4SPD16_eabi.lib : ull_div_t2.obj (.text)
                  00001dc0    000001d8     Crystalfontz128x128_ST7735.obj (.text:Crystalfontz128x128_PixelDrawMultiple)
                  00001f98    000001b6     rtsv7M4_T_le_v4SPD16_eabi.lib : fd_add_t2.obj (.text)
                  0000214e    00000002     drivers_msp432p4xx.aem4f : PWMTimerMSP432.oem4f (.text:PWMTimerMSP432_init)
                  00002150    000001a0     dive_controller.obj (.text:dive_controller_task)
                  000022f0    0000015c     drivers_msp432p4xx.aem4f : GPIOMSP432.oem4f (.text:GPIO_setConfig)
                  0000244c    00000004     grlib.lib : context.o (.text:Graphics_setFont)
                  00002450    00000158     sysbios.aem4f : BIOS.obj (.text:ti_sysbios_knl_Event_pend__E)
                  000025a8    0000014c     drivers_msp432p4xx.aem4f : PowerMSP432.oem4f (.text:initPerfControl)
                  000026f4    00000136     rtsv7M4_T_le_v4SPD16_eabi.lib : fd_div_t2.obj (.text)
                  0000282a    00000002     dpl_msp432p4xx.aem4f : PowerMSP432_tirtos.oem4f (.text:PowerMSP432_initPolicy)
                  0000282c    00000134     Crystalfontz128x128_ST7735.obj (.text:Crystalfontz128x128_SetDrawFrame)
                  00002960    00000130     sysbios.aem4f : BIOS.obj (.text:ti_sysbios_knl_Semaphore_pend__E)
                  00002a90    0000012c     Crystalfontz128x128_ST7735.obj (.text:Crystalfontz128x128_Init)
                  00002bbc    00000118     drivers_msp432p4xx.aem4f : ADCMSP432.oem4f (.text:ADCMSP432_convert)
                  00002cd4    00000004     dpl_msp432p4xx.aem4f : HwiP_tirtos.oem4f (.text:HwiP_disable)
                  00002cd8    00000108     sysbios.aem4f : BIOS.obj (.text:xdc_runtime_Startup_startMods__I)
                  00002de0    00000100     drivers_msp432p4xx.aem4f : PWMTimerMSP432.oem4f (.text:initHw)
                  00002ee0    000000fc     rtsv7M4_T_le_v4SPD16_eabi.lib : fd_mul_t2.obj (.text)
                  00002fdc    000000fc                                   : s_scalbn.obj (.text)
                  000030d8    000000fc     sysbios.aem4f : BIOS.obj (.text:ti_sysbios_family_arm_msp432_init_Boot_configureClocksHigh)
                  000031d4    000000ec                   : m3_Hwi_asm.obj (.text:ti_sysbios_family_arm_m3_Hwi_dispatch__I)
                  000032c0    000000e0     msp432p4xx_driverlib.lib : cs.o (.text:CS_initClockSignal)
                  000033a0    000000d8     drivers_msp432p4xx.aem4f : PWMTimerMSP432.oem4f (.text:PWMTimerMSP432_open)
                  00003478    000000d4     sysbios.aem4f : BIOS.obj (.text:ti_sysbios_knl_Mailbox_Instance_init__E)
                  0000354c    00000004     drivers_msp432p4xx.aem4f : List.oem4f (.text:List_head)
                  00003550    000000d0     sysbios.aem4f : BIOS.obj (.text:ti_sysbios_heaps_HeapMem_alloc__E)
                  00003620    000000c4                   : BIOS.obj (.text:ti_sysbios_knl_Task_sleep__E)
                  000036e4    00000004     drivers_msp432p4xx.aem4f : List.oem4f (.text:List_next)
                  000036e8    000000c0     sysbios.aem4f : BIOS.obj (.text:ti_sysbios_knl_Task_Instance_init__E)
                  000037a8    000000bc                   : BIOS.obj (.text:ti_sysbios_knl_Task_Instance_finalize__E)
                  00003864    00000004     release_pem4f.oem4f (.text:ti_sysbios_BIOS_RtsGateProxy_enter__E)
                  00003868    000000a8     sysbios.aem4f : BIOS.obj (.text:ti_sysbios_family_arm_msp432_Timer_periodicStub__E)
                  00003910    000000a8                   : BIOS.obj (.text:xdc_runtime_Core_createObject__I)
                  000039b8    000000a4                   : BIOS.obj (.text:ti_sysbios_knl_Task_setPri__E)
                  00003a5c    000000a0     auto_init.aem4f : auto_init.oem4f (.text)
                  00003afc    000000a0     buttons_dive.obj (.text:button_task)
                  00003b9c    0000009c     Crystalfontz128x128_ST7735.obj (.text:Crystalfontz128x128_RectFill)
                  00003c38    0000009c     drivers_msp432p4xx.aem4f : PWMTimerMSP432.oem4f (.text:PWMTimerMSP432_setPeriod)
                  00003cd4    0000009c     rtsv7M4_T_le_v4SPD16_eabi.lib : memcpy_t2.obj (.text)
                  00003d70    00000098     drivers_msp432p4xx.aem4f : ADCMSP432.oem4f (.text:ADCMSP432_open)
                  00003e08    00000098     sysbios.aem4f : BIOS.obj (.text:ti_sysbios_family_arm_m3_Hwi_Instance_init__E)
                  00003ea0    00000094     rtsv7M4_T_le_v4SPD16_eabi.lib : snprintf.obj (.text)
                  00003f34    00000004     release_pem4f.oem4f (.text:ti_sysbios_BIOS_RtsGateProxy_leave__E)
                  00003f38    00000094     sysbios.aem4f : BIOS.obj (.text:ti_sysbios_family_arm_m3_Hwi_initNVIC__E)
                  00003fcc    00000090     drivers_msp432p4xx.aem4f : PWMTimerMSP432.oem4f (.text:PWMTimerMSP432_setDuty)
                  0000405c    0000008c     sysbios.aem4f : m3_TaskSupport_asm.obj (.text:ti_sysbios_family_arm_m3_TaskSupport_buildTaskStack)
                  000040e8    0000008c                   : BIOS.obj (.text:ti_sysbios_gates_GateMutexPri_enter__E)
                  00004174    00000004     release_pem4f.oem4f (.text:ti_sysbios_family_arm_m3_TaskSupport_Module__startupDone__S)
                  00004178    0000008c     sysbios.aem4f : BIOS.obj (.text:ti_sysbios_knl_Event_post__E)
                  00004204    00000004     release_pem4f.oem4f (.text:ti_sysbios_heaps_HeapMem_Module_GateProxy_enter__E)
                  00004208    0000008c     sysbios.aem4f : BIOS.obj (.text:ti_sysbios_knl_Task_postInit__I)
                  00004294    00000088     protectedlcd.obj (.text:protected_lcd_init)
                  0000431c    00000004     release_pem4f.oem4f (.text:ti_sysbios_heaps_HeapMem_Module_GateProxy_leave__E)
                  00004320    00000088     sysbios.aem4f : BIOS.obj (.text:ti_sysbios_knl_Mailbox_post__E)
                  000043a8    00000088                   : BIOS.obj (.text:xdc_runtime_Memory_alloc__E)
                  00004430    00000086     rtsv7M4_T_le_v4SPD16_eabi.lib : fd_cmp_t2.obj (.text:__aeabi_cdcmple)
                  000044b6    00000086                                   : fd_cmp_t2.obj (.text:__aeabi_cdrcmple)
                  0000453c    00000004     release_pem4f.oem4f (.text:ti_sysbios_knl_Clock_TimerProxy_getMaxTicks__E)
                  00004540    00000084     sysbios.aem4f : BIOS.obj (.text:ti_sysbios_family_arm_m3_Hwi_postInit__I)
                  000045c4    00000004     release_pem4f.oem4f (.text:ti_sysbios_knl_Semaphore_delete)
                  000045c8    00000084     sysbios.aem4f : BIOS.obj (.text:ti_sysbios_heaps_HeapMem_free__E)
                  0000464c    00000004     release_pem4f.oem4f (.text:ti_sysbios_knl_Task_delete)
                  00004650    00000084     sysbios.aem4f : BIOS.obj (.text:xdc_runtime_Core_constructObject__I)
                  000046d4    0000007c     msp432p4xx_driverlib.lib : spi.o (.text:SPI_initMaster)
                  00004750    0000007c     main.obj (.text:main)
                  000047cc    0000007a     rtsv7M4_T_le_v4SPD16_eabi.lib : memset_t2.obj (.text)
                  00004846    00000002     release_pem4f.oem4f (.text:ti_sysbios_BIOS_nullFunc__I)
                  00004848    00000078     drivers_msp432p4xx.aem4f : PWMTimerMSP432.oem4f (.text:PWMTimerMSP432_close)
                  000048c0    00000076                              : PWMTimerMSP432.oem4f (.text:PWMTimerMSP432_stop)
                  00004936    00000002     --HOLE-- [fill = 0]
                  00004938    00000074     sysbios.aem4f : BIOS.obj (.text:ti_sysbios_knl_Mailbox_pend__E)
                  000049ac    00000004     release_pem4f.oem4f (.text:xdc_runtime_System_Module_GateProxy_enter__E)
                  000049b0    00000070     sysbios.aem4f : BIOS.obj (.text:ti_sysbios_heaps_HeapMem_initPrimary__I)
                  00004a20    00000070                   : BIOS.obj (.text:ti_sysbios_knl_Mailbox_Instance_finalize__E)
                  00004a90    00000070                   : BIOS.obj (.text:ti_sysbios_knl_Semaphore_post__E)
                  00004b00    00000070                   : BIOS.obj (.text:ti_sysbios_knl_Task_exit__E)
                  00004b70    0000006c                   : BIOS.obj (.text:ti_sysbios_gates_GateMutexPri_leave__E)
                  00004bdc    00000004     release_pem4f.oem4f (.text:xdc_runtime_System_Module_GateProxy_leave__E)
                  00004be0    0000006c     sysbios.aem4f : BIOS.obj (.text:ti_sysbios_knl_Clock_workFunc__E)
                  00004c4c    00000004     --HOLE-- [fill = 0]
                  00004c50    0000006c                   : BIOS.obj (.text:ti_sysbios_knl_Swi_restoreHwi__E)
                  00004cbc    00000068     drivers_msp432p4xx.aem4f : PWMTimerMSP432.oem4f (.text:PWMTimerMSP432_start)
                  00004d24    00000068     rtsv7M4_T_le_v4SPD16_eabi.lib : copy_decompress_lzss.obj (.text:decompress:lzss)
                  00004d8c    00000004     --HOLE-- [fill = 0]
                  00004d90    00000066     sysbios.aem4f : BIOS.obj (.text:xdc_runtime_Core_deleteObject__I)
                  00004df6    00000002     --HOLE-- [fill = 0]
                  00004df8    00000064     drivers_msp432p4xx.aem4f : GPIOMSP432.oem4f (.text:GPIO_hwiIntFxn)
                  00004e5c    00000064     adc_dive.obj (.text:adc_task)
                  00004ec0    00000064     rtsv7M4_T_le_v4SPD16_eabi.lib : s_frexp.obj (.text)
                  00004f24    00000004     --HOLE-- [fill = 0]
                  00004f28    00000064     sysbios.aem4f : BIOS.obj (.text:ti_sysbios_family_arm_m3_Hwi_dispatchC__I)
                  00004f8c    00000060     drivers_msp432p4xx.aem4f : ADCMSP432.oem4f (.text:ADCMSP432_close)
                  00004fec    00000060     Crystalfontz128x128_ST7735.obj (.text:Crystalfontz128x128_LineDrawH)
                  0000504c    00000060     Crystalfontz128x128_ST7735.obj (.text:Crystalfontz128x128_LineDrawV)
                  000050ac    0000005c     drivers_msp432p4xx.aem4f : GPIOMSP432.oem4f (.text:GPIO_init)
                  00005108    0000005c                              : GPIOMSP432.oem4f (.text:GPIO_write)
                  00005164    0000005c                              : PowerMSP432.oem4f (.text:PowerMSP432_getFreqs)
                  000051c0    0000005c     scuba.obj (.text:gas_to_surface_in_cl)
                  0000521c    0000005c     alarm.obj (.text:speaker_config)
                  00005278    0000005c     sysbios.aem4f : BIOS.obj (.text:ti_sysbios_knl_Swi_run__I)
                  000052d4    00000004     --HOLE-- [fill = 0]
                  000052d8    0000005c                   : BIOS.obj (.text:ti_sysbios_knl_Swi_schedule__I)
                  00005334    00000004     --HOLE-- [fill = 0]
                  00005338    0000005c                   : BIOS.obj (.text:ti_sysbios_knl_Task_Module_startup__E)
                  00005394    00000004     --HOLE-- [fill = 0]
                  00005398    0000005c                   : BIOS.obj (.text:ti_sysbios_knl_Task_startCore__E)
                  000053f4    00000004     --HOLE-- [fill = 0]
                  000053f8    0000005c                   : BIOS.obj (.text:xdc_runtime_Startup_exec__E)
                  00005454    0000005a     drivers_msp432p4xx.aem4f : ADCMSP432.oem4f (.text:initHw)
                  000054ae    00000002     --HOLE-- [fill = 0]
                  000054b0    00000058     boot.aem4f : boot.oem4f (.text)
                  00005508    00000058     sysbios.aem4f : m3_Hwi_asm_switch.obj (.text:ti_sysbios_family_arm_m3_Hwi_initStacks__E)
                  00005560    00000054     Crystalfontz128x128_ST7735.obj (.text:Crystalfontz128x128_SetOrientation)
                  000055b4    00000054     drivers_msp432p4xx.aem4f : GPIOMSP432.oem4f (.text:GPIO_setCallback)
                  00005608    00000054                              : PowerMSP432.oem4f (.text:Power_init)
                  0000565c    00000054     rtsv7M4_T_le_v4SPD16_eabi.lib : ltoa.obj (.text)
                  000056b0    00000054     release_pem4f.oem4f (.text:ti_sysbios_family_arm_m3_Hwi_create)
                  00005704    00000004     --HOLE-- [fill = 0]
                  00005708    00000054     sysbios.aem4f : BIOS.obj (.text:ti_sysbios_family_arm_msp432_Timer_initDevice__I)
                  0000575c    00000054     release_pem4f.oem4f (.text:ti_sysbios_knl_Mailbox_create)
                  000057b0    00000054     sysbios.aem4f : BIOS.obj (.text:xdc_runtime_Core_assignLabel__I)
                  00005804    00000052     scuba.obj (.text:adc_to_rate)
                  00005856    00000002     --HOLE-- [fill = 0]
                  00005858    00000050     drivers_msp432p4xx.aem4f : ADCMSP432.oem4f (.text:ADCMSP432_convertRawToMicroVolts)
                  000058a8    00000050     dpl_msp432p4xx.aem4f : PowerMSP432_tirtos.oem4f (.text:PowerMSP432_sleepPolicy)
                  000058f8    00000050     sysbios.aem4f : BIOS.obj (.text:ti_sysbios_family_arm_m3_Hwi_Module_startup__E)
                  00005948    00000050     release_pem4f.oem4f (.text:ti_sysbios_knl_Task_create)
                  00005998    0000004e     bsp.obj (.text:bsp_btn_read)
                  000059e6    00000002     --HOLE-- [fill = 0]
                  000059e8    0000004c     msp432p4xx_driverlib.lib : gpio.o (.text:GPIO_setAsPeripheralModuleFunctionOutputPin)
                  00005a34    0000004c     protectedlcd.obj (.text:protected_lcd_display)
                  00005a80    0000004c     rtsv7M4_T_le_v4SPD16_eabi.lib : atoi.obj (.text)
                  00005acc    0000004c                                   : cpy_tbl.obj (.text)
                  00005b18    0000004c     sysbios.aem4f : BIOS.obj (.text:ti_sysbios_family_arm_msp432_Timer_start__E)
                  00005b64    00000004     --HOLE-- [fill = 0]
                  00005b68    0000004c                   : BIOS.obj (.text:ti_sysbios_heaps_HeapMem_getStats__E)
                  00005bb4    00000004     --HOLE-- [fill = 0]
                  00005bb8    0000004c                   : BIOS.obj (.text:ti_sysbios_knl_Swi_runLoop__I)
                  00005c04    00000004     --HOLE-- [fill = 0]
                  00005c08    0000004c                   : BIOS.obj (.text:ti_sysbios_knl_Task_allBlockedFunction__I)
                  00005c54    00000004     --HOLE-- [fill = 0]
                  00005c58    0000004c                   : BIOS.obj (.text:ti_sysbios_knl_Task_block__E)
                  00005ca4    00000004     --HOLE-- [fill = 0]
                  00005ca8    0000004c                   : BIOS.obj (.text:ti_sysbios_knl_Task_schedule__I)
                  00005cf4    0000004a     grlib.lib : line.o (.text:Graphics_drawLineH)
                  00005d3e    00000002     --HOLE-- [fill = 0]
                  00005d40    00000048     drivers_msp432p4xx.aem4f : PowerMSP432.oem4f (.text:Power_releaseConstraint)
                  00005d88    00000048     rtsv7M4_T_le_v4SPD16_eabi.lib : fd_toi_t2.obj (.text)
                  00005dd0    00000048     sysbios.aem4f : BIOS.obj (.text:ti_sysbios_family_arm_m3_Hwi_disableInterrupt__E)
                  00005e18    00000048                   : BIOS.obj (.text:ti_sysbios_family_arm_m3_Hwi_enableInterrupt__E)
                  00005e60    00000048                   : BIOS.obj (.text:ti_sysbios_knl_Mailbox_Module_startup__E)
                  00005ea8    00000046                   : BIOS.obj (.text:xdc_runtime_Core_assignParams__I)
                  00005eee    00000002     --HOLE-- [fill = 0]
                  00005ef0    00000044     drivers_msp432p4xx.aem4f : ADC.oem4f (.text:ADC_init)
                  00005f34    00000044     dpl_msp432p4xx.aem4f : HwiP_tirtos.oem4f (.text:HwiP_create)
                  00005f78    00000044     drivers_msp432p4xx.aem4f : PWM.oem4f (.text:PWM_init)
                  00005fbc    00000044     bsp_led.obj (.text:bsp_led_off)
                  00006000    00000044     bsp_led.obj (.text:bsp_led_toggle)
                  00006044    00000004     --HOLE-- [fill = 0]
                  00006048    00000044     sysbios.aem4f : BIOS.obj (.text:ti_sysbios_family_arm_m3_Hwi_getStackInfo__E)
                  0000608c    00000004     --HOLE-- [fill = 0]
                  00006090    00000044                   : BIOS.obj (.text:ti_sysbios_family_arm_msp432_Seconds_Module_startup__E)
                  000060d4    00000004     --HOLE-- [fill = 0]
                  000060d8    00000044                   : BIOS.obj (.text:ti_sysbios_knl_Swi_post__E)
                  0000611c    00000040     Crystalfontz128x128_ST7735.obj (.text:Crystalfontz128x128_PixelDraw)
                  0000615c    00000040     HAL_MSP_EXP432P401R_Crystalfontz128x128_ST7735.obj (.text:HAL_LCD_SpiInit)
                  0000619c    00000040     dpl_msp432p4xx.aem4f : SemaphoreP_tirtos.oem4f (.text:SemaphoreP_create)
                  000061dc    00000040     drivers_msp432p4xx.aem4f : PowerMSP432.oem4f (.text:notify)
                  0000621c    00000040                              : PowerMSP432.oem4f (.text:restartHFXT)
                  0000625c    00000004     --HOLE-- [fill = 0]
                  00006260    00000040     sysbios.aem4f : BIOS.obj (.text:ti_sysbios_family_arm_msp432_Timer_Module_startup__E)
                  000062a0    00000040                   : BIOS.obj (.text:ti_sysbios_family_arm_msp432_Timer_startup__E)
                  000062e0    00000040                   : BIOS.obj (.text:ti_sysbios_heaps_HeapMem_Instance_init__E)
                  00006320    0000003c     drivers_msp432p4xx.aem4f : ADC.oem4f (.text:ADC_open)
                  0000635c    0000003c                              : PWM.oem4f (.text:PWM_open)
                  00006398    0000003c                              : PWMTimerMSP432.oem4f (.text:getPeriodCounts)
                  000063d4    00000004     --HOLE-- [fill = 0]
                  000063d8    0000003c     sysbios.aem4f : BIOS.obj (.text:ti_sysbios_family_arm_m3_Hwi_Instance_finalize__E)
                  00006414    00000004     --HOLE-- [fill = 0]
                  00006418    0000003c                   : BIOS.obj (.text:ti_sysbios_knl_Swi_restore__E)
                  00006454    00000038     drivers_msp432p4xx.aem4f : GPIOMSP432.oem4f (.text:GPIO_toggle)
                  0000648c    00000038     HAL_MSP_EXP432P401R_Crystalfontz128x128_ST7735.obj (.text:HAL_LCD_writeCommand)
                  000064c4    00000038     drivers_msp432p4xx.aem4f : PowerMSP432.oem4f (.text:Power_setConstraint)
                  000064fc    00000038                              : TimerMSP432.oem4f (.text:TimerMSP432_allocateTimerResource)
                  00006534    00000038                              : PWMTimerMSP432.oem4f (.text:getDutyCounts)
                  0000656c    00000004     --HOLE-- [fill = 0]
                  00006570    00000038     sysbios.aem4f : BIOS.obj (.text:xdc_runtime_System_atexit__E)
                  000065a8    00000034     release_pem4f.oem4f (.text:ti_sysbios_knl_Semaphore_create)
                  000065dc    00000004     --HOLE-- [fill = 0]
                  000065e0    00000032     sysbios.aem4f : BIOS.obj (.text:ti_sysbios_hal_Hwi_initStack)
                  00006612    00000030     HAL_MSP_EXP432P401R_Crystalfontz128x128_ST7735.obj (.text:HAL_LCD_PortInit)
                  00006642    00000002     --HOLE-- [fill = 0]
                  00006644    00000030     drivers_msp432p4xx.aem4f : TimerMSP432.oem4f (.text:TimerMSP432_freeTimerResource)
                  00006674    00000030     scuba.obj (.text:gas_rate_in_cl)
                  000066a4    00000030     msp432p4xx_driverlib.lib : spi.o (.text:is_A_Module)
                  000066d4    00000030     drivers_msp432p4xx.aem4f : PWMTimerMSP432.oem4f (.text:mapPin)
                  00006704    00000030     release_pem4f.oem4f (.text:ti_sysbios_BIOS_atExitFunc__I)
                  00006734    00000030     release_pem4f.oem4f (.text:ti_sysbios_BIOS_startFunc__I)
                  00006764    00000004     --HOLE-- [fill = 0]
                  00006768    00000030     sysbios.aem4f : BIOS.obj (.text:ti_sysbios_family_arm_m3_TaskSupport_start__E)
                  00006798    00000030                   : BIOS.obj (.text:ti_sysbios_family_arm_msp432_Timer_setPeriod__E)
                  000067c8    00000030     release_pem4f.oem4f (.text:ti_sysbios_gates_GateHwi_Object__create__S)
                  000067f8    00000030     release_pem4f.oem4f (.text:ti_sysbios_gates_GateMutexPri_Object__create__S)
                  00006828    00000030     release_pem4f.oem4f (.text:ti_sysbios_gates_GateMutexPri_create)
                  00006858    00000030     release_pem4f.oem4f (.text:ti_sysbios_gates_GateMutex_Object__create__S)
                  00006888    00000030     sysbios.aem4f : BIOS.obj (.text:ti_sysbios_gates_GateMutex_enter__E)
                  000068b8    00000030     release_pem4f.oem4f (.text:ti_sysbios_heaps_HeapMem_Object__create__S)
                  000068e8    00000030     release_pem4f.oem4f (.text:ti_sysbios_knl_Event_create)
                  00006918    00000030     sysbios.aem4f : BIOS.obj (.text:ti_sysbios_knl_Event_pendTimeout__I)
                  00006948    00000030                   : BIOS.obj (.text:ti_sysbios_knl_Mailbox_postInit__I)
                  00006978    00000030     release_pem4f.oem4f (.text:ti_sysbios_knl_Semaphore_construct)
                  000069a8    00000030     sysbios.aem4f : BIOS.obj (.text:ti_sysbios_knl_Semaphore_pendTimeout__I)
                  000069d8    00000030                   : BIOS.obj (.text:ti_sysbios_knl_Task_processVitalTaskFlag__I)
                  00006a08    00000030                   : BIOS.obj (.text:ti_sysbios_knl_Task_unblockI__E)
                  00006a38    00000030                   : BIOS.obj (.text:xdc_runtime_System_processAtExit__E)
                  00006a68    0000002e     rtsv7M4_T_le_v4SPD16_eabi.lib : i_tofd_t2.obj (.text)
                  00006a96    00000002     --HOLE-- [fill = 0]
                  00006a98    0000002c     Crystalfontz128x128_ST7735.obj (.text:Crystalfontz128x128_ClearScreen)
                  00006ac4    0000002c     HAL_MSP_EXP432P401R_Crystalfontz128x128_ST7735.obj (.text:HAL_LCD_writeData)
                  00006af0    0000002c     dpl_msp432p4xx.aem4f : PowerMSP432_tirtos.oem4f (.text:PowerMSP432_updateFreqs)
                  00006b1c    0000002c     release_pem4f.oem4f (.text:ti_sysbios_knl_Clock_doTick__I)
                  00006b48    0000002c     release_pem4f.oem4f (.text:ti_sysbios_knl_Queue_construct)
                  00006b74    00000004     --HOLE-- [fill = 0]
                  00006b78    0000002c     sysbios.aem4f : BIOS.obj (.text:ti_sysbios_knl_Task_restore__E)
                  00006ba4    00000028     Crystalfontz128x128_ST7735.obj (.text:Crystalfontz128x128_ColorTranslate)
                  00006bcc    00000028     alarmtask.obj (.text:alarmTaskFunction)
                  00006bf4    00000028     drivers_msp432p4xx.aem4f : PowerMSP432.oem4f (.text:disableHFXT)
                  00006c1c    00000004     --HOLE-- [fill = 0]
                  00006c20    00000028     sysbios.aem4f : BIOS.obj (.text:ti_sysbios_knl_Clock_addI__E)
                  00006c48    00000028                   : BIOS.obj (.text:ti_sysbios_knl_Swi_Module_startup__E)
                  00006c70    00000026                   : m3_Hwi_asm.obj (.text:ti_sysbios_family_arm_m3_Hwi_pendSV__I)
                  00006c96    00000002     --HOLE-- [fill = 0]
                  00006c98    00000024     msp432p4xx_driverlib.lib : cs.o (.text:CS_setDCOCenteredFrequency)
                  00006cbc    00000024                              : gpio.o (.text:GPIO_setAsOutputPin)
                  00006ce0    00000024     bsp.obj (.text:led_blocking_wait)
                  00006d04    00000024     release_pem4f.oem4f (.text:ti_sysbios_BIOS_registerRTSLock__I)
                  00006d28    00000024     release_pem4f.oem4f (.text:ti_sysbios_BIOS_removeRTSLock__I)
                  00006d4c    00000004     --HOLE-- [fill = 0]
                  00006d50    00000024     sysbios.aem4f : BIOS.obj (.text:ti_sysbios_family_arm_msp432_ClockFreqs_setFrequency__E)
                  00006d74    00000004     --HOLE-- [fill = 0]
                  00006d78    00000024                   : BIOS.obj (.text:ti_sysbios_family_arm_msp432_Timer_postInit__I)
                  00006d9c    00000024     release_pem4f.oem4f (.text:ti_sysbios_gates_GateMutexPri_Object__delete__S)
                  00006dc0    00000024     sysbios.aem4f : BIOS.obj (.text:ti_sysbios_gates_GateMutexPri_insertPri__I)
                  00006de4    00000024     release_pem4f.oem4f (.text:ti_sysbios_gates_GateMutex_Object__delete__S)
                  00006e08    00000024     sysbios.aem4f : BIOS.obj (.text:ti_sysbios_knl_Clock_Module_startup__E)
                  00006e2c    00000004     --HOLE-- [fill = 0]
                  00006e30    00000024                   : BIOS.obj (.text:ti_sysbios_knl_Semaphore_Instance_init__E)
                  00006e54    00000024     release_pem4f.oem4f (.text:ti_sysbios_knl_Semaphore_Object__delete__S)
                  00006e78    00000024     sysbios.aem4f : BIOS.obj (.text:ti_sysbios_knl_Task_restoreHwi__E)
                  00006e9c    00000004     --HOLE-- [fill = 0]
                  00006ea0    00000024                   : BIOS.obj (.text:xdc_runtime_Error_policyMin__E)
                  00006ec4    00000004     --HOLE-- [fill = 0]
                  00006ec8    00000024                   : BIOS.obj (.text:xdc_runtime_System_abort__E)
                  00006eec    00000022     grlib.lib : context.o (.text:Graphics_initContext)
                  00006f0e    00000002     --HOLE-- [fill = 0]
                  00006f10    00000020     drivers_msp432p4xx.aem4f : GPIOMSP432.oem4f (.text:GPIO_read)
                  00006f30    00000020     release_pem4f.oem4f (.text:ti_sysbios_BIOS_rtsLock__I)
                  00006f50    00000020     sysbios.aem4f : m3_Hwi_asm.obj (.text:ti_sysbios_family_arm_m3_Hwi_excHandlerAsm__I)
                  00006f70    00000020                   : BIOS.obj (.text:ti_sysbios_family_arm_m3_Hwi_excHandler__I)
                  00006f90    00000020     release_pem4f.oem4f (.text:ti_sysbios_gates_GateHwi_Object__delete__S)
                  00006fb0    00000020     release_pem4f.oem4f (.text:ti_sysbios_heaps_HeapMem_Object__delete__S)
                  00006fd0    00000020     sysbios.aem4f : BIOS.obj (.text:ti_sysbios_knl_Idle_run__E)
                  00006ff0    00000020     release_pem4f.oem4f (.text:ti_sysbios_knl_Semaphore_destruct)
                  00007010    00000020     release_pem4f.oem4f (.text:ti_sysbios_knl_Task_Object__delete__S)
                  00007030    00000020     timertask.obj (.text:timerTaskFunction)
                  00007050    0000001e     drivers_msp432p4xx.aem4f : PWMTimerMSP432.oem4f (.text:corroboratePeriod)
                  0000706e    0000001e     sysbios.aem4f : m3_Hwi_asm_switch.obj (.text:ti_sysbios_family_xxx_Hwi_switchAndRunFunc)
                  0000708c    0000001c     rtsv7M4_T_le_v4SPD16_eabi.lib : memccpy.obj (.text)
                  000070a8    0000001c     sysbios.aem4f : BIOS.obj (.text:ti_sysbios_gates_GateMutexPri_Instance_init__E)
                  000070c4    00000004     --HOLE-- [fill = 0]
                  000070c8    0000001c                   : BIOS.obj (.text:ti_sysbios_gates_GateMutex_Instance_init__E)
                  000070e4    0000001c     release_pem4f.oem4f (.text:ti_sysbios_knl_Queue_destruct)
                  00007100    0000001c     sysbios.aem4f : BIOS.obj (.text:ti_sysbios_knl_Queue_get__E)
                  0000711c    00000004     --HOLE-- [fill = 0]
                  00007120    0000001c                   : BIOS.obj (.text:ti_sysbios_knl_Queue_put__E)
                  0000713c    00000004     --HOLE-- [fill = 0]
                  00007140    0000001c                   : BIOS.obj (.text:ti_sysbios_knl_Task_enter__I)
                  0000715c    00000004     --HOLE-- [fill = 0]
                  00007160    0000001c                   : BIOS.obj (.text:xdc_runtime_Error_check__E)
                  0000717c    00000004     --HOLE-- [fill = 0]
                  00007180    0000001c                   : BIOS.obj (.text:xdc_runtime_Memory_valloc__E)
                  0000719c    0000001a     grlib.lib : string.o (.text:Graphics_getNumberOfLeadingZeros)
                  000071b6    0000001a     msp432p4xx_driverlib.lib : spi.o (.text:SPI_enableModule)
                  000071d0    00000018     release_pem4f.oem4f (.text:.bootCodeSection:ti_sysbios_family_arm_msp432_init_Boot_init__I)
                  000071e8    00000018     msp432p4xx_driverlib.lib : gpio.o (.text:GPIO_setOutputLowOnPin)
                  00007200    00000018     drivers_msp432p4xx.aem4f : PowerMSP432.oem4f (.text:Power_idleFunc)
                  00007218    00000018                              : PWMTimerMSP432.oem4f (.text:corroborateDuty)
                  00007230    00000018     rtsv7M4_T_le_v4SPD16_eabi.lib : args_main.obj (.text)
                  00007248    00000018     release_pem4f.oem4f (.text:ti_sysbios_BIOS_rtsUnlock__I)
                  00007260    00000018     release_pem4f.oem4f (.text:ti_sysbios_family_arm_m3_Hwi_Module__startupDone__F)
                  00007278    00000018     sysbios.aem4f : m3_TaskSupport_asm.obj (.text:ti_sysbios_family_arm_m3_TaskSupport_swap__E)
                  00007290    00000018     release_pem4f.oem4f (.text:ti_sysbios_family_arm_msp432_Timer_Module__startupDone__F)
                  000072a8    00000018     release_pem4f.oem4f (.text:ti_sysbios_gates_GateHwi_Handle__label__S)
                  000072c0    00000018     release_pem4f.oem4f (.text:ti_sysbios_gates_GateMutexPri_Handle__label__S)
                  000072d8    00000018     release_pem4f.oem4f (.text:ti_sysbios_gates_GateMutex_Handle__label__S)
                  000072f0    00000018     sysbios.aem4f : BIOS.obj (.text:ti_sysbios_gates_GateMutex_leave__E)
                  00007308    00000018     release_pem4f.oem4f (.text:ti_sysbios_heaps_HeapMem_Handle__label__S)
                  00007320    00000018     sysbios.aem4f : BIOS.obj (.text:ti_sysbios_knl_Task_sleepTimeout__I)
                  00007338    00000018                   : BIOS.obj (.text:xdc_runtime_Error_init__E)
                  00007350    00000018                   : BIOS.obj (.text:xdc_runtime_System_exit__E)
                  00007368    00000016     grlib.lib : display.o (.text:Graphics_drawHorizontalLineOnDisplay)
                  0000737e    00000016     blinkingledtask.obj (.text:led2TaskFunction)
                  00007394    00000016     rtsv7M4_T_le_v4SPD16_eabi.lib : strchr.obj (.text)
                  000073aa    00000016     release_pem4f.oem4f (.text:ti_sysbios_BIOS_exitFunc__I)
                  000073c0    00000016     protectedlcd.obj (.text:ti_sysbios_gates_GateMutexPri_Params_init)
                  000073d6    00000016     main.obj (.text:ti_sysbios_knl_Mailbox_Params_init)
                  000073ec    00000016     main.obj (.text:ti_sysbios_knl_Task_Params_init)
                  00007402    00000006     drivers_msp432p4xx.aem4f : ADCMSP432.oem4f (.text:ADCMSP432_control)
                  00007408    00000016     sysbios.aem4f : BIOS.obj (.text:ti_sysbios_knl_Task_unblock__E)
                  0000741e    00000002     --HOLE-- [fill = 0]
                  00007420    00000014     msp432p4xx_driverlib.lib : gpio.o (.text:GPIO_setOutputHighOnPin)
                  00007434    00000014     drivers_msp432p4xx.aem4f : PWM.oem4f (.text:PWM_Params_init)
                  00007448    00000014     rtsv7M4_T_le_v4SPD16_eabi.lib : _lock.obj (.text)
                  0000745c    00000014                                   : s_copysign.obj (.text)
                  00007470    00000014                                   : strlen.obj (.text)
                  00007484    00000014     release_pem4f.oem4f (.text:ti_sysbios_family_arm_m3_Hwi_Object__get__S)
                  00007498    00000014     sysbios.aem4f : BIOS.obj (.text:ti_sysbios_family_arm_m3_Hwi_switchFromBootStack__E)
                  000074ac    00000014     release_pem4f.oem4f (.text:ti_sysbios_heaps_HeapMem_Object__get__S)
                  000074c0    00000014     sysbios.aem4f : BIOS.obj (.text:ti_sysbios_knl_Event_Instance_init__E)
                  000074d4    00000014     release_pem4f.oem4f (.text:ti_sysbios_knl_Swi_Object__get__S)
                  000074e8    00000012     dpl_msp432p4xx.aem4f : SemaphoreP_tirtos.oem4f (.text:SemaphoreP_pend)
                  000074fa    00000012     bsp.obj (.text:safe_mode)
                  0000750c    00000004     --HOLE-- [fill = 0]
                  00007510    00000012     sysbios.aem4f : BIOS.obj (.text:ti_sysbios_hal_Hwi_Module_startup__E)
                  00007522    00000012     release_pem4f.oem4f (.text:xdc_runtime_Startup_exec__I)
                  00007534    00000010     msp432p4xx_driverlib.lib : sysctl.o (.text:SysCtl_disableNMISource)
                  00007544    00000010                              : sysctl.o (.text:SysCtl_enableNMISource)
                  00007554    00000010                              : sysctl.o (.text:SysCtl_getNMISourceStatus)
                  00007564    00000010     bsp_led.obj (.text:bsp_led_init)
                  00007574    00000004     --HOLE-- [fill = 0]
                  00007578    00000010     sysbios.aem4f : BIOS.obj (.text:ti_sysbios_BIOS_exit__E)
                  00007588    00000010                   : BIOS.obj (.text:ti_sysbios_BIOS_setCpuFreq__E)
                  00007598    00000010                   : BIOS.obj (.text:ti_sysbios_BIOS_setThreadType__E)
                  000075a8    00000010                   : BIOS.obj (.text:ti_sysbios_BIOS_start__E)
                  000075b8    00000010                   : m3_TaskSupport_asm.obj (.text:ti_sysbios_family_arm_m3_TaskSupport_glue)
                  000075c8    00000010                   : BIOS.obj (.text:ti_sysbios_family_arm_msp432_init_Boot_disableWatchdog)
                  000075d8    00000010                   : BIOS.obj (.text:ti_sysbios_gates_GateMutexPri_Instance_finalize__E)
                  000075e8    00000010                   : BIOS.obj (.text:ti_sysbios_gates_GateMutex_Instance_finalize__E)
                  000075f8    00000010     release_pem4f.oem4f (.text:ti_sysbios_knl_Mailbox_Object__get__S)
                  00007608    00000010     sysbios.aem4f : BIOS.obj (.text:ti_sysbios_knl_Semaphore_Instance_finalize__E)
                  00007618    00000010                   : BIOS.obj (.text:ti_sysbios_knl_Swi_disable__E)
                  00007628    00000010     release_pem4f.oem4f (.text:ti_sysbios_knl_Task_Object__get__S)
                  00007638    00000010     sysbios.aem4f : BIOS.obj (.text:ti_sysbios_knl_Task_disable__E)
                  00007648    00000010                   : BIOS.obj (.text:xdc_runtime_Gate_leaveSystem__E)
                  00007658    00000010                   : BIOS.obj (.text:xdc_runtime_Memory_free__E)
                  00007668    00000010                   : BIOS.obj (.text:xdc_runtime_SysCallback_abort__E)
                  00007678    00000010                   : BIOS.obj (.text:xdc_runtime_SysCallback_exit__E)
                  00007688    0000000e     grlib.lib : display.o (.text:Graphics_drawPixelOnDisplay)
                  00007696    0000000e               : context.o (.text:Graphics_setBackgroundColor)
                  000076a4    0000000e               : context.o (.text:Graphics_setForegroundColor)
                  000076b2    0000000e     dpl_msp432p4xx.aem4f : HwiP_tirtos.oem4f (.text:HwiP_Params_init)
                  000076c0    0000000e                          : SemaphoreP_tirtos.oem4f (.text:SemaphoreP_delete)
                  000076ce    0000000e     bsp.obj (.text:bsp_halt)
                  000076dc    0000000e     rtsv7M4_T_le_v4SPD16_eabi.lib : copy_decompress_none.obj (.text:decompress:none)
                  000076ea    00000006     drivers_msp432p4xx.aem4f : PWMTimerMSP432.oem4f (.text:PWMTimerMSP432_control)
                  000076f0    0000000e     sysbios.aem4f : BIOS.obj (.text:ti_sysbios_knl_Idle_loop__E)
                  000076fe    00000002     --HOLE-- [fill = 0]
                  00007700    0000000e                   : BIOS.obj (.text:ti_sysbios_knl_Queue_empty__E)
                  0000770e    0000000c     msp432p4xx_driverlib.lib : cpu.o (.text:CPU_cpsid)
                  0000771a    0000000c                              : cpu.o (.text:CPU_cpsie)
                  00007726    0000000c                              : spi.o (.text:EUSCI_A_SPI_enable)
                  00007732    0000000c                              : spi.o (.text:EUSCI_B_SPI_enable)
                  0000773e    00000002     --HOLE-- [fill = 0]
                  00007740    0000000c     drivers_msp432p4xx.aem4f : PowerMSP432.oem4f (.text:Power_getConstraintMask)
                  0000774c    0000000c                              : PowerMSP432.oem4f (.text:Power_getPerformanceLevel)
                  00007758    0000000c     bsp.obj (.text:bsp_init)
                  00007764    0000000c     bsp.obj (.text:bsp_master_int_disable)
                  00007770    0000000c     rtsv7M4_T_le_v4SPD16_eabi.lib : copy_zero_init.obj (.text:decompress:ZI)
                  0000777c    0000000c     release_pem4f.oem4f (.text:ti_sysbios_family_arm_m3_Hwi_Params__init__S)
                  00007788    0000000c     sysbios.aem4f : BIOS.obj (.text:ti_sysbios_family_arm_m3_Hwi_disableFxn__E)
                  00007794    00000004     --HOLE-- [fill = 0]
                  00007798    0000000c                   : BIOS.obj (.text:ti_sysbios_family_arm_m3_TaskSupport_getStackAlignment__E)
                  000077a4    00000004     --HOLE-- [fill = 0]
                  000077a8    0000000c                   : BIOS.obj (.text:ti_sysbios_family_arm_msp432_Timer_getMaxTicks__E)
                  000077b4    00000004     --HOLE-- [fill = 0]
                  000077b8    0000000c                   : BIOS.obj (.text:ti_sysbios_gates_GateHwi_enter__E)
                  000077c4    0000000c     release_pem4f.oem4f (.text:ti_sysbios_gates_GateMutexPri_Params__init__S)
                  000077d0    0000000c     release_pem4f.oem4f (.text:ti_sysbios_knl_Mailbox_Params__init__S)
                  000077dc    0000000c     release_pem4f.oem4f (.text:ti_sysbios_knl_Queue_Object__get__S)
                  000077e8    0000000c     release_pem4f.oem4f (.text:ti_sysbios_knl_Semaphore_Params__init__S)
                  000077f4    0000000c     release_pem4f.oem4f (.text:ti_sysbios_knl_Task_Params__init__S)
                  00007800    0000000c     sysbios.aem4f : BIOS.obj (.text:xdc_runtime_Gate_enterSystem__E)
                  0000780c    00000004     --HOLE-- [fill = 0]
                  00007810    0000000c                   : BIOS.obj (.text:xdc_runtime_Startup_rtsDone__E)
                  0000781c    0000000a     drivers_msp432p4xx.aem4f : ADC.oem4f (.text:ADC_Params_init)
                  00007826    0000000a                              : ADC.oem4f (.text:ADC_close)
                  00007830    0000000a                              : ADC.oem4f (.text:ADC_convert)
                  0000783a    0000000a     Crystalfontz128x128_ST7735.obj (.text:Crystalfontz128x128_Flush)
                  00007844    0000000a     grlib.lib : context.o (.text:Graphics_clearDisplay)
                  0000784e    0000000a               : display.o (.text:Graphics_clearDisplayOnDisplay)
                  00007858    0000000a               : display.o (.text:Graphics_translateColorOnDisplay)
                  00007862    0000000a     drivers_msp432p4xx.aem4f : PWM.oem4f (.text:PWM_start)
                  0000786c    0000000a     dpl_msp432p4xx.aem4f : SemaphoreP_tirtos.oem4f (.text:SemaphoreP_Params_init)
                  00007876    0000000a                          : SemaphoreP_tirtos.oem4f (.text:SemaphoreP_post)
                  00007880    0000000a     release_pem4f.oem4f (.text:xdc_runtime_IHeap_alloc)
                  0000788a    0000000a     release_pem4f.oem4f (.text:xdc_runtime_IHeap_free)
                  00007894    00000008     MSP_EXP432P401R.obj (.text:MSP_EXP432P401R_initGeneral)
                  0000789c    00000004     --HOLE-- [fill = 0]
                  000078a0    00000008     sysbios.aem4f : BIOS.obj (.text:ti_sysbios_family_arm_m3_Hwi_doSwiRestore__I)
                  000078a8    00000008                   : BIOS.obj (.text:ti_sysbios_family_arm_m3_Hwi_startup__E)
                  000078b0    00000006                   : BIOS.obj (.text:ti_sysbios_family_arm_m3_Hwi_doTaskRestore__I)
                  000078b6    00000002     --HOLE-- [fill = 0]
                  000078b8    00000006                   : BIOS.obj (.text:ti_sysbios_family_arm_m3_Hwi_restoreFxn__E)
                  000078be    00000002     --HOLE-- [fill = 0]
                  000078c0    00000006                   : BIOS.obj (.text:ti_sysbios_gates_GateHwi_leave__E)
                  000078c6    00000002     --HOLE-- [fill = 0]
                  000078c8    00000006                   : BIOS.obj (.text:ti_sysbios_heaps_HeapMem_isBlocking__E)
                  000078ce    00000002     --HOLE-- [fill = 0]
                  000078d0    00000006                   : BIOS.obj (.text:ti_sysbios_knl_Queue_Instance_init__E)
                  000078d6    00000002     --HOLE-- [fill = 0]
                  000078d8    00000006                   : BIOS.obj (.text:ti_sysbios_knl_Swi_startup__E)
                  000078de    00000002     --HOLE-- [fill = 0]
                  000078e0    00000006                   : BIOS.obj (.text:xdc_runtime_System_Module_startup__E)
                  000078e6    00000002     --HOLE-- [fill = 0]
                  000078e8    00000004                   : BIOS.obj (.text:ti_sysbios_gates_GateHwi_query__E)
                  000078ec    00000004     --HOLE-- [fill = 0]
                  000078f0    00000004                   : BIOS.obj (.text:ti_sysbios_gates_GateMutexPri_query__E)
                  000078f4    00000004     --HOLE-- [fill = 0]
                  000078f8    00000004                   : BIOS.obj (.text:ti_sysbios_gates_GateMutex_query__E)
                  000078fc    00000004     --HOLE-- [fill = 0]
                  00007900    00000004                   : BIOS.obj (.text:ti_sysbios_knl_Task_startup__E)
                  00007904    00000004     --HOLE-- [fill = 0]
                  00007908    00000002                   : BIOS.obj (.text:ti_sysbios_BIOS_linkedWithIncorrectBootLibrary__E)
                  0000790a    00000006     --HOLE-- [fill = 0]
                  00007910    00000002                   : BIOS.obj (.text:ti_sysbios_gates_GateHwi_Instance_init__E)
                  00007912    00000006     --HOLE-- [fill = 0]
                  00007918    00000002                   : BIOS.obj (.text:ti_sysbios_knl_Clock_logTick__E)
                  0000791a    00000006     --HOLE-- [fill = 0]
                  00007920    00000002                   : BIOS.obj (.text:xdc_runtime_SysCallback_defaultAbort)
                  00007922    00000006     --HOLE-- [fill = 0]
                  00007928    00000002                   : BIOS.obj (.text:xdc_runtime_SysCallback_defaultExit)
                  0000792a    00000006     --HOLE-- [fill = 0]
                  00007930    00000002                   : BIOS.obj (.text:xdc_runtime_System_abortSpin__E)
                  00007932    00000006     --HOLE-- [fill = 0]
                  00007938    00000002                   : BIOS.obj (.text:xdc_runtime_System_exitSpin__E)

.const     0    0000793c    00000b37     
                  0000793c    000002f8     fontfixed6x8.obj (.const:.string:g_pucFontFixed6x8Data)
                  00007c34    00000101     rtsv7M4_T_le_v4SPD16_eabi.lib : ctype.obj (.const:.string:_ctypes_)
                  00007d35    00000001     release_pem4f.oem4f (.const:xdc_runtime_Error_policy__C)
                  00007d36    00000002     release_pem4f.oem4f (.const:ti_sysbios_family_arm_m3_Hwi_Module__id__C)
                  00007d38    000000c8     fontfixed6x8.obj (.const:g_sFontFixed6x8)
                  00007e00    00000048     release_pem4f.oem4f (.const:.string)
                  00007e48    0000003c     release_pem4f.oem4f (.const:ti_sysbios_knl_Task_Object__PARAMS__C)
                  00007e84    00000034     release_pem4f.oem4f (.const:ti_sysbios_knl_Mailbox_Object__PARAMS__C)
                  00007eb8    00000030     msp432p4xx_driverlib.lib : gpio.o (.const:GPIO_PORT_TO_BASE)
                  00007ee8    00000030     release_pem4f.oem4f (.const:ti_sysbios_family_arm_m3_Hwi_Object__PARAMS__C)
                  00007f18    00000028     release_pem4f.oem4f (.const:ti_sysbios_heaps_HeapMem_Module__FXNS__C)
                  00007f40    00000024     MSP_EXP432P401R.obj (.const:ADC_config)
                  00007f64    00000024     MSP_EXP432P401R.obj (.const:PWM_config)
                  00007f88    00000024     MSP_EXP432P401R.obj (.const:adcMSP432HWAttrs)
                  00007fac    00000024     release_pem4f.oem4f (.const:ti_sysbios_gates_GateHwi_Module__FXNS__C)
                  00007fd0    00000024     release_pem4f.oem4f (.const:ti_sysbios_gates_GateMutexPri_Module__FXNS__C)
                  00007ff4    00000024     release_pem4f.oem4f (.const:ti_sysbios_gates_GateMutex_Module__FXNS__C)
                  00008018    00000024     release_pem4f.oem4f (.const:ti_sysbios_heaps_HeapMem_Object__PARAMS__C)
                  0000803c    00000024     release_pem4f.oem4f (.const:ti_sysbios_knl_Semaphore_Object__PARAMS__C)
                  00008060    00000024     release_pem4f.oem4f (.const:xdc_runtime_Startup_sfxnTab__A)
                  00008084    00000020     drivers_msp432p4xx.aem4f : PWMTimerMSP432.oem4f (.const:PWMTimerMSP432_fxnTable)
                  000080a4    00000020     Crystalfontz128x128_ST7735.obj (.const:g_sCrystalfontz128x128_funcs)
                  000080c4    00000020     release_pem4f.oem4f (.const:ti_sysbios_family_arm_m3_Hwi_Object__DESC__C)
                  000080e4    00000020     release_pem4f.oem4f (.const:ti_sysbios_gates_GateHwi_Object__DESC__C)
                  00008104    00000020     release_pem4f.oem4f (.const:ti_sysbios_gates_GateMutexPri_Object__DESC__C)
                  00008124    00000020     release_pem4f.oem4f (.const:ti_sysbios_gates_GateMutex_Object__DESC__C)
                  00008144    00000020     release_pem4f.oem4f (.const:ti_sysbios_heaps_HeapMem_Object__DESC__C)
                  00008164    00000020     release_pem4f.oem4f (.const:ti_sysbios_knl_Event_Object__DESC__C)
                  00008184    00000020     release_pem4f.oem4f (.const:ti_sysbios_knl_Mailbox_Object__DESC__C)
                  000081a4    00000020     release_pem4f.oem4f (.const:ti_sysbios_knl_Queue_Object__DESC__C)
                  000081c4    00000020     release_pem4f.oem4f (.const:ti_sysbios_knl_Semaphore_Object__DESC__C)
                  000081e4    00000020     release_pem4f.oem4f (.const:ti_sysbios_knl_Task_Object__DESC__C)
                  00008204    0000001c     HAL_MSP_EXP432P401R_Crystalfontz128x128_ST7735.obj (.const:$P$T0$1)
                  00008220    00000018     drivers_msp432p4xx.aem4f : ADCMSP432.oem4f (.const:ADCMSP432_fxnTable)
                  00008238    00000018                              : PWM.oem4f (.const:PWM_defaultParams)
                  00008250    00000018     MSP_EXP432P401R.obj (.const:PowerMSP432_config)
                  00008268    00000018     MSP_EXP432P401R.obj (.const:pwmTimerMSP432HWAttrs)
                  00008280    00000018     release_pem4f.oem4f (.const:ti_sysbios_gates_GateHwi_Object__PARAMS__C)
                  00008298    00000018     release_pem4f.oem4f (.const:ti_sysbios_gates_GateMutexPri_Object__PARAMS__C)
                  000082b0    00000018     release_pem4f.oem4f (.const:ti_sysbios_gates_GateMutex_Object__PARAMS__C)
                  000082c8    00000018     release_pem4f.oem4f (.const:ti_sysbios_knl_Event_Object__PARAMS__C)
                  000082e0    00000018     release_pem4f.oem4f (.const:ti_sysbios_knl_Queue_Object__PARAMS__C)
                  000082f8    00000014     MSP_EXP432P401R.obj (.const:GPIOMSP432_config)
                  0000830c    00000012     release_pem4f.oem4f (.const:xdc_runtime_Startup_sfxnRts__A)
                  0000831e    00000002     release_pem4f.oem4f (.const:ti_sysbios_family_arm_msp432_init_Boot_bypassHFXT__C)
                  00008320    00000010     drivers_msp432p4xx.aem4f : PWMTimerMSP432.oem4f (.const:pwmTimerBaseAddr)
                  00008330    0000000c     MSP_EXP432P401R.obj (.const)
                  0000833c    0000000c     release_pem4f.oem4f (.const:xdc_runtime_Startup_firstFxns__A)
                  00008348    00000008     Crystalfontz128x128_ST7735.obj (.const:$P$T0$1)
                  00008350    00000008     drivers_msp432p4xx.aem4f : ADC.oem4f (.const:ADC_defaultParams)
                  00008358    00000008     release_pem4f.oem4f (.const:ti_sysbios_knl_Idle_funcList__C)
                  00008360    00000008     release_pem4f.oem4f (.const:xdc_runtime_Startup_firstFxns__C)
                  00008368    00000008     release_pem4f.oem4f (.const:xdc_runtime_Startup_lastFxns__C)
                  00008370    00000006     drivers_msp432p4xx.aem4f : GPIOMSP432.oem4f (.const:.string:interruptType)
                  00008376    00000006                              : GPIOMSP432.oem4f (.const:.string:portInterruptIds)
                  0000837c    00000004     bsp_led.obj (.const:g_led_mapping)
                  00008380    00000004     release_pem4f.oem4f (.const:ti_sysbios_family_arm_m3_Hwi_E_alreadyDefined__C)
                  00008384    00000004     release_pem4f.oem4f (.const:ti_sysbios_family_arm_m3_Hwi_NUM_INTERRUPTS__C)
                  00008388    00000004     release_pem4f.oem4f (.const:ti_sysbios_family_arm_m3_Hwi_Object__count__C)
                  0000838c    00000004     release_pem4f.oem4f (.const:ti_sysbios_family_arm_m3_Hwi_ccr__C)
                  00008390    00000004     release_pem4f.oem4f (.const:ti_sysbios_family_arm_m3_Hwi_excHandlerFunc__C)
                  00008394    00000004     release_pem4f.oem4f (.const:ti_sysbios_family_arm_m3_Hwi_nullIsrFunc__C)
                  00008398    00000004     release_pem4f.oem4f (.const:ti_sysbios_family_arm_m3_Hwi_priGroup__C)
                  0000839c    00000004     release_pem4f.oem4f (.const:ti_sysbios_family_arm_m3_Hwi_swiDisable__C)
                  000083a0    00000004     release_pem4f.oem4f (.const:ti_sysbios_family_arm_m3_Hwi_swiRestoreHwi__C)
                  000083a4    00000004     release_pem4f.oem4f (.const:ti_sysbios_family_arm_m3_TaskSupport_stackAlignment__C)
                  000083a8    00000004     release_pem4f.oem4f (.const:ti_sysbios_family_arm_msp432_Timer_numTimerDevices__C)
                  000083ac    00000004     release_pem4f.oem4f (.const:ti_sysbios_family_arm_msp432_Timer_startupNeeded__C)
                  000083b0    00000004     release_pem4f.oem4f (.const:ti_sysbios_gates_GateMutexPri_Instance_State_pendQ__O)
                  000083b4    00000004     release_pem4f.oem4f (.const:ti_sysbios_gates_GateMutex_Instance_State_sem__O)
                  000083b8    00000004     release_pem4f.oem4f (.const:ti_sysbios_heaps_HeapMem_E_memory__C)
                  000083bc    00000004     release_pem4f.oem4f (.const:ti_sysbios_heaps_HeapMem_Module__gateObj__C)
                  000083c0    00000004     release_pem4f.oem4f (.const:ti_sysbios_heaps_HeapMem_Object__count__C)
                  000083c4    00000004     release_pem4f.oem4f (.const:ti_sysbios_heaps_HeapMem_primaryHeapBaseAddr__C)
                  000083c8    00000004     release_pem4f.oem4f (.const:ti_sysbios_heaps_HeapMem_primaryHeapEndAddr__C)
                  000083cc    00000004     release_pem4f.oem4f (.const:ti_sysbios_heaps_HeapMem_reqAlign__C)
                  000083d0    00000004     release_pem4f.oem4f (.const:ti_sysbios_knl_Clock_Module_State_clockQ__O)
                  000083d4    00000004     release_pem4f.oem4f (.const:ti_sysbios_knl_Event_Instance_State_pendQ__O)
                  000083d8    00000004     release_pem4f.oem4f (.const:ti_sysbios_knl_Idle_funcList__A)
                  000083dc    00000004     release_pem4f.oem4f (.const:ti_sysbios_knl_Mailbox_Instance_State_dataQue__O)
                  000083e0    00000004     release_pem4f.oem4f (.const:ti_sysbios_knl_Mailbox_Instance_State_dataSem__O)
                  000083e4    00000004     release_pem4f.oem4f (.const:ti_sysbios_knl_Mailbox_Instance_State_freeQue__O)
                  000083e8    00000004     release_pem4f.oem4f (.const:ti_sysbios_knl_Mailbox_Instance_State_freeSem__O)
                  000083ec    00000004     release_pem4f.oem4f (.const:ti_sysbios_knl_Mailbox_Object__count__C)
                  000083f0    00000004     release_pem4f.oem4f (.const:ti_sysbios_knl_Mailbox_maxTypeAlign__C)
                  000083f4    00000004     release_pem4f.oem4f (.const:ti_sysbios_knl_Semaphore_Instance_State_pendQ__O)
                  000083f8    00000004     release_pem4f.oem4f (.const:ti_sysbios_knl_Swi_Object__count__C)
                  000083fc    00000004     release_pem4f.oem4f (.const:ti_sysbios_knl_Task_Module_State_inactiveQ__O)
                  00008400    00000004     release_pem4f.oem4f (.const:ti_sysbios_knl_Task_Object__count__C)
                  00008404    00000004     release_pem4f.oem4f (.const:ti_sysbios_knl_Task_allBlockedFunc__C)
                  00008408    00000004     release_pem4f.oem4f (.const:ti_sysbios_knl_Task_defaultStackHeap__C)
                  0000840c    00000004     release_pem4f.oem4f (.const:ti_sysbios_knl_Task_defaultStackSize__C)
                  00008410    00000004     release_pem4f.oem4f (.const:ti_sysbios_knl_Task_numConstructedTasks__C)
                  00008414    00000004     release_pem4f.oem4f (.const:xdc_runtime_Error_E_memory__C)
                  00008418    00000004     release_pem4f.oem4f (.const:xdc_runtime_Error_policyFxn__C)
                  0000841c    00000004     release_pem4f.oem4f (.const:xdc_runtime_IGateProvider_Interface__BASE__C)
                  00008420    00000004     release_pem4f.oem4f (.const:xdc_runtime_IHeap_Interface__BASE__C)
                  00008424    00000004     release_pem4f.oem4f (.const:xdc_runtime_IModule_Interface__BASE__C)
                  00008428    00000004     release_pem4f.oem4f (.const:xdc_runtime_Memory_defaultHeapInstance__C)
                  0000842c    00000004     release_pem4f.oem4f (.const:xdc_runtime_Startup_execImpl__C)
                  00008430    00000004     release_pem4f.oem4f (.const:xdc_runtime_Startup_maxPasses__C)
                  00008434    00000004     release_pem4f.oem4f (.const:xdc_runtime_Startup_sfxnRts__C)
                  00008438    00000004     release_pem4f.oem4f (.const:xdc_runtime_Startup_sfxnTab__C)
                  0000843c    00000004     release_pem4f.oem4f (.const:xdc_runtime_SysCallback_abortFxn__C)
                  00008440    00000004     release_pem4f.oem4f (.const:xdc_runtime_SysCallback_exitFxn__C)
                  00008444    00000004     release_pem4f.oem4f (.const:xdc_runtime_System_Module__gateObj__C)
                  00008448    00000004     release_pem4f.oem4f (.const:xdc_runtime_System_abortFxn__C)
                  0000844c    00000004     release_pem4f.oem4f (.const:xdc_runtime_System_exitFxn__C)
                  00008450    00000004     release_pem4f.oem4f (.const:xdc_runtime_System_maxAtexitHandlers__C)
                  00008454    00000004     release_pem4f.oem4f (.const:xdc_runtime_Text_charTab__C)
                  00008458    00000004     release_pem4f.oem4f (.const:xdc_runtime_Text_nameEmpty__C)
                  0000845c    00000004     release_pem4f.oem4f (.const:xdc_runtime_Text_nameStatic__C)
                  00008460    00000004     release_pem4f.oem4f (.const:xdc_runtime_Text_nameUnknown__C)
                  00008464    00000002     release_pem4f.oem4f (.const:ti_sysbios_family_arm_msp432_init_Boot_bypassLFXT__C)
                  00008466    00000002     release_pem4f.oem4f (.const:ti_sysbios_family_arm_msp432_init_Boot_enableHFXT__C)
                  00008468    00000002     release_pem4f.oem4f (.const:ti_sysbios_family_arm_msp432_init_Boot_enableLFXT__C)
                  0000846a    00000002     release_pem4f.oem4f (.const:ti_sysbios_heaps_HeapMem_Module__id__C)
                  0000846c    00000002     release_pem4f.oem4f (.const:xdc_runtime_Memory_Module__id__C)
                  0000846e    00000002     release_pem4f.oem4f (.const:xdc_runtime_Text_charCnt__C)
                  00008470    00000002     release_pem4f.oem4f (.const:xdc_runtime_Text_isLoaded__C)
                  00008472    00000001     release_pem4f.oem4f (.const:xdc_runtime_Text_charTab__A)

.cinit     0    00008478    00000248     
                  00008478    0000021e     (.cinit..data.load) [load image, compression = lzss]
                  00008696    00000002     --HOLE-- [fill = 0]
                  00008698    0000000c     (__TI_handler_table)
                  000086a4    00000004     --HOLE-- [fill = 0]
                  000086a8    00000008     (.cinit..bss.load) [load image, compression = zero_init]
                  000086b0    00000010     (__TI_cinit_table)

.init_array 
*          0    00000000    00000000     UNINITIALIZED

.data      0    20008140    000005cb     UNINITIALIZED
                  20008140    000000d0     drivers_msp432p4xx.aem4f : PowerMSP432.oem4f (.data:PowerMSP432_perfLevels)
                  20008210    00000080                              : PWMTimerMSP432.oem4f (.data:pwmTimerStatus)
                  20008290    00000080     release_pem4f.oem4f (.data:ti_sysbios_knl_Swi_Module_State_0_readyQ__A)
                  20008310    00000080     release_pem4f.oem4f (.data:ti_sysbios_knl_Task_Module_State_0_readyQ__A)
                  20008390    0000004c     release_pem4f.oem4f (.data:ti_sysbios_family_arm_msp432_Timer_Object__table__V)
                  200083dc    0000004c     release_pem4f.oem4f (.data:ti_sysbios_knl_Task_Object__table__V)
                  20008428    00000044     release_pem4f.oem4f (.data:ti_sysbios_knl_Task_Module__state__V)
                  2000846c    00000038     release_pem4f.oem4f (.data:ti_sysbios_gates_GateMutex_Object__table__V)
                  200084a4    00000034     release_pem4f.oem4f (.data:ti_sysbios_family_arm_m3_Hwi_Module__state__V)
                  200084d8    00000030     release_pem4f.oem4f (.data:ti_sysbios_knl_Swi_Object__table__V)
                  20008508    0000002c     drivers_msp432p4xx.aem4f : PowerMSP432.oem4f (.data:PowerMSP432_module)
                  20008534    0000002c     release_pem4f.oem4f (.data:ti_sysbios_knl_Clock_Module__state__V)
                  20008560    00000024     release_pem4f.oem4f (.data:ti_sysbios_BIOS_Module__state__V)
                  20008584    00000020     MSP_EXP432P401R.obj (.data:gpioPinConfigs)
                  200085a4    00000020     release_pem4f.oem4f (.data:ti_sysbios_family_arm_msp432_Timer_Module_State_0_device__A)
                  200085c4    00000020     release_pem4f.oem4f (.data:xdc_runtime_Error_IgnoreBlock)
                  200085e4    0000001c     release_pem4f.oem4f (.data:ti_sysbios_knl_Swi_Module__state__V)
                  20008600    00000018     release_pem4f.oem4f (.data:ti_sysbios_family_arm_m3_Hwi_Object__table__V)
                  20008618    00000018     release_pem4f.oem4f (.data:ti_sysbios_heaps_HeapMem_Object__table__V)
                  20008630    00000010     Crystalfontz128x128_ST7735.obj (.data:g_sCrystalfontz128x128)
                  20008640    00000010     release_pem4f.oem4f (.data:ti_sysbios_family_arm_msp432_Timer_Module_State_0_handles__A)
                  20008650    0000000c     release_pem4f.oem4f (.data:ti_sysbios_family_arm_msp432_ClockFreqs_Module__state__V)
                  2000865c    0000000c     release_pem4f.oem4f (.data:ti_sysbios_family_arm_msp432_Timer_Module__state__V)
                  20008668    00000008     rtsv7M4_T_le_v4SPD16_eabi.lib : _lock.obj (.data:$O1$$)
                  20008670    00000008     drivers_msp432p4xx.aem4f : ADCMSP432.oem4f (.data)
                  20008678    00000008     MSP_EXP432P401R.obj (.data:gpioCallbackFunctions)
                  20008680    00000008     release_pem4f.oem4f (.data:ti_sysbios_family_arm_m3_Hwi_Module__root__V)
                  20008688    00000008     release_pem4f.oem4f (.data:ti_sysbios_gates_GateHwi_Module__root__V)
                  20008690    00000008     release_pem4f.oem4f (.data:ti_sysbios_gates_GateMutexPri_Module__root__V)
                  20008698    00000008     release_pem4f.oem4f (.data:ti_sysbios_gates_GateMutex_Module__root__V)
                  200086a0    00000008     release_pem4f.oem4f (.data:ti_sysbios_heaps_HeapMem_Module__root__V)
                  200086a8    00000008     release_pem4f.oem4f (.data:ti_sysbios_knl_Event_Module__root__V)
                  200086b0    00000008     release_pem4f.oem4f (.data:ti_sysbios_knl_Mailbox_Module__root__V)
                  200086b8    00000008     release_pem4f.oem4f (.data:ti_sysbios_knl_Queue_Module__root__V)
                  200086c0    00000008     release_pem4f.oem4f (.data:ti_sysbios_knl_Semaphore_Module__root__V)
                  200086c8    00000008     release_pem4f.oem4f (.data:ti_sysbios_knl_Task_Module__root__V)
                  200086d0    00000008     release_pem4f.oem4f (.data:xdc_runtime_Startup_Module__state__V)
                  200086d8    00000008     release_pem4f.oem4f (.data:xdc_runtime_System_Module_State_0_atexitHandlers__A)
                  200086e0    00000008     release_pem4f.oem4f (.data:xdc_runtime_System_Module__state__V)
                  200086e8    00000004     rtsv7M4_T_le_v4SPD16_eabi.lib : errno.obj (.data)
                  200086ec    00000004                                   : stkdepth_vars.obj (.data)
                  200086f0    00000004     release_pem4f.oem4f (.data:ti_sysbios_family_arm_m3_Hwi_Module_State_0_excContext__A)
                  200086f4    00000004     release_pem4f.oem4f (.data:ti_sysbios_family_arm_m3_Hwi_Module_State_0_excStack__A)
                  200086f8    00000004     release_pem4f.oem4f (.data:ti_sysbios_gates_GateHwi_Object__table__V)
                  200086fc    00000004     release_pem4f.oem4f (.data:ti_sysbios_knl_Task_Module_State_0_idleTask__A)
                  20008700    00000004     release_pem4f.oem4f (.data:xdc_runtime_Memory_Module__state__V)
                  20008704    00000002     dive_controller.obj (.data)
                  20008706    00000002     release_pem4f.oem4f (.data:ti_sysbios_family_arm_m3_Hwi_Module_State_0_excActive__A)
                  20008708    00000001     drivers_msp432p4xx.aem4f : ADC.oem4f (.data)
                  20008709    00000001                              : GPIOMSP432.oem4f (.data)
                  2000870a    00000001                              : PWM.oem4f (.data)

.bss       0    20008710    0000056a     UNINITIALIZED
                  20008710    00000200     release_pem4f.oem4f (.bss:taskStackSection)
                  20008910    00000140     (.common:ti_sysbios_family_arm_m3_Hwi_dispatchTable)
                  20008a50    000000b4     (.common:timerMSP432Objects)
                  20008b04    0000003c     main.obj (.bss:task_params$1)
                  20008b40    00000034     main.obj (.bss:mbx_params_adc$4)
                  20008b74    00000034     main.obj (.bss:mbx_params_display$6)
                  20008ba8    00000030     drivers_msp432p4xx.aem4f : GPIOMSP432.oem4f (.bss:gpioCallbackInfo)
                  20008bd8    00000030     (.common:pwmTimerMSP432Objects)
                  20008c08    00000020     main.obj (.bss:eb$3)
                  20008c28    0000001c     protectedlcd.obj (.bss:g_context)
                  20008c44    00000008     main.obj (.bss)
                  20008c4c    00000008     (.common:adcMSP432Objects)
                  20008c54    00000004     protectedlcd.obj (.bss)
                  20008c58    00000004     (.common:alarm_event)
                  20008c5c    00000004     (.common:g_adc_mbox)
                  20008c60    00000004     (.common:g_alarm_event_handle)
                  20008c64    00000004     (.common:g_display_mbox)
                  20008c68    00000004     (.common:g_event_handle)
                  20008c6c    00000004     (.common:g_pwm_buzzer)
                  20008c70    00000002     (.common:Lcd_ScreenHeigth)
                  20008c72    00000002     (.common:Lcd_ScreenWidth)
                  20008c74    00000002     (.common:Lcd_TouchTrim)
                  20008c76    00000001     (.common:Lcd_FlagRead)
                  20008c77    00000001     (.common:Lcd_FontSolid)
                  20008c78    00000001     (.common:Lcd_Orientation)
                  20008c79    00000001     (.common:Lcd_PenSolid)

.priheap   0    20000140    00008000     UNINITIALIZED
                  20000140    00008000     --HOLE--

.stack     0    2000fc00    00000400     UNINITIALIZED
                  2000fc00    00000400     --HOLE--

.bootVecs 
*          0    00000000    00000008     DSECT
                  00000000    00000008     boot.aem4f : boot.oem4f (.bootVecs)

.resetVecs 
*          0    00000000    0000003c     
                  00000000    0000003c     release_pem4f.oem4f (.resetVecs)

.vecs      0    20000000    00000140     NOLOAD SECTION
                  20000000    00000140     release_pem4f.oem4f (.vecs)

xdc.meta   0    00000000    00000107     COPY SECTION
                  00000000    00000107     release_pem4f.oem4f (xdc.meta)

xdc.noload 
*          0    00000000    00000000     COPY SECTION

.binit     0    00000000    00000000     

MODULE SUMMARY

       Module                                               code    ro data   rw data
       ------                                               ----    -------   -------
    ./
       main.obj                                             824     0         208    
       display_task.obj                                     540     0         4      
       MSP_EXP432P401R.obj                                  8       188       276    
       dive_controller.obj                                  416     0         2      
       protectedlcd.obj                                     234     0         32     
       scuba.obj                                            222     0         0      
       bsp.obj                                              170     0         0      
       buttons_dive.obj                                     160     0         0      
       bsp_led.obj                                          152     4         0      
       adc_dive.obj                                         100     0         4      
       alarm.obj                                            92      0         0      
       alarmtask.obj                                        40      0         12     
       timertask.obj                                        32      0         0      
       blinkingledtask.obj                                  22      0         0      
    +--+----------------------------------------------------+-------+---------+---------+
       Total:                                               3012    192       538    
                                                                                     
    ./LcdDriver/
       Crystalfontz128x128_ST7735.obj                       1670    40        26     
       HAL_MSP_EXP432P401R_Crystalfontz128x128_ST7735.obj   212     28        0      
    +--+----------------------------------------------------+-------+---------+---------+
       Total:                                               1882    68        26     
                                                                                     
    ./fonts/
       fontfixed6x8.obj                                     0       960       0      
    +--+----------------------------------------------------+-------+---------+---------+
       Total:                                               0       960       0      
                                                                                     
    /Users/munanxu/software_bootcamp/tirtos_builds_MSP_EXP432P401R_release_ccs/Debug/configPkg/package/cfg/
       release_pem4f.oem4f                                  1646    1290      2170   
    +--+----------------------------------------------------+-------+---------+---------+
       Total:                                               1646    1290      2170   
                                                                                     
    /Applications/ti/ccsv7/tools/compiler/ti-cgt-arm_16.9.3.LTS/lib/rtsv7M4_T_le_v4SPD16_eabi.lib
       _printfi.obj                                         4414    0         0      
       ull_div_t2.obj                                       500     0         0      
       fd_add_t2.obj                                        438     0         0      
       fd_div_t2.obj                                        310     0         0      
       fd_cmp_t2.obj                                        268     0         0      
       ctype.obj                                            0       257       0      
       fd_mul_t2.obj                                        252     0         0      
       s_scalbn.obj                                         252     0         0      
       memcpy_t2.obj                                        156     0         0      
       snprintf.obj                                         148     0         0      
       memset_t2.obj                                        122     0         0      
       copy_decompress_lzss.obj                             104     0         0      
       s_frexp.obj                                          100     0         0      
       ltoa.obj                                             84      0         0      
       atoi.obj                                             76      0         0      
       cpy_tbl.obj                                          76      0         0      
       fd_toi_t2.obj                                        72      0         0      
       i_tofd_t2.obj                                        46      0         0      
       _lock.obj                                            20      0         8      
       memccpy.obj                                          28      0         0      
       args_main.obj                                        24      0         0      
       strchr.obj                                           22      0         0      
       s_copysign.obj                                       20      0         0      
       strlen.obj                                           20      0         0      
       copy_decompress_none.obj                             14      0         0      
       copy_zero_init.obj                                   12      0         0      
       errno.obj                                            0       0         4      
       stkdepth_vars.obj                                    0       0         4      
    +--+----------------------------------------------------+-------+---------+---------+
       Total:                                               7578    257       16     
                                                                                     
    /Users/munanxu/software_bootcamp/tirtos_builds_MSP_EXP432P401R_release_ccs/src/sysbios/sysbios.aem4f
       BIOS.obj                                             8902    0         0      
       m3_Hwi_asm.obj                                       306     0         0      
       m3_TaskSupport_asm.obj                               180     0         0      
       m3_Hwi_asm_switch.obj                                118     0         0      
    +--+----------------------------------------------------+-------+---------+---------+
       Total:                                               9506    0         0      
                                                                                     
    /Users/munanxu/ti/simplelink_msp432_sdk_1_30_00_40/kernel/tirtos/packages/ti/dpl/lib/dpl_msp432p4xx.aem4f
       PowerMSP432_tirtos.oem4f                             126     0         0      
       SemaphoreP_tirtos.oem4f                              116     0         0      
       HwiP_tirtos.oem4f                                    86      0         0      
    +--+----------------------------------------------------+-------+---------+---------+
       Total:                                               328     0         0      
                                                                                     
    /Users/munanxu/ti/simplelink_msp432_sdk_1_30_00_40/kernel/tirtos/packages/ti/targets/arm/rtsarm/lib/auto_init.aem4f
       auto_init.oem4f                                      160     0         0      
    +--+----------------------------------------------------+-------+---------+---------+
       Total:                                               160     0         0      
                                                                                     
    /Users/munanxu/ti/simplelink_msp432_sdk_1_30_00_40/kernel/tirtos/packages/ti/targets/arm/rtsarm/lib/boot.aem4f
       boot.oem4f                                           88      0         0      
    +--+----------------------------------------------------+-------+---------+---------+
       Total:                                               88      0         0      
                                                                                     
    /Users/munanxu/ti/simplelink_msp432_sdk_1_30_00_40/source/ti/devices/msp432p4xx/driverlib/ccs/msp432p4xx_driverlib.lib
       cs.o                                                 260     0         0      
       spi.o                                                222     0         0      
       gpio.o                                               156     48        0      
       sysctl.o                                             48      0         0      
       cpu.o                                                24      0         0      
    +--+----------------------------------------------------+-------+---------+---------+
       Total:                                               710     48        0      
                                                                                     
    /Users/munanxu/ti/simplelink_msp432_sdk_1_30_00_40/source/ti/drivers/lib/drivers_msp432p4xx.aem4f
       PowerMSP432.oem4f                                    1572    0         252    
       PWMTimerMSP432.oem4f                                 1340    48        128    
       GPIOMSP432.oem4f                                     804     12        49     
       ADCMSP432.oem4f                                      706     24        8      
       PWM.oem4f                                            158     24        1      
       ADC.oem4f                                            158     8         1      
       TimerMSP432.oem4f                                    104     0         0      
       List.oem4f                                           8       0         0      
    +--+----------------------------------------------------+-------+---------+---------+
       Total:                                               4850    116       439    
                                                                                     
    /Users/munanxu/ti/simplelink_msp432_sdk_1_30_00_40/source/ti/grlib/ccs/grlib.lib
       string.o                                             746     0         0      
       context.o                                            76      0         0      
       line.o                                               74      0         0      
       display.o                                            56      0         0      
    +--+----------------------------------------------------+-------+---------+---------+
       Total:                                               952     0         0      
                                                                                     
       Stack:                                               0       0         1024   
       Linker Generated:                                    0       578       0      
    +--+----------------------------------------------------+-------+---------+---------+
       Grand Total:                                         30712   3509      4213   


LINKER GENERATED COPY TABLES

__TI_cinit_table @ 000086b0 records: 2, size/record: 8, table size: 16
	.data: load addr=00008478, load size=0000021e bytes, run addr=20008140, run size=000005cb bytes, compression=lzss
[...]
00007689  Graphics_drawPixelOnDisplay                                 
00007697  Graphics_setBackgroundColor                                 
000076a5  Graphics_setForegroundColor                                 
000076b3  HwiP_Params_init                                            
000076c1  SemaphoreP_delete                                           
000076cf  bsp_halt                                                    
000076dd  __TI_decompress_none                                        
000076eb  PWMTimerMSP432_control                                      
000076f1  ti_sysbios_knl_Idle_loop__E                                 
00007701  ti_sysbios_knl_Queue_empty__E                               
0000770f  CPU_cpsid                                                   
0000771b  CPU_cpsie                                                   
00007727  EUSCI_A_SPI_enable                                          
00007733  EUSCI_B_SPI_enable                                          
00007741  Power_getConstraintMask                                     
0000774d  Power_getPerformanceLevel                                   
00007759  bsp_init                                                    
00007771  __TI_zero_init                                              
0000777d  ti_sysbios_family_arm_m3_Hwi_Params__init__S                
0000777d  ti_sysbios_hal_Hwi_HwiProxy_Params__init__S                 
00007789  ti_sysbios_family_arm_m3_Hwi_disableFxn__E                  
00007789  ti_sysbios_hal_Hwi_HwiProxy_disable__E                      
00007799  ti_sysbios_family_arm_m3_TaskSupport_getStackAlignment__E   
00007799  ti_sysbios_knl_Task_SupportProxy_getStackAlignment__E       
000077a9  ti_sysbios_family_arm_msp432_Timer_getMaxTicks__E           
000077b9  ti_sysbios_gates_GateHwi_enter__E                           
000077c5  ti_sysbios_gates_GateMutexPri_Params__init__S               
000077d1  ti_sysbios_knl_Mailbox_Params__init__S                      
000077dd  ti_sysbios_knl_Queue_Object__get__S                         
000077e9  ti_sysbios_knl_Semaphore_Params__init__S                    
000077f5  ti_sysbios_knl_Task_Params__init__S                         
00007801  xdc_runtime_Gate_enterSystem__E                             
00007811  xdc_runtime_Startup_rtsDone__E                              
0000781d  ADC_Params_init                                             
00007827  ADC_close                                                   
00007831  ADC_convert                                                 
00007845  Graphics_clearDisplay                                       
0000784f  Graphics_clearDisplayOnDisplay                              
00007859  Graphics_translateColorOnDisplay                            
00007863  PWM_start                                                   
0000786d  SemaphoreP_Params_init                                      
00007877  SemaphoreP_post                                             
00007877  SemaphoreP_postFromClock                                    
00007881  xdc_runtime_Memory_HeapProxy_alloc__E                       
0000788b  xdc_runtime_Memory_HeapProxy_free__E                        
00007895  MSP_EXP432P401R_initGeneral                                 
000078a1  ti_sysbios_family_arm_m3_Hwi_doSwiRestore__I                
000078a9  ti_sysbios_family_arm_m3_Hwi_startup__E                     
000078a9  ti_sysbios_hal_Hwi_HwiProxy_startup__E                      
000078b1  ti_sysbios_family_arm_m3_Hwi_doTaskRestore__I               
000078b9  HwiP_restore                                                
000078b9  ti_sysbios_family_arm_m3_Hwi_restoreFxn__E                  
000078b9  ti_sysbios_hal_Hwi_HwiProxy_restore__E                      
000078c1  ti_sysbios_gates_GateHwi_leave__E                           
000078c9  ti_sysbios_heaps_HeapMem_isBlocking__E                      
000078d1  ti_sysbios_knl_Queue_Instance_init__E                       
000078d9  ti_sysbios_knl_Swi_startup__E                               
000078e1  xdc_runtime_System_Module_startup__E                        
000078e9  ti_sysbios_gates_GateHwi_query__E                           
000078e9  xdc_runtime_Main_Module_GateProxy_query__E                  
000078e9  xdc_runtime_System_Module_GateProxy_query__E                
000078f1  ti_sysbios_gates_GateMutexPri_query__E                      
000078f9  ti_sysbios_BIOS_RtsGateProxy_query__E                       
000078f9  ti_sysbios_gates_GateMutex_query__E                         
000078f9  ti_sysbios_heaps_HeapMem_Module_GateProxy_query__E          
00007901  ti_sysbios_knl_Task_startup__E                              
00007909  ti_sysbios_BIOS_linkedWithIncorrectBootLibrary__E           
00007911  ti_sysbios_gates_GateHwi_Instance_init__E                   
00007919  ti_sysbios_knl_Clock_logTick__E                             
00007921  xdc_runtime_SysCallback_defaultAbort                        
00007929  xdc_runtime_SysCallback_defaultExit                         
00007931  xdc_runtime_System_abortSpin__E                             
00007939  xdc_runtime_System_exitSpin__E                              
00007c34  _ctypes_                                                    
00007d35  xdc_runtime_Error_policy__C                                 
00007d36  ti_sysbios_family_arm_m3_Hwi_Module__id__C                  
00007d38  g_sFontFixed6x8                                             
00007e48  ti_sysbios_knl_Task_Object__PARAMS__C                       
00007e84  ti_sysbios_knl_Mailbox_Object__PARAMS__C                    
00007ee8  ti_sysbios_family_arm_m3_Hwi_Object__PARAMS__C              
00007f18  ti_sysbios_heaps_HeapMem_Module__FXNS__C                    
00007f40  ADC_config                                                  
00007f64  PWM_config                                                  
00007f88  adcMSP432HWAttrs                                            
00007fac  ti_sysbios_gates_GateHwi_Module__FXNS__C                    
00007fd0  ti_sysbios_gates_GateMutexPri_Module__FXNS__C               
00007ff4  ti_sysbios_gates_GateMutex_Module__FXNS__C                  
00008000  HEAPSIZE                                                    
00008018  ti_sysbios_heaps_HeapMem_Object__PARAMS__C                  
0000803c  ti_sysbios_knl_Semaphore_Object__PARAMS__C                  
00008060  xdc_runtime_Startup_sfxnTab__A                              
00008084  PWMTimerMSP432_fxnTable                                     
000080a4  g_sCrystalfontz128x128_funcs                                
000080c4  ti_sysbios_family_arm_m3_Hwi_Object__DESC__C                
000080e4  ti_sysbios_gates_GateHwi_Object__DESC__C                    
00008104  ti_sysbios_gates_GateMutexPri_Object__DESC__C               
00008124  ti_sysbios_gates_GateMutex_Object__DESC__C                  
00008144  ti_sysbios_heaps_HeapMem_Object__DESC__C                    
00008164  ti_sysbios_knl_Event_Object__DESC__C                        
00008184  ti_sysbios_knl_Mailbox_Object__DESC__C                      
000081a4  ti_sysbios_knl_Queue_Object__DESC__C                        
000081c4  ti_sysbios_knl_Semaphore_Object__DESC__C                    
000081e4  ti_sysbios_knl_Task_Object__DESC__C                         
00008220  ADCMSP432_fxnTable                                          
00008238  PWM_defaultParams                                           
00008250  PowerMSP432_config                                          
00008268  pwmTimerMSP432HWAttrs                                       
00008280  ti_sysbios_gates_GateHwi_Object__PARAMS__C                  
00008298  ti_sysbios_gates_GateMutexPri_Object__PARAMS__C             
000082b0  ti_sysbios_gates_GateMutex_Object__PARAMS__C                
000082c8  ti_sysbios_knl_Event_Object__PARAMS__C                      
000082e0  ti_sysbios_knl_Queue_Object__PARAMS__C                      
000082f8  GPIOMSP432_config                                           
0000830c  xdc_runtime_Startup_sfxnRts__A                              
0000831e  ti_sysbios_family_arm_msp432_init_Boot_bypassHFXT__C        
00008330  ADC_count                                                   
00008331  ADCBuf_count                                                
00008332  Capture_count                                               
00008333  Display_count                                               
00008334  I2C_count                                                   
00008335  I2CSlave_count                                              
00008336  PWM_count                                                   
00008337  SDSPI_count                                                 
00008338  SPI_count                                                   
00008339  Timer_count                                                 
0000833a  UART_count                                                  
0000833b  Watchdog_count                                              
0000833c  xdc_runtime_Startup_firstFxns__A                            
00008350  ADC_defaultParams                                           
00008358  ti_sysbios_knl_Idle_funcList__C                             
00008360  xdc_runtime_Startup_firstFxns__C                            
00008368  xdc_runtime_Startup_lastFxns__C                             
00008380  ti_sysbios_family_arm_m3_Hwi_E_alreadyDefined__C            
00008384  ti_sysbios_family_arm_m3_Hwi_NUM_INTERRUPTS__C              
00008388  ti_sysbios_family_arm_m3_Hwi_Object__count__C               
0000838c  ti_sysbios_family_arm_m3_Hwi_ccr__C                         
00008390  ti_sysbios_family_arm_m3_Hwi_excHandlerFunc__C              
00008394  ti_sysbios_family_arm_m3_Hwi_nullIsrFunc__C                 
00008398  ti_sysbios_family_arm_m3_Hwi_priGroup__C                    
0000839c  ti_sysbios_family_arm_m3_Hwi_swiDisable__C                  
000083a0  ti_sysbios_family_arm_m3_Hwi_swiRestoreHwi__C               
000083a4  ti_sysbios_family_arm_m3_TaskSupport_stackAlignment__C      
000083a8  ti_sysbios_family_arm_msp432_Timer_numTimerDevices__C       
000083ac  ti_sysbios_family_arm_msp432_Timer_startupNeeded__C         
000083b0  ti_sysbios_gates_GateMutexPri_Instance_State_pendQ__O       
000083b4  ti_sysbios_gates_GateMutex_Instance_State_sem__O            
000083b8  ti_sysbios_heaps_HeapMem_E_memory__C                        
000083bc  ti_sysbios_heaps_HeapMem_Module__gateObj__C                 
000083c0  ti_sysbios_heaps_HeapMem_Object__count__C                   
000083c4  ti_sysbios_heaps_HeapMem_primaryHeapBaseAddr__C             
000083c8  ti_sysbios_heaps_HeapMem_primaryHeapEndAddr__C              
000083cc  ti_sysbios_heaps_HeapMem_reqAlign__C                        
000083d0  ti_sysbios_knl_Clock_Module_State_clockQ__O                 
000083d4  ti_sysbios_knl_Event_Instance_State_pendQ__O                
000083d8  ti_sysbios_knl_Idle_funcList__A                             
000083dc  ti_sysbios_knl_Mailbox_Instance_State_dataQue__O            
000083e0  ti_sysbios_knl_Mailbox_Instance_State_dataSem__O            
000083e4  ti_sysbios_knl_Mailbox_Instance_State_freeQue__O            
000083e8  ti_sysbios_knl_Mailbox_Instance_State_freeSem__O            
000083ec  ti_sysbios_knl_Mailbox_Object__count__C                     
000083f0  ti_sysbios_knl_Mailbox_maxTypeAlign__C                      
000083f4  ti_sysbios_knl_Semaphore_Instance_State_pendQ__O            
000083f8  ti_sysbios_knl_Swi_Object__count__C                         
000083fc  ti_sysbios_knl_Task_Module_State_inactiveQ__O               
00008400  ti_sysbios_knl_Task_Object__count__C                        
00008404  ti_sysbios_knl_Task_allBlockedFunc__C                       
00008408  ti_sysbios_knl_Task_defaultStackHeap__C                     
0000840c  ti_sysbios_knl_Task_defaultStackSize__C                     
00008410  ti_sysbios_knl_Task_numConstructedTasks__C                  
00008414  xdc_runtime_Error_E_memory__C                               
00008418  xdc_runtime_Error_policyFxn__C                              
0000841c  xdc_runtime_IGateProvider_Interface__BASE__C                
00008420  xdc_runtime_IHeap_Interface__BASE__C                        
00008424  xdc_runtime_IModule_Interface__BASE__C                      
00008428  xdc_runtime_Memory_defaultHeapInstance__C                   
0000842c  xdc_runtime_Startup_execImpl__C                             
00008430  xdc_runtime_Startup_maxPasses__C                            
00008434  xdc_runtime_Startup_sfxnRts__C                              
00008438  xdc_runtime_Startup_sfxnTab__C                              
0000843c  xdc_runtime_SysCallback_abortFxn__C                         
00008440  xdc_runtime_SysCallback_exitFxn__C                          
00008444  xdc_runtime_System_Module__gateObj__C                       
00008448  xdc_runtime_System_abortFxn__C                              
0000844c  xdc_runtime_System_exitFxn__C                               
00008450  xdc_runtime_System_maxAtexitHandlers__C                     
00008454  xdc_runtime_Text_charTab__C                                 
00008458  xdc_runtime_Text_nameEmpty__C                               
0000845c  xdc_runtime_Text_nameStatic__C                              
00008460  xdc_runtime_Text_nameUnknown__C                             
00008464  ti_sysbios_family_arm_msp432_init_Boot_bypassLFXT__C        
00008466  ti_sysbios_family_arm_msp432_init_Boot_enableHFXT__C        
00008468  ti_sysbios_family_arm_msp432_init_Boot_enableLFXT__C        
0000846a  ti_sysbios_heaps_HeapMem_Module__id__C                      
0000846c  xdc_runtime_Memory_Module__id__C                            
0000846e  xdc_runtime_Text_charCnt__C                                 
00008470  xdc_runtime_Text_isLoaded__C                                
00008472  xdc_runtime_Text_charTab__A                                 
00008478  __TI_static_base__                                          
00008698  __TI_Handler_Table_Base                                     
000086a4  __TI_Handler_Table_Limit                                    
000086b0  __TI_CINIT_Base                                             
000086c0  __TI_CINIT_Limit                                            
20000000  ti_sysbios_family_arm_m3_Hwi_ramVectors                     
20000140  __primary_heap_start__                                      
20008140  PowerMSP432_perfLevels                                      
20008140  __primary_heap_end__                                        
20008290  ti_sysbios_knl_Swi_Module_State_0_readyQ__A                 
20008310  ti_sysbios_knl_Task_Module_State_0_readyQ__A                
20008390  ti_sysbios_family_arm_msp432_Timer_Object__table__V         
200083dc  ti_sysbios_knl_Task_Object__table__V                        
20008428  ti_sysbios_knl_Task_Module__state__V                        
2000846c  ti_sysbios_gates_GateMutex_Object__table__V                 
200084a4  ti_sysbios_family_arm_m3_Hwi_Module__state__V               
200084d8  ti_sysbios_knl_Swi_Object__table__V                         
20008508  PowerMSP432_module                                          
20008534  ti_sysbios_knl_Clock_Module__state__V                       
20008560  ti_sysbios_BIOS_Module__state__V                            
20008584  gpioPinConfigs                                              
200085a4  ti_sysbios_family_arm_msp432_Timer_Module_State_0_device__A 
200085c4  xdc_runtime_Error_IgnoreBlock                               
200085e4  ti_sysbios_knl_Swi_Module__state__V                         
20008600  ti_sysbios_family_arm_m3_Hwi_Object__table__V               
20008618  ti_sysbios_heaps_HeapMem_Object__table__V                   
20008630  g_sCrystalfontz128x128                                      
20008640  ti_sysbios_family_arm_msp432_Timer_Module_State_0_handles__A
20008650  ti_sysbios_family_arm_msp432_ClockFreqs_Module__state__V    
2000865c  ti_sysbios_family_arm_msp432_Timer_Module__state__V         
20008668  _lock                                                       
2000866c  _unlock                                                     
20008678  gpioCallbackFunctions                                       
20008680  ti_sysbios_family_arm_m3_Hwi_Module__root__V                
20008688  ti_sysbios_gates_GateHwi_Module__root__V                    
20008690  ti_sysbios_gates_GateMutexPri_Module__root__V               
20008698  ti_sysbios_gates_GateMutex_Module__root__V                  
200086a0  ti_sysbios_heaps_HeapMem_Module__root__V                    
200086a8  ti_sysbios_knl_Event_Module__root__V                        
200086b0  ti_sysbios_knl_Mailbox_Module__root__V                      
200086b8  ti_sysbios_knl_Queue_Module__root__V                        
200086c0  ti_sysbios_knl_Semaphore_Module__root__V                    
200086c8  ti_sysbios_knl_Task_Module__root__V                         
200086d0  xdc_runtime_Startup_Module__state__V                        
200086d8  xdc_runtime_System_Module_State_0_atexitHandlers__A         
200086e0  xdc_runtime_System_Module__state__V                         
200086e8  errno                                                       
200086ec  main_func_sp                                                
200086f0  ti_sysbios_family_arm_m3_Hwi_Module_State_0_excContext__A   
200086f4  ti_sysbios_family_arm_m3_Hwi_Module_State_0_excStack__A     
200086f8  ti_sysbios_gates_GateHwi_Object__table__V                   
200086fc  ti_sysbios_knl_Task_Module_State_0_idleTask__A              
20008700  xdc_runtime_Memory_Module__state__V                         
20008706  ti_sysbios_family_arm_m3_Hwi_Module_State_0_excActive__A    
20008710  ti_sysbios_knl_Task_Instance_State_0_stack__A               
20008910  ti_sysbios_family_arm_m3_Hwi_dispatchTable                  
20008a50  timerMSP432Objects                                          
20008bd8  pwmTimerMSP432Objects                                       
20008c4c  adcMSP432Objects                                            
20008c58  alarm_event                                                 
20008c5c  g_adc_mbox                                                  
20008c60  g_alarm_event_handle                                        
20008c64  g_display_mbox                                              
20008c68  g_event_handle                                              
20008c6c  g_pwm_buzzer                                                
20008c70  Lcd_ScreenHeigth                                            
20008c72  Lcd_ScreenWidth                                             
20008c74  Lcd_TouchTrim                                               
20008c76  Lcd_FlagRead                                                
20008c77  Lcd_FontSolid                                               
20008c78  Lcd_Orientation                                             
20008c79  Lcd_PenSolid                                                
2000fc00  __stack                                                     
20010000  __STACK_END                                                 
4000480c  WDTCTL_SYM                                                  
e000e000  ti_sysbios_family_arm_m3_Hwi_nvic                           
ffffffff  __TI_pprof_out_hndl                                         
ffffffff  __TI_prof_data_size                                         
ffffffff  __TI_prof_data_start                                        
ffffffff  __binit__                                                   
ffffffff  __c_args__                                                  
ffffffff  binit                                                       
UNDEFED   SHT$$INIT_ARRAY$$Base                                       
UNDEFED   SHT$$INIT_ARRAY$$Limit                                      

[610 symbols]
