******************************************************************************
                  TI ARM Linker Unix v16.9.3                   
******************************************************************************
>> Linked Thu Aug 17 15:36:56 2017

OUTPUT FILE NAME:   <dive_computer.out>
ENTRY POINT SYMBOL: "_c_int00"  address: 000055b1


MEMORY CONFIGURATION

         name            origin    length      used     unused   attr    fill
----------------------  --------  ---------  --------  --------  ----  --------
  MAIN                  00000000   00040000  000087a5  0003785b  R  X
  INFO                  00200000   00004000  00000000  00004000  R  X
  SRAM_CODE             01000000   00010000  00000000  00010000  RW X
  SRAM_DATA             20000000   00010000  00009077  00006f89  RW  


SEGMENT ALLOCATION MAP

run origin  load origin   length   init length attrs members
----------  ----------- ---------- ----------- ----- -------
00000000    00000000    000087b0   000087b0    r-x
  00000000    00000000    0000003c   0000003c    r-- .resetVecs
  00000040    00000040    000079da   000079da    r-x .text
  00007a1c    00007a1c    00000b4f   00000b4f    r-- .const
  00008570    00008570    00000240   00000240    r-- .cinit
20000140    20000140    00008000   00000000    r--
  20000140    20000140    00008000   00000000    r-- .priheap
20008140    20008140    00000b3e   00000000    rw-
  20008140    20008140    000005c9   00000000    rw- .data
  20008710    20008710    0000056e   00000000    rw- .bss
2000fc00    2000fc00    00000400   00000000    rw-
  2000fc00    2000fc00    00000400   00000000    rw- .stack


SECTION ALLOCATION MAP

 output                                  attributes/
section   page    origin      length       input sections
--------  ----  ----------  ----------   ----------------
.text      0    00000040    000079da     
                  00000040    0000113e     rtsv7M4_T_le_v4SPD16_eabi.lib : _printfi.obj (.text)
                  0000117e    000002d0     grlib.lib : string.o (.text:Graphics_drawString)
                  0000144e    00000002     drivers_msp432p4xx.aem4f : ADCMSP432.oem4f (.text:ADCMSP432_init)
                  00001450    000002d0                              : PowerMSP432.oem4f (.text:Power_sleep)
                  00001720    00000290     main.obj (.text:startup_task)
                  000019b0    000001f4     rtsv7M4_T_le_v4SPD16_eabi.lib : ull_div_t2.obj (.text)
                  00001ba4    000001e4     display_task.obj (.text:display_task)
                  00001d88    000001d8     Crystalfontz128x128_ST7735.obj (.text:Crystalfontz128x128_PixelDrawMultiple)
                  00001f60    000001b6     rtsv7M4_T_le_v4SPD16_eabi.lib : fd_add_t2.obj (.text)
                  00002116    00000002     drivers_msp432p4xx.aem4f : PWMTimerMSP432.oem4f (.text:PWMTimerMSP432_init)
                  00002118    0000018c     dive_controller.obj (.text:dive_controller_task)
                  000022a4    0000015c     drivers_msp432p4xx.aem4f : GPIOMSP432.oem4f (.text:GPIO_setConfig)
                  00002400    00000158     alarmtask.obj (.text:alarmTaskFunction)
                  00002558    00000158     sysbios.aem4f : BIOS.obj (.text:ti_sysbios_knl_Event_pend__E)
                  000026b0    0000014c     drivers_msp432p4xx.aem4f : PowerMSP432.oem4f (.text:initPerfControl)
                  000027fc    00000136     rtsv7M4_T_le_v4SPD16_eabi.lib : fd_div_t2.obj (.text)
                  00002932    00000002     dpl_msp432p4xx.aem4f : PowerMSP432_tirtos.oem4f (.text:PowerMSP432_initPolicy)
                  00002934    00000134     Crystalfontz128x128_ST7735.obj (.text:Crystalfontz128x128_SetDrawFrame)
                  00002a68    00000130     sysbios.aem4f : BIOS.obj (.text:ti_sysbios_knl_Semaphore_pend__E)
                  00002b98    0000012c     Crystalfontz128x128_ST7735.obj (.text:Crystalfontz128x128_Init)
                  00002cc4    00000118     drivers_msp432p4xx.aem4f : ADCMSP432.oem4f (.text:ADCMSP432_convert)
                  00002ddc    00000004     grlib.lib : context.o (.text:Graphics_setFont)
                  00002de0    00000108     sysbios.aem4f : BIOS.obj (.text:xdc_runtime_Startup_startMods__I)
                  00002ee8    00000100     drivers_msp432p4xx.aem4f : PWMTimerMSP432.oem4f (.text:initHw)
                  00002fe8    000000fc     rtsv7M4_T_le_v4SPD16_eabi.lib : fd_mul_t2.obj (.text)
                  000030e4    000000fc                                   : s_scalbn.obj (.text)
                  000031e0    000000fc     sysbios.aem4f : BIOS.obj (.text:ti_sysbios_family_arm_msp432_init_Boot_configureClocksHigh)
                  000032dc    000000ec                   : m3_Hwi_asm.obj (.text:ti_sysbios_family_arm_m3_Hwi_dispatch__I)
                  000033c8    000000e0     msp432p4xx_driverlib.lib : cs.o (.text:CS_initClockSignal)
                  000034a8    000000d8     drivers_msp432p4xx.aem4f : PWMTimerMSP432.oem4f (.text:PWMTimerMSP432_open)
                  00003580    000000d4     sysbios.aem4f : BIOS.obj (.text:ti_sysbios_knl_Mailbox_Instance_init__E)
                  00003654    00000004     dpl_msp432p4xx.aem4f : HwiP_tirtos.oem4f (.text:HwiP_disable)
                  00003658    000000d0     sysbios.aem4f : BIOS.obj (.text:ti_sysbios_heaps_HeapMem_alloc__E)
                  00003728    000000c4                   : BIOS.obj (.text:ti_sysbios_knl_Task_sleep__E)
                  000037ec    00000004     drivers_msp432p4xx.aem4f : List.oem4f (.text:List_head)
                  000037f0    000000c0     sysbios.aem4f : BIOS.obj (.text:ti_sysbios_knl_Task_Instance_init__E)
                  000038b0    000000bc                   : BIOS.obj (.text:ti_sysbios_knl_Task_Instance_finalize__E)
                  0000396c    00000004     drivers_msp432p4xx.aem4f : List.oem4f (.text:List_next)
                  00003970    000000a8     sysbios.aem4f : BIOS.obj (.text:ti_sysbios_family_arm_msp432_Timer_periodicStub__E)
                  00003a18    000000a8                   : BIOS.obj (.text:xdc_runtime_Core_createObject__I)
                  00003ac0    000000a4                   : BIOS.obj (.text:ti_sysbios_knl_Task_setPri__E)
                  00003b64    000000a0     auto_init.aem4f : auto_init.oem4f (.text)
                  00003c04    000000a0     buttons_dive.obj (.text:button_task)
                  00003ca4    0000009c     Crystalfontz128x128_ST7735.obj (.text:Crystalfontz128x128_RectFill)
                  00003d40    0000009c     drivers_msp432p4xx.aem4f : PWMTimerMSP432.oem4f (.text:PWMTimerMSP432_setPeriod)
                  00003ddc    0000009c     rtsv7M4_T_le_v4SPD16_eabi.lib : memcpy_t2.obj (.text)
                  00003e78    00000098     drivers_msp432p4xx.aem4f : ADCMSP432.oem4f (.text:ADCMSP432_open)
                  00003f10    00000098     sysbios.aem4f : BIOS.obj (.text:ti_sysbios_family_arm_m3_Hwi_Instance_init__E)
                  00003fa8    00000094     rtsv7M4_T_le_v4SPD16_eabi.lib : snprintf.obj (.text)
                  0000403c    00000004     release_pem4f.oem4f (.text:ti_sysbios_BIOS_RtsGateProxy_enter__E)
                  00004040    00000094     sysbios.aem4f : BIOS.obj (.text:ti_sysbios_family_arm_m3_Hwi_initNVIC__E)
                  000040d4    00000090     drivers_msp432p4xx.aem4f : PWMTimerMSP432.oem4f (.text:PWMTimerMSP432_setDuty)
                  00004164    0000008c     sysbios.aem4f : m3_TaskSupport_asm.obj (.text:ti_sysbios_family_arm_m3_TaskSupport_buildTaskStack)
                  000041f0    0000008c                   : BIOS.obj (.text:ti_sysbios_gates_GateMutexPri_enter__E)
                  0000427c    00000004     release_pem4f.oem4f (.text:ti_sysbios_BIOS_RtsGateProxy_leave__E)
                  00004280    0000008c     sysbios.aem4f : BIOS.obj (.text:ti_sysbios_knl_Event_post__E)
                  0000430c    00000004     release_pem4f.oem4f (.text:ti_sysbios_family_arm_m3_TaskSupport_Module__startupDone__S)
                  00004310    0000008c     sysbios.aem4f : BIOS.obj (.text:ti_sysbios_knl_Task_postInit__I)
                  0000439c    00000088     protectedlcd.obj (.text:protected_lcd_init)
                  00004424    00000004     release_pem4f.oem4f (.text:ti_sysbios_heaps_HeapMem_Module_GateProxy_enter__E)
                  00004428    00000088     sysbios.aem4f : BIOS.obj (.text:ti_sysbios_knl_Mailbox_post__E)
                  000044b0    00000088                   : BIOS.obj (.text:xdc_runtime_Memory_alloc__E)
                  00004538    00000086     rtsv7M4_T_le_v4SPD16_eabi.lib : fd_cmp_t2.obj (.text:__aeabi_cdcmple)
                  000045be    00000086                                   : fd_cmp_t2.obj (.text:__aeabi_cdrcmple)
                  00004644    00000004     release_pem4f.oem4f (.text:ti_sysbios_heaps_HeapMem_Module_GateProxy_leave__E)
                  00004648    00000084     sysbios.aem4f : BIOS.obj (.text:ti_sysbios_family_arm_m3_Hwi_postInit__I)
                  000046cc    00000004     release_pem4f.oem4f (.text:ti_sysbios_knl_Clock_TimerProxy_getMaxTicks__E)
                  000046d0    00000084     sysbios.aem4f : BIOS.obj (.text:ti_sysbios_heaps_HeapMem_free__E)
                  00004754    00000004     release_pem4f.oem4f (.text:ti_sysbios_knl_Semaphore_delete)
                  00004758    00000084     sysbios.aem4f : BIOS.obj (.text:xdc_runtime_Core_constructObject__I)
                  000047dc    0000007c     msp432p4xx_driverlib.lib : spi.o (.text:SPI_initMaster)
                  00004858    0000007c     main.obj (.text:main)
                  000048d4    0000007a     rtsv7M4_T_le_v4SPD16_eabi.lib : memset_t2.obj (.text)
                  0000494e    00000002     release_pem4f.oem4f (.text:ti_sysbios_BIOS_nullFunc__I)
                  00004950    00000078     drivers_msp432p4xx.aem4f : PWMTimerMSP432.oem4f (.text:PWMTimerMSP432_close)
                  000049c8    00000076                              : PWMTimerMSP432.oem4f (.text:PWMTimerMSP432_stop)
                  00004a3e    00000002     --HOLE-- [fill = 0]
                  00004a40    00000074     sysbios.aem4f : BIOS.obj (.text:ti_sysbios_knl_Mailbox_pend__E)
                  00004ab4    00000004     release_pem4f.oem4f (.text:ti_sysbios_knl_Task_delete)
                  00004ab8    00000070     sysbios.aem4f : BIOS.obj (.text:ti_sysbios_heaps_HeapMem_initPrimary__I)
                  00004b28    00000070                   : BIOS.obj (.text:ti_sysbios_knl_Mailbox_Instance_finalize__E)
                  00004b98    00000070                   : BIOS.obj (.text:ti_sysbios_knl_Semaphore_post__E)
                  00004c08    00000070                   : BIOS.obj (.text:ti_sysbios_knl_Task_exit__E)
                  00004c78    0000006c                   : BIOS.obj (.text:ti_sysbios_gates_GateMutexPri_leave__E)
                  00004ce4    00000004     release_pem4f.oem4f (.text:xdc_runtime_System_Module_GateProxy_enter__E)
                  00004ce8    0000006c     sysbios.aem4f : BIOS.obj (.text:ti_sysbios_knl_Clock_workFunc__E)
                  00004d54    00000004     release_pem4f.oem4f (.text:xdc_runtime_System_Module_GateProxy_leave__E)
                  00004d58    0000006c     sysbios.aem4f : BIOS.obj (.text:ti_sysbios_knl_Swi_restoreHwi__E)
                  00004dc4    00000068     drivers_msp432p4xx.aem4f : PWMTimerMSP432.oem4f (.text:PWMTimerMSP432_start)
                  00004e2c    00000068     rtsv7M4_T_le_v4SPD16_eabi.lib : copy_decompress_lzss.obj (.text:decompress:lzss)
                  00004e94    00000004     --HOLE-- [fill = 0]
                  00004e98    00000066     sysbios.aem4f : BIOS.obj (.text:xdc_runtime_Core_deleteObject__I)
                  00004efe    00000002     --HOLE-- [fill = 0]
                  00004f00    00000064     drivers_msp432p4xx.aem4f : GPIOMSP432.oem4f (.text:GPIO_hwiIntFxn)
                  00004f64    00000064     rtsv7M4_T_le_v4SPD16_eabi.lib : s_frexp.obj (.text)
                  00004fc8    00000064     sysbios.aem4f : BIOS.obj (.text:ti_sysbios_family_arm_m3_Hwi_dispatchC__I)
                  0000502c    00000060     drivers_msp432p4xx.aem4f : ADCMSP432.oem4f (.text:ADCMSP432_close)
                  0000508c    00000060     Crystalfontz128x128_ST7735.obj (.text:Crystalfontz128x128_LineDrawH)
                  000050ec    00000060     Crystalfontz128x128_ST7735.obj (.text:Crystalfontz128x128_LineDrawV)
                  0000514c    0000005c     drivers_msp432p4xx.aem4f : GPIOMSP432.oem4f (.text:GPIO_init)
                  000051a8    0000005c                              : GPIOMSP432.oem4f (.text:GPIO_write)
                  00005204    0000005c                              : PowerMSP432.oem4f (.text:PowerMSP432_getFreqs)
                  00005260    0000005c     adc_dive.obj (.text:adc_task)
                  000052bc    0000005c     scuba.obj (.text:gas_to_surface_in_cl)
                  00005318    0000005c     alarm.obj (.text:speaker_config)
                  00005374    00000004     --HOLE-- [fill = 0]
                  00005378    0000005c     sysbios.aem4f : BIOS.obj (.text:ti_sysbios_knl_Swi_run__I)
                  000053d4    00000004     --HOLE-- [fill = 0]
                  000053d8    0000005c                   : BIOS.obj (.text:ti_sysbios_knl_Swi_schedule__I)
                  00005434    00000004     --HOLE-- [fill = 0]
                  00005438    0000005c                   : BIOS.obj (.text:ti_sysbios_knl_Task_Module_startup__E)
                  00005494    00000004     --HOLE-- [fill = 0]
                  00005498    0000005c                   : BIOS.obj (.text:ti_sysbios_knl_Task_startCore__E)
                  000054f4    00000004     --HOLE-- [fill = 0]
                  000054f8    0000005c                   : BIOS.obj (.text:xdc_runtime_Startup_exec__E)
                  00005554    0000005a     drivers_msp432p4xx.aem4f : ADCMSP432.oem4f (.text:initHw)
                  000055ae    00000002     --HOLE-- [fill = 0]
                  000055b0    00000058     boot.aem4f : boot.oem4f (.text)
                  00005608    00000058     sysbios.aem4f : m3_Hwi_asm_switch.obj (.text:ti_sysbios_family_arm_m3_Hwi_initStacks__E)
                  00005660    00000054     Crystalfontz128x128_ST7735.obj (.text:Crystalfontz128x128_SetOrientation)
                  000056b4    00000054     drivers_msp432p4xx.aem4f : GPIOMSP432.oem4f (.text:GPIO_setCallback)
                  00005708    00000054                              : PowerMSP432.oem4f (.text:Power_init)
                  0000575c    00000054     rtsv7M4_T_le_v4SPD16_eabi.lib : ltoa.obj (.text)
                  000057b0    00000054     release_pem4f.oem4f (.text:ti_sysbios_family_arm_m3_Hwi_create)
                  00005804    00000004     --HOLE-- [fill = 0]
                  00005808    00000054     sysbios.aem4f : BIOS.obj (.text:ti_sysbios_family_arm_msp432_Timer_initDevice__I)
                  0000585c    00000054     release_pem4f.oem4f (.text:ti_sysbios_knl_Mailbox_create)
                  000058b0    00000054     sysbios.aem4f : BIOS.obj (.text:xdc_runtime_Core_assignLabel__I)
                  00005904    00000052     scuba.obj (.text:adc_to_rate)
                  00005956    00000002     --HOLE-- [fill = 0]
                  00005958    00000050     drivers_msp432p4xx.aem4f : ADCMSP432.oem4f (.text:ADCMSP432_convertRawToMicroVolts)
                  000059a8    00000050     dpl_msp432p4xx.aem4f : PowerMSP432_tirtos.oem4f (.text:PowerMSP432_sleepPolicy)
                  000059f8    00000050     sysbios.aem4f : BIOS.obj (.text:ti_sysbios_family_arm_m3_Hwi_Module_startup__E)
                  00005a48    00000050     release_pem4f.oem4f (.text:ti_sysbios_knl_Task_create)
                  00005a98    0000004e     bsp.obj (.text:bsp_btn_read)
                  00005ae6    00000002     --HOLE-- [fill = 0]
                  00005ae8    0000004c     msp432p4xx_driverlib.lib : gpio.o (.text:GPIO_setAsPeripheralModuleFunctionOutputPin)
                  00005b34    0000004c     protectedlcd.obj (.text:protected_lcd_display)
                  00005b80    0000004c     rtsv7M4_T_le_v4SPD16_eabi.lib : atoi.obj (.text)
                  00005bcc    0000004c                                   : cpy_tbl.obj (.text)
                  00005c18    0000004c     sysbios.aem4f : BIOS.obj (.text:ti_sysbios_family_arm_msp432_Timer_start__E)
                  00005c64    00000004     --HOLE-- [fill = 0]
                  00005c68    0000004c                   : BIOS.obj (.text:ti_sysbios_heaps_HeapMem_getStats__E)
                  00005cb4    00000004     --HOLE-- [fill = 0]
                  00005cb8    0000004c                   : BIOS.obj (.text:ti_sysbios_knl_Swi_runLoop__I)
                  00005d04    00000004     --HOLE-- [fill = 0]
                  00005d08    0000004c                   : BIOS.obj (.text:ti_sysbios_knl_Task_allBlockedFunction__I)
                  00005d54    00000004     --HOLE-- [fill = 0]
                  00005d58    0000004c                   : BIOS.obj (.text:ti_sysbios_knl_Task_block__E)
                  00005da4    00000004     --HOLE-- [fill = 0]
                  00005da8    0000004c                   : BIOS.obj (.text:ti_sysbios_knl_Task_schedule__I)
                  00005df4    0000004a     grlib.lib : line.o (.text:Graphics_drawLineH)
                  00005e3e    00000002     --HOLE-- [fill = 0]
                  00005e40    00000048     drivers_msp432p4xx.aem4f : PowerMSP432.oem4f (.text:Power_releaseConstraint)
                  00005e88    00000048     rtsv7M4_T_le_v4SPD16_eabi.lib : fd_toi_t2.obj (.text)
                  00005ed0    00000048     sysbios.aem4f : BIOS.obj (.text:ti_sysbios_family_arm_m3_Hwi_disableInterrupt__E)
                  00005f18    00000048                   : BIOS.obj (.text:ti_sysbios_family_arm_m3_Hwi_enableInterrupt__E)
                  00005f60    00000048                   : BIOS.obj (.text:ti_sysbios_knl_Mailbox_Module_startup__E)
                  00005fa8    00000046                   : BIOS.obj (.text:xdc_runtime_Core_assignParams__I)
                  00005fee    00000002     --HOLE-- [fill = 0]
                  00005ff0    00000044     drivers_msp432p4xx.aem4f : ADC.oem4f (.text:ADC_init)
                  00006034    00000044     dpl_msp432p4xx.aem4f : HwiP_tirtos.oem4f (.text:HwiP_create)
                  00006078    00000044     drivers_msp432p4xx.aem4f : PWM.oem4f (.text:PWM_init)
                  000060bc    00000044     bsp_led.obj (.text:bsp_led_off)
                  00006100    00000044     bsp_led.obj (.text:bsp_led_toggle)
                  00006144    00000004     --HOLE-- [fill = 0]
                  00006148    00000044     sysbios.aem4f : BIOS.obj (.text:ti_sysbios_family_arm_m3_Hwi_getStackInfo__E)
                  0000618c    00000004     --HOLE-- [fill = 0]
                  00006190    00000044                   : BIOS.obj (.text:ti_sysbios_family_arm_msp432_Seconds_Module_startup__E)
                  000061d4    00000004     --HOLE-- [fill = 0]
                  000061d8    00000044                   : BIOS.obj (.text:ti_sysbios_knl_Swi_post__E)
                  0000621c    00000040     Crystalfontz128x128_ST7735.obj (.text:Crystalfontz128x128_PixelDraw)
                  0000625c    00000040     HAL_MSP_EXP432P401R_Crystalfontz128x128_ST7735.obj (.text:HAL_LCD_SpiInit)
                  0000629c    00000040     dpl_msp432p4xx.aem4f : SemaphoreP_tirtos.oem4f (.text:SemaphoreP_create)
                  000062dc    00000040     drivers_msp432p4xx.aem4f : PowerMSP432.oem4f (.text:notify)
                  0000631c    00000040                              : PowerMSP432.oem4f (.text:restartHFXT)
                  0000635c    00000004     --HOLE-- [fill = 0]
                  00006360    00000040     sysbios.aem4f : BIOS.obj (.text:ti_sysbios_family_arm_msp432_Timer_Module_startup__E)
                  000063a0    00000040                   : BIOS.obj (.text:ti_sysbios_family_arm_msp432_Timer_startup__E)
                  000063e0    00000040                   : BIOS.obj (.text:ti_sysbios_heaps_HeapMem_Instance_init__E)
                  00006420    0000003c     drivers_msp432p4xx.aem4f : ADC.oem4f (.text:ADC_open)
                  0000645c    0000003c                              : PWM.oem4f (.text:PWM_open)
                  00006498    0000003c                              : PWMTimerMSP432.oem4f (.text:getPeriodCounts)
                  000064d4    00000004     --HOLE-- [fill = 0]
                  000064d8    0000003c     sysbios.aem4f : BIOS.obj (.text:ti_sysbios_family_arm_m3_Hwi_Instance_finalize__E)
                  00006514    00000004     --HOLE-- [fill = 0]
                  00006518    0000003c                   : BIOS.obj (.text:ti_sysbios_knl_Swi_restore__E)
                  00006554    00000038     drivers_msp432p4xx.aem4f : GPIOMSP432.oem4f (.text:GPIO_toggle)
                  0000658c    00000038     HAL_MSP_EXP432P401R_Crystalfontz128x128_ST7735.obj (.text:HAL_LCD_writeCommand)
                  000065c4    00000038     drivers_msp432p4xx.aem4f : PowerMSP432.oem4f (.text:Power_setConstraint)
                  000065fc    00000038                              : TimerMSP432.oem4f (.text:TimerMSP432_allocateTimerResource)
                  00006634    00000038                              : PWMTimerMSP432.oem4f (.text:getDutyCounts)
                  0000666c    00000004     --HOLE-- [fill = 0]
                  00006670    00000038     sysbios.aem4f : BIOS.obj (.text:xdc_runtime_System_atexit__E)
                  000066a8    00000034     release_pem4f.oem4f (.text:ti_sysbios_knl_Semaphore_create)
                  000066dc    00000004     --HOLE-- [fill = 0]
                  000066e0    00000032     sysbios.aem4f : BIOS.obj (.text:ti_sysbios_hal_Hwi_initStack)
                  00006712    00000030     HAL_MSP_EXP432P401R_Crystalfontz128x128_ST7735.obj (.text:HAL_LCD_PortInit)
                  00006742    00000002     --HOLE-- [fill = 0]
                  00006744    00000030     drivers_msp432p4xx.aem4f : TimerMSP432.oem4f (.text:TimerMSP432_freeTimerResource)
                  00006774    00000030     scuba.obj (.text:gas_rate_in_cl)
                  000067a4    00000030     msp432p4xx_driverlib.lib : spi.o (.text:is_A_Module)
                  000067d4    00000030     drivers_msp432p4xx.aem4f : PWMTimerMSP432.oem4f (.text:mapPin)
                  00006804    00000030     release_pem4f.oem4f (.text:ti_sysbios_BIOS_atExitFunc__I)
                  00006834    00000030     release_pem4f.oem4f (.text:ti_sysbios_BIOS_startFunc__I)
                  00006864    00000004     --HOLE-- [fill = 0]
                  00006868    00000030     sysbios.aem4f : BIOS.obj (.text:ti_sysbios_family_arm_m3_TaskSupport_start__E)
                  00006898    00000030                   : BIOS.obj (.text:ti_sysbios_family_arm_msp432_Timer_setPeriod__E)
                  000068c8    00000030     release_pem4f.oem4f (.text:ti_sysbios_gates_GateHwi_Object__create__S)
                  000068f8    00000030     release_pem4f.oem4f (.text:ti_sysbios_gates_GateMutexPri_Object__create__S)
                  00006928    00000030     release_pem4f.oem4f (.text:ti_sysbios_gates_GateMutexPri_create)
                  00006958    00000030     release_pem4f.oem4f (.text:ti_sysbios_gates_GateMutex_Object__create__S)
                  00006988    00000030     sysbios.aem4f : BIOS.obj (.text:ti_sysbios_gates_GateMutex_enter__E)
                  000069b8    00000030     release_pem4f.oem4f (.text:ti_sysbios_heaps_HeapMem_Object__create__S)
                  000069e8    00000030     release_pem4f.oem4f (.text:ti_sysbios_knl_Event_create)
                  00006a18    00000030     sysbios.aem4f : BIOS.obj (.text:ti_sysbios_knl_Event_pendTimeout__I)
                  00006a48    00000030                   : BIOS.obj (.text:ti_sysbios_knl_Mailbox_postInit__I)
                  00006a78    00000030     release_pem4f.oem4f (.text:ti_sysbios_knl_Semaphore_construct)
                  00006aa8    00000030     sysbios.aem4f : BIOS.obj (.text:ti_sysbios_knl_Semaphore_pendTimeout__I)
                  00006ad8    00000030                   : BIOS.obj (.text:ti_sysbios_knl_Task_processVitalTaskFlag__I)
                  00006b08    00000030                   : BIOS.obj (.text:ti_sysbios_knl_Task_unblockI__E)
                  00006b38    00000030                   : BIOS.obj (.text:xdc_runtime_System_processAtExit__E)
                  00006b68    0000002e     rtsv7M4_T_le_v4SPD16_eabi.lib : i_tofd_t2.obj (.text)
                  00006b96    00000002     --HOLE-- [fill = 0]
                  00006b98    0000002c     Crystalfontz128x128_ST7735.obj (.text:Crystalfontz128x128_ClearScreen)
                  00006bc4    0000002c     HAL_MSP_EXP432P401R_Crystalfontz128x128_ST7735.obj (.text:HAL_LCD_writeData)
                  00006bf0    0000002c     dpl_msp432p4xx.aem4f : PowerMSP432_tirtos.oem4f (.text:PowerMSP432_updateFreqs)
                  00006c1c    0000002c     release_pem4f.oem4f (.text:ti_sysbios_knl_Clock_doTick__I)
                  00006c48    0000002c     release_pem4f.oem4f (.text:ti_sysbios_knl_Queue_construct)
                  00006c74    00000004     --HOLE-- [fill = 0]
                  00006c78    0000002c     sysbios.aem4f : BIOS.obj (.text:ti_sysbios_knl_Task_restore__E)
                  00006ca4    00000028     Crystalfontz128x128_ST7735.obj (.text:Crystalfontz128x128_ColorTranslate)
                  00006ccc    00000028     drivers_msp432p4xx.aem4f : PowerMSP432.oem4f (.text:disableHFXT)
                  00006cf4    00000004     --HOLE-- [fill = 0]
                  00006cf8    00000028     sysbios.aem4f : BIOS.obj (.text:ti_sysbios_knl_Clock_addI__E)
                  00006d20    00000028                   : BIOS.obj (.text:ti_sysbios_knl_Swi_Module_startup__E)
                  00006d48    00000026                   : m3_Hwi_asm.obj (.text:ti_sysbios_family_arm_m3_Hwi_pendSV__I)
                  00006d6e    00000002     --HOLE-- [fill = 0]
                  00006d70    00000024     msp432p4xx_driverlib.lib : cs.o (.text:CS_setDCOCenteredFrequency)
                  00006d94    00000024                              : gpio.o (.text:GPIO_setAsOutputPin)
                  00006db8    00000024     bsp.obj (.text:led_blocking_wait)
                  00006ddc    00000024     release_pem4f.oem4f (.text:ti_sysbios_BIOS_registerRTSLock__I)
                  00006e00    00000024     release_pem4f.oem4f (.text:ti_sysbios_BIOS_removeRTSLock__I)
                  00006e24    00000004     --HOLE-- [fill = 0]
                  00006e28    00000024     sysbios.aem4f : BIOS.obj (.text:ti_sysbios_family_arm_msp432_ClockFreqs_setFrequency__E)
                  00006e4c    00000004     --HOLE-- [fill = 0]
                  00006e50    00000024                   : BIOS.obj (.text:ti_sysbios_family_arm_msp432_Timer_postInit__I)
                  00006e74    00000024     release_pem4f.oem4f (.text:ti_sysbios_gates_GateMutexPri_Object__delete__S)
                  00006e98    00000024     sysbios.aem4f : BIOS.obj (.text:ti_sysbios_gates_GateMutexPri_insertPri__I)
                  00006ebc    00000024     release_pem4f.oem4f (.text:ti_sysbios_gates_GateMutex_Object__delete__S)
                  00006ee0    00000024     sysbios.aem4f : BIOS.obj (.text:ti_sysbios_knl_Clock_Module_startup__E)
                  00006f04    00000004     --HOLE-- [fill = 0]
                  00006f08    00000024                   : BIOS.obj (.text:ti_sysbios_knl_Semaphore_Instance_init__E)
                  00006f2c    00000024     release_pem4f.oem4f (.text:ti_sysbios_knl_Semaphore_Object__delete__S)
                  00006f50    00000024     sysbios.aem4f : BIOS.obj (.text:ti_sysbios_knl_Task_restoreHwi__E)
                  00006f74    00000004     --HOLE-- [fill = 0]
                  00006f78    00000024                   : BIOS.obj (.text:xdc_runtime_Error_policyMin__E)
                  00006f9c    00000004     --HOLE-- [fill = 0]
                  00006fa0    00000024                   : BIOS.obj (.text:xdc_runtime_System_abort__E)
                  00006fc4    00000022     grlib.lib : context.o (.text:Graphics_initContext)
                  00006fe6    00000002     --HOLE-- [fill = 0]
                  00006fe8    00000020     drivers_msp432p4xx.aem4f : GPIOMSP432.oem4f (.text:GPIO_read)
                  00007008    00000020     release_pem4f.oem4f (.text:ti_sysbios_BIOS_rtsLock__I)
                  00007028    00000020     sysbios.aem4f : m3_Hwi_asm.obj (.text:ti_sysbios_family_arm_m3_Hwi_excHandlerAsm__I)
                  00007048    00000020                   : BIOS.obj (.text:ti_sysbios_family_arm_m3_Hwi_excHandler__I)
                  00007068    00000020     release_pem4f.oem4f (.text:ti_sysbios_gates_GateHwi_Object__delete__S)
                  00007088    00000020     release_pem4f.oem4f (.text:ti_sysbios_heaps_HeapMem_Object__delete__S)
                  000070a8    00000020     sysbios.aem4f : BIOS.obj (.text:ti_sysbios_knl_Idle_run__E)
                  000070c8    00000020     release_pem4f.oem4f (.text:ti_sysbios_knl_Semaphore_destruct)
                  000070e8    00000020     release_pem4f.oem4f (.text:ti_sysbios_knl_Task_Object__delete__S)
                  00007108    00000020     timertask.obj (.text:timerTaskFunction)
                  00007128    0000001e     drivers_msp432p4xx.aem4f : PWMTimerMSP432.oem4f (.text:corroboratePeriod)
                  00007146    0000001e     sysbios.aem4f : m3_Hwi_asm_switch.obj (.text:ti_sysbios_family_xxx_Hwi_switchAndRunFunc)
                  00007164    0000001c     rtsv7M4_T_le_v4SPD16_eabi.lib : memccpy.obj (.text)
                  00007180    0000001c     sysbios.aem4f : BIOS.obj (.text:ti_sysbios_gates_GateMutexPri_Instance_init__E)
                  0000719c    00000004     --HOLE-- [fill = 0]
                  000071a0    0000001c                   : BIOS.obj (.text:ti_sysbios_gates_GateMutex_Instance_init__E)
                  000071bc    0000001c     release_pem4f.oem4f (.text:ti_sysbios_knl_Queue_destruct)
                  000071d8    0000001c     sysbios.aem4f : BIOS.obj (.text:ti_sysbios_knl_Queue_get__E)
                  000071f4    00000004     --HOLE-- [fill = 0]
                  000071f8    0000001c                   : BIOS.obj (.text:ti_sysbios_knl_Queue_put__E)
                  00007214    00000004     --HOLE-- [fill = 0]
                  00007218    0000001c                   : BIOS.obj (.text:ti_sysbios_knl_Task_enter__I)
                  00007234    00000004     --HOLE-- [fill = 0]
                  00007238    0000001c                   : BIOS.obj (.text:xdc_runtime_Error_check__E)
                  00007254    00000004     --HOLE-- [fill = 0]
                  00007258    0000001c                   : BIOS.obj (.text:xdc_runtime_Memory_valloc__E)
                  00007274    0000001a     grlib.lib : string.o (.text:Graphics_getNumberOfLeadingZeros)
                  0000728e    0000001a     msp432p4xx_driverlib.lib : spi.o (.text:SPI_enableModule)
                  000072a8    00000018     release_pem4f.oem4f (.text:.bootCodeSection:ti_sysbios_family_arm_msp432_init_Boot_init__I)
                  000072c0    00000018     msp432p4xx_driverlib.lib : gpio.o (.text:GPIO_setOutputLowOnPin)
                  000072d8    00000018     drivers_msp432p4xx.aem4f : PowerMSP432.oem4f (.text:Power_idleFunc)
                  000072f0    00000018                              : PWMTimerMSP432.oem4f (.text:corroborateDuty)
                  00007308    00000018     rtsv7M4_T_le_v4SPD16_eabi.lib : args_main.obj (.text)
                  00007320    00000018     release_pem4f.oem4f (.text:ti_sysbios_BIOS_rtsUnlock__I)
                  00007338    00000018     release_pem4f.oem4f (.text:ti_sysbios_family_arm_m3_Hwi_Module__startupDone__F)
                  00007350    00000018     sysbios.aem4f : m3_TaskSupport_asm.obj (.text:ti_sysbios_family_arm_m3_TaskSupport_swap__E)
                  00007368    00000018     release_pem4f.oem4f (.text:ti_sysbios_family_arm_msp432_Timer_Module__startupDone__F)
                  00007380    00000018     release_pem4f.oem4f (.text:ti_sysbios_gates_GateHwi_Handle__label__S)
                  00007398    00000018     release_pem4f.oem4f (.text:ti_sysbios_gates_GateMutexPri_Handle__label__S)
                  000073b0    00000018     release_pem4f.oem4f (.text:ti_sysbios_gates_GateMutex_Handle__label__S)
                  000073c8    00000018     sysbios.aem4f : BIOS.obj (.text:ti_sysbios_gates_GateMutex_leave__E)
                  000073e0    00000018     release_pem4f.oem4f (.text:ti_sysbios_heaps_HeapMem_Handle__label__S)
                  000073f8    00000018     sysbios.aem4f : BIOS.obj (.text:ti_sysbios_knl_Task_sleepTimeout__I)
                  00007410    00000018                   : BIOS.obj (.text:xdc_runtime_Error_init__E)
                  00007428    00000018                   : BIOS.obj (.text:xdc_runtime_System_exit__E)
                  00007440    00000016     grlib.lib : display.o (.text:Graphics_drawHorizontalLineOnDisplay)
                  00007456    00000016     blinkingledtask.obj (.text:led2TaskFunction)
                  0000746c    00000016     rtsv7M4_T_le_v4SPD16_eabi.lib : strchr.obj (.text)
                  00007482    00000016     release_pem4f.oem4f (.text:ti_sysbios_BIOS_exitFunc__I)
                  00007498    00000016     protectedlcd.obj (.text:ti_sysbios_gates_GateMutexPri_Params_init)
                  000074ae    00000016     main.obj (.text:ti_sysbios_knl_Mailbox_Params_init)
                  000074c4    00000016     main.obj (.text:ti_sysbios_knl_Task_Params_init)
                  000074da    00000006     drivers_msp432p4xx.aem4f : ADCMSP432.oem4f (.text:ADCMSP432_control)
                  000074e0    00000016     sysbios.aem4f : BIOS.obj (.text:ti_sysbios_knl_Task_unblock__E)
                  000074f6    00000002     --HOLE-- [fill = 0]
                  000074f8    00000014     msp432p4xx_driverlib.lib : gpio.o (.text:GPIO_setOutputHighOnPin)
                  0000750c    00000014     drivers_msp432p4xx.aem4f : PWM.oem4f (.text:PWM_Params_init)
                  00007520    00000014     rtsv7M4_T_le_v4SPD16_eabi.lib : _lock.obj (.text)
                  00007534    00000014                                   : s_copysign.obj (.text)
                  00007548    00000014                                   : strlen.obj (.text)
                  0000755c    00000014     release_pem4f.oem4f (.text:ti_sysbios_family_arm_m3_Hwi_Object__get__S)
                  00007570    00000014     sysbios.aem4f : BIOS.obj (.text:ti_sysbios_family_arm_m3_Hwi_switchFromBootStack__E)
                  00007584    00000014     release_pem4f.oem4f (.text:ti_sysbios_heaps_HeapMem_Object__get__S)
                  00007598    00000014     sysbios.aem4f : BIOS.obj (.text:ti_sysbios_knl_Event_Instance_init__E)
                  000075ac    00000014     release_pem4f.oem4f (.text:ti_sysbios_knl_Swi_Object__get__S)
                  000075c0    00000012     dpl_msp432p4xx.aem4f : SemaphoreP_tirtos.oem4f (.text:SemaphoreP_pend)
                  000075d2    00000012     bsp.obj (.text:safe_mode)
                  000075e4    00000004     --HOLE-- [fill = 0]
                  000075e8    00000012     sysbios.aem4f : BIOS.obj (.text:ti_sysbios_hal_Hwi_Module_startup__E)
                  000075fa    00000012     release_pem4f.oem4f (.text:xdc_runtime_Startup_exec__I)
                  0000760c    00000010     msp432p4xx_driverlib.lib : sysctl.o (.text:SysCtl_disableNMISource)
                  0000761c    00000010                              : sysctl.o (.text:SysCtl_enableNMISource)
                  0000762c    00000010                              : sysctl.o (.text:SysCtl_getNMISourceStatus)
                  0000763c    00000010     bsp_led.obj (.text:bsp_led_init)
                  0000764c    00000004     --HOLE-- [fill = 0]
                  00007650    00000010     sysbios.aem4f : BIOS.obj (.text:ti_sysbios_BIOS_exit__E)
                  00007660    00000010                   : BIOS.obj (.text:ti_sysbios_BIOS_setCpuFreq__E)
                  00007670    00000010                   : BIOS.obj (.text:ti_sysbios_BIOS_setThreadType__E)
                  00007680    00000010                   : BIOS.obj (.text:ti_sysbios_BIOS_start__E)
                  00007690    00000010                   : m3_TaskSupport_asm.obj (.text:ti_sysbios_family_arm_m3_TaskSupport_glue)
                  000076a0    00000010                   : BIOS.obj (.text:ti_sysbios_family_arm_msp432_init_Boot_disableWatchdog)
                  000076b0    00000010                   : BIOS.obj (.text:ti_sysbios_gates_GateMutexPri_Instance_finalize__E)
                  000076c0    00000010                   : BIOS.obj (.text:ti_sysbios_gates_GateMutex_Instance_finalize__E)
                  000076d0    00000010     release_pem4f.oem4f (.text:ti_sysbios_knl_Mailbox_Object__get__S)
                  000076e0    00000010     sysbios.aem4f : BIOS.obj (.text:ti_sysbios_knl_Semaphore_Instance_finalize__E)
                  000076f0    00000010                   : BIOS.obj (.text:ti_sysbios_knl_Swi_disable__E)
                  00007700    00000010     release_pem4f.oem4f (.text:ti_sysbios_knl_Task_Object__get__S)
                  00007710    00000010     sysbios.aem4f : BIOS.obj (.text:ti_sysbios_knl_Task_disable__E)
                  00007720    00000010                   : BIOS.obj (.text:xdc_runtime_Gate_leaveSystem__E)
                  00007730    00000010                   : BIOS.obj (.text:xdc_runtime_Memory_free__E)
                  00007740    00000010                   : BIOS.obj (.text:xdc_runtime_SysCallback_abort__E)
                  00007750    00000010                   : BIOS.obj (.text:xdc_runtime_SysCallback_exit__E)
                  00007760    0000000e     grlib.lib : display.o (.text:Graphics_drawPixelOnDisplay)
                  0000776e    0000000e               : context.o (.text:Graphics_setBackgroundColor)
                  0000777c    0000000e               : context.o (.text:Graphics_setForegroundColor)
                  0000778a    0000000e     dpl_msp432p4xx.aem4f : HwiP_tirtos.oem4f (.text:HwiP_Params_init)
                  00007798    0000000e                          : SemaphoreP_tirtos.oem4f (.text:SemaphoreP_delete)
                  000077a6    0000000e     bsp.obj (.text:bsp_halt)
                  000077b4    0000000e     rtsv7M4_T_le_v4SPD16_eabi.lib : copy_decompress_none.obj (.text:decompress:none)
                  000077c2    00000006     drivers_msp432p4xx.aem4f : PWMTimerMSP432.oem4f (.text:PWMTimerMSP432_control)
                  000077c8    0000000e     sysbios.aem4f : BIOS.obj (.text:ti_sysbios_knl_Idle_loop__E)
                  000077d6    00000002     --HOLE-- [fill = 0]
                  000077d8    0000000e                   : BIOS.obj (.text:ti_sysbios_knl_Queue_empty__E)
                  000077e6    0000000c     msp432p4xx_driverlib.lib : cpu.o (.text:CPU_cpsid)
                  000077f2    0000000c                              : cpu.o (.text:CPU_cpsie)
                  000077fe    0000000c                              : spi.o (.text:EUSCI_A_SPI_enable)
                  0000780a    0000000c                              : spi.o (.text:EUSCI_B_SPI_enable)
                  00007816    00000002     --HOLE-- [fill = 0]
                  00007818    0000000c     drivers_msp432p4xx.aem4f : PowerMSP432.oem4f (.text:Power_getConstraintMask)
                  00007824    0000000c                              : PowerMSP432.oem4f (.text:Power_getPerformanceLevel)
                  00007830    0000000c     bsp.obj (.text:bsp_init)
                  0000783c    0000000c     bsp.obj (.text:bsp_master_int_disable)
                  00007848    0000000c     rtsv7M4_T_le_v4SPD16_eabi.lib : copy_zero_init.obj (.text:decompress:ZI)
                  00007854    0000000c     release_pem4f.oem4f (.text:ti_sysbios_family_arm_m3_Hwi_Params__init__S)
                  00007860    0000000c     sysbios.aem4f : BIOS.obj (.text:ti_sysbios_family_arm_m3_Hwi_disableFxn__E)
                  0000786c    00000004     --HOLE-- [fill = 0]
                  00007870    0000000c                   : BIOS.obj (.text:ti_sysbios_family_arm_m3_TaskSupport_getStackAlignment__E)
                  0000787c    00000004     --HOLE-- [fill = 0]
                  00007880    0000000c                   : BIOS.obj (.text:ti_sysbios_family_arm_msp432_Timer_getMaxTicks__E)
                  0000788c    00000004     --HOLE-- [fill = 0]
                  00007890    0000000c                   : BIOS.obj (.text:ti_sysbios_gates_GateHwi_enter__E)
                  0000789c    0000000c     release_pem4f.oem4f (.text:ti_sysbios_gates_GateMutexPri_Params__init__S)
                  000078a8    0000000c     release_pem4f.oem4f (.text:ti_sysbios_knl_Mailbox_Params__init__S)
                  000078b4    0000000c     release_pem4f.oem4f (.text:ti_sysbios_knl_Queue_Object__get__S)
                  000078c0    0000000c     release_pem4f.oem4f (.text:ti_sysbios_knl_Semaphore_Params__init__S)
                  000078cc    0000000c     release_pem4f.oem4f (.text:ti_sysbios_knl_Task_Params__init__S)
                  000078d8    0000000c     sysbios.aem4f : BIOS.obj (.text:xdc_runtime_Gate_enterSystem__E)
                  000078e4    00000004     --HOLE-- [fill = 0]
                  000078e8    0000000c                   : BIOS.obj (.text:xdc_runtime_Startup_rtsDone__E)
                  000078f4    0000000a     drivers_msp432p4xx.aem4f : ADC.oem4f (.text:ADC_Params_init)
                  000078fe    0000000a                              : ADC.oem4f (.text:ADC_close)
                  00007908    0000000a                              : ADC.oem4f (.text:ADC_convert)
                  00007912    0000000a     Crystalfontz128x128_ST7735.obj (.text:Crystalfontz128x128_Flush)
                  0000791c    0000000a     grlib.lib : context.o (.text:Graphics_clearDisplay)
                  00007926    0000000a               : display.o (.text:Graphics_clearDisplayOnDisplay)
                  00007930    0000000a               : display.o (.text:Graphics_translateColorOnDisplay)
                  0000793a    0000000a     drivers_msp432p4xx.aem4f : PWM.oem4f (.text:PWM_setDuty)
                  00007944    0000000a                              : PWM.oem4f (.text:PWM_start)
                  0000794e    0000000a     dpl_msp432p4xx.aem4f : SemaphoreP_tirtos.oem4f (.text:SemaphoreP_Params_init)
                  00007958    0000000a                          : SemaphoreP_tirtos.oem4f (.text:SemaphoreP_post)
                  00007962    0000000a     release_pem4f.oem4f (.text:xdc_runtime_IHeap_alloc)
                  0000796c    0000000a     release_pem4f.oem4f (.text:xdc_runtime_IHeap_free)
                  00007976    00000008     MSP_EXP432P401R.obj (.text:MSP_EXP432P401R_initGeneral)
                  0000797e    00000002     --HOLE-- [fill = 0]
                  00007980    00000008     sysbios.aem4f : BIOS.obj (.text:ti_sysbios_family_arm_m3_Hwi_doSwiRestore__I)
                  00007988    00000008                   : BIOS.obj (.text:ti_sysbios_family_arm_m3_Hwi_startup__E)
                  00007990    00000006                   : BIOS.obj (.text:ti_sysbios_family_arm_m3_Hwi_doTaskRestore__I)
                  00007996    00000002     --HOLE-- [fill = 0]
                  00007998    00000006                   : BIOS.obj (.text:ti_sysbios_family_arm_m3_Hwi_restoreFxn__E)
                  0000799e    00000002     --HOLE-- [fill = 0]
                  000079a0    00000006                   : BIOS.obj (.text:ti_sysbios_gates_GateHwi_leave__E)
                  000079a6    00000002     --HOLE-- [fill = 0]
                  000079a8    00000006                   : BIOS.obj (.text:ti_sysbios_heaps_HeapMem_isBlocking__E)
                  000079ae    00000002     --HOLE-- [fill = 0]
                  000079b0    00000006                   : BIOS.obj (.text:ti_sysbios_knl_Queue_Instance_init__E)
                  000079b6    00000002     --HOLE-- [fill = 0]
                  000079b8    00000006                   : BIOS.obj (.text:ti_sysbios_knl_Swi_startup__E)
                  000079be    00000002     --HOLE-- [fill = 0]
                  000079c0    00000006                   : BIOS.obj (.text:xdc_runtime_System_Module_startup__E)
                  000079c6    00000002     --HOLE-- [fill = 0]
                  000079c8    00000004                   : BIOS.obj (.text:ti_sysbios_gates_GateHwi_query__E)
                  000079cc    00000004     --HOLE-- [fill = 0]
                  000079d0    00000004                   : BIOS.obj (.text:ti_sysbios_gates_GateMutexPri_query__E)
                  000079d4    00000004     --HOLE-- [fill = 0]
                  000079d8    00000004                   : BIOS.obj (.text:ti_sysbios_gates_GateMutex_query__E)
                  000079dc    00000004     --HOLE-- [fill = 0]
                  000079e0    00000004                   : BIOS.obj (.text:ti_sysbios_knl_Task_startup__E)
                  000079e4    00000004     --HOLE-- [fill = 0]
                  000079e8    00000002                   : BIOS.obj (.text:ti_sysbios_BIOS_linkedWithIncorrectBootLibrary__E)
                  000079ea    00000006     --HOLE-- [fill = 0]
                  000079f0    00000002                   : BIOS.obj (.text:ti_sysbios_gates_GateHwi_Instance_init__E)
                  000079f2    00000006     --HOLE-- [fill = 0]
                  000079f8    00000002                   : BIOS.obj (.text:ti_sysbios_knl_Clock_logTick__E)
                  000079fa    00000006     --HOLE-- [fill = 0]
                  00007a00    00000002                   : BIOS.obj (.text:xdc_runtime_SysCallback_defaultAbort)
                  00007a02    00000006     --HOLE-- [fill = 0]
                  00007a08    00000002                   : BIOS.obj (.text:xdc_runtime_SysCallback_defaultExit)
                  00007a0a    00000006     --HOLE-- [fill = 0]
                  00007a10    00000002                   : BIOS.obj (.text:xdc_runtime_System_abortSpin__E)
                  00007a12    00000006     --HOLE-- [fill = 0]
                  00007a18    00000002                   : BIOS.obj (.text:xdc_runtime_System_exitSpin__E)

.const     0    00007a1c    00000b4f     
                  00007a1c    000002f8     fontfixed6x8.obj (.const:.string:g_pucFontFixed6x8Data)
                  00007d14    00000101     rtsv7M4_T_le_v4SPD16_eabi.lib : ctype.obj (.const:.string:_ctypes_)
                  00007e15    00000001     release_pem4f.oem4f (.const:xdc_runtime_Error_policy__C)
                  00007e16    00000002     release_pem4f.oem4f (.const:ti_sysbios_family_arm_m3_Hwi_Module__id__C)
                  00007e18    000000c8     fontfixed6x8.obj (.const:g_sFontFixed6x8)
                  00007ee0    00000048     release_pem4f.oem4f (.const:.string)
                  00007f28    0000003c     release_pem4f.oem4f (.const:ti_sysbios_knl_Task_Object__PARAMS__C)
                  00007f64    00000034     release_pem4f.oem4f (.const:ti_sysbios_knl_Mailbox_Object__PARAMS__C)
                  00007f98    00000030     msp432p4xx_driverlib.lib : gpio.o (.const:GPIO_PORT_TO_BASE)
                  00007fc8    00000030     release_pem4f.oem4f (.const:ti_sysbios_family_arm_m3_Hwi_Object__PARAMS__C)
                  00007ff8    00000028     release_pem4f.oem4f (.const:ti_sysbios_heaps_HeapMem_Module__FXNS__C)
                  00008020    00000024     MSP_EXP432P401R.obj (.const:ADC_config)
                  00008044    00000024     MSP_EXP432P401R.obj (.const:PWM_config)
                  00008068    00000024     MSP_EXP432P401R.obj (.const:adcMSP432HWAttrs)
                  0000808c    00000024     release_pem4f.oem4f (.const:ti_sysbios_gates_GateHwi_Module__FXNS__C)
                  000080b0    00000024     release_pem4f.oem4f (.const:ti_sysbios_gates_GateMutexPri_Module__FXNS__C)
                  000080d4    00000024     release_pem4f.oem4f (.const:ti_sysbios_gates_GateMutex_Module__FXNS__C)
                  000080f8    00000024     release_pem4f.oem4f (.const:ti_sysbios_heaps_HeapMem_Object__PARAMS__C)
                  0000811c    00000024     release_pem4f.oem4f (.const:ti_sysbios_knl_Semaphore_Object__PARAMS__C)
                  00008140    00000024     release_pem4f.oem4f (.const:xdc_runtime_Startup_sfxnTab__A)
                  00008164    00000020     drivers_msp432p4xx.aem4f : PWMTimerMSP432.oem4f (.const:PWMTimerMSP432_fxnTable)
                  00008184    00000020     Crystalfontz128x128_ST7735.obj (.const:g_sCrystalfontz128x128_funcs)
                  000081a4    00000020     release_pem4f.oem4f (.const:ti_sysbios_family_arm_m3_Hwi_Object__DESC__C)
                  000081c4    00000020     release_pem4f.oem4f (.const:ti_sysbios_gates_GateHwi_Object__DESC__C)
                  000081e4    00000020     release_pem4f.oem4f (.const:ti_sysbios_gates_GateMutexPri_Object__DESC__C)
                  00008204    00000020     release_pem4f.oem4f (.const:ti_sysbios_gates_GateMutex_Object__DESC__C)
                  00008224    00000020     release_pem4f.oem4f (.const:ti_sysbios_heaps_HeapMem_Object__DESC__C)
                  00008244    00000020     release_pem4f.oem4f (.const:ti_sysbios_knl_Event_Object__DESC__C)
                  00008264    00000020     release_pem4f.oem4f (.const:ti_sysbios_knl_Mailbox_Object__DESC__C)
                  00008284    00000020     release_pem4f.oem4f (.const:ti_sysbios_knl_Queue_Object__DESC__C)
                  000082a4    00000020     release_pem4f.oem4f (.const:ti_sysbios_knl_Semaphore_Object__DESC__C)
                  000082c4    00000020     release_pem4f.oem4f (.const:ti_sysbios_knl_Task_Object__DESC__C)
                  000082e4    0000001c     HAL_MSP_EXP432P401R_Crystalfontz128x128_ST7735.obj (.const:$P$T0$1)
                  00008300    00000018     drivers_msp432p4xx.aem4f : ADCMSP432.oem4f (.const:ADCMSP432_fxnTable)
                  00008318    00000018                              : PWM.oem4f (.const:PWM_defaultParams)
                  00008330    00000018     MSP_EXP432P401R.obj (.const:PowerMSP432_config)
                  00008348    00000018     MSP_EXP432P401R.obj (.const:pwmTimerMSP432HWAttrs)
                  00008360    00000018     release_pem4f.oem4f (.const:ti_sysbios_gates_GateHwi_Object__PARAMS__C)
                  00008378    00000018     release_pem4f.oem4f (.const:ti_sysbios_gates_GateMutexPri_Object__PARAMS__C)
                  00008390    00000018     release_pem4f.oem4f (.const:ti_sysbios_gates_GateMutex_Object__PARAMS__C)
                  000083a8    00000018     release_pem4f.oem4f (.const:ti_sysbios_knl_Event_Object__PARAMS__C)
                  000083c0    00000018     release_pem4f.oem4f (.const:ti_sysbios_knl_Queue_Object__PARAMS__C)
                  000083d8    00000014     MSP_EXP432P401R.obj (.const:GPIOMSP432_config)
                  000083ec    00000012     release_pem4f.oem4f (.const:xdc_runtime_Startup_sfxnRts__A)
                  000083fe    00000002     release_pem4f.oem4f (.const:ti_sysbios_family_arm_msp432_init_Boot_bypassHFXT__C)
                  00008400    00000010     drivers_msp432p4xx.aem4f : PWMTimerMSP432.oem4f (.const:pwmTimerBaseAddr)
                  00008410    0000000c     MSP_EXP432P401R.obj (.const)
                  0000841c    0000000c     release_pem4f.oem4f (.const:xdc_runtime_Startup_firstFxns__A)
                  00008428    00000008     Crystalfontz128x128_ST7735.obj (.const:$P$T0$1)
                  00008430    00000008     drivers_msp432p4xx.aem4f : ADC.oem4f (.const:ADC_defaultParams)
                  00008438    00000008     alarmtask.obj (.const:alarm_high)
                  00008440    00000008     alarmtask.obj (.const:alarm_low)
                  00008448    00000008     alarmtask.obj (.const:alarm_medium)
                  00008450    00000008     release_pem4f.oem4f (.const:ti_sysbios_knl_Idle_funcList__C)
                  00008458    00000008     release_pem4f.oem4f (.const:xdc_runtime_Startup_firstFxns__C)
                  00008460    00000008     release_pem4f.oem4f (.const:xdc_runtime_Startup_lastFxns__C)
                  00008468    00000006     drivers_msp432p4xx.aem4f : GPIOMSP432.oem4f (.const:.string:interruptType)
                  0000846e    00000006                              : GPIOMSP432.oem4f (.const:.string:portInterruptIds)
                  00008474    00000004     bsp_led.obj (.const:g_led_mapping)
                  00008478    00000004     release_pem4f.oem4f (.const:ti_sysbios_family_arm_m3_Hwi_E_alreadyDefined__C)
                  0000847c    00000004     release_pem4f.oem4f (.const:ti_sysbios_family_arm_m3_Hwi_NUM_INTERRUPTS__C)
                  00008480    00000004     release_pem4f.oem4f (.const:ti_sysbios_family_arm_m3_Hwi_Object__count__C)
                  00008484    00000004     release_pem4f.oem4f (.const:ti_sysbios_family_arm_m3_Hwi_ccr__C)
                  00008488    00000004     release_pem4f.oem4f (.const:ti_sysbios_family_arm_m3_Hwi_excHandlerFunc__C)
                  0000848c    00000004     release_pem4f.oem4f (.const:ti_sysbios_family_arm_m3_Hwi_nullIsrFunc__C)
                  00008490    00000004     release_pem4f.oem4f (.const:ti_sysbios_family_arm_m3_Hwi_priGroup__C)
                  00008494    00000004     release_pem4f.oem4f (.const:ti_sysbios_family_arm_m3_Hwi_swiDisable__C)
                  00008498    00000004     release_pem4f.oem4f (.const:ti_sysbios_family_arm_m3_Hwi_swiRestoreHwi__C)
                  0000849c    00000004     release_pem4f.oem4f (.const:ti_sysbios_family_arm_m3_TaskSupport_stackAlignment__C)
                  000084a0    00000004     release_pem4f.oem4f (.const:ti_sysbios_family_arm_msp432_Timer_numTimerDevices__C)
                  000084a4    00000004     release_pem4f.oem4f (.const:ti_sysbios_family_arm_msp432_Timer_startupNeeded__C)
                  000084a8    00000004     release_pem4f.oem4f (.const:ti_sysbios_gates_GateMutexPri_Instance_State_pendQ__O)
                  000084ac    00000004     release_pem4f.oem4f (.const:ti_sysbios_gates_GateMutex_Instance_State_sem__O)
                  000084b0    00000004     release_pem4f.oem4f (.const:ti_sysbios_heaps_HeapMem_E_memory__C)
                  000084b4    00000004     release_pem4f.oem4f (.const:ti_sysbios_heaps_HeapMem_Module__gateObj__C)
                  000084b8    00000004     release_pem4f.oem4f (.const:ti_sysbios_heaps_HeapMem_Object__count__C)
                  000084bc    00000004     release_pem4f.oem4f (.const:ti_sysbios_heaps_HeapMem_primaryHeapBaseAddr__C)
                  000084c0    00000004     release_pem4f.oem4f (.const:ti_sysbios_heaps_HeapMem_primaryHeapEndAddr__C)
                  000084c4    00000004     release_pem4f.oem4f (.const:ti_sysbios_heaps_HeapMem_reqAlign__C)
                  000084c8    00000004     release_pem4f.oem4f (.const:ti_sysbios_knl_Clock_Module_State_clockQ__O)
                  000084cc    00000004     release_pem4f.oem4f (.const:ti_sysbios_knl_Event_Instance_State_pendQ__O)
                  000084d0    00000004     release_pem4f.oem4f (.const:ti_sysbios_knl_Idle_funcList__A)
                  000084d4    00000004     release_pem4f.oem4f (.const:ti_sysbios_knl_Mailbox_Instance_State_dataQue__O)
                  000084d8    00000004     release_pem4f.oem4f (.const:ti_sysbios_knl_Mailbox_Instance_State_dataSem__O)
                  000084dc    00000004     release_pem4f.oem4f (.const:ti_sysbios_knl_Mailbox_Instance_State_freeQue__O)
                  000084e0    00000004     release_pem4f.oem4f (.const:ti_sysbios_knl_Mailbox_Instance_State_freeSem__O)
                  000084e4    00000004     release_pem4f.oem4f (.const:ti_sysbios_knl_Mailbox_Object__count__C)
                  000084e8    00000004     release_pem4f.oem4f (.const:ti_sysbios_knl_Mailbox_maxTypeAlign__C)
                  000084ec    00000004     release_pem4f.oem4f (.const:ti_sysbios_knl_Semaphore_Instance_State_pendQ__O)
                  000084f0    00000004     release_pem4f.oem4f (.const:ti_sysbios_knl_Swi_Object__count__C)
                  000084f4    00000004     release_pem4f.oem4f (.const:ti_sysbios_knl_Task_Module_State_inactiveQ__O)
                  000084f8    00000004     release_pem4f.oem4f (.const:ti_sysbios_knl_Task_Object__count__C)
                  000084fc    00000004     release_pem4f.oem4f (.const:ti_sysbios_knl_Task_allBlockedFunc__C)
                  00008500    00000004     release_pem4f.oem4f (.const:ti_sysbios_knl_Task_defaultStackHeap__C)
                  00008504    00000004     release_pem4f.oem4f (.const:ti_sysbios_knl_Task_defaultStackSize__C)
                  00008508    00000004     release_pem4f.oem4f (.const:ti_sysbios_knl_Task_numConstructedTasks__C)
                  0000850c    00000004     release_pem4f.oem4f (.const:xdc_runtime_Error_E_memory__C)
                  00008510    00000004     release_pem4f.oem4f (.const:xdc_runtime_Error_policyFxn__C)
                  00008514    00000004     release_pem4f.oem4f (.const:xdc_runtime_IGateProvider_Interface__BASE__C)
                  00008518    00000004     release_pem4f.oem4f (.const:xdc_runtime_IHeap_Interface__BASE__C)
                  0000851c    00000004     release_pem4f.oem4f (.const:xdc_runtime_IModule_Interface__BASE__C)
                  00008520    00000004     release_pem4f.oem4f (.const:xdc_runtime_Memory_defaultHeapInstance__C)
                  00008524    00000004     release_pem4f.oem4f (.const:xdc_runtime_Startup_execImpl__C)
                  00008528    00000004     release_pem4f.oem4f (.const:xdc_runtime_Startup_maxPasses__C)
                  0000852c    00000004     release_pem4f.oem4f (.const:xdc_runtime_Startup_sfxnRts__C)
                  00008530    00000004     release_pem4f.oem4f (.const:xdc_runtime_Startup_sfxnTab__C)
                  00008534    00000004     release_pem4f.oem4f (.const:xdc_runtime_SysCallback_abortFxn__C)
                  00008538    00000004     release_pem4f.oem4f (.const:xdc_runtime_SysCallback_exitFxn__C)
                  0000853c    00000004     release_pem4f.oem4f (.const:xdc_runtime_System_Module__gateObj__C)
                  00008540    00000004     release_pem4f.oem4f (.const:xdc_runtime_System_abortFxn__C)
                  00008544    00000004     release_pem4f.oem4f (.const:xdc_runtime_System_exitFxn__C)
                  00008548    00000004     release_pem4f.oem4f (.const:xdc_runtime_System_maxAtexitHandlers__C)
                  0000854c    00000004     release_pem4f.oem4f (.const:xdc_runtime_Text_charTab__C)
                  00008550    00000004     release_pem4f.oem4f (.const:xdc_runtime_Text_nameEmpty__C)
                  00008554    00000004     release_pem4f.oem4f (.const:xdc_runtime_Text_nameStatic__C)
                  00008558    00000004     release_pem4f.oem4f (.const:xdc_runtime_Text_nameUnknown__C)
                  0000855c    00000002     release_pem4f.oem4f (.const:ti_sysbios_family_arm_msp432_init_Boot_bypassLFXT__C)
                  0000855e    00000002     release_pem4f.oem4f (.const:ti_sysbios_family_arm_msp432_init_Boot_enableHFXT__C)
                  00008560    00000002     release_pem4f.oem4f (.const:ti_sysbios_family_arm_msp432_init_Boot_enableLFXT__C)
                  00008562    00000002     release_pem4f.oem4f (.const:ti_sysbios_heaps_HeapMem_Module__id__C)
                  00008564    00000002     release_pem4f.oem4f (.const:xdc_runtime_Memory_Module__id__C)
                  00008566    00000002     release_pem4f.oem4f (.const:xdc_runtime_Text_charCnt__C)
                  00008568    00000002     release_pem4f.oem4f (.const:xdc_runtime_Text_isLoaded__C)
                  0000856a    00000001     release_pem4f.oem4f (.const:xdc_runtime_Text_charTab__A)

.cinit     0    00008570    00000240     
                  00008570    00000217     (.cinit..data.load) [load image, compression = lzss]
                  00008787    00000001     --HOLE-- [fill = 0]
                  00008788    0000000c     (__TI_handler_table)
                  00008794    00000004     --HOLE-- [fill = 0]
                  00008798    00000008     (.cinit..bss.load) [load image, compression = zero_init]
                  000087a0    00000010     (__TI_cinit_table)

.init_array 
*          0    00000000    00000000     UNINITIALIZED

.data      0    20008140    000005c9     UNINITIALIZED
                  20008140    000000d0     drivers_msp432p4xx.aem4f : PowerMSP432.oem4f (.data:PowerMSP432_perfLevels)
                  20008210    00000080                              : PWMTimerMSP432.oem4f (.data:pwmTimerStatus)
                  20008290    00000080     release_pem4f.oem4f (.data:ti_sysbios_knl_Swi_Module_State_0_readyQ__A)
                  20008310    00000080     release_pem4f.oem4f (.data:ti_sysbios_knl_Task_Module_State_0_readyQ__A)
                  20008390    0000004c     release_pem4f.oem4f (.data:ti_sysbios_family_arm_msp432_Timer_Object__table__V)
                  200083dc    0000004c     release_pem4f.oem4f (.data:ti_sysbios_knl_Task_Object__table__V)
                  20008428    00000044     release_pem4f.oem4f (.data:ti_sysbios_knl_Task_Module__state__V)
                  2000846c    00000038     release_pem4f.oem4f (.data:ti_sysbios_gates_GateMutex_Object__table__V)
                  200084a4    00000034     release_pem4f.oem4f (.data:ti_sysbios_family_arm_m3_Hwi_Module__state__V)
                  200084d8    00000030     release_pem4f.oem4f (.data:ti_sysbios_knl_Swi_Object__table__V)
                  20008508    0000002c     drivers_msp432p4xx.aem4f : PowerMSP432.oem4f (.data:PowerMSP432_module)
                  20008534    0000002c     release_pem4f.oem4f (.data:ti_sysbios_knl_Clock_Module__state__V)
                  20008560    00000024     release_pem4f.oem4f (.data:ti_sysbios_BIOS_Module__state__V)
                  20008584    00000020     MSP_EXP432P401R.obj (.data:gpioPinConfigs)
                  200085a4    00000020     release_pem4f.oem4f (.data:ti_sysbios_family_arm_msp432_Timer_Module_State_0_device__A)
                  200085c4    00000020     release_pem4f.oem4f (.data:xdc_runtime_Error_IgnoreBlock)
                  200085e4    0000001c     release_pem4f.oem4f (.data:ti_sysbios_knl_Swi_Module__state__V)
                  20008600    00000018     release_pem4f.oem4f (.data:ti_sysbios_family_arm_m3_Hwi_Object__table__V)
                  20008618    00000018     release_pem4f.oem4f (.data:ti_sysbios_heaps_HeapMem_Object__table__V)
                  20008630    00000010     Crystalfontz128x128_ST7735.obj (.data:g_sCrystalfontz128x128)
                  20008640    00000010     release_pem4f.oem4f (.data:ti_sysbios_family_arm_msp432_Timer_Module_State_0_handles__A)
                  20008650    0000000c     release_pem4f.oem4f (.data:ti_sysbios_family_arm_msp432_ClockFreqs_Module__state__V)
                  2000865c    0000000c     release_pem4f.oem4f (.data:ti_sysbios_family_arm_msp432_Timer_Module__state__V)
                  20008668    00000008     rtsv7M4_T_le_v4SPD16_eabi.lib : _lock.obj (.data:$O1$$)
                  20008670    00000008     drivers_msp432p4xx.aem4f : ADCMSP432.oem4f (.data)
                  20008678    00000008     MSP_EXP432P401R.obj (.data:gpioCallbackFunctions)
                  20008680    00000008     release_pem4f.oem4f (.data:ti_sysbios_family_arm_m3_Hwi_Module__root__V)
                  20008688    00000008     release_pem4f.oem4f (.data:ti_sysbios_gates_GateHwi_Module__root__V)
                  20008690    00000008     release_pem4f.oem4f (.data:ti_sysbios_gates_GateMutexPri_Module__root__V)
                  20008698    00000008     release_pem4f.oem4f (.data:ti_sysbios_gates_GateMutex_Module__root__V)
                  200086a0    00000008     release_pem4f.oem4f (.data:ti_sysbios_heaps_HeapMem_Module__root__V)
                  200086a8    00000008     release_pem4f.oem4f (.data:ti_sysbios_knl_Event_Module__root__V)
                  200086b0    00000008     release_pem4f.oem4f (.data:ti_sysbios_knl_Mailbox_Module__root__V)
                  200086b8    00000008     release_pem4f.oem4f (.data:ti_sysbios_knl_Queue_Module__root__V)
                  200086c0    00000008     release_pem4f.oem4f (.data:ti_sysbios_knl_Semaphore_Module__root__V)
                  200086c8    00000008     release_pem4f.oem4f (.data:ti_sysbios_knl_Task_Module__root__V)
                  200086d0    00000008     release_pem4f.oem4f (.data:xdc_runtime_Startup_Module__state__V)
                  200086d8    00000008     release_pem4f.oem4f (.data:xdc_runtime_System_Module_State_0_atexitHandlers__A)
                  200086e0    00000008     release_pem4f.oem4f (.data:xdc_runtime_System_Module__state__V)
                  200086e8    00000004     rtsv7M4_T_le_v4SPD16_eabi.lib : errno.obj (.data)
                  200086ec    00000004                                   : stkdepth_vars.obj (.data)
                  200086f0    00000004     release_pem4f.oem4f (.data:ti_sysbios_family_arm_m3_Hwi_Module_State_0_excContext__A)
                  200086f4    00000004     release_pem4f.oem4f (.data:ti_sysbios_family_arm_m3_Hwi_Module_State_0_excStack__A)
                  200086f8    00000004     release_pem4f.oem4f (.data:ti_sysbios_gates_GateHwi_Object__table__V)
                  200086fc    00000004     release_pem4f.oem4f (.data:ti_sysbios_knl_Task_Module_State_0_idleTask__A)
                  20008700    00000004     release_pem4f.oem4f (.data:xdc_runtime_Memory_Module__state__V)
                  20008704    00000002     release_pem4f.oem4f (.data:ti_sysbios_family_arm_m3_Hwi_Module_State_0_excActive__A)
                  20008706    00000001     drivers_msp432p4xx.aem4f : ADC.oem4f (.data)
                  20008707    00000001                              : GPIOMSP432.oem4f (.data)
                  20008708    00000001                              : PWM.oem4f (.data)

.bss       0    20008710    0000056e     UNINITIALIZED
                  20008710    00000200     release_pem4f.oem4f (.bss:taskStackSection)
                  20008910    00000140     (.common:ti_sysbios_family_arm_m3_Hwi_dispatchTable)
                  20008a50    000000b4     (.common:timerMSP432Objects)
                  20008b04    0000003c     main.obj (.bss:task_params$1)
                  20008b40    00000034     main.obj (.bss:mbx_params_adc$4)
                  20008b74    00000034     main.obj (.bss:mbx_params_display$6)
                  20008ba8    00000030     drivers_msp432p4xx.aem4f : GPIOMSP432.oem4f (.bss:gpioCallbackInfo)
                  20008bd8    00000030     (.common:pwmTimerMSP432Objects)
                  20008c08    00000020     main.obj (.bss:eb$3)
                  20008c28    0000001c     protectedlcd.obj (.bss:g_context)
                  20008c44    00000008     main.obj (.bss)
                  20008c4c    00000008     (.common:adcMSP432Objects)
                  20008c54    00000004     protectedlcd.obj (.bss)
                  20008c58    00000004     (.common:alarm_event)
                  20008c5c    00000004     (.common:g_adc_mbox)
                  20008c60    00000004     (.common:g_alarm_event_handle)
                  20008c64    00000004     (.common:g_display_mbox)
                  20008c68    00000004     (.common:g_event_handle)
                  20008c6c    00000004     (.common:g_pwm_buzzer)
                  20008c70    00000004     (.common:p_waveform)
                  20008c74    00000002     (.common:Lcd_ScreenHeigth)
                  20008c76    00000002     (.common:Lcd_ScreenWidth)
                  20008c78    00000002     (.common:Lcd_TouchTrim)
                  20008c7a    00000001     (.common:Lcd_FlagRead)
                  20008c7b    00000001     (.common:Lcd_FontSolid)
                  20008c7c    00000001     (.common:Lcd_Orientation)
                  20008c7d    00000001     (.common:Lcd_PenSolid)

.priheap   0    20000140    00008000     UNINITIALIZED
                  20000140    00008000     --HOLE--

.stack     0    2000fc00    00000400     UNINITIALIZED
                  2000fc00    00000400     --HOLE--

.bootVecs 
*          0    00000000    00000008     DSECT
                  00000000    00000008     boot.aem4f : boot.oem4f (.bootVecs)

.resetVecs 
*          0    00000000    0000003c     
                  00000000    0000003c     release_pem4f.oem4f (.resetVecs)

.vecs      0    20000000    00000140     NOLOAD SECTION
                  20000000    00000140     release_pem4f.oem4f (.vecs)

xdc.meta   0    00000000    00000107     COPY SECTION
                  00000000    00000107     release_pem4f.oem4f (xdc.meta)

xdc.noload 
*          0    00000000    00000000     COPY SECTION

.binit     0    00000000    00000000     

MODULE SUMMARY

       Module                                               code    ro data   rw data
       ------                                               ----    -------   -------
    ./
       main.obj                                             824     0         208    
       display_task.obj                                     484     0         4      
       MSP_EXP432P401R.obj                                  8       188       276    
       dive_controller.obj                                  396     0         0      
       alarmtask.obj                                        344     24        16     
       protectedlcd.obj                                     234     0         32     
       scuba.obj                                            222     0         0      
       bsp.obj                                              170     0         0      
       buttons_dive.obj                                     160     0         0      
       bsp_led.obj                                          152     4         0      
       adc_dive.obj                                         92      0         4      
       alarm.obj                                            92      0         0      
       timertask.obj                                        32      0         0      
       blinkingledtask.obj                                  22      0         0      
    +--+----------------------------------------------------+-------+---------+---------+
       Total:                                               3232    216       540    
                                                                                     
    ./LcdDriver/
       Crystalfontz128x128_ST7735.obj                       1670    40        26     
       HAL_MSP_EXP432P401R_Crystalfontz128x128_ST7735.obj   212     28        0      
    +--+----------------------------------------------------+-------+---------+---------+
       Total:                                               1882    68        26     
                                                                                     
    ./fonts/
       fontfixed6x8.obj                                     0       960       0      
    +--+----------------------------------------------------+-------+---------+---------+
       Total:                                               0       960       0      
                                                                                     
    /Users/munanxu/software_bootcamp/tirtos_builds_MSP_EXP432P401R_release_ccs/Debug/configPkg/package/cfg/
       release_pem4f.oem4f                                  1646    1290      2170   
    +--+----------------------------------------------------+-------+---------+---------+
       Total:                                               1646    1290      2170   
                                                                                     
    /Applications/ti/ccsv7/tools/compiler/ti-cgt-arm_16.9.3.LTS/lib/rtsv7M4_T_le_v4SPD16_eabi.lib
       _printfi.obj                                         4414    0         0      
       ull_div_t2.obj                                       500     0         0      
       fd_add_t2.obj                                        438     0         0      
       fd_div_t2.obj                                        310     0         0      
       fd_cmp_t2.obj                                        268     0         0      
       ctype.obj                                            0       257       0      
       fd_mul_t2.obj                                        252     0         0      
       s_scalbn.obj                                         252     0         0      
       memcpy_t2.obj                                        156     0         0      
       snprintf.obj                                         148     0         0      
       memset_t2.obj                                        122     0         0      
       copy_decompress_lzss.obj                             104     0         0      
       s_frexp.obj                                          100     0         0      
       ltoa.obj                                             84      0         0      
       atoi.obj                                             76      0         0      
       cpy_tbl.obj                                          76      0         0      
       fd_toi_t2.obj                                        72      0         0      
       i_tofd_t2.obj                                        46      0         0      
       _lock.obj                                            20      0         8      
       memccpy.obj                                          28      0         0      
       args_main.obj                                        24      0         0      
       strchr.obj                                           22      0         0      
       s_copysign.obj                                       20      0         0      
       strlen.obj                                           20      0         0      
       copy_decompress_none.obj                             14      0         0      
       copy_zero_init.obj                                   12      0         0      
       errno.obj                                            0       0         4      
       stkdepth_vars.obj                                    0       0         4      
    +--+----------------------------------------------------+-------+---------+---------+
       Total:                                               7578    257       16     
                                                                                     
    /Users/munanxu/software_bootcamp/tirtos_builds_MSP_EXP432P401R_release_ccs/src/sysbios/sysbios.aem4f
       BIOS.obj                                             8902    0         0      
       m3_Hwi_asm.obj                                       306     0         0      
       m3_TaskSupport_asm.obj                               180     0         0      
       m3_Hwi_asm_switch.obj                                118     0         0      
    +--+----------------------------------------------------+-------+---------+---------+
       Total:                                               9506    0         0      
                                                                                     
    /Users/munanxu/ti/simplelink_msp432_sdk_1_30_00_40/kernel/tirtos/packages/ti/dpl/lib/dpl_msp432p4xx.aem4f
       PowerMSP432_tirtos.oem4f                             126     0         0      
       SemaphoreP_tirtos.oem4f                              116     0         0      
       HwiP_tirtos.oem4f                                    86      0         0      
    +--+----------------------------------------------------+-------+---------+---------+
       Total:                                               328     0         0      
                                                                                     
    /Users/munanxu/ti/simplelink_msp432_sdk_1_30_00_40/kernel/tirtos/packages/ti/targets/arm/rtsarm/lib/auto_init.aem4f
       auto_init.oem4f                                      160     0         0      
    +--+----------------------------------------------------+-------+---------+---------+
       Total:                                               160     0         0      
                                                                                     
    /Users/munanxu/ti/simplelink_msp432_sdk_1_30_00_40/kernel/tirtos/packages/ti/targets/arm/rtsarm/lib/boot.aem4f
       boot.oem4f                                           88      0         0      
    +--+----------------------------------------------------+-------+---------+---------+
       Total:                                               88      0         0      
                                                                                     
    /Users/munanxu/ti/simplelink_msp432_sdk_1_30_00_40/source/ti/devices/msp432p4xx/driverlib/ccs/msp432p4xx_driverlib.lib
       cs.o                                                 260     0         0      
       spi.o                                                222     0         0      
       gpio.o                                               156     48        0      
       sysctl.o                                             48      0         0      
       cpu.o                                                24      0         0      
    +--+----------------------------------------------------+-------+---------+---------+
       Total:                                               710     48        0      
                                                                                     
    /Users/munanxu/ti/simplelink_msp432_sdk_1_30_00_40/source/ti/drivers/lib/drivers_msp432p4xx.aem4f
       PowerMSP432.oem4f                                    1572    0         252    
       PWMTimerMSP432.oem4f                                 1340    48        128    
       GPIOMSP432.oem4f                                     804     12        49     
       ADCMSP432.oem4f                                      706     24        8      
       PWM.oem4f                                            168     24        1      
       ADC.oem4f                                            158     8         1      
       TimerMSP432.oem4f                                    104     0         0      
       List.oem4f                                           8       0         0      
    +--+----------------------------------------------------+-------+---------+---------+
       Total:                                               4860    116       439    
                                                                                     
    /Users/munanxu/ti/simplelink_msp432_sdk_1_30_00_40/source/ti/grlib/ccs/grlib.lib
       string.o                                             746     0         0      
       context.o                                            76      0         0      
       line.o                                               74      0         0      
       display.o                                            56      0         0      
    +--+----------------------------------------------------+-------+---------+---------+
       Total:                                               952     0         0      
                                                                                     
       Stack:                                               0       0         1024   
       Linker Generated:                                    0       571       0      
    +--+----------------------------------------------------+-------+---------+---------+
[...]
0000777d  Graphics_setForegroundColor                                 
0000778b  HwiP_Params_init                                            
00007799  SemaphoreP_delete                                           
000077a7  bsp_halt                                                    
000077b5  __TI_decompress_none                                        
000077c3  PWMTimerMSP432_control                                      
000077c9  ti_sysbios_knl_Idle_loop__E                                 
000077d9  ti_sysbios_knl_Queue_empty__E                               
000077e7  CPU_cpsid                                                   
000077f3  CPU_cpsie                                                   
000077ff  EUSCI_A_SPI_enable                                          
0000780b  EUSCI_B_SPI_enable                                          
00007819  Power_getConstraintMask                                     
00007825  Power_getPerformanceLevel                                   
00007831  bsp_init                                                    
00007849  __TI_zero_init                                              
00007855  ti_sysbios_family_arm_m3_Hwi_Params__init__S                
00007855  ti_sysbios_hal_Hwi_HwiProxy_Params__init__S                 
00007861  ti_sysbios_family_arm_m3_Hwi_disableFxn__E                  
00007861  ti_sysbios_hal_Hwi_HwiProxy_disable__E                      
00007871  ti_sysbios_family_arm_m3_TaskSupport_getStackAlignment__E   
00007871  ti_sysbios_knl_Task_SupportProxy_getStackAlignment__E       
00007881  ti_sysbios_family_arm_msp432_Timer_getMaxTicks__E           
00007891  ti_sysbios_gates_GateHwi_enter__E                           
0000789d  ti_sysbios_gates_GateMutexPri_Params__init__S               
000078a9  ti_sysbios_knl_Mailbox_Params__init__S                      
000078b5  ti_sysbios_knl_Queue_Object__get__S                         
000078c1  ti_sysbios_knl_Semaphore_Params__init__S                    
000078cd  ti_sysbios_knl_Task_Params__init__S                         
000078d9  xdc_runtime_Gate_enterSystem__E                             
000078e9  xdc_runtime_Startup_rtsDone__E                              
000078f5  ADC_Params_init                                             
000078ff  ADC_close                                                   
00007909  ADC_convert                                                 
0000791d  Graphics_clearDisplay                                       
00007927  Graphics_clearDisplayOnDisplay                              
00007931  Graphics_translateColorOnDisplay                            
0000793b  PWM_setDuty                                                 
00007945  PWM_start                                                   
0000794f  SemaphoreP_Params_init                                      
00007959  SemaphoreP_post                                             
00007959  SemaphoreP_postFromClock                                    
00007963  xdc_runtime_Memory_HeapProxy_alloc__E                       
0000796d  xdc_runtime_Memory_HeapProxy_free__E                        
00007977  MSP_EXP432P401R_initGeneral                                 
00007981  ti_sysbios_family_arm_m3_Hwi_doSwiRestore__I                
00007989  ti_sysbios_family_arm_m3_Hwi_startup__E                     
00007989  ti_sysbios_hal_Hwi_HwiProxy_startup__E                      
00007991  ti_sysbios_family_arm_m3_Hwi_doTaskRestore__I               
00007999  HwiP_restore                                                
00007999  ti_sysbios_family_arm_m3_Hwi_restoreFxn__E                  
00007999  ti_sysbios_hal_Hwi_HwiProxy_restore__E                      
000079a1  ti_sysbios_gates_GateHwi_leave__E                           
000079a9  ti_sysbios_heaps_HeapMem_isBlocking__E                      
000079b1  ti_sysbios_knl_Queue_Instance_init__E                       
000079b9  ti_sysbios_knl_Swi_startup__E                               
000079c1  xdc_runtime_System_Module_startup__E                        
000079c9  ti_sysbios_gates_GateHwi_query__E                           
000079c9  xdc_runtime_Main_Module_GateProxy_query__E                  
000079c9  xdc_runtime_System_Module_GateProxy_query__E                
000079d1  ti_sysbios_gates_GateMutexPri_query__E                      
000079d9  ti_sysbios_BIOS_RtsGateProxy_query__E                       
000079d9  ti_sysbios_gates_GateMutex_query__E                         
000079d9  ti_sysbios_heaps_HeapMem_Module_GateProxy_query__E          
000079e1  ti_sysbios_knl_Task_startup__E                              
000079e9  ti_sysbios_BIOS_linkedWithIncorrectBootLibrary__E           
000079f1  ti_sysbios_gates_GateHwi_Instance_init__E                   
000079f9  ti_sysbios_knl_Clock_logTick__E                             
00007a01  xdc_runtime_SysCallback_defaultAbort                        
00007a09  xdc_runtime_SysCallback_defaultExit                         
00007a11  xdc_runtime_System_abortSpin__E                             
00007a19  xdc_runtime_System_exitSpin__E                              
00007d14  _ctypes_                                                    
00007e15  xdc_runtime_Error_policy__C                                 
00007e16  ti_sysbios_family_arm_m3_Hwi_Module__id__C                  
00007e18  g_sFontFixed6x8                                             
00007f28  ti_sysbios_knl_Task_Object__PARAMS__C                       
00007f64  ti_sysbios_knl_Mailbox_Object__PARAMS__C                    
00007fc8  ti_sysbios_family_arm_m3_Hwi_Object__PARAMS__C              
00007ff8  ti_sysbios_heaps_HeapMem_Module__FXNS__C                    
00008000  HEAPSIZE                                                    
00008020  ADC_config                                                  
00008044  PWM_config                                                  
00008068  adcMSP432HWAttrs                                            
0000808c  ti_sysbios_gates_GateHwi_Module__FXNS__C                    
000080b0  ti_sysbios_gates_GateMutexPri_Module__FXNS__C               
000080d4  ti_sysbios_gates_GateMutex_Module__FXNS__C                  
000080f8  ti_sysbios_heaps_HeapMem_Object__PARAMS__C                  
0000811c  ti_sysbios_knl_Semaphore_Object__PARAMS__C                  
00008140  xdc_runtime_Startup_sfxnTab__A                              
00008164  PWMTimerMSP432_fxnTable                                     
00008184  g_sCrystalfontz128x128_funcs                                
000081a4  ti_sysbios_family_arm_m3_Hwi_Object__DESC__C                
000081c4  ti_sysbios_gates_GateHwi_Object__DESC__C                    
000081e4  ti_sysbios_gates_GateMutexPri_Object__DESC__C               
00008204  ti_sysbios_gates_GateMutex_Object__DESC__C                  
00008224  ti_sysbios_heaps_HeapMem_Object__DESC__C                    
00008244  ti_sysbios_knl_Event_Object__DESC__C                        
00008264  ti_sysbios_knl_Mailbox_Object__DESC__C                      
00008284  ti_sysbios_knl_Queue_Object__DESC__C                        
000082a4  ti_sysbios_knl_Semaphore_Object__DESC__C                    
000082c4  ti_sysbios_knl_Task_Object__DESC__C                         
00008300  ADCMSP432_fxnTable                                          
00008318  PWM_defaultParams                                           
00008330  PowerMSP432_config                                          
00008348  pwmTimerMSP432HWAttrs                                       
00008360  ti_sysbios_gates_GateHwi_Object__PARAMS__C                  
00008378  ti_sysbios_gates_GateMutexPri_Object__PARAMS__C             
00008390  ti_sysbios_gates_GateMutex_Object__PARAMS__C                
000083a8  ti_sysbios_knl_Event_Object__PARAMS__C                      
000083c0  ti_sysbios_knl_Queue_Object__PARAMS__C                      
000083d8  GPIOMSP432_config                                           
000083ec  xdc_runtime_Startup_sfxnRts__A                              
000083fe  ti_sysbios_family_arm_msp432_init_Boot_bypassHFXT__C        
00008410  ADC_count                                                   
00008411  ADCBuf_count                                                
00008412  Capture_count                                               
00008413  Display_count                                               
00008414  I2C_count                                                   
00008415  I2CSlave_count                                              
00008416  PWM_count                                                   
00008417  SDSPI_count                                                 
00008418  SPI_count                                                   
00008419  Timer_count                                                 
0000841a  UART_count                                                  
0000841b  Watchdog_count                                              
0000841c  xdc_runtime_Startup_firstFxns__A                            
00008430  ADC_defaultParams                                           
00008450  ti_sysbios_knl_Idle_funcList__C                             
00008458  xdc_runtime_Startup_firstFxns__C                            
00008460  xdc_runtime_Startup_lastFxns__C                             
00008478  ti_sysbios_family_arm_m3_Hwi_E_alreadyDefined__C            
0000847c  ti_sysbios_family_arm_m3_Hwi_NUM_INTERRUPTS__C              
00008480  ti_sysbios_family_arm_m3_Hwi_Object__count__C               
00008484  ti_sysbios_family_arm_m3_Hwi_ccr__C                         
00008488  ti_sysbios_family_arm_m3_Hwi_excHandlerFunc__C              
0000848c  ti_sysbios_family_arm_m3_Hwi_nullIsrFunc__C                 
00008490  ti_sysbios_family_arm_m3_Hwi_priGroup__C                    
00008494  ti_sysbios_family_arm_m3_Hwi_swiDisable__C                  
00008498  ti_sysbios_family_arm_m3_Hwi_swiRestoreHwi__C               
0000849c  ti_sysbios_family_arm_m3_TaskSupport_stackAlignment__C      
000084a0  ti_sysbios_family_arm_msp432_Timer_numTimerDevices__C       
000084a4  ti_sysbios_family_arm_msp432_Timer_startupNeeded__C         
000084a8  ti_sysbios_gates_GateMutexPri_Instance_State_pendQ__O       
000084ac  ti_sysbios_gates_GateMutex_Instance_State_sem__O            
000084b0  ti_sysbios_heaps_HeapMem_E_memory__C                        
000084b4  ti_sysbios_heaps_HeapMem_Module__gateObj__C                 
000084b8  ti_sysbios_heaps_HeapMem_Object__count__C                   
000084bc  ti_sysbios_heaps_HeapMem_primaryHeapBaseAddr__C             
000084c0  ti_sysbios_heaps_HeapMem_primaryHeapEndAddr__C              
000084c4  ti_sysbios_heaps_HeapMem_reqAlign__C                        
000084c8  ti_sysbios_knl_Clock_Module_State_clockQ__O                 
000084cc  ti_sysbios_knl_Event_Instance_State_pendQ__O                
000084d0  ti_sysbios_knl_Idle_funcList__A                             
000084d4  ti_sysbios_knl_Mailbox_Instance_State_dataQue__O            
000084d8  ti_sysbios_knl_Mailbox_Instance_State_dataSem__O            
000084dc  ti_sysbios_knl_Mailbox_Instance_State_freeQue__O            
000084e0  ti_sysbios_knl_Mailbox_Instance_State_freeSem__O            
000084e4  ti_sysbios_knl_Mailbox_Object__count__C                     
000084e8  ti_sysbios_knl_Mailbox_maxTypeAlign__C                      
000084ec  ti_sysbios_knl_Semaphore_Instance_State_pendQ__O            
000084f0  ti_sysbios_knl_Swi_Object__count__C                         
000084f4  ti_sysbios_knl_Task_Module_State_inactiveQ__O               
000084f8  ti_sysbios_knl_Task_Object__count__C                        
000084fc  ti_sysbios_knl_Task_allBlockedFunc__C                       
00008500  ti_sysbios_knl_Task_defaultStackHeap__C                     
00008504  ti_sysbios_knl_Task_defaultStackSize__C                     
00008508  ti_sysbios_knl_Task_numConstructedTasks__C                  
0000850c  xdc_runtime_Error_E_memory__C                               
00008510  xdc_runtime_Error_policyFxn__C                              
00008514  xdc_runtime_IGateProvider_Interface__BASE__C                
00008518  xdc_runtime_IHeap_Interface__BASE__C                        
0000851c  xdc_runtime_IModule_Interface__BASE__C                      
00008520  xdc_runtime_Memory_defaultHeapInstance__C                   
00008524  xdc_runtime_Startup_execImpl__C                             
00008528  xdc_runtime_Startup_maxPasses__C                            
0000852c  xdc_runtime_Startup_sfxnRts__C                              
00008530  xdc_runtime_Startup_sfxnTab__C                              
00008534  xdc_runtime_SysCallback_abortFxn__C                         
00008538  xdc_runtime_SysCallback_exitFxn__C                          
0000853c  xdc_runtime_System_Module__gateObj__C                       
00008540  xdc_runtime_System_abortFxn__C                              
00008544  xdc_runtime_System_exitFxn__C                               
00008548  xdc_runtime_System_maxAtexitHandlers__C                     
0000854c  xdc_runtime_Text_charTab__C                                 
00008550  xdc_runtime_Text_nameEmpty__C                               
00008554  xdc_runtime_Text_nameStatic__C                              
00008558  xdc_runtime_Text_nameUnknown__C                             
0000855c  ti_sysbios_family_arm_msp432_init_Boot_bypassLFXT__C        
0000855e  ti_sysbios_family_arm_msp432_init_Boot_enableHFXT__C        
00008560  ti_sysbios_family_arm_msp432_init_Boot_enableLFXT__C        
00008562  ti_sysbios_heaps_HeapMem_Module__id__C                      
00008564  xdc_runtime_Memory_Module__id__C                            
00008566  xdc_runtime_Text_charCnt__C                                 
00008568  xdc_runtime_Text_isLoaded__C                                
0000856a  xdc_runtime_Text_charTab__A                                 
00008570  __TI_static_base__                                          
00008788  __TI_Handler_Table_Base                                     
00008794  __TI_Handler_Table_Limit                                    
000087a0  __TI_CINIT_Base                                             
000087b0  __TI_CINIT_Limit                                            
20000000  ti_sysbios_family_arm_m3_Hwi_ramVectors                     
20000140  __primary_heap_start__                                      
20008140  PowerMSP432_perfLevels                                      
20008140  __primary_heap_end__                                        
20008290  ti_sysbios_knl_Swi_Module_State_0_readyQ__A                 
20008310  ti_sysbios_knl_Task_Module_State_0_readyQ__A                
20008390  ti_sysbios_family_arm_msp432_Timer_Object__table__V         
200083dc  ti_sysbios_knl_Task_Object__table__V                        
20008428  ti_sysbios_knl_Task_Module__state__V                        
2000846c  ti_sysbios_gates_GateMutex_Object__table__V                 
200084a4  ti_sysbios_family_arm_m3_Hwi_Module__state__V               
200084d8  ti_sysbios_knl_Swi_Object__table__V                         
20008508  PowerMSP432_module                                          
20008534  ti_sysbios_knl_Clock_Module__state__V                       
20008560  ti_sysbios_BIOS_Module__state__V                            
20008584  gpioPinConfigs                                              
200085a4  ti_sysbios_family_arm_msp432_Timer_Module_State_0_device__A 
200085c4  xdc_runtime_Error_IgnoreBlock                               
200085e4  ti_sysbios_knl_Swi_Module__state__V                         
20008600  ti_sysbios_family_arm_m3_Hwi_Object__table__V               
20008618  ti_sysbios_heaps_HeapMem_Object__table__V                   
20008630  g_sCrystalfontz128x128                                      
20008640  ti_sysbios_family_arm_msp432_Timer_Module_State_0_handles__A
20008650  ti_sysbios_family_arm_msp432_ClockFreqs_Module__state__V    
2000865c  ti_sysbios_family_arm_msp432_Timer_Module__state__V         
20008668  _lock                                                       
2000866c  _unlock                                                     
20008678  gpioCallbackFunctions                                       
20008680  ti_sysbios_family_arm_m3_Hwi_Module__root__V                
20008688  ti_sysbios_gates_GateHwi_Module__root__V                    
20008690  ti_sysbios_gates_GateMutexPri_Module__root__V               
20008698  ti_sysbios_gates_GateMutex_Module__root__V                  
200086a0  ti_sysbios_heaps_HeapMem_Module__root__V                    
200086a8  ti_sysbios_knl_Event_Module__root__V                        
200086b0  ti_sysbios_knl_Mailbox_Module__root__V                      
200086b8  ti_sysbios_knl_Queue_Module__root__V                        
200086c0  ti_sysbios_knl_Semaphore_Module__root__V                    
200086c8  ti_sysbios_knl_Task_Module__root__V                         
200086d0  xdc_runtime_Startup_Module__state__V                        
200086d8  xdc_runtime_System_Module_State_0_atexitHandlers__A         
200086e0  xdc_runtime_System_Module__state__V                         
200086e8  errno                                                       
200086ec  main_func_sp                                                
200086f0  ti_sysbios_family_arm_m3_Hwi_Module_State_0_excContext__A   
200086f4  ti_sysbios_family_arm_m3_Hwi_Module_State_0_excStack__A     
200086f8  ti_sysbios_gates_GateHwi_Object__table__V                   
200086fc  ti_sysbios_knl_Task_Module_State_0_idleTask__A              
20008700  xdc_runtime_Memory_Module__state__V                         
20008704  ti_sysbios_family_arm_m3_Hwi_Module_State_0_excActive__A    
20008710  ti_sysbios_knl_Task_Instance_State_0_stack__A               
20008910  ti_sysbios_family_arm_m3_Hwi_dispatchTable                  
20008a50  timerMSP432Objects                                          
20008bd8  pwmTimerMSP432Objects                                       
20008c4c  adcMSP432Objects                                            
20008c58  alarm_event                                                 
20008c5c  g_adc_mbox                                                  
20008c60  g_alarm_event_handle                                        
20008c64  g_display_mbox                                              
20008c68  g_event_handle                                              
20008c6c  g_pwm_buzzer                                                
20008c70  p_waveform                                                  
20008c74  Lcd_ScreenHeigth                                            
20008c76  Lcd_ScreenWidth                                             
20008c78  Lcd_TouchTrim                                               
20008c7a  Lcd_FlagRead                                                
20008c7b  Lcd_FontSolid                                               
20008c7c  Lcd_Orientation                                             
20008c7d  Lcd_PenSolid                                                
2000fc00  __stack                                                     
20010000  __STACK_END                                                 
4000480c  WDTCTL_SYM                                                  
e000e000  ti_sysbios_family_arm_m3_Hwi_nvic                           
ffffffff  __TI_pprof_out_hndl                                         
ffffffff  __TI_prof_data_size                                         
ffffffff  __TI_prof_data_start                                        
ffffffff  __binit__                                                   
ffffffff  __c_args__                                                  
ffffffff  binit                                                       
UNDEFED   SHT$$INIT_ARRAY$$Base                                       
UNDEFED   SHT$$INIT_ARRAY$$Limit                                      

[612 symbols]
