******************************************************************************
                  TI ARM Linker Unix v16.9.3                   
******************************************************************************
>> Linked Thu Aug 17 16:00:44 2017

OUTPUT FILE NAME:   <dive_computer.out>
ENTRY POINT SYMBOL: "_c_int00"  address: 00005461


MEMORY CONFIGURATION

         name            origin    length      used     unused   attr    fill
----------------------  --------  ---------  --------  --------  ----  --------
  MAIN                  00000000   00040000  0000865d  000379a3  R  X
  INFO                  00200000   00004000  00000000  00004000  R  X
  SRAM_CODE             01000000   00010000  00000000  00010000  RW X
  SRAM_DATA             20000000   00010000  00009073  00006f8d  RW  


SEGMENT ALLOCATION MAP

run origin  load origin   length   init length attrs members
----------  ----------- ---------- ----------- ----- -------
00000000    00000000    00008668   00008668    r-x
  00000000    00000000    0000003c   0000003c    r-- .resetVecs
  00000040    00000040    000078aa   000078aa    r-x .text
  000078ec    000078ec    00000b37   00000b37    r-- .const
  00008428    00008428    00000240   00000240    r-- .cinit
20000140    20000140    00008000   00000000    r--
  20000140    20000140    00008000   00000000    r-- .priheap
20008140    20008140    00000b3a   00000000    rw-
  20008140    20008140    000005c9   00000000    rw- .data
  20008710    20008710    0000056a   00000000    rw- .bss
2000fc00    2000fc00    00000400   00000000    rw-
  2000fc00    2000fc00    00000400   00000000    rw- .stack


SECTION ALLOCATION MAP

 output                                  attributes/
section   page    origin      length       input sections
--------  ----  ----------  ----------   ----------------
.text      0    00000040    000078aa     
                  00000040    0000113e     rtsv7M4_T_le_v4SPD16_eabi.lib : _printfi.obj (.text)
                  0000117e    000002d0     grlib.lib : string.o (.text:Graphics_drawString)
                  0000144e    00000002     drivers_msp432p4xx.aem4f : ADCMSP432.oem4f (.text:ADCMSP432_init)
                  00001450    000002d0                              : PowerMSP432.oem4f (.text:Power_sleep)
                  00001720    00000290     main.obj (.text:startup_task)
                  000019b0    000001f4     rtsv7M4_T_le_v4SPD16_eabi.lib : ull_div_t2.obj (.text)
                  00001ba4    000001e0     display_task.obj (.text:display_task)
                  00001d84    000001d8     Crystalfontz128x128_ST7735.obj (.text:Crystalfontz128x128_PixelDrawMultiple)
                  00001f5c    000001b6     rtsv7M4_T_le_v4SPD16_eabi.lib : fd_add_t2.obj (.text)
                  00002112    00000002     drivers_msp432p4xx.aem4f : PWMTimerMSP432.oem4f (.text:PWMTimerMSP432_init)
                  00002114    00000198     dive_controller.obj (.text:dive_controller_task)
                  000022ac    0000015c     drivers_msp432p4xx.aem4f : GPIOMSP432.oem4f (.text:GPIO_setConfig)
                  00002408    00000158     sysbios.aem4f : BIOS.obj (.text:ti_sysbios_knl_Event_pend__E)
                  00002560    0000014c     drivers_msp432p4xx.aem4f : PowerMSP432.oem4f (.text:initPerfControl)
                  000026ac    00000136     rtsv7M4_T_le_v4SPD16_eabi.lib : fd_div_t2.obj (.text)
                  000027e2    00000002     dpl_msp432p4xx.aem4f : PowerMSP432_tirtos.oem4f (.text:PowerMSP432_initPolicy)
                  000027e4    00000134     Crystalfontz128x128_ST7735.obj (.text:Crystalfontz128x128_SetDrawFrame)
                  00002918    00000130     sysbios.aem4f : BIOS.obj (.text:ti_sysbios_knl_Semaphore_pend__E)
                  00002a48    0000012c     Crystalfontz128x128_ST7735.obj (.text:Crystalfontz128x128_Init)
                  00002b74    00000118     drivers_msp432p4xx.aem4f : ADCMSP432.oem4f (.text:ADCMSP432_convert)
                  00002c8c    00000004     grlib.lib : context.o (.text:Graphics_setFont)
                  00002c90    00000108     sysbios.aem4f : BIOS.obj (.text:xdc_runtime_Startup_startMods__I)
                  00002d98    00000100     drivers_msp432p4xx.aem4f : PWMTimerMSP432.oem4f (.text:initHw)
                  00002e98    000000fc     rtsv7M4_T_le_v4SPD16_eabi.lib : fd_mul_t2.obj (.text)
                  00002f94    000000fc                                   : s_scalbn.obj (.text)
                  00003090    000000fc     sysbios.aem4f : BIOS.obj (.text:ti_sysbios_family_arm_msp432_init_Boot_configureClocksHigh)
                  0000318c    000000ec                   : m3_Hwi_asm.obj (.text:ti_sysbios_family_arm_m3_Hwi_dispatch__I)
                  00003278    000000e0     msp432p4xx_driverlib.lib : cs.o (.text:CS_initClockSignal)
                  00003358    000000d8     drivers_msp432p4xx.aem4f : PWMTimerMSP432.oem4f (.text:PWMTimerMSP432_open)
                  00003430    000000d4     sysbios.aem4f : BIOS.obj (.text:ti_sysbios_knl_Mailbox_Instance_init__E)
                  00003504    00000004     dpl_msp432p4xx.aem4f : HwiP_tirtos.oem4f (.text:HwiP_disable)
                  00003508    000000d0     sysbios.aem4f : BIOS.obj (.text:ti_sysbios_heaps_HeapMem_alloc__E)
                  000035d8    000000c4                   : BIOS.obj (.text:ti_sysbios_knl_Task_sleep__E)
                  0000369c    00000004     drivers_msp432p4xx.aem4f : List.oem4f (.text:List_head)
                  000036a0    000000c0     sysbios.aem4f : BIOS.obj (.text:ti_sysbios_knl_Task_Instance_init__E)
                  00003760    000000bc                   : BIOS.obj (.text:ti_sysbios_knl_Task_Instance_finalize__E)
                  0000381c    00000004     drivers_msp432p4xx.aem4f : List.oem4f (.text:List_next)
                  00003820    000000a8     sysbios.aem4f : BIOS.obj (.text:ti_sysbios_family_arm_msp432_Timer_periodicStub__E)
                  000038c8    000000a8                   : BIOS.obj (.text:xdc_runtime_Core_createObject__I)
                  00003970    000000a4                   : BIOS.obj (.text:ti_sysbios_knl_Task_setPri__E)
                  00003a14    000000a0     auto_init.aem4f : auto_init.oem4f (.text)
                  00003ab4    000000a0     buttons_dive.obj (.text:button_task)
                  00003b54    0000009c     Crystalfontz128x128_ST7735.obj (.text:Crystalfontz128x128_RectFill)
                  00003bf0    0000009c     drivers_msp432p4xx.aem4f : PWMTimerMSP432.oem4f (.text:PWMTimerMSP432_setPeriod)
                  00003c8c    0000009c     rtsv7M4_T_le_v4SPD16_eabi.lib : memcpy_t2.obj (.text)
                  00003d28    00000098     drivers_msp432p4xx.aem4f : ADCMSP432.oem4f (.text:ADCMSP432_open)
                  00003dc0    00000098     sysbios.aem4f : BIOS.obj (.text:ti_sysbios_family_arm_m3_Hwi_Instance_init__E)
                  00003e58    00000094     rtsv7M4_T_le_v4SPD16_eabi.lib : snprintf.obj (.text)
                  00003eec    00000004     release_pem4f.oem4f (.text:ti_sysbios_BIOS_RtsGateProxy_enter__E)
                  00003ef0    00000094     sysbios.aem4f : BIOS.obj (.text:ti_sysbios_family_arm_m3_Hwi_initNVIC__E)
                  00003f84    00000090     drivers_msp432p4xx.aem4f : PWMTimerMSP432.oem4f (.text:PWMTimerMSP432_setDuty)
                  00004014    0000008c     sysbios.aem4f : m3_TaskSupport_asm.obj (.text:ti_sysbios_family_arm_m3_TaskSupport_buildTaskStack)
                  000040a0    0000008c                   : BIOS.obj (.text:ti_sysbios_gates_GateMutexPri_enter__E)
                  0000412c    00000004     release_pem4f.oem4f (.text:ti_sysbios_BIOS_RtsGateProxy_leave__E)
                  00004130    0000008c     sysbios.aem4f : BIOS.obj (.text:ti_sysbios_knl_Event_post__E)
                  000041bc    00000004     release_pem4f.oem4f (.text:ti_sysbios_family_arm_m3_TaskSupport_Module__startupDone__S)
                  000041c0    0000008c     sysbios.aem4f : BIOS.obj (.text:ti_sysbios_knl_Task_postInit__I)
                  0000424c    00000088     protectedlcd.obj (.text:protected_lcd_init)
                  000042d4    00000004     release_pem4f.oem4f (.text:ti_sysbios_heaps_HeapMem_Module_GateProxy_enter__E)
                  000042d8    00000088     sysbios.aem4f : BIOS.obj (.text:ti_sysbios_knl_Mailbox_post__E)
                  00004360    00000088                   : BIOS.obj (.text:xdc_runtime_Memory_alloc__E)
                  000043e8    00000086     rtsv7M4_T_le_v4SPD16_eabi.lib : fd_cmp_t2.obj (.text:__aeabi_cdcmple)
                  0000446e    00000086                                   : fd_cmp_t2.obj (.text:__aeabi_cdrcmple)
                  000044f4    00000004     release_pem4f.oem4f (.text:ti_sysbios_heaps_HeapMem_Module_GateProxy_leave__E)
                  000044f8    00000084     sysbios.aem4f : BIOS.obj (.text:ti_sysbios_family_arm_m3_Hwi_postInit__I)
                  0000457c    00000004     release_pem4f.oem4f (.text:ti_sysbios_knl_Clock_TimerProxy_getMaxTicks__E)
                  00004580    00000084     sysbios.aem4f : BIOS.obj (.text:ti_sysbios_heaps_HeapMem_free__E)
                  00004604    00000004     release_pem4f.oem4f (.text:ti_sysbios_knl_Semaphore_delete)
                  00004608    00000084     sysbios.aem4f : BIOS.obj (.text:xdc_runtime_Core_constructObject__I)
                  0000468c    0000007c     msp432p4xx_driverlib.lib : spi.o (.text:SPI_initMaster)
                  00004708    0000007c     main.obj (.text:main)
                  00004784    0000007a     rtsv7M4_T_le_v4SPD16_eabi.lib : memset_t2.obj (.text)
                  000047fe    00000002     release_pem4f.oem4f (.text:ti_sysbios_BIOS_nullFunc__I)
                  00004800    00000078     drivers_msp432p4xx.aem4f : PWMTimerMSP432.oem4f (.text:PWMTimerMSP432_close)
                  00004878    00000076                              : PWMTimerMSP432.oem4f (.text:PWMTimerMSP432_stop)
                  000048ee    00000002     --HOLE-- [fill = 0]
                  000048f0    00000074     sysbios.aem4f : BIOS.obj (.text:ti_sysbios_knl_Mailbox_pend__E)
                  00004964    00000004     release_pem4f.oem4f (.text:ti_sysbios_knl_Task_delete)
                  00004968    00000070     sysbios.aem4f : BIOS.obj (.text:ti_sysbios_heaps_HeapMem_initPrimary__I)
                  000049d8    00000070                   : BIOS.obj (.text:ti_sysbios_knl_Mailbox_Instance_finalize__E)
                  00004a48    00000070                   : BIOS.obj (.text:ti_sysbios_knl_Semaphore_post__E)
                  00004ab8    00000070                   : BIOS.obj (.text:ti_sysbios_knl_Task_exit__E)
                  00004b28    0000006c                   : BIOS.obj (.text:ti_sysbios_gates_GateMutexPri_leave__E)
                  00004b94    00000004     release_pem4f.oem4f (.text:xdc_runtime_System_Module_GateProxy_enter__E)
                  00004b98    0000006c     sysbios.aem4f : BIOS.obj (.text:ti_sysbios_knl_Clock_workFunc__E)
                  00004c04    00000004     release_pem4f.oem4f (.text:xdc_runtime_System_Module_GateProxy_leave__E)
                  00004c08    0000006c     sysbios.aem4f : BIOS.obj (.text:ti_sysbios_knl_Swi_restoreHwi__E)
                  00004c74    00000068     drivers_msp432p4xx.aem4f : PWMTimerMSP432.oem4f (.text:PWMTimerMSP432_start)
                  00004cdc    00000068     rtsv7M4_T_le_v4SPD16_eabi.lib : copy_decompress_lzss.obj (.text:decompress:lzss)
                  00004d44    00000004     --HOLE-- [fill = 0]
                  00004d48    00000066     sysbios.aem4f : BIOS.obj (.text:xdc_runtime_Core_deleteObject__I)
                  00004dae    00000002     --HOLE-- [fill = 0]
                  00004db0    00000064     drivers_msp432p4xx.aem4f : GPIOMSP432.oem4f (.text:GPIO_hwiIntFxn)
                  00004e14    00000064     rtsv7M4_T_le_v4SPD16_eabi.lib : s_frexp.obj (.text)
                  00004e78    00000064     sysbios.aem4f : BIOS.obj (.text:ti_sysbios_family_arm_m3_Hwi_dispatchC__I)
                  00004edc    00000060     drivers_msp432p4xx.aem4f : ADCMSP432.oem4f (.text:ADCMSP432_close)
                  00004f3c    00000060     Crystalfontz128x128_ST7735.obj (.text:Crystalfontz128x128_LineDrawH)
                  00004f9c    00000060     Crystalfontz128x128_ST7735.obj (.text:Crystalfontz128x128_LineDrawV)
                  00004ffc    0000005c     drivers_msp432p4xx.aem4f : GPIOMSP432.oem4f (.text:GPIO_init)
                  00005058    0000005c                              : GPIOMSP432.oem4f (.text:GPIO_write)
                  000050b4    0000005c                              : PowerMSP432.oem4f (.text:PowerMSP432_getFreqs)
                  00005110    0000005c     adc_dive.obj (.text:adc_task)
                  0000516c    0000005c     scuba.obj (.text:gas_to_surface_in_cl)
                  000051c8    0000005c     alarm.obj (.text:speaker_config)
                  00005224    00000004     --HOLE-- [fill = 0]
                  00005228    0000005c     sysbios.aem4f : BIOS.obj (.text:ti_sysbios_knl_Swi_run__I)
                  00005284    00000004     --HOLE-- [fill = 0]
                  00005288    0000005c                   : BIOS.obj (.text:ti_sysbios_knl_Swi_schedule__I)
                  000052e4    00000004     --HOLE-- [fill = 0]
                  000052e8    0000005c                   : BIOS.obj (.text:ti_sysbios_knl_Task_Module_startup__E)
                  00005344    00000004     --HOLE-- [fill = 0]
                  00005348    0000005c                   : BIOS.obj (.text:ti_sysbios_knl_Task_startCore__E)
                  000053a4    00000004     --HOLE-- [fill = 0]
                  000053a8    0000005c                   : BIOS.obj (.text:xdc_runtime_Startup_exec__E)
                  00005404    0000005a     drivers_msp432p4xx.aem4f : ADCMSP432.oem4f (.text:initHw)
                  0000545e    00000002     --HOLE-- [fill = 0]
                  00005460    00000058     boot.aem4f : boot.oem4f (.text)
                  000054b8    00000058     sysbios.aem4f : m3_Hwi_asm_switch.obj (.text:ti_sysbios_family_arm_m3_Hwi_initStacks__E)
                  00005510    00000054     Crystalfontz128x128_ST7735.obj (.text:Crystalfontz128x128_SetOrientation)
                  00005564    00000054     drivers_msp432p4xx.aem4f : GPIOMSP432.oem4f (.text:GPIO_setCallback)
                  000055b8    00000054                              : PowerMSP432.oem4f (.text:Power_init)
                  0000560c    00000054     rtsv7M4_T_le_v4SPD16_eabi.lib : ltoa.obj (.text)
                  00005660    00000054     release_pem4f.oem4f (.text:ti_sysbios_family_arm_m3_Hwi_create)
                  000056b4    00000004     --HOLE-- [fill = 0]
                  000056b8    00000054     sysbios.aem4f : BIOS.obj (.text:ti_sysbios_family_arm_msp432_Timer_initDevice__I)
                  0000570c    00000054     release_pem4f.oem4f (.text:ti_sysbios_knl_Mailbox_create)
                  00005760    00000054     sysbios.aem4f : BIOS.obj (.text:xdc_runtime_Core_assignLabel__I)
                  000057b4    00000052     scuba.obj (.text:adc_to_rate)
                  00005806    00000002     --HOLE-- [fill = 0]
                  00005808    00000050     drivers_msp432p4xx.aem4f : ADCMSP432.oem4f (.text:ADCMSP432_convertRawToMicroVolts)
                  00005858    00000050     dpl_msp432p4xx.aem4f : PowerMSP432_tirtos.oem4f (.text:PowerMSP432_sleepPolicy)
                  000058a8    00000050     sysbios.aem4f : BIOS.obj (.text:ti_sysbios_family_arm_m3_Hwi_Module_startup__E)
                  000058f8    00000050     release_pem4f.oem4f (.text:ti_sysbios_knl_Task_create)
                  00005948    0000004e     bsp.obj (.text:bsp_btn_read)
                  00005996    00000002     --HOLE-- [fill = 0]
                  00005998    0000004c     msp432p4xx_driverlib.lib : gpio.o (.text:GPIO_setAsPeripheralModuleFunctionOutputPin)
                  000059e4    0000004c     protectedlcd.obj (.text:protected_lcd_display)
                  00005a30    0000004c     rtsv7M4_T_le_v4SPD16_eabi.lib : atoi.obj (.text)
                  00005a7c    0000004c                                   : cpy_tbl.obj (.text)
                  00005ac8    0000004c     sysbios.aem4f : BIOS.obj (.text:ti_sysbios_family_arm_msp432_Timer_start__E)
                  00005b14    00000004     --HOLE-- [fill = 0]
                  00005b18    0000004c                   : BIOS.obj (.text:ti_sysbios_heaps_HeapMem_getStats__E)
                  00005b64    00000004     --HOLE-- [fill = 0]
                  00005b68    0000004c                   : BIOS.obj (.text:ti_sysbios_knl_Swi_runLoop__I)
                  00005bb4    00000004     --HOLE-- [fill = 0]
                  00005bb8    0000004c                   : BIOS.obj (.text:ti_sysbios_knl_Task_allBlockedFunction__I)
                  00005c04    00000004     --HOLE-- [fill = 0]
                  00005c08    0000004c                   : BIOS.obj (.text:ti_sysbios_knl_Task_block__E)
                  00005c54    00000004     --HOLE-- [fill = 0]
                  00005c58    0000004c                   : BIOS.obj (.text:ti_sysbios_knl_Task_schedule__I)
                  00005ca4    0000004a     grlib.lib : line.o (.text:Graphics_drawLineH)
                  00005cee    00000002     --HOLE-- [fill = 0]
                  00005cf0    00000048     drivers_msp432p4xx.aem4f : PowerMSP432.oem4f (.text:Power_releaseConstraint)
                  00005d38    00000048     rtsv7M4_T_le_v4SPD16_eabi.lib : fd_toi_t2.obj (.text)
                  00005d80    00000048     sysbios.aem4f : BIOS.obj (.text:ti_sysbios_family_arm_m3_Hwi_disableInterrupt__E)
                  00005dc8    00000048                   : BIOS.obj (.text:ti_sysbios_family_arm_m3_Hwi_enableInterrupt__E)
                  00005e10    00000048                   : BIOS.obj (.text:ti_sysbios_knl_Mailbox_Module_startup__E)
                  00005e58    00000046                   : BIOS.obj (.text:xdc_runtime_Core_assignParams__I)
                  00005e9e    00000002     --HOLE-- [fill = 0]
                  00005ea0    00000044     drivers_msp432p4xx.aem4f : ADC.oem4f (.text:ADC_init)
                  00005ee4    00000044     dpl_msp432p4xx.aem4f : HwiP_tirtos.oem4f (.text:HwiP_create)
                  00005f28    00000044     drivers_msp432p4xx.aem4f : PWM.oem4f (.text:PWM_init)
                  00005f6c    00000044     bsp_led.obj (.text:bsp_led_off)
                  00005fb0    00000044     bsp_led.obj (.text:bsp_led_toggle)
                  00005ff4    00000004     --HOLE-- [fill = 0]
                  00005ff8    00000044     sysbios.aem4f : BIOS.obj (.text:ti_sysbios_family_arm_m3_Hwi_getStackInfo__E)
                  0000603c    00000004     --HOLE-- [fill = 0]
                  00006040    00000044                   : BIOS.obj (.text:ti_sysbios_family_arm_msp432_Seconds_Module_startup__E)
                  00006084    00000004     --HOLE-- [fill = 0]
                  00006088    00000044                   : BIOS.obj (.text:ti_sysbios_knl_Swi_post__E)
                  000060cc    00000040     Crystalfontz128x128_ST7735.obj (.text:Crystalfontz128x128_PixelDraw)
                  0000610c    00000040     HAL_MSP_EXP432P401R_Crystalfontz128x128_ST7735.obj (.text:HAL_LCD_SpiInit)
                  0000614c    00000040     dpl_msp432p4xx.aem4f : SemaphoreP_tirtos.oem4f (.text:SemaphoreP_create)
                  0000618c    00000040     drivers_msp432p4xx.aem4f : PowerMSP432.oem4f (.text:notify)
                  000061cc    00000040                              : PowerMSP432.oem4f (.text:restartHFXT)
                  0000620c    00000004     --HOLE-- [fill = 0]
                  00006210    00000040     sysbios.aem4f : BIOS.obj (.text:ti_sysbios_family_arm_msp432_Timer_Module_startup__E)
                  00006250    00000040                   : BIOS.obj (.text:ti_sysbios_family_arm_msp432_Timer_startup__E)
                  00006290    00000040                   : BIOS.obj (.text:ti_sysbios_heaps_HeapMem_Instance_init__E)
                  000062d0    0000003c     drivers_msp432p4xx.aem4f : ADC.oem4f (.text:ADC_open)
                  0000630c    0000003c                              : PWM.oem4f (.text:PWM_open)
                  00006348    0000003c                              : PWMTimerMSP432.oem4f (.text:getPeriodCounts)
                  00006384    00000004     --HOLE-- [fill = 0]
                  00006388    0000003c     sysbios.aem4f : BIOS.obj (.text:ti_sysbios_family_arm_m3_Hwi_Instance_finalize__E)
                  000063c4    00000004     --HOLE-- [fill = 0]
                  000063c8    0000003c                   : BIOS.obj (.text:ti_sysbios_knl_Swi_restore__E)
                  00006404    00000038     drivers_msp432p4xx.aem4f : GPIOMSP432.oem4f (.text:GPIO_toggle)
                  0000643c    00000038     HAL_MSP_EXP432P401R_Crystalfontz128x128_ST7735.obj (.text:HAL_LCD_writeCommand)
                  00006474    00000038     drivers_msp432p4xx.aem4f : PowerMSP432.oem4f (.text:Power_setConstraint)
                  000064ac    00000038                              : TimerMSP432.oem4f (.text:TimerMSP432_allocateTimerResource)
                  000064e4    00000038                              : PWMTimerMSP432.oem4f (.text:getDutyCounts)
                  0000651c    00000004     --HOLE-- [fill = 0]
                  00006520    00000038     sysbios.aem4f : BIOS.obj (.text:xdc_runtime_System_atexit__E)
                  00006558    00000034     release_pem4f.oem4f (.text:ti_sysbios_knl_Semaphore_create)
                  0000658c    00000004     --HOLE-- [fill = 0]
                  00006590    00000032     sysbios.aem4f : BIOS.obj (.text:ti_sysbios_hal_Hwi_initStack)
                  000065c2    00000030     HAL_MSP_EXP432P401R_Crystalfontz128x128_ST7735.obj (.text:HAL_LCD_PortInit)
                  000065f2    00000002     --HOLE-- [fill = 0]
                  000065f4    00000030     drivers_msp432p4xx.aem4f : TimerMSP432.oem4f (.text:TimerMSP432_freeTimerResource)
                  00006624    00000030     scuba.obj (.text:gas_rate_in_cl)
                  00006654    00000030     msp432p4xx_driverlib.lib : spi.o (.text:is_A_Module)
                  00006684    00000030     drivers_msp432p4xx.aem4f : PWMTimerMSP432.oem4f (.text:mapPin)
                  000066b4    00000030     release_pem4f.oem4f (.text:ti_sysbios_BIOS_atExitFunc__I)
                  000066e4    00000030     release_pem4f.oem4f (.text:ti_sysbios_BIOS_startFunc__I)
                  00006714    00000004     --HOLE-- [fill = 0]
                  00006718    00000030     sysbios.aem4f : BIOS.obj (.text:ti_sysbios_family_arm_m3_TaskSupport_start__E)
                  00006748    00000030                   : BIOS.obj (.text:ti_sysbios_family_arm_msp432_Timer_setPeriod__E)
                  00006778    00000030     release_pem4f.oem4f (.text:ti_sysbios_gates_GateHwi_Object__create__S)
                  000067a8    00000030     release_pem4f.oem4f (.text:ti_sysbios_gates_GateMutexPri_Object__create__S)
                  000067d8    00000030     release_pem4f.oem4f (.text:ti_sysbios_gates_GateMutexPri_create)
                  00006808    00000030     release_pem4f.oem4f (.text:ti_sysbios_gates_GateMutex_Object__create__S)
                  00006838    00000030     sysbios.aem4f : BIOS.obj (.text:ti_sysbios_gates_GateMutex_enter__E)
                  00006868    00000030     release_pem4f.oem4f (.text:ti_sysbios_heaps_HeapMem_Object__create__S)
                  00006898    00000030     release_pem4f.oem4f (.text:ti_sysbios_knl_Event_create)
                  000068c8    00000030     sysbios.aem4f : BIOS.obj (.text:ti_sysbios_knl_Event_pendTimeout__I)
                  000068f8    00000030                   : BIOS.obj (.text:ti_sysbios_knl_Mailbox_postInit__I)
                  00006928    00000030     release_pem4f.oem4f (.text:ti_sysbios_knl_Semaphore_construct)
                  00006958    00000030     sysbios.aem4f : BIOS.obj (.text:ti_sysbios_knl_Semaphore_pendTimeout__I)
                  00006988    00000030                   : BIOS.obj (.text:ti_sysbios_knl_Task_processVitalTaskFlag__I)
                  000069b8    00000030                   : BIOS.obj (.text:ti_sysbios_knl_Task_unblockI__E)
                  000069e8    00000030                   : BIOS.obj (.text:xdc_runtime_System_processAtExit__E)
                  00006a18    0000002e     rtsv7M4_T_le_v4SPD16_eabi.lib : i_tofd_t2.obj (.text)
                  00006a46    00000002     --HOLE-- [fill = 0]
                  00006a48    0000002c     Crystalfontz128x128_ST7735.obj (.text:Crystalfontz128x128_ClearScreen)
                  00006a74    0000002c     HAL_MSP_EXP432P401R_Crystalfontz128x128_ST7735.obj (.text:HAL_LCD_writeData)
                  00006aa0    0000002c     dpl_msp432p4xx.aem4f : PowerMSP432_tirtos.oem4f (.text:PowerMSP432_updateFreqs)
                  00006acc    0000002c     release_pem4f.oem4f (.text:ti_sysbios_knl_Clock_doTick__I)
                  00006af8    0000002c     release_pem4f.oem4f (.text:ti_sysbios_knl_Queue_construct)
                  00006b24    00000004     --HOLE-- [fill = 0]
                  00006b28    0000002c     sysbios.aem4f : BIOS.obj (.text:ti_sysbios_knl_Task_restore__E)
                  00006b54    00000028     Crystalfontz128x128_ST7735.obj (.text:Crystalfontz128x128_ColorTranslate)
                  00006b7c    00000028     alarmtask.obj (.text:alarmTaskFunction)
                  00006ba4    00000028     drivers_msp432p4xx.aem4f : PowerMSP432.oem4f (.text:disableHFXT)
                  00006bcc    00000004     --HOLE-- [fill = 0]
                  00006bd0    00000028     sysbios.aem4f : BIOS.obj (.text:ti_sysbios_knl_Clock_addI__E)
                  00006bf8    00000028                   : BIOS.obj (.text:ti_sysbios_knl_Swi_Module_startup__E)
                  00006c20    00000026                   : m3_Hwi_asm.obj (.text:ti_sysbios_family_arm_m3_Hwi_pendSV__I)
                  00006c46    00000002     --HOLE-- [fill = 0]
                  00006c48    00000024     msp432p4xx_driverlib.lib : cs.o (.text:CS_setDCOCenteredFrequency)
                  00006c6c    00000024                              : gpio.o (.text:GPIO_setAsOutputPin)
                  00006c90    00000024     bsp.obj (.text:led_blocking_wait)
                  00006cb4    00000024     release_pem4f.oem4f (.text:ti_sysbios_BIOS_registerRTSLock__I)
                  00006cd8    00000024     release_pem4f.oem4f (.text:ti_sysbios_BIOS_removeRTSLock__I)
                  00006cfc    00000004     --HOLE-- [fill = 0]
                  00006d00    00000024     sysbios.aem4f : BIOS.obj (.text:ti_sysbios_family_arm_msp432_ClockFreqs_setFrequency__E)
                  00006d24    00000004     --HOLE-- [fill = 0]
                  00006d28    00000024                   : BIOS.obj (.text:ti_sysbios_family_arm_msp432_Timer_postInit__I)
                  00006d4c    00000024     release_pem4f.oem4f (.text:ti_sysbios_gates_GateMutexPri_Object__delete__S)
                  00006d70    00000024     sysbios.aem4f : BIOS.obj (.text:ti_sysbios_gates_GateMutexPri_insertPri__I)
                  00006d94    00000024     release_pem4f.oem4f (.text:ti_sysbios_gates_GateMutex_Object__delete__S)
                  00006db8    00000024     sysbios.aem4f : BIOS.obj (.text:ti_sysbios_knl_Clock_Module_startup__E)
                  00006ddc    00000004     --HOLE-- [fill = 0]
                  00006de0    00000024                   : BIOS.obj (.text:ti_sysbios_knl_Semaphore_Instance_init__E)
                  00006e04    00000024     release_pem4f.oem4f (.text:ti_sysbios_knl_Semaphore_Object__delete__S)
                  00006e28    00000024     sysbios.aem4f : BIOS.obj (.text:ti_sysbios_knl_Task_restoreHwi__E)
                  00006e4c    00000004     --HOLE-- [fill = 0]
                  00006e50    00000024                   : BIOS.obj (.text:xdc_runtime_Error_policyMin__E)
                  00006e74    00000004     --HOLE-- [fill = 0]
                  00006e78    00000024                   : BIOS.obj (.text:xdc_runtime_System_abort__E)
                  00006e9c    00000022     grlib.lib : context.o (.text:Graphics_initContext)
                  00006ebe    00000002     --HOLE-- [fill = 0]
                  00006ec0    00000020     drivers_msp432p4xx.aem4f : GPIOMSP432.oem4f (.text:GPIO_read)
                  00006ee0    00000020     release_pem4f.oem4f (.text:ti_sysbios_BIOS_rtsLock__I)
                  00006f00    00000020     sysbios.aem4f : m3_Hwi_asm.obj (.text:ti_sysbios_family_arm_m3_Hwi_excHandlerAsm__I)
                  00006f20    00000020                   : BIOS.obj (.text:ti_sysbios_family_arm_m3_Hwi_excHandler__I)
                  00006f40    00000020     release_pem4f.oem4f (.text:ti_sysbios_gates_GateHwi_Object__delete__S)
                  00006f60    00000020     release_pem4f.oem4f (.text:ti_sysbios_heaps_HeapMem_Object__delete__S)
                  00006f80    00000020     sysbios.aem4f : BIOS.obj (.text:ti_sysbios_knl_Idle_run__E)
                  00006fa0    00000020     release_pem4f.oem4f (.text:ti_sysbios_knl_Semaphore_destruct)
                  00006fc0    00000020     release_pem4f.oem4f (.text:ti_sysbios_knl_Task_Object__delete__S)
                  00006fe0    00000020     timertask.obj (.text:timerTaskFunction)
                  00007000    0000001e     drivers_msp432p4xx.aem4f : PWMTimerMSP432.oem4f (.text:corroboratePeriod)
                  0000701e    0000001e     sysbios.aem4f : m3_Hwi_asm_switch.obj (.text:ti_sysbios_family_xxx_Hwi_switchAndRunFunc)
                  0000703c    0000001c     rtsv7M4_T_le_v4SPD16_eabi.lib : memccpy.obj (.text)
                  00007058    0000001c     sysbios.aem4f : BIOS.obj (.text:ti_sysbios_gates_GateMutexPri_Instance_init__E)
                  00007074    00000004     --HOLE-- [fill = 0]
                  00007078    0000001c                   : BIOS.obj (.text:ti_sysbios_gates_GateMutex_Instance_init__E)
                  00007094    0000001c     release_pem4f.oem4f (.text:ti_sysbios_knl_Queue_destruct)
                  000070b0    0000001c     sysbios.aem4f : BIOS.obj (.text:ti_sysbios_knl_Queue_get__E)
                  000070cc    00000004     --HOLE-- [fill = 0]
                  000070d0    0000001c                   : BIOS.obj (.text:ti_sysbios_knl_Queue_put__E)
                  000070ec    00000004     --HOLE-- [fill = 0]
                  000070f0    0000001c                   : BIOS.obj (.text:ti_sysbios_knl_Task_enter__I)
                  0000710c    00000004     --HOLE-- [fill = 0]
                  00007110    0000001c                   : BIOS.obj (.text:xdc_runtime_Error_check__E)
                  0000712c    00000004     --HOLE-- [fill = 0]
                  00007130    0000001c                   : BIOS.obj (.text:xdc_runtime_Memory_valloc__E)
                  0000714c    0000001a     grlib.lib : string.o (.text:Graphics_getNumberOfLeadingZeros)
                  00007166    0000001a     msp432p4xx_driverlib.lib : spi.o (.text:SPI_enableModule)
                  00007180    00000018     release_pem4f.oem4f (.text:.bootCodeSection:ti_sysbios_family_arm_msp432_init_Boot_init__I)
                  00007198    00000018     msp432p4xx_driverlib.lib : gpio.o (.text:GPIO_setOutputLowOnPin)
                  000071b0    00000018     drivers_msp432p4xx.aem4f : PowerMSP432.oem4f (.text:Power_idleFunc)
                  000071c8    00000018                              : PWMTimerMSP432.oem4f (.text:corroborateDuty)
                  000071e0    00000018     rtsv7M4_T_le_v4SPD16_eabi.lib : args_main.obj (.text)
                  000071f8    00000018     release_pem4f.oem4f (.text:ti_sysbios_BIOS_rtsUnlock__I)
                  00007210    00000018     release_pem4f.oem4f (.text:ti_sysbios_family_arm_m3_Hwi_Module__startupDone__F)
                  00007228    00000018     sysbios.aem4f : m3_TaskSupport_asm.obj (.text:ti_sysbios_family_arm_m3_TaskSupport_swap__E)
                  00007240    00000018     release_pem4f.oem4f (.text:ti_sysbios_family_arm_msp432_Timer_Module__startupDone__F)
                  00007258    00000018     release_pem4f.oem4f (.text:ti_sysbios_gates_GateHwi_Handle__label__S)
                  00007270    00000018     release_pem4f.oem4f (.text:ti_sysbios_gates_GateMutexPri_Handle__label__S)
                  00007288    00000018     release_pem4f.oem4f (.text:ti_sysbios_gates_GateMutex_Handle__label__S)
                  000072a0    00000018     sysbios.aem4f : BIOS.obj (.text:ti_sysbios_gates_GateMutex_leave__E)
                  000072b8    00000018     release_pem4f.oem4f (.text:ti_sysbios_heaps_HeapMem_Handle__label__S)
                  000072d0    00000018     sysbios.aem4f : BIOS.obj (.text:ti_sysbios_knl_Task_sleepTimeout__I)
                  000072e8    00000018                   : BIOS.obj (.text:xdc_runtime_Error_init__E)
                  00007300    00000018                   : BIOS.obj (.text:xdc_runtime_System_exit__E)
                  00007318    00000016     grlib.lib : display.o (.text:Graphics_drawHorizontalLineOnDisplay)
                  0000732e    00000016     blinkingledtask.obj (.text:led2TaskFunction)
                  00007344    00000016     rtsv7M4_T_le_v4SPD16_eabi.lib : strchr.obj (.text)
                  0000735a    00000016     release_pem4f.oem4f (.text:ti_sysbios_BIOS_exitFunc__I)
                  00007370    00000016     protectedlcd.obj (.text:ti_sysbios_gates_GateMutexPri_Params_init)
                  00007386    00000016     main.obj (.text:ti_sysbios_knl_Mailbox_Params_init)
                  0000739c    00000016     main.obj (.text:ti_sysbios_knl_Task_Params_init)
                  000073b2    00000006     drivers_msp432p4xx.aem4f : ADCMSP432.oem4f (.text:ADCMSP432_control)
                  000073b8    00000016     sysbios.aem4f : BIOS.obj (.text:ti_sysbios_knl_Task_unblock__E)
                  000073ce    00000002     --HOLE-- [fill = 0]
                  000073d0    00000014     msp432p4xx_driverlib.lib : gpio.o (.text:GPIO_setOutputHighOnPin)
                  000073e4    00000014     drivers_msp432p4xx.aem4f : PWM.oem4f (.text:PWM_Params_init)
                  000073f8    00000014     rtsv7M4_T_le_v4SPD16_eabi.lib : _lock.obj (.text)
                  0000740c    00000014                                   : s_copysign.obj (.text)
                  00007420    00000014                                   : strlen.obj (.text)
                  00007434    00000014     release_pem4f.oem4f (.text:ti_sysbios_family_arm_m3_Hwi_Object__get__S)
                  00007448    00000014     sysbios.aem4f : BIOS.obj (.text:ti_sysbios_family_arm_m3_Hwi_switchFromBootStack__E)
                  0000745c    00000014     release_pem4f.oem4f (.text:ti_sysbios_heaps_HeapMem_Object__get__S)
                  00007470    00000014     sysbios.aem4f : BIOS.obj (.text:ti_sysbios_knl_Event_Instance_init__E)
                  00007484    00000014     release_pem4f.oem4f (.text:ti_sysbios_knl_Swi_Object__get__S)
                  00007498    00000012     dpl_msp432p4xx.aem4f : SemaphoreP_tirtos.oem4f (.text:SemaphoreP_pend)
                  000074aa    00000012     bsp.obj (.text:safe_mode)
                  000074bc    00000004     --HOLE-- [fill = 0]
                  000074c0    00000012     sysbios.aem4f : BIOS.obj (.text:ti_sysbios_hal_Hwi_Module_startup__E)
                  000074d2    00000012     release_pem4f.oem4f (.text:xdc_runtime_Startup_exec__I)
                  000074e4    00000010     msp432p4xx_driverlib.lib : sysctl.o (.text:SysCtl_disableNMISource)
                  000074f4    00000010                              : sysctl.o (.text:SysCtl_enableNMISource)
                  00007504    00000010                              : sysctl.o (.text:SysCtl_getNMISourceStatus)
                  00007514    00000010     bsp_led.obj (.text:bsp_led_init)
                  00007524    00000004     --HOLE-- [fill = 0]
                  00007528    00000010     sysbios.aem4f : BIOS.obj (.text:ti_sysbios_BIOS_exit__E)
                  00007538    00000010                   : BIOS.obj (.text:ti_sysbios_BIOS_setCpuFreq__E)
                  00007548    00000010                   : BIOS.obj (.text:ti_sysbios_BIOS_setThreadType__E)
                  00007558    00000010                   : BIOS.obj (.text:ti_sysbios_BIOS_start__E)
                  00007568    00000010                   : m3_TaskSupport_asm.obj (.text:ti_sysbios_family_arm_m3_TaskSupport_glue)
                  00007578    00000010                   : BIOS.obj (.text:ti_sysbios_family_arm_msp432_init_Boot_disableWatchdog)
                  00007588    00000010                   : BIOS.obj (.text:ti_sysbios_gates_GateMutexPri_Instance_finalize__E)
                  00007598    00000010                   : BIOS.obj (.text:ti_sysbios_gates_GateMutex_Instance_finalize__E)
                  000075a8    00000010     release_pem4f.oem4f (.text:ti_sysbios_knl_Mailbox_Object__get__S)
                  000075b8    00000010     sysbios.aem4f : BIOS.obj (.text:ti_sysbios_knl_Semaphore_Instance_finalize__E)
                  000075c8    00000010                   : BIOS.obj (.text:ti_sysbios_knl_Swi_disable__E)
                  000075d8    00000010     release_pem4f.oem4f (.text:ti_sysbios_knl_Task_Object__get__S)
                  000075e8    00000010     sysbios.aem4f : BIOS.obj (.text:ti_sysbios_knl_Task_disable__E)
                  000075f8    00000010                   : BIOS.obj (.text:xdc_runtime_Gate_leaveSystem__E)
                  00007608    00000010                   : BIOS.obj (.text:xdc_runtime_Memory_free__E)
                  00007618    00000010                   : BIOS.obj (.text:xdc_runtime_SysCallback_abort__E)
                  00007628    00000010                   : BIOS.obj (.text:xdc_runtime_SysCallback_exit__E)
                  00007638    0000000e     grlib.lib : display.o (.text:Graphics_drawPixelOnDisplay)
                  00007646    0000000e               : context.o (.text:Graphics_setBackgroundColor)
                  00007654    0000000e               : context.o (.text:Graphics_setForegroundColor)
                  00007662    0000000e     dpl_msp432p4xx.aem4f : HwiP_tirtos.oem4f (.text:HwiP_Params_init)
                  00007670    0000000e                          : SemaphoreP_tirtos.oem4f (.text:SemaphoreP_delete)
                  0000767e    0000000e     bsp.obj (.text:bsp_halt)
                  0000768c    0000000e     rtsv7M4_T_le_v4SPD16_eabi.lib : copy_decompress_none.obj (.text:decompress:none)
                  0000769a    00000006     drivers_msp432p4xx.aem4f : PWMTimerMSP432.oem4f (.text:PWMTimerMSP432_control)
                  000076a0    0000000e     sysbios.aem4f : BIOS.obj (.text:ti_sysbios_knl_Idle_loop__E)
                  000076ae    00000002     --HOLE-- [fill = 0]
                  000076b0    0000000e                   : BIOS.obj (.text:ti_sysbios_knl_Queue_empty__E)
                  000076be    0000000c     msp432p4xx_driverlib.lib : cpu.o (.text:CPU_cpsid)
                  000076ca    0000000c                              : cpu.o (.text:CPU_cpsie)
                  000076d6    0000000c                              : spi.o (.text:EUSCI_A_SPI_enable)
                  000076e2    0000000c                              : spi.o (.text:EUSCI_B_SPI_enable)
                  000076ee    00000002     --HOLE-- [fill = 0]
                  000076f0    0000000c     drivers_msp432p4xx.aem4f : PowerMSP432.oem4f (.text:Power_getConstraintMask)
                  000076fc    0000000c                              : PowerMSP432.oem4f (.text:Power_getPerformanceLevel)
                  00007708    0000000c     bsp.obj (.text:bsp_init)
                  00007714    0000000c     bsp.obj (.text:bsp_master_int_disable)
                  00007720    0000000c     rtsv7M4_T_le_v4SPD16_eabi.lib : copy_zero_init.obj (.text:decompress:ZI)
                  0000772c    0000000c     release_pem4f.oem4f (.text:ti_sysbios_family_arm_m3_Hwi_Params__init__S)
                  00007738    0000000c     sysbios.aem4f : BIOS.obj (.text:ti_sysbios_family_arm_m3_Hwi_disableFxn__E)
                  00007744    00000004     --HOLE-- [fill = 0]
                  00007748    0000000c                   : BIOS.obj (.text:ti_sysbios_family_arm_m3_TaskSupport_getStackAlignment__E)
                  00007754    00000004     --HOLE-- [fill = 0]
                  00007758    0000000c                   : BIOS.obj (.text:ti_sysbios_family_arm_msp432_Timer_getMaxTicks__E)
                  00007764    00000004     --HOLE-- [fill = 0]
                  00007768    0000000c                   : BIOS.obj (.text:ti_sysbios_gates_GateHwi_enter__E)
                  00007774    0000000c     release_pem4f.oem4f (.text:ti_sysbios_gates_GateMutexPri_Params__init__S)
                  00007780    0000000c     release_pem4f.oem4f (.text:ti_sysbios_knl_Mailbox_Params__init__S)
                  0000778c    0000000c     release_pem4f.oem4f (.text:ti_sysbios_knl_Queue_Object__get__S)
                  00007798    0000000c     release_pem4f.oem4f (.text:ti_sysbios_knl_Semaphore_Params__init__S)
                  000077a4    0000000c     release_pem4f.oem4f (.text:ti_sysbios_knl_Task_Params__init__S)
                  000077b0    0000000c     sysbios.aem4f : BIOS.obj (.text:xdc_runtime_Gate_enterSystem__E)
                  000077bc    00000004     --HOLE-- [fill = 0]
                  000077c0    0000000c                   : BIOS.obj (.text:xdc_runtime_Startup_rtsDone__E)
                  000077cc    0000000a     drivers_msp432p4xx.aem4f : ADC.oem4f (.text:ADC_Params_init)
                  000077d6    0000000a                              : ADC.oem4f (.text:ADC_close)
                  000077e0    0000000a                              : ADC.oem4f (.text:ADC_convert)
                  000077ea    0000000a     Crystalfontz128x128_ST7735.obj (.text:Crystalfontz128x128_Flush)
                  000077f4    0000000a     grlib.lib : context.o (.text:Graphics_clearDisplay)
                  000077fe    0000000a               : display.o (.text:Graphics_clearDisplayOnDisplay)
                  00007808    0000000a               : display.o (.text:Graphics_translateColorOnDisplay)
                  00007812    0000000a     drivers_msp432p4xx.aem4f : PWM.oem4f (.text:PWM_start)
                  0000781c    0000000a     dpl_msp432p4xx.aem4f : SemaphoreP_tirtos.oem4f (.text:SemaphoreP_Params_init)
                  00007826    0000000a                          : SemaphoreP_tirtos.oem4f (.text:SemaphoreP_post)
                  00007830    0000000a     release_pem4f.oem4f (.text:xdc_runtime_IHeap_alloc)
                  0000783a    0000000a     release_pem4f.oem4f (.text:xdc_runtime_IHeap_free)
                  00007844    00000008     MSP_EXP432P401R.obj (.text:MSP_EXP432P401R_initGeneral)
                  0000784c    00000004     --HOLE-- [fill = 0]
                  00007850    00000008     sysbios.aem4f : BIOS.obj (.text:ti_sysbios_family_arm_m3_Hwi_doSwiRestore__I)
                  00007858    00000008                   : BIOS.obj (.text:ti_sysbios_family_arm_m3_Hwi_startup__E)
                  00007860    00000006                   : BIOS.obj (.text:ti_sysbios_family_arm_m3_Hwi_doTaskRestore__I)
                  00007866    00000002     --HOLE-- [fill = 0]
                  00007868    00000006                   : BIOS.obj (.text:ti_sysbios_family_arm_m3_Hwi_restoreFxn__E)
                  0000786e    00000002     --HOLE-- [fill = 0]
                  00007870    00000006                   : BIOS.obj (.text:ti_sysbios_gates_GateHwi_leave__E)
                  00007876    00000002     --HOLE-- [fill = 0]
                  00007878    00000006                   : BIOS.obj (.text:ti_sysbios_heaps_HeapMem_isBlocking__E)
                  0000787e    00000002     --HOLE-- [fill = 0]
                  00007880    00000006                   : BIOS.obj (.text:ti_sysbios_knl_Queue_Instance_init__E)
                  00007886    00000002     --HOLE-- [fill = 0]
                  00007888    00000006                   : BIOS.obj (.text:ti_sysbios_knl_Swi_startup__E)
                  0000788e    00000002     --HOLE-- [fill = 0]
                  00007890    00000006                   : BIOS.obj (.text:xdc_runtime_System_Module_startup__E)
                  00007896    00000002     --HOLE-- [fill = 0]
                  00007898    00000004                   : BIOS.obj (.text:ti_sysbios_gates_GateHwi_query__E)
                  0000789c    00000004     --HOLE-- [fill = 0]
                  000078a0    00000004                   : BIOS.obj (.text:ti_sysbios_gates_GateMutexPri_query__E)
                  000078a4    00000004     --HOLE-- [fill = 0]
                  000078a8    00000004                   : BIOS.obj (.text:ti_sysbios_gates_GateMutex_query__E)
                  000078ac    00000004     --HOLE-- [fill = 0]
                  000078b0    00000004                   : BIOS.obj (.text:ti_sysbios_knl_Task_startup__E)
                  000078b4    00000004     --HOLE-- [fill = 0]
                  000078b8    00000002                   : BIOS.obj (.text:ti_sysbios_BIOS_linkedWithIncorrectBootLibrary__E)
                  000078ba    00000006     --HOLE-- [fill = 0]
                  000078c0    00000002                   : BIOS.obj (.text:ti_sysbios_gates_GateHwi_Instance_init__E)
                  000078c2    00000006     --HOLE-- [fill = 0]
                  000078c8    00000002                   : BIOS.obj (.text:ti_sysbios_knl_Clock_logTick__E)
                  000078ca    00000006     --HOLE-- [fill = 0]
                  000078d0    00000002                   : BIOS.obj (.text:xdc_runtime_SysCallback_defaultAbort)
                  000078d2    00000006     --HOLE-- [fill = 0]
                  000078d8    00000002                   : BIOS.obj (.text:xdc_runtime_SysCallback_defaultExit)
                  000078da    00000006     --HOLE-- [fill = 0]
                  000078e0    00000002                   : BIOS.obj (.text:xdc_runtime_System_abortSpin__E)
                  000078e2    00000006     --HOLE-- [fill = 0]
                  000078e8    00000002                   : BIOS.obj (.text:xdc_runtime_System_exitSpin__E)

.const     0    000078ec    00000b37     
                  000078ec    000002f8     fontfixed6x8.obj (.const:.string:g_pucFontFixed6x8Data)
                  00007be4    00000101     rtsv7M4_T_le_v4SPD16_eabi.lib : ctype.obj (.const:.string:_ctypes_)
                  00007ce5    00000001     release_pem4f.oem4f (.const:xdc_runtime_Error_policy__C)
                  00007ce6    00000002     release_pem4f.oem4f (.const:ti_sysbios_family_arm_m3_Hwi_Module__id__C)
                  00007ce8    000000c8     fontfixed6x8.obj (.const:g_sFontFixed6x8)
                  00007db0    00000048     release_pem4f.oem4f (.const:.string)
                  00007df8    0000003c     release_pem4f.oem4f (.const:ti_sysbios_knl_Task_Object__PARAMS__C)
                  00007e34    00000034     release_pem4f.oem4f (.const:ti_sysbios_knl_Mailbox_Object__PARAMS__C)
                  00007e68    00000030     msp432p4xx_driverlib.lib : gpio.o (.const:GPIO_PORT_TO_BASE)
                  00007e98    00000030     release_pem4f.oem4f (.const:ti_sysbios_family_arm_m3_Hwi_Object__PARAMS__C)
                  00007ec8    00000028     release_pem4f.oem4f (.const:ti_sysbios_heaps_HeapMem_Module__FXNS__C)
                  00007ef0    00000024     MSP_EXP432P401R.obj (.const:ADC_config)
                  00007f14    00000024     MSP_EXP432P401R.obj (.const:PWM_config)
                  00007f38    00000024     MSP_EXP432P401R.obj (.const:adcMSP432HWAttrs)
                  00007f5c    00000024     release_pem4f.oem4f (.const:ti_sysbios_gates_GateHwi_Module__FXNS__C)
                  00007f80    00000024     release_pem4f.oem4f (.const:ti_sysbios_gates_GateMutexPri_Module__FXNS__C)
                  00007fa4    00000024     release_pem4f.oem4f (.const:ti_sysbios_gates_GateMutex_Module__FXNS__C)
                  00007fc8    00000024     release_pem4f.oem4f (.const:ti_sysbios_heaps_HeapMem_Object__PARAMS__C)
                  00007fec    00000024     release_pem4f.oem4f (.const:ti_sysbios_knl_Semaphore_Object__PARAMS__C)
                  00008010    00000024     release_pem4f.oem4f (.const:xdc_runtime_Startup_sfxnTab__A)
                  00008034    00000020     drivers_msp432p4xx.aem4f : PWMTimerMSP432.oem4f (.const:PWMTimerMSP432_fxnTable)
                  00008054    00000020     Crystalfontz128x128_ST7735.obj (.const:g_sCrystalfontz128x128_funcs)
                  00008074    00000020     release_pem4f.oem4f (.const:ti_sysbios_family_arm_m3_Hwi_Object__DESC__C)
                  00008094    00000020     release_pem4f.oem4f (.const:ti_sysbios_gates_GateHwi_Object__DESC__C)
                  000080b4    00000020     release_pem4f.oem4f (.const:ti_sysbios_gates_GateMutexPri_Object__DESC__C)
                  000080d4    00000020     release_pem4f.oem4f (.const:ti_sysbios_gates_GateMutex_Object__DESC__C)
                  000080f4    00000020     release_pem4f.oem4f (.const:ti_sysbios_heaps_HeapMem_Object__DESC__C)
                  00008114    00000020     release_pem4f.oem4f (.const:ti_sysbios_knl_Event_Object__DESC__C)
                  00008134    00000020     release_pem4f.oem4f (.const:ti_sysbios_knl_Mailbox_Object__DESC__C)
                  00008154    00000020     release_pem4f.oem4f (.const:ti_sysbios_knl_Queue_Object__DESC__C)
                  00008174    00000020     release_pem4f.oem4f (.const:ti_sysbios_knl_Semaphore_Object__DESC__C)
                  00008194    00000020     release_pem4f.oem4f (.const:ti_sysbios_knl_Task_Object__DESC__C)
                  000081b4    0000001c     HAL_MSP_EXP432P401R_Crystalfontz128x128_ST7735.obj (.const:$P$T0$1)
                  000081d0    00000018     drivers_msp432p4xx.aem4f : ADCMSP432.oem4f (.const:ADCMSP432_fxnTable)
                  000081e8    00000018                              : PWM.oem4f (.const:PWM_defaultParams)
                  00008200    00000018     MSP_EXP432P401R.obj (.const:PowerMSP432_config)
                  00008218    00000018     MSP_EXP432P401R.obj (.const:pwmTimerMSP432HWAttrs)
                  00008230    00000018     release_pem4f.oem4f (.const:ti_sysbios_gates_GateHwi_Object__PARAMS__C)
                  00008248    00000018     release_pem4f.oem4f (.const:ti_sysbios_gates_GateMutexPri_Object__PARAMS__C)
                  00008260    00000018     release_pem4f.oem4f (.const:ti_sysbios_gates_GateMutex_Object__PARAMS__C)
                  00008278    00000018     release_pem4f.oem4f (.const:ti_sysbios_knl_Event_Object__PARAMS__C)
                  00008290    00000018     release_pem4f.oem4f (.const:ti_sysbios_knl_Queue_Object__PARAMS__C)
                  000082a8    00000014     MSP_EXP432P401R.obj (.const:GPIOMSP432_config)
                  000082bc    00000012     release_pem4f.oem4f (.const:xdc_runtime_Startup_sfxnRts__A)
                  000082ce    00000002     release_pem4f.oem4f (.const:ti_sysbios_family_arm_msp432_init_Boot_bypassHFXT__C)
                  000082d0    00000010     drivers_msp432p4xx.aem4f : PWMTimerMSP432.oem4f (.const:pwmTimerBaseAddr)
                  000082e0    0000000c     MSP_EXP432P401R.obj (.const)
                  000082ec    0000000c     release_pem4f.oem4f (.const:xdc_runtime_Startup_firstFxns__A)
                  000082f8    00000008     Crystalfontz128x128_ST7735.obj (.const:$P$T0$1)
                  00008300    00000008     drivers_msp432p4xx.aem4f : ADC.oem4f (.const:ADC_defaultParams)
                  00008308    00000008     release_pem4f.oem4f (.const:ti_sysbios_knl_Idle_funcList__C)
                  00008310    00000008     release_pem4f.oem4f (.const:xdc_runtime_Startup_firstFxns__C)
                  00008318    00000008     release_pem4f.oem4f (.const:xdc_runtime_Startup_lastFxns__C)
                  00008320    00000006     drivers_msp432p4xx.aem4f : GPIOMSP432.oem4f (.const:.string:interruptType)
                  00008326    00000006                              : GPIOMSP432.oem4f (.const:.string:portInterruptIds)
                  0000832c    00000004     bsp_led.obj (.const:g_led_mapping)
                  00008330    00000004     release_pem4f.oem4f (.const:ti_sysbios_family_arm_m3_Hwi_E_alreadyDefined__C)
                  00008334    00000004     release_pem4f.oem4f (.const:ti_sysbios_family_arm_m3_Hwi_NUM_INTERRUPTS__C)
                  00008338    00000004     release_pem4f.oem4f (.const:ti_sysbios_family_arm_m3_Hwi_Object__count__C)
                  0000833c    00000004     release_pem4f.oem4f (.const:ti_sysbios_family_arm_m3_Hwi_ccr__C)
                  00008340    00000004     release_pem4f.oem4f (.const:ti_sysbios_family_arm_m3_Hwi_excHandlerFunc__C)
                  00008344    00000004     release_pem4f.oem4f (.const:ti_sysbios_family_arm_m3_Hwi_nullIsrFunc__C)
                  00008348    00000004     release_pem4f.oem4f (.const:ti_sysbios_family_arm_m3_Hwi_priGroup__C)
                  0000834c    00000004     release_pem4f.oem4f (.const:ti_sysbios_family_arm_m3_Hwi_swiDisable__C)
                  00008350    00000004     release_pem4f.oem4f (.const:ti_sysbios_family_arm_m3_Hwi_swiRestoreHwi__C)
                  00008354    00000004     release_pem4f.oem4f (.const:ti_sysbios_family_arm_m3_TaskSupport_stackAlignment__C)
                  00008358    00000004     release_pem4f.oem4f (.const:ti_sysbios_family_arm_msp432_Timer_numTimerDevices__C)
                  0000835c    00000004     release_pem4f.oem4f (.const:ti_sysbios_family_arm_msp432_Timer_startupNeeded__C)
                  00008360    00000004     release_pem4f.oem4f (.const:ti_sysbios_gates_GateMutexPri_Instance_State_pendQ__O)
                  00008364    00000004     release_pem4f.oem4f (.const:ti_sysbios_gates_GateMutex_Instance_State_sem__O)
                  00008368    00000004     release_pem4f.oem4f (.const:ti_sysbios_heaps_HeapMem_E_memory__C)
                  0000836c    00000004     release_pem4f.oem4f (.const:ti_sysbios_heaps_HeapMem_Module__gateObj__C)
                  00008370    00000004     release_pem4f.oem4f (.const:ti_sysbios_heaps_HeapMem_Object__count__C)
                  00008374    00000004     release_pem4f.oem4f (.const:ti_sysbios_heaps_HeapMem_primaryHeapBaseAddr__C)
                  00008378    00000004     release_pem4f.oem4f (.const:ti_sysbios_heaps_HeapMem_primaryHeapEndAddr__C)
                  0000837c    00000004     release_pem4f.oem4f (.const:ti_sysbios_heaps_HeapMem_reqAlign__C)
                  00008380    00000004     release_pem4f.oem4f (.const:ti_sysbios_knl_Clock_Module_State_clockQ__O)
                  00008384    00000004     release_pem4f.oem4f (.const:ti_sysbios_knl_Event_Instance_State_pendQ__O)
                  00008388    00000004     release_pem4f.oem4f (.const:ti_sysbios_knl_Idle_funcList__A)
                  0000838c    00000004     release_pem4f.oem4f (.const:ti_sysbios_knl_Mailbox_Instance_State_dataQue__O)
                  00008390    00000004     release_pem4f.oem4f (.const:ti_sysbios_knl_Mailbox_Instance_State_dataSem__O)
                  00008394    00000004     release_pem4f.oem4f (.const:ti_sysbios_knl_Mailbox_Instance_State_freeQue__O)
                  00008398    00000004     release_pem4f.oem4f (.const:ti_sysbios_knl_Mailbox_Instance_State_freeSem__O)
                  0000839c    00000004     release_pem4f.oem4f (.const:ti_sysbios_knl_Mailbox_Object__count__C)
                  000083a0    00000004     release_pem4f.oem4f (.const:ti_sysbios_knl_Mailbox_maxTypeAlign__C)
                  000083a4    00000004     release_pem4f.oem4f (.const:ti_sysbios_knl_Semaphore_Instance_State_pendQ__O)
                  000083a8    00000004     release_pem4f.oem4f (.const:ti_sysbios_knl_Swi_Object__count__C)
                  000083ac    00000004     release_pem4f.oem4f (.const:ti_sysbios_knl_Task_Module_State_inactiveQ__O)
                  000083b0    00000004     release_pem4f.oem4f (.const:ti_sysbios_knl_Task_Object__count__C)
                  000083b4    00000004     release_pem4f.oem4f (.const:ti_sysbios_knl_Task_allBlockedFunc__C)
                  000083b8    00000004     release_pem4f.oem4f (.const:ti_sysbios_knl_Task_defaultStackHeap__C)
                  000083bc    00000004     release_pem4f.oem4f (.const:ti_sysbios_knl_Task_defaultStackSize__C)
                  000083c0    00000004     release_pem4f.oem4f (.const:ti_sysbios_knl_Task_numConstructedTasks__C)
                  000083c4    00000004     release_pem4f.oem4f (.const:xdc_runtime_Error_E_memory__C)
                  000083c8    00000004     release_pem4f.oem4f (.const:xdc_runtime_Error_policyFxn__C)
                  000083cc    00000004     release_pem4f.oem4f (.const:xdc_runtime_IGateProvider_Interface__BASE__C)
                  000083d0    00000004     release_pem4f.oem4f (.const:xdc_runtime_IHeap_Interface__BASE__C)
                  000083d4    00000004     release_pem4f.oem4f (.const:xdc_runtime_IModule_Interface__BASE__C)
                  000083d8    00000004     release_pem4f.oem4f (.const:xdc_runtime_Memory_defaultHeapInstance__C)
                  000083dc    00000004     release_pem4f.oem4f (.const:xdc_runtime_Startup_execImpl__C)
                  000083e0    00000004     release_pem4f.oem4f (.const:xdc_runtime_Startup_maxPasses__C)
                  000083e4    00000004     release_pem4f.oem4f (.const:xdc_runtime_Startup_sfxnRts__C)
                  000083e8    00000004     release_pem4f.oem4f (.const:xdc_runtime_Startup_sfxnTab__C)
                  000083ec    00000004     release_pem4f.oem4f (.const:xdc_runtime_SysCallback_abortFxn__C)
                  000083f0    00000004     release_pem4f.oem4f (.const:xdc_runtime_SysCallback_exitFxn__C)
                  000083f4    00000004     release_pem4f.oem4f (.const:xdc_runtime_System_Module__gateObj__C)
                  000083f8    00000004     release_pem4f.oem4f (.const:xdc_runtime_System_abortFxn__C)
                  000083fc    00000004     release_pem4f.oem4f (.const:xdc_runtime_System_exitFxn__C)
                  00008400    00000004     release_pem4f.oem4f (.const:xdc_runtime_System_maxAtexitHandlers__C)
                  00008404    00000004     release_pem4f.oem4f (.const:xdc_runtime_Text_charTab__C)
                  00008408    00000004     release_pem4f.oem4f (.const:xdc_runtime_Text_nameEmpty__C)
                  0000840c    00000004     release_pem4f.oem4f (.const:xdc_runtime_Text_nameStatic__C)
                  00008410    00000004     release_pem4f.oem4f (.const:xdc_runtime_Text_nameUnknown__C)
                  00008414    00000002     release_pem4f.oem4f (.const:ti_sysbios_family_arm_msp432_init_Boot_bypassLFXT__C)
                  00008416    00000002     release_pem4f.oem4f (.const:ti_sysbios_family_arm_msp432_init_Boot_enableHFXT__C)
                  00008418    00000002     release_pem4f.oem4f (.const:ti_sysbios_family_arm_msp432_init_Boot_enableLFXT__C)
                  0000841a    00000002     release_pem4f.oem4f (.const:ti_sysbios_heaps_HeapMem_Module__id__C)
                  0000841c    00000002     release_pem4f.oem4f (.const:xdc_runtime_Memory_Module__id__C)
                  0000841e    00000002     release_pem4f.oem4f (.const:xdc_runtime_Text_charCnt__C)
                  00008420    00000002     release_pem4f.oem4f (.const:xdc_runtime_Text_isLoaded__C)
                  00008422    00000001     release_pem4f.oem4f (.const:xdc_runtime_Text_charTab__A)

.cinit     0    00008428    00000240     
                  00008428    00000216     (.cinit..data.load) [load image, compression = lzss]
                  0000863e    00000002     --HOLE-- [fill = 0]
                  00008640    0000000c     (__TI_handler_table)
                  0000864c    00000004     --HOLE-- [fill = 0]
                  00008650    00000008     (.cinit..bss.load) [load image, compression = zero_init]
                  00008658    00000010     (__TI_cinit_table)

.init_array 
*          0    00000000    00000000     UNINITIALIZED

.data      0    20008140    000005c9     UNINITIALIZED
                  20008140    000000d0     drivers_msp432p4xx.aem4f : PowerMSP432.oem4f (.data:PowerMSP432_perfLevels)
                  20008210    00000080                              : PWMTimerMSP432.oem4f (.data:pwmTimerStatus)
                  20008290    00000080     release_pem4f.oem4f (.data:ti_sysbios_knl_Swi_Module_State_0_readyQ__A)
                  20008310    00000080     release_pem4f.oem4f (.data:ti_sysbios_knl_Task_Module_State_0_readyQ__A)
                  20008390    0000004c     release_pem4f.oem4f (.data:ti_sysbios_family_arm_msp432_Timer_Object__table__V)
                  200083dc    0000004c     release_pem4f.oem4f (.data:ti_sysbios_knl_Task_Object__table__V)
                  20008428    00000044     release_pem4f.oem4f (.data:ti_sysbios_knl_Task_Module__state__V)
                  2000846c    00000038     release_pem4f.oem4f (.data:ti_sysbios_gates_GateMutex_Object__table__V)
                  200084a4    00000034     release_pem4f.oem4f (.data:ti_sysbios_family_arm_m3_Hwi_Module__state__V)
                  200084d8    00000030     release_pem4f.oem4f (.data:ti_sysbios_knl_Swi_Object__table__V)
                  20008508    0000002c     drivers_msp432p4xx.aem4f : PowerMSP432.oem4f (.data:PowerMSP432_module)
                  20008534    0000002c     release_pem4f.oem4f (.data:ti_sysbios_knl_Clock_Module__state__V)
                  20008560    00000024     release_pem4f.oem4f (.data:ti_sysbios_BIOS_Module__state__V)
                  20008584    00000020     MSP_EXP432P401R.obj (.data:gpioPinConfigs)
                  200085a4    00000020     release_pem4f.oem4f (.data:ti_sysbios_family_arm_msp432_Timer_Module_State_0_device__A)
                  200085c4    00000020     release_pem4f.oem4f (.data:xdc_runtime_Error_IgnoreBlock)
                  200085e4    0000001c     release_pem4f.oem4f (.data:ti_sysbios_knl_Swi_Module__state__V)
                  20008600    00000018     release_pem4f.oem4f (.data:ti_sysbios_family_arm_m3_Hwi_Object__table__V)
                  20008618    00000018     release_pem4f.oem4f (.data:ti_sysbios_heaps_HeapMem_Object__table__V)
                  20008630    00000010     Crystalfontz128x128_ST7735.obj (.data:g_sCrystalfontz128x128)
                  20008640    00000010     release_pem4f.oem4f (.data:ti_sysbios_family_arm_msp432_Timer_Module_State_0_handles__A)
                  20008650    0000000c     release_pem4f.oem4f (.data:ti_sysbios_family_arm_msp432_ClockFreqs_Module__state__V)
                  2000865c    0000000c     release_pem4f.oem4f (.data:ti_sysbios_family_arm_msp432_Timer_Module__state__V)
                  20008668    00000008     rtsv7M4_T_le_v4SPD16_eabi.lib : _lock.obj (.data:$O1$$)
                  20008670    00000008     drivers_msp432p4xx.aem4f : ADCMSP432.oem4f (.data)
                  20008678    00000008     MSP_EXP432P401R.obj (.data:gpioCallbackFunctions)
                  20008680    00000008     release_pem4f.oem4f (.data:ti_sysbios_family_arm_m3_Hwi_Module__root__V)
                  20008688    00000008     release_pem4f.oem4f (.data:ti_sysbios_gates_GateHwi_Module__root__V)
                  20008690    00000008     release_pem4f.oem4f (.data:ti_sysbios_gates_GateMutexPri_Module__root__V)
                  20008698    00000008     release_pem4f.oem4f (.data:ti_sysbios_gates_GateMutex_Module__root__V)
                  200086a0    00000008     release_pem4f.oem4f (.data:ti_sysbios_heaps_HeapMem_Module__root__V)
                  200086a8    00000008     release_pem4f.oem4f (.data:ti_sysbios_knl_Event_Module__root__V)
                  200086b0    00000008     release_pem4f.oem4f (.data:ti_sysbios_knl_Mailbox_Module__root__V)
                  200086b8    00000008     release_pem4f.oem4f (.data:ti_sysbios_knl_Queue_Module__root__V)
                  200086c0    00000008     release_pem4f.oem4f (.data:ti_sysbios_knl_Semaphore_Module__root__V)
                  200086c8    00000008     release_pem4f.oem4f (.data:ti_sysbios_knl_Task_Module__root__V)
                  200086d0    00000008     release_pem4f.oem4f (.data:xdc_runtime_Startup_Module__state__V)
                  200086d8    00000008     release_pem4f.oem4f (.data:xdc_runtime_System_Module_State_0_atexitHandlers__A)
                  200086e0    00000008     release_pem4f.oem4f (.data:xdc_runtime_System_Module__state__V)
                  200086e8    00000004     rtsv7M4_T_le_v4SPD16_eabi.lib : errno.obj (.data)
                  200086ec    00000004                                   : stkdepth_vars.obj (.data)
                  200086f0    00000004     release_pem4f.oem4f (.data:ti_sysbios_family_arm_m3_Hwi_Module_State_0_excContext__A)
                  200086f4    00000004     release_pem4f.oem4f (.data:ti_sysbios_family_arm_m3_Hwi_Module_State_0_excStack__A)
                  200086f8    00000004     release_pem4f.oem4f (.data:ti_sysbios_gates_GateHwi_Object__table__V)
                  200086fc    00000004     release_pem4f.oem4f (.data:ti_sysbios_knl_Task_Module_State_0_idleTask__A)
                  20008700    00000004     release_pem4f.oem4f (.data:xdc_runtime_Memory_Module__state__V)
                  20008704    00000002     release_pem4f.oem4f (.data:ti_sysbios_family_arm_m3_Hwi_Module_State_0_excActive__A)
                  20008706    00000001     drivers_msp432p4xx.aem4f : ADC.oem4f (.data)
                  20008707    00000001                              : GPIOMSP432.oem4f (.data)
                  20008708    00000001                              : PWM.oem4f (.data)

.bss       0    20008710    0000056a     UNINITIALIZED
                  20008710    00000200     release_pem4f.oem4f (.bss:taskStackSection)
                  20008910    00000140     (.common:ti_sysbios_family_arm_m3_Hwi_dispatchTable)
                  20008a50    000000b4     (.common:timerMSP432Objects)
                  20008b04    0000003c     main.obj (.bss:task_params$1)
                  20008b40    00000034     main.obj (.bss:mbx_params_adc$4)
                  20008b74    00000034     main.obj (.bss:mbx_params_display$6)
                  20008ba8    00000030     drivers_msp432p4xx.aem4f : GPIOMSP432.oem4f (.bss:gpioCallbackInfo)
                  20008bd8    00000030     (.common:pwmTimerMSP432Objects)
                  20008c08    00000020     main.obj (.bss:eb$3)
                  20008c28    0000001c     protectedlcd.obj (.bss:g_context)
                  20008c44    00000008     main.obj (.bss)
                  20008c4c    00000008     (.common:adcMSP432Objects)
                  20008c54    00000004     protectedlcd.obj (.bss)
                  20008c58    00000004     (.common:alarm_event)
                  20008c5c    00000004     (.common:g_adc_mbox)
                  20008c60    00000004     (.common:g_alarm_event_handle)
                  20008c64    00000004     (.common:g_display_mbox)
                  20008c68    00000004     (.common:g_event_handle)
                  20008c6c    00000004     (.common:g_pwm_buzzer)
                  20008c70    00000002     (.common:Lcd_ScreenHeigth)
                  20008c72    00000002     (.common:Lcd_ScreenWidth)
                  20008c74    00000002     (.common:Lcd_TouchTrim)
                  20008c76    00000001     (.common:Lcd_FlagRead)
                  20008c77    00000001     (.common:Lcd_FontSolid)
                  20008c78    00000001     (.common:Lcd_Orientation)
                  20008c79    00000001     (.common:Lcd_PenSolid)

.priheap   0    20000140    00008000     UNINITIALIZED
                  20000140    00008000     --HOLE--

.stack     0    2000fc00    00000400     UNINITIALIZED
                  2000fc00    00000400     --HOLE--

.bootVecs 
*          0    00000000    00000008     DSECT
                  00000000    00000008     boot.aem4f : boot.oem4f (.bootVecs)

.resetVecs 
*          0    00000000    0000003c     
                  00000000    0000003c     release_pem4f.oem4f (.resetVecs)

.vecs      0    20000000    00000140     NOLOAD SECTION
                  20000000    00000140     release_pem4f.oem4f (.vecs)

xdc.meta   0    00000000    00000107     COPY SECTION
                  00000000    00000107     release_pem4f.oem4f (xdc.meta)

xdc.noload 
*          0    00000000    00000000     COPY SECTION

.binit     0    00000000    00000000     

MODULE SUMMARY

       Module                                               code    ro data   rw data
       ------                                               ----    -------   -------
    ./
       main.obj                                             824     0         208    
       display_task.obj                                     480     0         4      
       MSP_EXP432P401R.obj                                  8       188       276    
       dive_controller.obj                                  408     0         0      
       protectedlcd.obj                                     234     0         32     
       scuba.obj                                            222     0         0      
       bsp.obj                                              170     0         0      
       buttons_dive.obj                                     160     0         0      
       bsp_led.obj                                          152     4         0      
       adc_dive.obj                                         92      0         4      
       alarm.obj                                            92      0         0      
       alarmtask.obj                                        40      0         12     
       timertask.obj                                        32      0         0      
       blinkingledtask.obj                                  22      0         0      
    +--+----------------------------------------------------+-------+---------+---------+
       Total:                                               2936    192       536    
                                                                                     
    ./LcdDriver/
       Crystalfontz128x128_ST7735.obj                       1670    40        26     
       HAL_MSP_EXP432P401R_Crystalfontz128x128_ST7735.obj   212     28        0      
    +--+----------------------------------------------------+-------+---------+---------+
       Total:                                               1882    68        26     
                                                                                     
    ./fonts/
       fontfixed6x8.obj                                     0       960       0      
    +--+----------------------------------------------------+-------+---------+---------+
       Total:                                               0       960       0      
                                                                                     
    /Users/munanxu/software_bootcamp/tirtos_builds_MSP_EXP432P401R_release_ccs/Debug/configPkg/package/cfg/
       release_pem4f.oem4f                                  1646    1290      2170   
    +--+----------------------------------------------------+-------+---------+---------+
       Total:                                               1646    1290      2170   
                                                                                     
    /Applications/ti/ccsv7/tools/compiler/ti-cgt-arm_16.9.3.LTS/lib/rtsv7M4_T_le_v4SPD16_eabi.lib
       _printfi.obj                                         4414    0         0      
       ull_div_t2.obj                                       500     0         0      
       fd_add_t2.obj                                        438     0         0      
       fd_div_t2.obj                                        310     0         0      
       fd_cmp_t2.obj                                        268     0         0      
       ctype.obj                                            0       257       0      
       fd_mul_t2.obj                                        252     0         0      
       s_scalbn.obj                                         252     0         0      
       memcpy_t2.obj                                        156     0         0      
       snprintf.obj                                         148     0         0      
       memset_t2.obj                                        122     0         0      
       copy_decompress_lzss.obj                             104     0         0      
       s_frexp.obj                                          100     0         0      
       ltoa.obj                                             84      0         0      
       atoi.obj                                             76      0         0      
       cpy_tbl.obj                                          76      0         0      
       fd_toi_t2.obj                                        72      0         0      
       i_tofd_t2.obj                                        46      0         0      
       _lock.obj                                            20      0         8      
       memccpy.obj                                          28      0         0      
       args_main.obj                                        24      0         0      
       strchr.obj                                           22      0         0      
       s_copysign.obj                                       20      0         0      
       strlen.obj                                           20      0         0      
       copy_decompress_none.obj                             14      0         0      
       copy_zero_init.obj                                   12      0         0      
       errno.obj                                            0       0         4      
       stkdepth_vars.obj                                    0       0         4      
    +--+----------------------------------------------------+-------+---------+---------+
       Total:                                               7578    257       16     
                                                                                     
    /Users/munanxu/software_bootcamp/tirtos_builds_MSP_EXP432P401R_release_ccs/src/sysbios/sysbios.aem4f
       BIOS.obj                                             8902    0         0      
       m3_Hwi_asm.obj                                       306     0         0      
       m3_TaskSupport_asm.obj                               180     0         0      
       m3_Hwi_asm_switch.obj                                118     0         0      
    +--+----------------------------------------------------+-------+---------+---------+
       Total:                                               9506    0         0      
                                                                                     
    /Users/munanxu/ti/simplelink_msp432_sdk_1_30_00_40/kernel/tirtos/packages/ti/dpl/lib/dpl_msp432p4xx.aem4f
       PowerMSP432_tirtos.oem4f                             126     0         0      
       SemaphoreP_tirtos.oem4f                              116     0         0      
       HwiP_tirtos.oem4f                                    86      0         0      
    +--+----------------------------------------------------+-------+---------+---------+
       Total:                                               328     0         0      
                                                                                     
    /Users/munanxu/ti/simplelink_msp432_sdk_1_30_00_40/kernel/tirtos/packages/ti/targets/arm/rtsarm/lib/auto_init.aem4f
       auto_init.oem4f                                      160     0         0      
    +--+----------------------------------------------------+-------+---------+---------+
       Total:                                               160     0         0      
                                                                                     
    /Users/munanxu/ti/simplelink_msp432_sdk_1_30_00_40/kernel/tirtos/packages/ti/targets/arm/rtsarm/lib/boot.aem4f
       boot.oem4f                                           88      0         0      
    +--+----------------------------------------------------+-------+---------+---------+
       Total:                                               88      0         0      
                                                                                     
    /Users/munanxu/ti/simplelink_msp432_sdk_1_30_00_40/source/ti/devices/msp432p4xx/driverlib/ccs/msp432p4xx_driverlib.lib
       cs.o                                                 260     0         0      
       spi.o                                                222     0         0      
       gpio.o                                               156     48        0      
       sysctl.o                                             48      0         0      
       cpu.o                                                24      0         0      
    +--+----------------------------------------------------+-------+---------+---------+
       Total:                                               710     48        0      
                                                                                     
    /Users/munanxu/ti/simplelink_msp432_sdk_1_30_00_40/source/ti/drivers/lib/drivers_msp432p4xx.aem4f
       PowerMSP432.oem4f                                    1572    0         252    
       PWMTimerMSP432.oem4f                                 1340    48        128    
       GPIOMSP432.oem4f                                     804     12        49     
       ADCMSP432.oem4f                                      706     24        8      
       PWM.oem4f                                            158     24        1      
       ADC.oem4f                                            158     8         1      
       TimerMSP432.oem4f                                    104     0         0      
       List.oem4f                                           8       0         0      
    +--+----------------------------------------------------+-------+---------+---------+
       Total:                                               4850    116       439    
                                                                                     
    /Users/munanxu/ti/simplelink_msp432_sdk_1_30_00_40/source/ti/grlib/ccs/grlib.lib
       string.o                                             746     0         0      
       context.o                                            76      0         0      
       line.o                                               74      0         0      
       display.o                                            56      0         0      
    +--+----------------------------------------------------+-------+---------+---------+
       Total:                                               952     0         0      
                                                                                     
       Stack:                                               0       0         1024   
       Linker Generated:                                    0       570       0      
    +--+----------------------------------------------------+-------+---------+---------+
       Grand Total:                                         30636   3501      4211   


LINKER GENERATED COPY TABLES

__TI_cinit_table @ 00008658 records: 2, size/record: 8, table size: 16
	.data: load addr=00008428, load size=00000216 bytes, run addr=20008140, run size=000005c9 bytes, compression=lzss
	.bss: load addr=00008650, load size=00000008 bytes, run addr=20008710, run size=0000056a bytes, compression=zero_init


LINKER GENERATED HANDLER TABLE

[...]
00007639  Graphics_drawPixelOnDisplay                                 
00007647  Graphics_setBackgroundColor                                 
00007655  Graphics_setForegroundColor                                 
00007663  HwiP_Params_init                                            
00007671  SemaphoreP_delete                                           
0000767f  bsp_halt                                                    
0000768d  __TI_decompress_none                                        
0000769b  PWMTimerMSP432_control                                      
000076a1  ti_sysbios_knl_Idle_loop__E                                 
000076b1  ti_sysbios_knl_Queue_empty__E                               
000076bf  CPU_cpsid                                                   
000076cb  CPU_cpsie                                                   
000076d7  EUSCI_A_SPI_enable                                          
000076e3  EUSCI_B_SPI_enable                                          
000076f1  Power_getConstraintMask                                     
000076fd  Power_getPerformanceLevel                                   
00007709  bsp_init                                                    
00007721  __TI_zero_init                                              
0000772d  ti_sysbios_family_arm_m3_Hwi_Params__init__S                
0000772d  ti_sysbios_hal_Hwi_HwiProxy_Params__init__S                 
00007739  ti_sysbios_family_arm_m3_Hwi_disableFxn__E                  
00007739  ti_sysbios_hal_Hwi_HwiProxy_disable__E                      
00007749  ti_sysbios_family_arm_m3_TaskSupport_getStackAlignment__E   
00007749  ti_sysbios_knl_Task_SupportProxy_getStackAlignment__E       
00007759  ti_sysbios_family_arm_msp432_Timer_getMaxTicks__E           
00007769  ti_sysbios_gates_GateHwi_enter__E                           
00007775  ti_sysbios_gates_GateMutexPri_Params__init__S               
00007781  ti_sysbios_knl_Mailbox_Params__init__S                      
0000778d  ti_sysbios_knl_Queue_Object__get__S                         
00007799  ti_sysbios_knl_Semaphore_Params__init__S                    
000077a5  ti_sysbios_knl_Task_Params__init__S                         
000077b1  xdc_runtime_Gate_enterSystem__E                             
000077c1  xdc_runtime_Startup_rtsDone__E                              
000077cd  ADC_Params_init                                             
000077d7  ADC_close                                                   
000077e1  ADC_convert                                                 
000077f5  Graphics_clearDisplay                                       
000077ff  Graphics_clearDisplayOnDisplay                              
00007809  Graphics_translateColorOnDisplay                            
00007813  PWM_start                                                   
0000781d  SemaphoreP_Params_init                                      
00007827  SemaphoreP_post                                             
00007827  SemaphoreP_postFromClock                                    
00007831  xdc_runtime_Memory_HeapProxy_alloc__E                       
0000783b  xdc_runtime_Memory_HeapProxy_free__E                        
00007845  MSP_EXP432P401R_initGeneral                                 
00007851  ti_sysbios_family_arm_m3_Hwi_doSwiRestore__I                
00007859  ti_sysbios_family_arm_m3_Hwi_startup__E                     
00007859  ti_sysbios_hal_Hwi_HwiProxy_startup__E                      
00007861  ti_sysbios_family_arm_m3_Hwi_doTaskRestore__I               
00007869  HwiP_restore                                                
00007869  ti_sysbios_family_arm_m3_Hwi_restoreFxn__E                  
00007869  ti_sysbios_hal_Hwi_HwiProxy_restore__E                      
00007871  ti_sysbios_gates_GateHwi_leave__E                           
00007879  ti_sysbios_heaps_HeapMem_isBlocking__E                      
00007881  ti_sysbios_knl_Queue_Instance_init__E                       
00007889  ti_sysbios_knl_Swi_startup__E                               
00007891  xdc_runtime_System_Module_startup__E                        
00007899  ti_sysbios_gates_GateHwi_query__E                           
00007899  xdc_runtime_Main_Module_GateProxy_query__E                  
00007899  xdc_runtime_System_Module_GateProxy_query__E                
000078a1  ti_sysbios_gates_GateMutexPri_query__E                      
000078a9  ti_sysbios_BIOS_RtsGateProxy_query__E                       
000078a9  ti_sysbios_gates_GateMutex_query__E                         
000078a9  ti_sysbios_heaps_HeapMem_Module_GateProxy_query__E          
000078b1  ti_sysbios_knl_Task_startup__E                              
000078b9  ti_sysbios_BIOS_linkedWithIncorrectBootLibrary__E           
000078c1  ti_sysbios_gates_GateHwi_Instance_init__E                   
000078c9  ti_sysbios_knl_Clock_logTick__E                             
000078d1  xdc_runtime_SysCallback_defaultAbort                        
000078d9  xdc_runtime_SysCallback_defaultExit                         
000078e1  xdc_runtime_System_abortSpin__E                             
000078e9  xdc_runtime_System_exitSpin__E                              
00007be4  _ctypes_                                                    
00007ce5  xdc_runtime_Error_policy__C                                 
00007ce6  ti_sysbios_family_arm_m3_Hwi_Module__id__C                  
00007ce8  g_sFontFixed6x8                                             
00007df8  ti_sysbios_knl_Task_Object__PARAMS__C                       
00007e34  ti_sysbios_knl_Mailbox_Object__PARAMS__C                    
00007e98  ti_sysbios_family_arm_m3_Hwi_Object__PARAMS__C              
00007ec8  ti_sysbios_heaps_HeapMem_Module__FXNS__C                    
00007ef0  ADC_config                                                  
00007f14  PWM_config                                                  
00007f38  adcMSP432HWAttrs                                            
00007f5c  ti_sysbios_gates_GateHwi_Module__FXNS__C                    
00007f80  ti_sysbios_gates_GateMutexPri_Module__FXNS__C               
00007fa4  ti_sysbios_gates_GateMutex_Module__FXNS__C                  
00007fc8  ti_sysbios_heaps_HeapMem_Object__PARAMS__C                  
00007fec  ti_sysbios_knl_Semaphore_Object__PARAMS__C                  
00008000  HEAPSIZE                                                    
00008010  xdc_runtime_Startup_sfxnTab__A                              
00008034  PWMTimerMSP432_fxnTable                                     
00008054  g_sCrystalfontz128x128_funcs                                
00008074  ti_sysbios_family_arm_m3_Hwi_Object__DESC__C                
00008094  ti_sysbios_gates_GateHwi_Object__DESC__C                    
000080b4  ti_sysbios_gates_GateMutexPri_Object__DESC__C               
000080d4  ti_sysbios_gates_GateMutex_Object__DESC__C                  
000080f4  ti_sysbios_heaps_HeapMem_Object__DESC__C                    
00008114  ti_sysbios_knl_Event_Object__DESC__C                        
00008134  ti_sysbios_knl_Mailbox_Object__DESC__C                      
00008154  ti_sysbios_knl_Queue_Object__DESC__C                        
00008174  ti_sysbios_knl_Semaphore_Object__DESC__C                    
00008194  ti_sysbios_knl_Task_Object__DESC__C                         
000081d0  ADCMSP432_fxnTable                                          
000081e8  PWM_defaultParams                                           
00008200  PowerMSP432_config                                          
00008218  pwmTimerMSP432HWAttrs                                       
00008230  ti_sysbios_gates_GateHwi_Object__PARAMS__C                  
00008248  ti_sysbios_gates_GateMutexPri_Object__PARAMS__C             
00008260  ti_sysbios_gates_GateMutex_Object__PARAMS__C                
00008278  ti_sysbios_knl_Event_Object__PARAMS__C                      
00008290  ti_sysbios_knl_Queue_Object__PARAMS__C                      
000082a8  GPIOMSP432_config                                           
000082bc  xdc_runtime_Startup_sfxnRts__A                              
000082ce  ti_sysbios_family_arm_msp432_init_Boot_bypassHFXT__C        
000082e0  ADC_count                                                   
000082e1  ADCBuf_count                                                
000082e2  Capture_count                                               
000082e3  Display_count                                               
000082e4  I2C_count                                                   
000082e5  I2CSlave_count                                              
000082e6  PWM_count                                                   
000082e7  SDSPI_count                                                 
000082e8  SPI_count                                                   
000082e9  Timer_count                                                 
000082ea  UART_count                                                  
000082eb  Watchdog_count                                              
000082ec  xdc_runtime_Startup_firstFxns__A                            
00008300  ADC_defaultParams                                           
00008308  ti_sysbios_knl_Idle_funcList__C                             
00008310  xdc_runtime_Startup_firstFxns__C                            
00008318  xdc_runtime_Startup_lastFxns__C                             
00008330  ti_sysbios_family_arm_m3_Hwi_E_alreadyDefined__C            
00008334  ti_sysbios_family_arm_m3_Hwi_NUM_INTERRUPTS__C              
00008338  ti_sysbios_family_arm_m3_Hwi_Object__count__C               
0000833c  ti_sysbios_family_arm_m3_Hwi_ccr__C                         
00008340  ti_sysbios_family_arm_m3_Hwi_excHandlerFunc__C              
00008344  ti_sysbios_family_arm_m3_Hwi_nullIsrFunc__C                 
00008348  ti_sysbios_family_arm_m3_Hwi_priGroup__C                    
0000834c  ti_sysbios_family_arm_m3_Hwi_swiDisable__C                  
00008350  ti_sysbios_family_arm_m3_Hwi_swiRestoreHwi__C               
00008354  ti_sysbios_family_arm_m3_TaskSupport_stackAlignment__C      
00008358  ti_sysbios_family_arm_msp432_Timer_numTimerDevices__C       
0000835c  ti_sysbios_family_arm_msp432_Timer_startupNeeded__C         
00008360  ti_sysbios_gates_GateMutexPri_Instance_State_pendQ__O       
00008364  ti_sysbios_gates_GateMutex_Instance_State_sem__O            
00008368  ti_sysbios_heaps_HeapMem_E_memory__C                        
0000836c  ti_sysbios_heaps_HeapMem_Module__gateObj__C                 
00008370  ti_sysbios_heaps_HeapMem_Object__count__C                   
00008374  ti_sysbios_heaps_HeapMem_primaryHeapBaseAddr__C             
00008378  ti_sysbios_heaps_HeapMem_primaryHeapEndAddr__C              
0000837c  ti_sysbios_heaps_HeapMem_reqAlign__C                        
00008380  ti_sysbios_knl_Clock_Module_State_clockQ__O                 
00008384  ti_sysbios_knl_Event_Instance_State_pendQ__O                
00008388  ti_sysbios_knl_Idle_funcList__A                             
0000838c  ti_sysbios_knl_Mailbox_Instance_State_dataQue__O            
00008390  ti_sysbios_knl_Mailbox_Instance_State_dataSem__O            
00008394  ti_sysbios_knl_Mailbox_Instance_State_freeQue__O            
00008398  ti_sysbios_knl_Mailbox_Instance_State_freeSem__O            
0000839c  ti_sysbios_knl_Mailbox_Object__count__C                     
000083a0  ti_sysbios_knl_Mailbox_maxTypeAlign__C                      
000083a4  ti_sysbios_knl_Semaphore_Instance_State_pendQ__O            
000083a8  ti_sysbios_knl_Swi_Object__count__C                         
000083ac  ti_sysbios_knl_Task_Module_State_inactiveQ__O               
000083b0  ti_sysbios_knl_Task_Object__count__C                        
000083b4  ti_sysbios_knl_Task_allBlockedFunc__C                       
000083b8  ti_sysbios_knl_Task_defaultStackHeap__C                     
000083bc  ti_sysbios_knl_Task_defaultStackSize__C                     
000083c0  ti_sysbios_knl_Task_numConstructedTasks__C                  
000083c4  xdc_runtime_Error_E_memory__C                               
000083c8  xdc_runtime_Error_policyFxn__C                              
000083cc  xdc_runtime_IGateProvider_Interface__BASE__C                
000083d0  xdc_runtime_IHeap_Interface__BASE__C                        
000083d4  xdc_runtime_IModule_Interface__BASE__C                      
000083d8  xdc_runtime_Memory_defaultHeapInstance__C                   
000083dc  xdc_runtime_Startup_execImpl__C                             
000083e0  xdc_runtime_Startup_maxPasses__C                            
000083e4  xdc_runtime_Startup_sfxnRts__C                              
000083e8  xdc_runtime_Startup_sfxnTab__C                              
000083ec  xdc_runtime_SysCallback_abortFxn__C                         
000083f0  xdc_runtime_SysCallback_exitFxn__C                          
000083f4  xdc_runtime_System_Module__gateObj__C                       
000083f8  xdc_runtime_System_abortFxn__C                              
000083fc  xdc_runtime_System_exitFxn__C                               
00008400  xdc_runtime_System_maxAtexitHandlers__C                     
00008404  xdc_runtime_Text_charTab__C                                 
00008408  xdc_runtime_Text_nameEmpty__C                               
0000840c  xdc_runtime_Text_nameStatic__C                              
00008410  xdc_runtime_Text_nameUnknown__C                             
00008414  ti_sysbios_family_arm_msp432_init_Boot_bypassLFXT__C        
00008416  ti_sysbios_family_arm_msp432_init_Boot_enableHFXT__C        
00008418  ti_sysbios_family_arm_msp432_init_Boot_enableLFXT__C        
0000841a  ti_sysbios_heaps_HeapMem_Module__id__C                      
0000841c  xdc_runtime_Memory_Module__id__C                            
0000841e  xdc_runtime_Text_charCnt__C                                 
00008420  xdc_runtime_Text_isLoaded__C                                
00008422  xdc_runtime_Text_charTab__A                                 
00008428  __TI_static_base__                                          
00008640  __TI_Handler_Table_Base                                     
0000864c  __TI_Handler_Table_Limit                                    
00008658  __TI_CINIT_Base                                             
00008668  __TI_CINIT_Limit                                            
20000000  ti_sysbios_family_arm_m3_Hwi_ramVectors                     
20000140  __primary_heap_start__                                      
20008140  PowerMSP432_perfLevels                                      
20008140  __primary_heap_end__                                        
20008290  ti_sysbios_knl_Swi_Module_State_0_readyQ__A                 
20008310  ti_sysbios_knl_Task_Module_State_0_readyQ__A                
20008390  ti_sysbios_family_arm_msp432_Timer_Object__table__V         
200083dc  ti_sysbios_knl_Task_Object__table__V                        
20008428  ti_sysbios_knl_Task_Module__state__V                        
2000846c  ti_sysbios_gates_GateMutex_Object__table__V                 
200084a4  ti_sysbios_family_arm_m3_Hwi_Module__state__V               
200084d8  ti_sysbios_knl_Swi_Object__table__V                         
20008508  PowerMSP432_module                                          
20008534  ti_sysbios_knl_Clock_Module__state__V                       
20008560  ti_sysbios_BIOS_Module__state__V                            
20008584  gpioPinConfigs                                              
200085a4  ti_sysbios_family_arm_msp432_Timer_Module_State_0_device__A 
200085c4  xdc_runtime_Error_IgnoreBlock                               
200085e4  ti_sysbios_knl_Swi_Module__state__V                         
20008600  ti_sysbios_family_arm_m3_Hwi_Object__table__V               
20008618  ti_sysbios_heaps_HeapMem_Object__table__V                   
20008630  g_sCrystalfontz128x128                                      
20008640  ti_sysbios_family_arm_msp432_Timer_Module_State_0_handles__A
20008650  ti_sysbios_family_arm_msp432_ClockFreqs_Module__state__V    
2000865c  ti_sysbios_family_arm_msp432_Timer_Module__state__V         
20008668  _lock                                                       
2000866c  _unlock                                                     
20008678  gpioCallbackFunctions                                       
20008680  ti_sysbios_family_arm_m3_Hwi_Module__root__V                
20008688  ti_sysbios_gates_GateHwi_Module__root__V                    
20008690  ti_sysbios_gates_GateMutexPri_Module__root__V               
20008698  ti_sysbios_gates_GateMutex_Module__root__V                  
200086a0  ti_sysbios_heaps_HeapMem_Module__root__V                    
200086a8  ti_sysbios_knl_Event_Module__root__V                        
200086b0  ti_sysbios_knl_Mailbox_Module__root__V                      
200086b8  ti_sysbios_knl_Queue_Module__root__V                        
200086c0  ti_sysbios_knl_Semaphore_Module__root__V                    
200086c8  ti_sysbios_knl_Task_Module__root__V                         
200086d0  xdc_runtime_Startup_Module__state__V                        
200086d8  xdc_runtime_System_Module_State_0_atexitHandlers__A         
200086e0  xdc_runtime_System_Module__state__V                         
200086e8  errno                                                       
200086ec  main_func_sp                                                
200086f0  ti_sysbios_family_arm_m3_Hwi_Module_State_0_excContext__A   
200086f4  ti_sysbios_family_arm_m3_Hwi_Module_State_0_excStack__A     
200086f8  ti_sysbios_gates_GateHwi_Object__table__V                   
200086fc  ti_sysbios_knl_Task_Module_State_0_idleTask__A              
20008700  xdc_runtime_Memory_Module__state__V                         
20008704  ti_sysbios_family_arm_m3_Hwi_Module_State_0_excActive__A    
20008710  ti_sysbios_knl_Task_Instance_State_0_stack__A               
20008910  ti_sysbios_family_arm_m3_Hwi_dispatchTable                  
20008a50  timerMSP432Objects                                          
20008bd8  pwmTimerMSP432Objects                                       
20008c4c  adcMSP432Objects                                            
20008c58  alarm_event                                                 
20008c5c  g_adc_mbox                                                  
20008c60  g_alarm_event_handle                                        
20008c64  g_display_mbox                                              
20008c68  g_event_handle                                              
20008c6c  g_pwm_buzzer                                                
20008c70  Lcd_ScreenHeigth                                            
20008c72  Lcd_ScreenWidth                                             
20008c74  Lcd_TouchTrim                                               
20008c76  Lcd_FlagRead                                                
20008c77  Lcd_FontSolid                                               
20008c78  Lcd_Orientation                                             
20008c79  Lcd_PenSolid                                                
2000fc00  __stack                                                     
20010000  __STACK_END                                                 
4000480c  WDTCTL_SYM                                                  
e000e000  ti_sysbios_family_arm_m3_Hwi_nvic                           
ffffffff  __TI_pprof_out_hndl                                         
ffffffff  __TI_prof_data_size                                         
ffffffff  __TI_prof_data_start                                        
ffffffff  __binit__                                                   
ffffffff  __c_args__                                                  
ffffffff  binit                                                       
UNDEFED   SHT$$INIT_ARRAY$$Base                                       
UNDEFED   SHT$$INIT_ARRAY$$Limit                                      

[610 symbols]
